05-12 20:45:18.802  9478  9478 D InsetsController: onStateChanged: InsetsState: {mDisplayFrame=Rect(0, 0 - 720, 1600), mDisplayCutout=DisplayCutout{insets=Rect(0, 43 - 0, 0) waterfall=Insets{left=0, top=0, right=0, bottom=0} boundingRect={Bounds=[Rect(0, 0 - 0, 0), Rect(296, 0 - 424, 43), Rect(0, 0 - 0, 0), Rect(0, 0 - 0, 0)]} cutoutPathParserInfo={CutoutPathParserInfo{displayWidth=720 displayHeight=1600 physicalDisplayWidth=720 physicalDisplayHeight=1600 density={1.875} cutoutSpec={M 0,0 H -34.13333333333333 V 22.93333333333333 H 34.13333333333333 V 0 H 0 Z @dp} rotation={0} scale={1.0} physicalPixelDisplaySizeRatio={1.0}}}}, mRoundedCorners=RoundedCorners{[RoundedCorner{position=TopLeft, radius=60, center=Point(60, 60)}, RoundedCorner{position=TopRight, radius=60, center=Point(660, 60)}, RoundedCorner{position=BottomRight, radius=60, center=Point(660, 1540)}, RoundedCorner{position=BottomLeft, radius=60, center=Point(60, 1540)}]}  mRoundedCornerFrame=Rect(0, 0 - 720, 1600), mPrivacyIndicatorBounds=PrivacyIndicatorBounds {static bounds=Rect(637, 0 - 720, 45) rotation=0}, mSources= { InsetsSource: {mType=ITYPE_STATUS_BAR, mFrame=[0,0][720,45], mVisible=true, mInsetsRoundedCornerFrame=false}, InsetsSource: {mType=ITYPE_NAVIGATION_BAR, mFrame=[0,1510][720,1600], mVisible=true, mInsetsRoundedCornerFrame=false}, InsetsSource: {mType=ITYPE_LEFT_GESTURES, mFrame=[0,0][0,1600], mVisible=true, mInsetsRoundedCornerFrame=false}, InsetsSource: {mType=ITYPE_RIGHT_GESTURES, mFrame=[720,0][720,1600], mVisible=true, mInsetsRoundedCornerFrame=false}, InsetsSource: {mType=ITYPE_TOP_MANDATORY_GESTURES, mFrame=[0,0][720,66], mVisible=true, mInsetsRoundedCornerFrame=false}, InsetsSource: {mType=ITYPE_BOTTOM_MANDATORY_GESTURES, mFrame=[0,1510][720,1600], mVisible=true, mInsetsRoundedCornerFrame=false}, InsetsSource: {mType=ITYPE_LEFT_DISPLAY_CUTOUT, mFrame=[0,0][-100000,1600], mVisible=true, mInsetsRoundedCornerFrame=false}, InsetsSource: {mType=ITYPE_TOP_DISPLAY_CUTOUT, mFrame=[0,0][720,43], mVisible=true, mInsetsRoundedCornerFrame=false}, InsetsSource: {mType=ITYPE_RIGHT_DISPLAY_CUTOUT, mFrame=[100000,0][720,1600], mVisible=true, mInsetsRoundedCornerFrame=false}, InsetsSource: {mType=ITYPE_BOTTOM_DISPLAY_CUTOUT, mFrame=[0,100000][720,1600], mVisible=true, mInsetsRoundedCornerFrame=false}, InsetsSource: {mType=ITYPE_TOP_TAPPABLE_ELEMENT, mFrame=[0,0][720,45], mVisible=true, mInsetsRoundedCornerFrame=false}, InsetsSource: {mType=ITYPE_BOTTOM_TAPPABLE_ELEMENT, mFrame=[0,1510][720,1600], mVisible=true, mInsetsRoundedCornerFrame=false} } host=com.example.audioanalyser/com.example.audioanalyser.MainActivity from=android.view.ViewRootImpl.setView:1732
05-12 20:45:18.806  1216  4029 D CoreBackPreview: Window{ee49368 u0 com.example.audioanalyser/com.example.audioanalyser.MainActivity}: Setting back callback OnBackInvokedCallbackInfo{mCallback=android.window.IOnBackInvokedCallback$Stub$Proxy@8191c26, mPriority=0}
05-12 20:45:18.811   899   899 D SurfaceFlinger:      DEVICE | 0xb400007dbb950e80 | 0100 | RGBA_8888    |    0.0    0.0  720.0 1600.0 |    0    0  720 1600 | Splash Screen com.example.audioanalyser$_1902#27172
05-12 20:45:18.837   899   899 D SurfaceFlinger:      DEVICE | 0xb400007dbb950e80 | 0100 | RGBA_8888    |    0.0    0.0  720.0 1600.0 |    0    0  720 1600 | Splash Screen com.example.audioanalyser$_1902#27172
05-12 20:45:19.353   899   899 D SurfaceFlinger:      CLIENT | 0xb400007dbb950e80 | 0100 | RGBA_8888    |    0.0    0.0  720.0 1600.0 |    0    0  720 1600 | Splash Screen com.example.audioanalyser$_1902#27172
05-12 20:45:19.518   899   899 D SurfaceFlinger:      DEVICE | 0xb400007dbb950e80 | 0100 | RGBA_8888    |    0.0    0.0  720.0 1600.0 |    0    0  720 1600 | Splash Screen com.example.audioanalyser$_1902#27172
05-12 20:45:19.980  9478  9478 E ComposeInternal: 	at com.example.audioanalyser.ComposableSingletons$MainActivityKt.lambda__443045720$lambda$5(MainActivity.kt:603)
05-12 20:45:19.980  9478  9478 E ComposeInternal: 	at com.example.audioanalyser.ComposableSingletons$MainActivityKt$$ExternalSyntheticLambda43.invoke(D8$$SyntheticClass:0)
05-12 20:45:19.980  9478  9478 E ComposeInternal: 	at com.example.audioanalyser.MainActivityKt.AudioAnalyserContent$lambda$160(MainActivity.kt:599)
05-12 20:45:19.980  9478  9478 E ComposeInternal: 	at com.example.audioanalyser.MainActivityKt$$ExternalSyntheticLambda24.invoke(D8$$SyntheticClass:0)
05-12 20:45:20.000  9478  9478 E AndroidRuntime: Process: com.example.audioanalyser, PID: 9478
05-12 20:45:20.000  9478  9478 E AndroidRuntime: 	at com.example.audioanalyser.ComposableSingletons$MainActivityKt.lambda__443045720$lambda$5(MainActivity.kt:603)
05-12 20:45:20.000  9478  9478 E AndroidRuntime: 	at com.example.audioanalyser.ComposableSingletons$MainActivityKt$$ExternalSyntheticLambda43.invoke(D8$$SyntheticClass:0)
05-12 20:45:20.000  9478  9478 E AndroidRuntime: 	at com.example.audioanalyser.MainActivityKt.AudioAnalyserContent$lambda$160(MainActivity.kt:599)
05-12 20:45:20.000  9478  9478 E AndroidRuntime: 	at com.example.audioanalyser.MainActivityKt$$ExternalSyntheticLambda24.invoke(D8$$SyntheticClass:0)
05-12 20:45:20.021  1216  4029 W ActivityManager: crash : com.example.audioanalyser,10551
05-12 20:45:20.024  1216  4029 W ActivityTaskManager:   Force finishing activity com.example.audioanalyser/.MainActivity
05-12 20:45:20.027  1216  4029 D ActivityTaskManager: scheduleTopResumedActivityChanged, onTop=false r=ActivityRecord{b9d93f0 u0 com.example.audioanalyser/.MainActivity} t375 f}} caller=com.android.server.wm.ActivityTaskSupervisor.updateTopResumedActivityIfNeeded:2510 com.android.server.wm.TaskDisplayArea.positionChildTaskAt:602 com.android.server.wm.TaskDisplayArea.positionChildAt:537 com.android.server.wm.WindowContainer.positionChildAt:970 com.android.server.wm.Task.positionChildAt:3354 com.android.server.wm.Task.moveToFrontInner:6053 
05-12 20:45:20.034   899   899 D SurfaceFlinger:      CLIENT | 0xb400007dbb950e80 | 0100 | RGBA_8888    |    0.0    0.0  720.0 1600.0 |    0    0  720 1600 | Splash Screen com.example.audioanalyser$_1902#27172
05-12 20:45:20.053  1216  1248 I ActivityManager: Showing crash dialog for package com.example.audioanalyser u0
05-12 20:45:20.056  1216  4029 W WindowManager:   Force finishing activity com.example.audioanalyser/.MainActivity
05-12 20:45:20.063   899   899 D SurfaceFlinger:      DEVICE | 0xb400007dbb950e80 | 0100 | RGBA_8888    |    0.0    0.0  720.0 1600.0 |    0    0  720 1600 | Splash Screen com.example.audioanalyser$_1902#27172
05-12 20:45:20.064  1216  4029 V WindowManager: Schedule remove starting ActivityRecord{b9d93f0 u0 com.example.audioanalyser/.MainActivity} t375 f}} startingWindow=null startingView=null Callers=com.android.server.wm.ActivityRecord.removeStartingWindow:3233 com.android.server.wm.ActivityRecord.onRemovedFromDisplay:4966 com.android.server.wm.DisplayContent.removeAppToken:1683 com.android.server.wm.ActivityRecord.removeFromHistory:4605 com.android.server.wm.ActivityRecord.destroyImmediately:4560 
05-12 20:45:20.108  3549  3549 I SDHMS:BarTender:Gatherer:AppError: update AppError : uid=10551, pkg=com.example.audioanalyser, errorType=crash
05-12 20:45:20.120   899   899 D SurfaceFlinger:      DEVICE | 0xb400007dbb950e80 | 0100 | RGBA_8888    |    0.0    0.0  720.0 1600.0 |    0    0  720 1600 | Splash Screen com.example.audioanalyser$_1902#27172
05-12 20:45:20.132  3549  3549 I SDHMS:BarTender:Analyzer:AppError: analyze app error : uid=10551, pkg=com.example.audioanalyser, appErrorCount=8
05-12 20:45:20.135   899   899 D SurfaceFlinger:      DEVICE | 0xb400007dbb950e80 | 0100 | RGBA_8888    |    0.0    0.0  720.0 1600.0 |    0    0  720 1600 | Splash Screen com.example.audioanalyser$_1902#27172
05-12 20:45:20.141  1216  1251 D TaskOrganizerController: applyStartingWindowAnimation, window=Window{ee49368 u0 com.example.audioanalyser/com.example.audioanalyser.MainActivity}, caller=com.android.server.wm.TaskOrganizerController.removeStartingWindow:573 com.android.server.wm.StartingSurfaceController$StartingSurface.remove:287 com.android.server.wm.ActivityRecord.lambda$removeStartingWindowAnimation$6:3295 
05-12 20:45:20.142  1216  1251 I WindowManager: Reparenting to leash, surface=Surface(name=ee49368 com.example.audioanalyser/com.example.audioanalyser.MainActivity)/@0x896c7ba, leashParent=Surface(name=ActivityRecord{b9d93f0 u0 com.example.audioanalyser/.MainActivity} t375})/@0xce9e66b
05-12 20:45:20.145   899  1452 I SurfaceFlinger: id=27180 createSurf flag=24000, Surface(name=ee49368 com.example.audioanalyser/com.example.audioanalyser.MainActivity)/@0x896c7ba - animation-leash of starting_reveal#27180
05-12 20:45:20.146  1216  1251 D WindowManager: makeSurface duration=1 leash=Surface(name=Surface(name=ee49368 com.example.audioanalyser/com.example.audioanalyser.MainActivity)/@0x896c7ba - animation-leash of starting_reveal)/@0x58de5c8
05-12 20:45:20.147   899   899 D SurfaceFlinger:      DEVICE | 0xb400007dbb950e80 | 0100 | RGBA_8888    |    0.0    0.0  720.0 1600.0 |    0    0  720 1600 | Splash Screen com.example.audioanalyser$_1902#27172
05-12 20:45:20.151  1216  4029 I ActivityManager: Killing 9478:com.example.audioanalyser/u0a551 (adj 0): crash
05-12 20:45:20.165   899   899 D SurfaceFlinger:      DEVICE | 0xb400007dbb950e80 | 0100 | RGBA_8888    |    0.0    0.0  720.0 1600.0 |    0    0  720 1600 | Splash Screen com.example.audioanalyser$_1902#27172
05-12 20:45:20.171  1216  1251 V WindowManager: Setting visibility of Window{ee49368 u0 com.example.audioanalyser/com.example.audioanalyser.MainActivity}: false, caller=com.android.server.wm.WindowContainer.sendAppVisibilityToClients:1246 com.android.server.wm.WindowToken.setClientVisible:431 com.android.server.wm.ActivityRecord.setClientVisible:7691 com.android.server.wm.ActivityRecord.onAnimationFinished:8590 com.android.server.wm.ActivityRecord.postApplyAnimation:6252 
05-12 20:45:20.172  1216  1251 E WindowManager: win=Window{67bf108 u0 Splash Screen com.example.audioanalyser EXITING} destroySurfaces: appStopped=false cleanupOnResume=false win.mWindowRemovalAllowed=true win.mRemoveOnExit=true win.mViewVisibility=0 caller=com.android.server.wm.WindowState.onExitAnimationDone:6000 com.android.server.wm.ActivityRecord$$ExternalSyntheticLambda10.accept:2 java.util.ArrayList.forEach:1613 com.android.server.wm.ActivityRecord.onAnimationFinished:8607 com.android.server.wm.ActivityRecord.postApplyAnimation:6252 com.android.server.wm.ActivityRecord.commitVisibility:6224 com.android.server.wm.ActivityRecord.commitVisibility:6228 
05-12 20:45:20.173  1216  1251 I WindowManager: Destroying surface Surface(name=Splash Screen com.example.audioanalyser$_1902)/@0xfd9a586 called by com.android.server.wm.WindowStateAnimator.destroySurface:942 com.android.server.wm.WindowStateAnimator.destroySurfaceLocked:536 com.android.server.wm.WindowState.destroySurfaceUnchecked:4309 com.android.server.wm.WindowState.destroySurface:4283 com.android.server.wm.WindowState.onExitAnimationDone:6000 com.android.server.wm.ActivityRecord$$ExternalSyntheticLambda10.accept:2 java.util.ArrayList.forEach:1613 com.android.server.wm.ActivityRecord.onAnimationFinished:8607 
05-12 20:45:20.174  1216  1251 W InputManager-JNI: Input channel object '67bf108 Splash Screen com.example.audioanalyser (client)' was disposed without first being removed with the input manager!
05-12 20:45:20.176   899   899 I Layer   : id=27172 removeFromCurrentState Splash Screen com.example.audioanalyser$_1902#27172 (129)
05-12 20:45:20.181  1216  4029 D ActivityManager: proc ProcessRecord{1502816 9478:com.example.audioanalyser/u0a551} already removed. so we skip next process.
05-12 20:45:20.185  1216  1251 I WindowManager: Cancelling animation restarting=false, leash=Surface(name=Surface(name=ee49368 com.example.audioanalyser/com.example.audioanalyser.MainActivity)/@0x896c7ba - animation-leash of starting_reveal)/@0x58de5c8
05-12 20:45:20.185  1216  1251 I WindowManager: Reparenting to original parent: Surface(name=ActivityRecord{b9d93f0 u0 com.example.audioanalyser/.MainActivity} t375})/@0xce9e66b, destroy=false, surface=Surface(name=ee49368 com.example.audioanalyser/com.example.audioanalyser.MainActivity)/@0x896c7ba
05-12 20:45:20.186  1216  1251 W InputManager-JNI: Input channel object 'ee49368 com.example.audioanalyser/com.example.audioanalyser.MainActivity (client)' was disposed without first being removed with the input manager!
05-12 20:45:20.192   899   899 I Layer   : Layer [Splash Screen com.example.audioanalyser$_1902#27172] hidden!! flag(1)
05-12 20:45:20.193   899   899 I Layer   : id=27171 removeFromCurrentState 67bf108 Splash Screen com.example.audioanalyser#27171 (129)
05-12 20:45:20.193   899   899 I SurfaceFlinger: id=27171 Removed 67bf108 Splash Screen com.example.audioanalyser#27171 (129)
05-12 20:45:20.193   899   899 I Layer   : id=27171 Destroyed 67bf108 Splash Screen com.example.audioanalyser#27171
05-12 20:45:20.194  1216  1251 V WindowManager: Remove Window{ee49368 u0 com.example.audioanalyser/com.example.audioanalyser.MainActivity}: mSurfaceController=null mAnimatingExit=false mRemoveOnExit=false mHasSurface=false surfaceShowing=false animating=false app-animation=false mWillReplaceWindow=false mDisplayFrozen=false callers=com.android.server.wm.WindowState.removeIfPossible:3041 com.android.server.wm.WindowToken.removeAllWindowsIfPossible:234 com.android.server.wm.ActivityRecord.removeIfPossible:4886 com.android.server.wm.ActivityRecord.handleCompleteDeferredRemoval:4893 com.android.server.wm.WindowContainer.handleCompleteDeferredRemoval:1377 com.android.server.wm.TaskFragment.handleCompleteDeferredRemoval:3192 
05-12 20:45:20.197   899  1078 I SurfaceFlinger: id=27176 Removed e05433 ActivityRecordInputSink com.example.audioanalyser/.MainActivity#27176 (128)
05-12 20:45:20.211   899   899 I Layer   : id=27170 removeFromCurrentState ActivityRecord{b9d93f0 u0 com.example.audioanalyser/.MainActivity} t375}#27170 (129)
05-12 20:45:20.211  8372  8372 I Dc.IafdService: handleAppError, pkgName : com.example.audioanalyser, userId : 0, errorType : 20, repeat : true component : com.example.audioanalyser.ComposableSingletons$MainActivityKt.lambda__443045720$lambda$5(MainActivity.kt:603)errorStack: java.lang.IllegalArgumentException: Only VectorDrawables and rasterized asset types are supported ex. PNG, JPG, WEBP
05-12 20:45:20.211  8372  8372 I Dc.IafdService: 	at com.example.audioanalyser.ComposableSingletons$MainActivityKt.lambda__443045720$lambda$5(MainActivity.kt:603)
05-12 20:45:20.211  8372  8372 I Dc.IafdService: 	at com.example.audioanalyser.ComposableSingletons$MainActivityKt$$Exter
05-12 20:45:20.211   899   899 I Layer   : id=27176 removeFromCurrentState e05433 ActivityRecordInputSink com.example.audioanalyser/.MainActivity#27176 (129)
05-12 20:45:20.211   899   899 I Layer   : id=27180 removeFromCurrentState Surface(name=ee49368 com.example.audioanalyser/com.example.audioanalyser.MainActivity)/@0x896c7ba - animation-leash of starting_reveal#27180 (129)
05-12 20:45:20.211   899   899 I Layer   : id=27177 removeFromCurrentState ee49368 com.example.audioanalyser/com.example.audioanalyser.MainActivity#27177 (129)
05-12 20:45:20.211   899   899 I Layer   : id=27177 removeFromCurrentState ee49368 com.example.audioanalyser/com.example.audioanalyser.MainActivity#27177 (129)
05-12 20:45:20.211   899   899 I Layer   : id=27180 removeFromCurrentState Surface(name=ee49368 com.example.audioanalyser/com.example.audioanalyser.MainActivity)/@0x896c7ba - animation-leash of starting_reveal#27180 (129)
05-12 20:45:20.211   899   899 I SurfaceFlinger: id=27170 Removed ActivityRecord{b9d93f0 u0 com.example.audioanalyser/.MainActivity} t375}#27170 (129)
05-12 20:45:20.211   899   899 I SurfaceFlinger: id=27177 Removed ee49368 com.example.audioanalyser/com.example.audioanalyser.MainActivity#27177 (129)
05-12 20:45:20.212   899   899 I Layer   : id=27170 Destroyed ActivityRecord{b9d93f0 u0 com.example.audioanalyser/.MainActivity} t375}#27170
05-12 20:45:20.212   899   899 I Layer   : id=27176 Destroyed e05433 ActivityRecordInputSink com.example.audioanalyser/.MainActivity#27176
05-12 20:45:20.212   899   899 I Layer   : id=27177 Destroyed ee49368 com.example.audioanalyser/com.example.audioanalyser.MainActivity#27177
05-12 20:45:20.221  1902  1969 D InsetsController: onStateChanged: InsetsState: {mDisplayFrame=Rect(0, 0 - 0, 0), mDisplayCutout=DisplayCutout{insets=Rect(0, 0 - 0, 0) waterfall=Insets{left=0, top=0, right=0, bottom=0} boundingRect={Bounds=[Rect(0, 0 - 0, 0), Rect(0, 0 - 0, 0), Rect(0, 0 - 0, 0), Rect(0, 0 - 0, 0)]} cutoutPathParserInfo={CutoutPathParserInfo{displayWidth=0 displayHeight=0 physicalDisplayWidth=0 physicalDisplayHeight=0 density={0.0} cutoutSpec={} rotation={0} scale={0.0} physicalPixelDisplaySizeRatio={0.0}}}}, mRoundedCorners=RoundedCorners{[RoundedCorner{position=TopLeft, radius=0, center=Point(0, 0)}, RoundedCorner{position=TopRight, radius=0, center=Point(0, 0)}, RoundedCorner{position=BottomRight, radius=0, center=Point(0, 0)}, RoundedCorner{position=BottomLeft, radius=0, center=Point(0, 0)}]}  mRoundedCornerFrame=Rect(0, 0 - 0, 0), mPrivacyIndicatorBounds=PrivacyIndicatorBounds {static bounds=null rotation=0}, mSources= {  } host=Splash Screen com.example.audioanalyser from=android.view.ViewRootImpl.relayoutWindow:9802
05-12 20:45:20.245  1216  1348 V ActivityManager: Got obituary of 9478:com.example.audioanalyser
05-12 20:45:20.247   899   899 I SurfaceFlinger: id=27172 Removed Splash Screen com.example.audioanalyser$_1902#27172 (125)
05-12 20:45:20.247   899   899 I Layer   : id=27172 Destroyed Splash Screen com.example.audioanalyser$_1902#27172
05-12 20:45:20.531  1216  1250 W ActivityTaskManager: Activity top resumed state loss timeout for ActivityRecord{b9d93f0 u0 com.example.audioanalyser/.MainActivity} t-1 f}}
05-12 20:45:22.327  1216  1888 I Pageboost: db update :com.example.audioanalyser ret 1
05-12 20:45:28.661  1216  1250 I ChimeraSystemEventListener: appLaunchIntent package name is: com.example.audioanalyser
05-12 20:45:28.661  1216  1989 I Pageboost: onAppLaunch : com.example.audioanalyser
05-12 20:45:28.662  1216  1888 I Pageboost: Record App IO : com.example.audioanalyser pid 9478
05-12 20:45:28.662  1216  1989 I ActivityTaskManager: START u0 {act=android.intent.action.MAIN cat=[android.intent.category.LAUNCHER] flg=0x10000000 pkg=com.example.audioanalyser cmp=com.example.audioanalyser/.MainActivity} from uid 1000
05-12 20:45:28.664  1216  1989 D ActivityTaskManager: TaskLaunchParamsModifier:task=null activity=ActivityRecord{87cf232 u0 com.example.audioanalyser/.MainActivity} display-area-from-source=DefaultTaskDisplayArea@41843040 display-id=0 display-windowing-mode=1 suggested-display-area=DefaultTaskDisplayArea@41843040
05-12 20:45:28.664  1216  1989 D [secipm]: mSecIpmManager Preload com.example.audioanalyser dex files
05-12 20:45:28.665  1216  1989 D ActivityTaskManager: TaskLaunchParamsModifier:task=null activity=ActivityRecord{87cf232 u0 com.example.audioanalyser/.MainActivity} t-1} display-area-from-source=DefaultTaskDisplayArea@41843040 display-id=0 display-windowing-mode=1 suggested-display-area=DefaultTaskDisplayArea@41843040 inherit-from-source=fullscreen activity-options-fullscreen=Rect(0, 0 - 0, 0) non-freeform-display display-area=DefaultTaskDisplayArea@41843040 maximized-bounds
05-12 20:45:28.671  1216  1989 D ActivityTaskManager: TaskLaunchParamsModifier:task=Task{718100 #377 type=standard A=10551:com.example.audioanalyser U=0 visible=false visibleRequested=false mode=fullscreen translucent=true sz=0} activity=ActivityRecord{87cf232 u0 com.example.audioanalyser/.MainActivity} t-1} display-area-from-source=DefaultTaskDisplayArea@41843040 display-id=0 display-windowing-mode=1 suggested-display-area=DefaultTaskDisplayArea@41843040 inherit-from-source=fullscreen activity-options-fullscreen=Rect(0, 0 - 0, 0) non-freeform-display display-area=DefaultTaskDisplayArea@41843040 maximized-bounds
05-12 20:45:28.672   899  1077 I SurfaceFlinger: id=27195 createSurf flag=80004, ActivityRecord{87cf232 u0 com.example.audioanalyser/.MainActivity} t377}#27195
05-12 20:45:28.676  1216  1989 V WindowManager: Added starting ActivityRecord{87cf232 u0 com.example.audioanalyser/.MainActivity} t377}: startingWindow=null startingView=com.android.server.wm.StartingSurfaceController$StartingSurface@5fe53f5
05-12 20:45:28.695   899  1077 I SurfaceFlinger: id=27196 createSurf flag=80004, 81e7018 Splash Screen com.example.audioanalyser#27196
05-12 20:45:28.696  1216  5125 V WindowManager: addWindow: ActivityRecord{87cf232 u0 com.example.audioanalyser/.MainActivity} t377} startingWindow=Window{81e7018 u0 Splash Screen com.example.audioanalyser}
05-12 20:45:28.698  1902  1969 D InsetsController: onStateChanged: InsetsState: {mDisplayFrame=Rect(0, 0 - 720, 1600), mDisplayCutout=DisplayCutout{insets=Rect(0, 43 - 0, 0) waterfall=Insets{left=0, top=0, right=0, bottom=0} boundingRect={Bounds=[Rect(0, 0 - 0, 0), Rect(296, 0 - 424, 43), Rect(0, 0 - 0, 0), Rect(0, 0 - 0, 0)]} cutoutPathParserInfo={CutoutPathParserInfo{displayWidth=720 displayHeight=1600 physicalDisplayWidth=720 physicalDisplayHeight=1600 density={1.875} cutoutSpec={M 0,0 H -34.13333333333333 V 22.93333333333333 H 34.13333333333333 V 0 H 0 Z @dp} rotation={0} scale={1.0} physicalPixelDisplaySizeRatio={1.0}}}}, mRoundedCorners=RoundedCorners{[RoundedCorner{position=TopLeft, radius=60, center=Point(60, 60)}, RoundedCorner{position=TopRight, radius=60, center=Point(660, 60)}, RoundedCorner{position=BottomRight, radius=60, center=Point(660, 1540)}, RoundedCorner{position=BottomLeft, radius=60, center=Point(60, 1540)}]}  mRoundedCornerFrame=Rect(0, 0 - 720, 1600), mPrivacyIndicatorBounds=PrivacyIndicatorBounds {static bounds=Rect(637, 0 - 720, 45) rotation=0}, mSources= { InsetsSource: {mType=ITYPE_STATUS_BAR, mFrame=[0,0][720,45], mVisible=true, mInsetsRoundedCornerFrame=false}, InsetsSource: {mType=ITYPE_NAVIGATION_BAR, mFrame=[0,1510][720,1600], mVisible=true, mInsetsRoundedCornerFrame=false}, InsetsSource: {mType=ITYPE_LEFT_GESTURES, mFrame=[0,0][0,1600], mVisible=true, mInsetsRoundedCornerFrame=false}, InsetsSource: {mType=ITYPE_RIGHT_GESTURES, mFrame=[720,0][720,1600], mVisible=true, mInsetsRoundedCornerFrame=false}, InsetsSource: {mType=ITYPE_TOP_MANDATORY_GESTURES, mFrame=[0,0][720,66], mVisible=true, mInsetsRoundedCornerFrame=false}, InsetsSource: {mType=ITYPE_BOTTOM_MANDATORY_GESTURES, mFrame=[0,1510][720,1600], mVisible=true, mInsetsRoundedCornerFrame=false}, InsetsSource: {mType=ITYPE_LEFT_DISPLAY_CUTOUT, mFrame=[0,0][-100000,1600], mVisible=true, mInsetsRoundedCornerFrame=false}, InsetsSource: {mType=ITYPE_TOP_DISPLAY_CUTOUT, mFrame=[0,0][720,43], mVisible=true, mInsetsRoundedCornerFrame=false}, InsetsSource: {mType=ITYPE_RIGHT_DISPLAY_CUTOUT, mFrame=[100000,0][720,1600], mVisible=true, mInsetsRoundedCornerFrame=false}, InsetsSource: {mType=ITYPE_BOTTOM_DISPLAY_CUTOUT, mFrame=[0,100000][720,1600], mVisible=true, mInsetsRoundedCornerFrame=false}, InsetsSource: {mType=ITYPE_TOP_TAPPABLE_ELEMENT, mFrame=[0,0][720,45], mVisible=true, mInsetsRoundedCornerFrame=false}, InsetsSource: {mType=ITYPE_BOTTOM_TAPPABLE_ELEMENT, mFrame=[0,1510][720,1600], mVisible=true, mInsetsRoundedCornerFrame=false} } host=Splash Screen com.example.audioanalyser from=android.view.ViewRootImpl.setView:1732
05-12 20:45:28.714  1216  1348 D CoreBackPreview: Window{81e7018 u0 Splash Screen com.example.audioanalyser}: Setting back callback OnBackInvokedCallbackInfo{mCallback=android.window.IOnBackInvokedCallback$Stub$Proxy@ed442e, mPriority=0}
05-12 20:45:28.714  1216  3619 V WindowManager: Relayout Window{81e7018 u0 Splash Screen com.example.audioanalyser}: viewVisibility=0 req=720x1600 d0
05-12 20:45:28.715   899  1452 I SurfaceFlinger: id=27201 createSurf flag=40004, Splash Screen com.example.audioanalyser$_1902#27201
05-12 20:45:28.716  1216  3619 D WindowManager: makeSurface duration=1 name=Splash Screen com.example.audioanalyser$_1902
05-12 20:45:28.716  1216  1260 I ActivityManager: Start proc 9534:com.example.audioanalyser/u0a551 for next-top-activity {com.example.audioanalyser/com.example.audioanalyser.MainActivity}
05-12 20:45:28.716  1216  1260 D DynamicHiddenApp_BGProtectManager: [SecIpm] it's a ML_TYPE_EMPTYPROCESS protected process com.example.audioanalyser
05-12 20:45:28.722  1216  1989 D MARsPolicyManager: onPackageResumedFG pkgName = com.example.audioanalyser, userId = 0
05-12 20:45:28.724  1216  1989 D WindowManagerServiceExt: notifyOccludeChangeNotice: cn=ComponentInfo{com.example.audioanalyser/com.example.audioanalyser.MainActivity} occludesParent=true inMultiWindow=false styleFloating=false caller=com.android.server.wm.WindowManagerServiceExt.updateOccludeTargetIfNeeded:1402 com.android.server.wm.DisplayContent.ensureActivitiesVisible:7532 com.android.server.wm.RootWindowContainer.ensureActivitiesVisible:2248 com.android.server.wm.RootWindowContainer.ensureActivitiesVisible:2229 com.android.server.wm.TaskFragment.completePause:2076 
05-12 20:45:28.746  1216  1348 D WindowManager: finishDrawingWindow: Window{81e7018 u0 Splash Screen com.example.audioanalyser} mDrawState=DRAW_PENDING seqId=0
05-12 20:45:28.746  1216  1348 V WindowManager: Finishing drawing window Window{81e7018 u0 Splash Screen com.example.audioanalyser}: mDrawState=DRAW_PENDING
05-12 20:45:28.746  1216  1348 V WindowManager: Draw state now committed in Window{81e7018 u0 Splash Screen com.example.audioanalyser}
05-12 20:45:28.748  1216  1251 D WindowManager: rotationForOrientation, orientationSource=ActivityRecord{87cf232 u0 com.example.audioanalyser/.MainActivity} t377}
05-12 20:45:28.748  1216  1251 D WindowManager: rotationForOrientation, orientationSource=ActivityRecord{87cf232 u0 com.example.audioanalyser/.MainActivity} t377}
05-12 20:45:28.749  1216  1251 D WindowManager: performShow logReadyForDisplay win=Window{81e7018 u0 Splash Screen com.example.audioanalyser} mToken.waitingToShow:true isTransitionSet:true
05-12 20:45:28.773  1216  1251 V WindowManager: performShowLocked: mDrawState=HAS_DRAWN in Window{81e7018 u0 Splash Screen com.example.audioanalyser}
05-12 20:45:28.790   899  1452 I SurfaceFlinger: id=27207 createSurf flag=80000, a391a3d ActivityRecordInputSink com.example.audioanalyser/.MainActivity#27207
05-12 20:45:28.803   899   899 I Layer   : Layer [Splash Screen com.example.audioanalyser$_1902#27201] hidden!! flag(0)
05-12 20:45:28.911  1216  1348 I ActivityManager: DSS OFF for com.example.audioanalyser
05-12 20:45:28.918  1216  1348 D WindowManager: rotationForOrientation, orientationSource=ActivityRecord{87cf232 u0 com.example.audioanalyser/.MainActivity} t377}
05-12 20:45:28.923  1216  1348 D SGM:PkgDataHelper: notifyAppCreate(), pkgName: com.example.audioanalyser, userId: 0, sendRet: true
05-12 20:45:28.924  1216  1421 D SGM:FgCheckThread: onLooperPrepared(), msg: MSG_APP_CREATE, pkgName: com.example.audioanalyser, userId: 0
05-12 20:45:28.924  1216  1348 D MARsPolicyManager: onPackageResumedFG pkgName = com.example.audioanalyser, userId = 0
05-12 20:45:28.925  1216  1348 D ActivityTaskManager: scheduleTopResumedActivityChanged, onTop=true r=ActivityRecord{87cf232 u0 com.example.audioanalyser/.MainActivity} t377} caller=com.android.server.wm.ActivityTaskSupervisor.scheduleTopResumedActivityStateIfNeeded:2535 com.android.server.wm.ActivityTaskSupervisor.updateTopResumedActivityIfNeeded:2527 com.android.server.wm.TaskFragment.setResumedActivity:493 com.android.server.wm.TaskFragment.onActivityStateChanged:805 com.android.server.wm.ActivityRecord.setState:6406 com.android.server.wm.Task.minimalResumeActivityLocked:6155 
05-12 20:45:28.925  1216  1348 D InputDispatcher: Focused application(0): ActivityRecord{87cf232 u0 com.example.audioanalyser/.MainActivity} t377}
05-12 20:45:28.930  1216  1348 D SGM:FgCheckThread:   sendRunningComponentFocus(), pkgName: com.example.audioanalyser, userId: 0
05-12 20:45:28.930  1216  1421 D SGM:FgCheckThread: onLooperPrepared(), msg: MSG_TASK_FOCUSED, pkgName: com.example.audioanalyser, userId: 0
05-12 20:45:28.931  1216  1421 D SGM:FgCheckThread:   handleTaskFocused(), pkgName: com.example.audioanalyser, userID:0
05-12 20:45:28.933  1216  1421 D SGM:FgCheckThread:   handleResume(). pkgName: com.example.audioanalyser, userId: 0, isTunableApp: null
05-12 20:45:28.933  1216  1421 D SGM:FgCheckThread: notifyFocusInOut(). of pkg: com.example.audioanalyser, type: 4, isTunableApp: false, userId: 0
05-12 20:45:28.940  1216  1250 I GameSDK@LifeCycle: noteResumeComponent(): package name  : com.example.audioanalyser
05-12 20:45:28.941  1216  1250 D SGM:GameManager: identifyGamePackage. com.example.audioanalyser, mCurrentUserId: 0, callerUserId: 0, callingMethodInfo: com.android.server.ssrm.SortingMachine.isGame(SortingMachine.java:162)
05-12 20:45:28.941  1216  1250 D SGM:PkgDataHelper: getGamePkgData(). com.example.audioanalyser
05-12 20:45:28.944  1216  1250 D SGM:GameManager: identifyGamePackage. com.example.audioanalyser, mCurrentUserId: 0, callerUserId: 0, callingMethodInfo: com.samsung.android.game.SemGameManager.isGamePackage(SemGameManager.java:104)
05-12 20:45:28.944  1216  1250 D SGM:PkgDataHelper: getGamePkgData(). com.example.audioanalyser
05-12 20:45:28.944  1216  1250 D SGM:SemGameManager: isGamePackage(), pkgName=com.example.audioanalyser, ret=false
05-12 20:45:28.949  1216  1250 D SGM:FgCheckThread: noteResumeComponent(), received pkgName: com.example.audioanalyser, userId: 0
05-12 20:45:28.952  1216  1421 D SGM:FgCheckThread: onLooperPrepared(), msg: MSG_APP_RESUME, pkgName: com.example.audioanalyser, userid: 0
05-12 20:45:28.952   899   899 D SurfaceFlinger:      CLIENT | 0xb400007dbb950e80 | 0100 | RGBA_8888    |    0.0    0.0  720.0 1331.0 |    0  269  720 1600 | Splash Screen com.example.audioanalyser$_1902#27201
05-12 20:45:28.966  1216  3675 D SGM:GameManager: identifyForegroundApp. com.example.audioanalyser, mCurrentUserId: 0, callerUserId: 0
05-12 20:45:28.966  1216  3675 D SGM:PkgDataHelper: getGamePkgData(). com.example.audioanalyser
05-12 20:45:28.970  1216  1989 D SGM:GameManager: identifyGamePackage. com.example.audioanalyser, mCurrentUserId: 0, callerUserId: 0, callingMethodInfo: com.samsung.android.game.IGameManagerService$Stub.onTransact(IGameManagerService.java:233)
05-12 20:45:28.970  1216  1989 D SGM:PkgDataHelper: getGamePkgData(). com.example.audioanalyser
05-12 20:45:29.036   899   899 D SurfaceFlinger:      CLIENT | 0xb400007dbb950e80 | 0100 | RGBA_8888    |    0.0    0.0  720.0 1527.0 |    0   73  720 1600 | Splash Screen com.example.audioanalyser$_1902#27201
05-12 20:45:29.051   899   899 D SurfaceFlinger:      CLIENT | 0xb400007dbb950e80 | 0100 | RGBA_8888    |    0.0    0.0  720.0 1541.0 |    0   59  720 1600 | Splash Screen com.example.audioanalyser$_1902#27201
05-12 20:45:29.067   899   899 D SurfaceFlinger:      CLIENT | 0xb400007dbb950e80 | 0100 | RGBA_8888    |    0.0    0.0  720.0 1553.0 |    0   47  720 1600 | Splash Screen com.example.audioanalyser$_1902#27201
05-12 20:45:29.083   899   899 D SurfaceFlinger:      CLIENT | 0xb400007dbb950e80 | 0100 | RGBA_8888    |    0.0    0.0  720.0 1562.0 |    0   38  720 1600 | Splash Screen com.example.audioanalyser$_1902#27201
05-12 20:45:29.088  1216  2201 D MdnieScenarioControlService:  packageName : com.example.audioanalyser    className : com.example.audioanalyser.MainActivity
05-12 20:45:29.099   899   899 D SurfaceFlinger:      CLIENT | 0xb400007dbb950e80 | 0100 | RGBA_8888    |    0.0    0.0  720.0 1569.0 |    0   31  720 1600 | Splash Screen com.example.audioanalyser$_1902#27201
05-12 20:45:29.116   899   899 D SurfaceFlinger:      CLIENT | 0xb400007dbb950e80 | 0100 | RGBA_8888    |    0.0    0.0  720.0 1575.0 |    0   25  720 1600 | Splash Screen com.example.audioanalyser$_1902#27201
05-12 20:45:29.133   899   899 D SurfaceFlinger:      CLIENT | 0xb400007dbb950e80 | 0100 | RGBA_8888    |    0.0    0.0  720.0 1580.0 |    0   20  720 1600 | Splash Screen com.example.audioanalyser$_1902#27201
05-12 20:45:29.136   899  1078 I SurfaceFlinger: id=27180 Removed Surface(name=ee49368 com.example.audioanalyser/com.example.audioanalyser.MainActivity)/@0x896c7ba - animation-leash of starting_reveal#27180 (144)
05-12 20:45:29.136   899   899 I Layer   : id=27180 Destroyed Surface(name=ee49368 com.example.audioanalyser/com.example.audioanalyser.MainActivity)/@0x896c7ba - animation-leash of starting_reveal#27180
05-12 20:45:29.151   899   899 D SurfaceFlinger:      CLIENT | 0xb400007dbb950e80 | 0100 | RGBA_8888    |    0.0    0.0  720.0 1584.0 |    0   16  720 1600 | Splash Screen com.example.audioanalyser$_1902#27201
05-12 20:45:29.167   899   899 D SurfaceFlinger:      CLIENT | 0xb400007dbb950e80 | 0100 | RGBA_8888    |    0.0    0.0  720.0 1587.0 |    0   13  720 1600 | Splash Screen com.example.audioanalyser$_1902#27201
05-12 20:45:29.183   899   899 D SurfaceFlinger:      CLIENT | 0xb400007dbb950e80 | 0100 | RGBA_8888    |    0.0    0.0  720.0 1590.0 |    0   10  720 1600 | Splash Screen com.example.audioanalyser$_1902#27201
05-12 20:45:29.200   899   899 D SurfaceFlinger:      CLIENT | 0xb400007dbb950e80 | 0100 | RGBA_8888    |    0.0    0.0  720.0 1593.0 |    0    7  720 1600 | Splash Screen com.example.audioanalyser$_1902#27201
05-12 20:45:29.215   899   899 D SurfaceFlinger:      CLIENT | 0xb400007dbb950e80 | 0100 | RGBA_8888    |    0.0    0.0  720.0 1594.0 |    0    6  720 1600 | Splash Screen com.example.audioanalyser$_1902#27201
05-12 20:45:29.218  1216  1801 D SemWifiSwitchForIndividualAppsService: isPackageException - result:3, com.example.audioanalyser
05-12 20:45:29.232   899   899 D SurfaceFlinger:      CLIENT | 0xb400007dbb950e80 | 0100 | RGBA_8888    |    0.0    0.0  720.0 1596.0 |    0    4  720 1600 | Splash Screen com.example.audioanalyser$_1902#27201
05-12 20:45:29.248   899   899 D SurfaceFlinger:      CLIENT | 0xb400007dbb950e80 | 0100 | RGBA_8888    |    0.0    0.0  720.0 1597.0 |    0    3  720 1600 | Splash Screen com.example.audioanalyser$_1902#27201
05-12 20:45:29.265   899   899 D SurfaceFlinger:      CLIENT | 0xb400007dbb950e80 | 0100 | RGBA_8888    |    0.0    0.0  720.0 1598.0 |    0    2  720 1600 | Splash Screen com.example.audioanalyser$_1902#27201
05-12 20:45:29.281   899   899 D SurfaceFlinger:      CLIENT | 0xb400007dbb950e80 | 0100 | RGBA_8888    |    0.0    0.0  720.0 1599.0 |    0    1  720 1600 | Splash Screen com.example.audioanalyser$_1902#27201
05-12 20:45:29.298   899   899 D SurfaceFlinger:      CLIENT | 0xb400007dbb950e80 | 0100 | RGBA_8888    |    0.0    0.0  720.0 1600.0 |    0    0  720 1600 | Splash Screen com.example.audioanalyser$_1902#27201
05-12 20:45:29.317   899   899 D SurfaceFlinger:      CLIENT | 0xb400007dbb950e80 | 0100 | RGBA_8888    |    0.0    0.0  720.0 1600.0 |    0    0  720 1600 | Splash Screen com.example.audioanalyser$_1902#27201
05-12 20:45:29.319   899   899 I Layer   : id=27195 removeFromCurrentState ActivityRecord{87cf232 u0 com.example.audioanalyser/.MainActivity} t377}#27195 (136)
05-12 20:45:29.319   899   899 I Layer   : id=27207 removeFromCurrentState a391a3d ActivityRecordInputSink com.example.audioanalyser/.MainActivity#27207 (136)
05-12 20:45:29.319   899   899 I Layer   : id=27196 removeFromCurrentState 81e7018 Splash Screen com.example.audioanalyser#27196 (136)
05-12 20:45:29.319   899   899 I Layer   : id=27201 removeFromCurrentState Splash Screen com.example.audioanalyser$_1902#27201 (136)
05-12 20:45:29.319   899   899 I Layer   : id=27195 addToCurrentState ActivityRecord{87cf232 u0 com.example.audioanalyser/.MainActivity} t377}#27195 (136)
05-12 20:45:29.319   899   899 I Layer   : id=27207 addToCurrentState a391a3d ActivityRecordInputSink com.example.audioanalyser/.MainActivity#27207 (136)
05-12 20:45:29.319   899   899 I Layer   : id=27196 addToCurrentState 81e7018 Splash Screen com.example.audioanalyser#27196 (136)
05-12 20:45:29.319   899   899 I Layer   : id=27201 addToCurrentState Splash Screen com.example.audioanalyser$_1902#27201 (136)
05-12 20:45:29.332   899   899 D SurfaceFlinger:      DEVICE | 0xb400007dbb950e80 | 0100 | RGBA_8888    |    0.0    0.0  720.0 1600.0 |    0    0  720 1600 | Splash Screen com.example.audioanalyser$_1902#27201
05-12 20:45:29.343   899   899 D SurfaceFlinger:      DEVICE | 0xb400007dbb950e80 | 0100 | RGBA_8888    |    0.0    0.0  720.0 1600.0 |    0    0  720 1600 | Splash Screen com.example.audioanalyser$_1902#27201
05-12 20:45:29.360   899   899 D SurfaceFlinger:      DEVICE | 0xb400007dbb950e80 | 0100 | RGBA_8888    |    0.0    0.0  720.0 1600.0 |    0    0  720 1600 | Splash Screen com.example.audioanalyser$_1902#27201
05-12 20:45:29.874   899   899 D SurfaceFlinger:      CLIENT | 0xb400007dbb950e80 | 0100 | RGBA_8888    |    0.0    0.0  720.0 1600.0 |    0    0  720 1600 | Splash Screen com.example.audioanalyser$_1902#27201
05-12 20:45:29.926  9534  9534 D nativeloader: Configuring clns-4 for other apk /data/app/~~Uk6TxUht3szvdiWlcoxRSA==/com.example.audioanalyser-BjXuY83QhSXVs5pT5berdg==/base.apk. target_sdk_version=36, uses_libraries=, library_path=/data/app/~~Uk6TxUht3szvdiWlcoxRSA==/com.example.audioanalyser-BjXuY83QhSXVs5pT5berdg==/lib/arm64:/data/app/~~Uk6TxUht3szvdiWlcoxRSA==/com.example.audioanalyser-BjXuY83QhSXVs5pT5berdg==/base.apk!/lib/arm64-v8a, permitted_path=/data:/mnt/expand:/data/user/0/com.example.audioanalyser
05-12 20:45:29.947  9534  9534 V GraphicsEnvironment: ANGLE Developer option for 'com.example.audioanalyser' set to: 'default'
05-12 20:45:29.948  9534  9534 V GraphicsEnvironment: ANGLE GameManagerService for com.example.audioanalyser: false
05-12 20:45:30.359  9534  9534 I MSHandlerLifeCycle: check: return. pkg=com.example.audioanalyser parent=null callers=com.android.internal.policy.DecorView.setVisibility:4412 android.app.ActivityThread.handleResumeActivity:5476 android.app.servertransaction.ResumeActivityItem.execute:54 android.app.servertransaction.ActivityTransactionItem.execute:45 android.app.servertransaction.TransactionExecutor.executeLifecycleState:176 
05-12 20:45:30.381   899  1077 I SurfaceFlinger: id=27218 createSurf flag=80004, 98b97a1 com.example.audioanalyser/com.example.audioanalyser.MainActivity#27218
05-12 20:45:30.386   899   899 D SurfaceFlinger:      DEVICE | 0xb400007dbb950e80 | 0100 | RGBA_8888    |    0.0    0.0  720.0 1600.0 |    0    0  720 1600 | Splash Screen com.example.audioanalyser$_1902#27201
05-12 20:45:30.386  9534  9534 D InsetsController: onStateChanged: InsetsState: {mDisplayFrame=Rect(0, 0 - 720, 1600), mDisplayCutout=DisplayCutout{insets=Rect(0, 43 - 0, 0) waterfall=Insets{left=0, top=0, right=0, bottom=0} boundingRect={Bounds=[Rect(0, 0 - 0, 0), Rect(296, 0 - 424, 43), Rect(0, 0 - 0, 0), Rect(0, 0 - 0, 0)]} cutoutPathParserInfo={CutoutPathParserInfo{displayWidth=720 displayHeight=1600 physicalDisplayWidth=720 physicalDisplayHeight=1600 density={1.875} cutoutSpec={M 0,0 H -34.13333333333333 V 22.93333333333333 H 34.13333333333333 V 0 H 0 Z @dp} rotation={0} scale={1.0} physicalPixelDisplaySizeRatio={1.0}}}}, mRoundedCorners=RoundedCorners{[RoundedCorner{position=TopLeft, radius=60, center=Point(60, 60)}, RoundedCorner{position=TopRight, radius=60, center=Point(660, 60)}, RoundedCorner{position=BottomRight, radius=60, center=Point(660, 1540)}, RoundedCorner{position=BottomLeft, radius=60, center=Point(60, 1540)}]}  mRoundedCornerFrame=Rect(0, 0 - 720, 1600), mPrivacyIndicatorBounds=PrivacyIndicatorBounds {static bounds=Rect(637, 0 - 720, 45) rotation=0}, mSources= { InsetsSource: {mType=ITYPE_STATUS_BAR, mFrame=[0,0][720,45], mVisible=true, mInsetsRoundedCornerFrame=false}, InsetsSource: {mType=ITYPE_NAVIGATION_BAR, mFrame=[0,1510][720,1600], mVisible=true, mInsetsRoundedCornerFrame=false}, InsetsSource: {mType=ITYPE_LEFT_GESTURES, mFrame=[0,0][0,1600], mVisible=true, mInsetsRoundedCornerFrame=false}, InsetsSource: {mType=ITYPE_RIGHT_GESTURES, mFrame=[720,0][720,1600], mVisible=true, mInsetsRoundedCornerFrame=false}, InsetsSource: {mType=ITYPE_TOP_MANDATORY_GESTURES, mFrame=[0,0][720,66], mVisible=true, mInsetsRoundedCornerFrame=false}, InsetsSource: {mType=ITYPE_BOTTOM_MANDATORY_GESTURES, mFrame=[0,1510][720,1600], mVisible=true, mInsetsRoundedCornerFrame=false}, InsetsSource: {mType=ITYPE_LEFT_DISPLAY_CUTOUT, mFrame=[0,0][-100000,1600], mVisible=true, mInsetsRoundedCornerFrame=false}, InsetsSource: {mType=ITYPE_TOP_DISPLAY_CUTOUT, mFrame=[0,0][720,43], mVisible=true, mInsetsRoundedCornerFrame=false}, InsetsSource: {mType=ITYPE_RIGHT_DISPLAY_CUTOUT, mFrame=[100000,0][720,1600], mVisible=true, mInsetsRoundedCornerFrame=false}, InsetsSource: {mType=ITYPE_BOTTOM_DISPLAY_CUTOUT, mFrame=[0,100000][720,1600], mVisible=true, mInsetsRoundedCornerFrame=false}, InsetsSource: {mType=ITYPE_TOP_TAPPABLE_ELEMENT, mFrame=[0,0][720,45], mVisible=true, mInsetsRoundedCornerFrame=false}, InsetsSource: {mType=ITYPE_BOTTOM_TAPPABLE_ELEMENT, mFrame=[0,1510][720,1600], mVisible=true, mInsetsRoundedCornerFrame=false} } host=com.example.audioanalyser/com.example.audioanalyser.MainActivity from=android.view.ViewRootImpl.setView:1732
05-12 20:45:30.391  1216  1987 D CoreBackPreview: Window{98b97a1 u0 com.example.audioanalyser/com.example.audioanalyser.MainActivity}: Setting back callback OnBackInvokedCallbackInfo{mCallback=android.window.IOnBackInvokedCallback$Stub$Proxy@d362187, mPriority=0}
05-12 20:45:30.408   899   899 D SurfaceFlinger:      DEVICE | 0xb400007dbb950e80 | 0100 | RGBA_8888    |    0.0    0.0  720.0 1600.0 |    0    0  720 1600 | Splash Screen com.example.audioanalyser$_1902#27201
05-12 20:45:30.923   899   899 D SurfaceFlinger:      CLIENT | 0xb400007dbb950e80 | 0100 | RGBA_8888    |    0.0    0.0  720.0 1600.0 |    0    0  720 1600 | Splash Screen com.example.audioanalyser$_1902#27201
05-12 20:45:31.457  9534  9534 E ComposeInternal: 	at com.example.audioanalyser.ComposableSingletons$MainActivityKt.lambda__443045720$lambda$5(MainActivity.kt:603)
05-12 20:45:31.457  9534  9534 E ComposeInternal: 	at com.example.audioanalyser.ComposableSingletons$MainActivityKt$$ExternalSyntheticLambda43.invoke(D8$$SyntheticClass:0)
05-12 20:45:31.457  9534  9534 E ComposeInternal: 	at com.example.audioanalyser.MainActivityKt.AudioAnalyserContent$lambda$160(MainActivity.kt:599)
05-12 20:45:31.457  9534  9534 E ComposeInternal: 	at com.example.audioanalyser.MainActivityKt$$ExternalSyntheticLambda24.invoke(D8$$SyntheticClass:0)
05-12 20:45:31.471  9534  9534 E AndroidRuntime: Process: com.example.audioanalyser, PID: 9534
05-12 20:45:31.471  9534  9534 E AndroidRuntime: 	at com.example.audioanalyser.ComposableSingletons$MainActivityKt.lambda__443045720$lambda$5(MainActivity.kt:603)
05-12 20:45:31.471  9534  9534 E AndroidRuntime: 	at com.example.audioanalyser.ComposableSingletons$MainActivityKt$$ExternalSyntheticLambda43.invoke(D8$$SyntheticClass:0)
05-12 20:45:31.471  9534  9534 E AndroidRuntime: 	at com.example.audioanalyser.MainActivityKt.AudioAnalyserContent$lambda$160(MainActivity.kt:599)
05-12 20:45:31.471  9534  9534 E AndroidRuntime: 	at com.example.audioanalyser.MainActivityKt$$ExternalSyntheticLambda24.invoke(D8$$SyntheticClass:0)
05-12 20:45:31.486  1216  1348 W ActivityManager: crash : com.example.audioanalyser,10551
05-12 20:45:31.487  1216  1348 W ActivityTaskManager:   Force finishing activity com.example.audioanalyser/.MainActivity
05-12 20:45:31.488  1216  1348 D ActivityTaskManager: scheduleTopResumedActivityChanged, onTop=false r=ActivityRecord{87cf232 u0 com.example.audioanalyser/.MainActivity} t377 f}} caller=com.android.server.wm.ActivityTaskSupervisor.updateTopResumedActivityIfNeeded:2510 com.android.server.wm.TaskDisplayArea.positionChildTaskAt:602 com.android.server.wm.TaskDisplayArea.positionChildAt:537 com.android.server.wm.WindowContainer.positionChildAt:970 com.android.server.wm.Task.positionChildAt:3354 com.android.server.wm.Task.moveToFrontInner:6053 
05-12 20:45:31.519   899   899 D SurfaceFlinger:      DEVICE | 0xb400007dbb950e80 | 0100 | RGBA_8888    |    0.0    0.0  720.0 1600.0 |    0    0  720 1600 | Splash Screen com.example.audioanalyser$_1902#27201
05-12 20:45:31.532  3549  3549 I SDHMS:BarTender:Gatherer:AppError: update AppError : uid=10551, pkg=com.example.audioanalyser, errorType=crash
05-12 20:45:31.538   899   899 D SurfaceFlinger:      DEVICE | 0xb400007dbb950e80 | 0100 | RGBA_8888    |    0.0    0.0  720.0 1600.0 |    0    0  720 1600 | Splash Screen com.example.audioanalyser$_1902#27201
05-12 20:45:31.546  1216  1348 I ActivityManager: Process com.example.audioanalyser (pid 9534) has died: fg  TOP (140,794)
05-12 20:45:31.546  3549  3549 I SDHMS:BarTender:Analyzer:AppError: analyze app error : uid=10551, pkg=com.example.audioanalyser, appErrorCount=9
05-12 20:45:31.546  1216  1239 I WindowManager: WIN DEATH: Window{98b97a1 u0 com.example.audioanalyser/com.example.audioanalyser.MainActivity}
05-12 20:45:31.547  1216  1239 W InputManager-JNI: Input channel object '98b97a1 com.example.audioanalyser/com.example.audioanalyser.MainActivity (client)' was disposed without first being removed with the input manager!
05-12 20:45:31.547  1216  1239 V WindowManager: Remove Window{98b97a1 u0 com.example.audioanalyser/com.example.audioanalyser.MainActivity}: mSurfaceController=null mAnimatingExit=false mRemoveOnExit=false mHasSurface=false surfaceShowing=false animating=true app-animation=true mWillReplaceWindow=false mDisplayFrozen=false callers=com.android.server.wm.WindowState.-$$Nest$mremoveIfPossible:0 com.android.server.wm.WindowState$DeathRecipient.binderDied:3808 android.os.IBinder$DeathRecipient.binderDied:323 android.os.BinderProxy.sendDeathNotice:781 <bottom of call stack> <bottom of call stack> 
05-12 20:45:31.547  1216  1239 V WindowManager: Last window, removing starting window Window{98b97a1 u0 com.example.audioanalyser/com.example.audioanalyser.MainActivity}
05-12 20:45:31.548  1216  1239 V WindowManager: Schedule remove starting ActivityRecord{87cf232 u0 com.example.audioanalyser/.MainActivity} t377 f}} startingWindow=null startingView=null Callers=com.android.server.wm.ActivityRecord.removeStartingWindow:3233 com.android.server.wm.ActivityRecord.postWindowRemoveStartingWindowCleanup:8208 com.android.server.wm.WindowManagerService.postWindowRemoveCleanupLocked:2336 com.android.server.wm.WindowState.removeImmediately:3035 com.android.server.wm.WindowState.removeIfPossible:3228 
05-12 20:45:31.550   899   899 I Layer   : id=27218 removeFromCurrentState 98b97a1 com.example.audioanalyser/com.example.audioanalyser.MainActivity#27218 (127)
05-12 20:45:31.550   899   899 I SurfaceFlinger: id=27218 Removed 98b97a1 com.example.audioanalyser/com.example.audioanalyser.MainActivity#27218 (127)
05-12 20:45:31.551   899   899 I Layer   : id=27218 Destroyed 98b97a1 com.example.audioanalyser/com.example.audioanalyser.MainActivity#27218
05-12 20:45:31.555   899   899 D SurfaceFlinger:      DEVICE | 0xb400007dbb950e80 | 0100 | RGBA_8888    |    0.0    0.0  720.0 1600.0 |    0    0  720 1600 | Splash Screen com.example.audioanalyser$_1902#27201
05-12 20:45:31.574   899   899 D SurfaceFlinger:      DEVICE | 0xb400007dbb950e80 | 0100 | RGBA_8888    |    0.0    0.0  720.0 1600.0 |    0    0  720 1600 | Splash Screen com.example.audioanalyser$_1902#27201
05-12 20:45:31.580  1216  1239 D WindowManager: updateSystemBarAttributes: displayId=0, win=Window{174032b u0 com.sec.android.app.launcher/com.sec.android.app.launcher.activities.LauncherActivity}, navColorWin=Window{81e7018 u0 Splash Screen com.example.audioanalyser}, focusedCanBeNavColorWin=false, behavior=2, appearance=0, statusBarAppearanceRegions=[AppearanceRegion{ bounds=[0,0][720,1600]}], requestedVisibilities=, from=com.android.server.wm.DisplayPolicy.focusChangedLw:3247 com.android.server.wm.DisplayContent.updateFocusedWindowLocked:4632 com.android.server.wm.RootWindowContainer.updateFocusedWindowLocked:595 
05-12 20:45:31.592   899   899 D SurfaceFlinger:      DEVICE | 0xb400007dab282300 | 0100 | RGBA_8888    |    0.0    0.0  720.0 1600.0 |    0    0  720 1600 | Splash Screen com.example.audioanalyser$_1902#27201
05-12 20:45:31.609   899   899 D SurfaceFlinger:      DEVICE | 0xb400007dab282900 | 0100 | RGBA_8888    |    0.0    0.0  720.0 1600.0 |    0    0  720 1600 | Splash Screen com.example.audioanalyser$_1902#27201
05-12 20:45:31.617  1216  1251 E WindowManager: win=Window{81e7018 u0 Splash Screen com.example.audioanalyser EXITING} destroySurfaces: appStopped=false cleanupOnResume=false win.mWindowRemovalAllowed=true win.mRemoveOnExit=true win.mViewVisibility=0 caller=com.android.server.wm.WindowState.onExitAnimationDone:6000 com.android.server.wm.ActivityRecord$$ExternalSyntheticLambda10.accept:2 java.util.ArrayList.forEach:1613 com.android.server.wm.ActivityRecord.onAnimationFinished:8607 com.android.server.wm.ActivityRecord.postApplyAnimation:6252 com.android.server.wm.ActivityRecord.commitVisibility:6224 com.android.server.wm.ActivityRecord.commitVisibility:6228 
05-12 20:45:31.617  1216  1251 I WindowManager: Destroying surface Surface(name=Splash Screen com.example.audioanalyser$_1902)/@0xaeb8114 called by com.android.server.wm.WindowStateAnimator.destroySurface:942 com.android.server.wm.WindowStateAnimator.destroySurfaceLocked:536 com.android.server.wm.WindowState.destroySurfaceUnchecked:4309 com.android.server.wm.WindowState.destroySurface:4283 com.android.server.wm.WindowState.onExitAnimationDone:6000 com.android.server.wm.ActivityRecord$$ExternalSyntheticLambda10.accept:2 java.util.ArrayList.forEach:1613 com.android.server.wm.ActivityRecord.onAnimationFinished:8607 
05-12 20:45:31.618  1216  1251 W InputManager-JNI: Input channel object '81e7018 Splash Screen com.example.audioanalyser (client)' was disposed without first being removed with the input manager!
