05-12 20:01:28.616  1216  5125 D CoreBackPreview: Window{a4c2fbf u0 com.example.audioanalyser/com.example.audioanalyser.MainActivity}: Setting back callback OnBackInvokedCallbackInfo{mCallback=android.window.IOnBackInvokedCallback$Stub$Proxy@f977651, mPriority=0}
05-12 20:01:29.261  1216  5125 D WindowManager: makeSurface duration=2 name=com.example.audioanalyser/com.example.audioanalyser.MainActivity$_19819
05-12 20:01:29.405  1216  5125 D WindowManager: finishDrawingWindow: Window{a4c2fbf u0 com.example.audioanalyser/com.example.audioanalyser.MainActivity} mDrawState=DRAW_PENDING seqId=0
05-12 20:01:29.411  1216  1251 I WindowManager: Reparenting to leash, surface=Surface(name=a4c2fbf com.example.audioanalyser/com.example.audioanalyser.MainActivity)/@0x70c268d, leashParent=Surface(name=ActivityRecord{30cea90 u0 com.example.audioanalyser/.MainActivity} t355})/@0x82c4e
05-12 20:01:29.412  1216  1251 D WindowManager: makeSurface duration=1 leash=Surface(name=Surface(name=a4c2fbf com.example.audioanalyser/com.example.audioanalyser.MainActivity)/@0x70c268d - animation-leash of window_animation)/@0x1f99042
05-12 20:01:29.413  1216  1251 V WindowManager: performShowLocked: mDrawState=HAS_DRAWN in Window{a4c2fbf u0 com.example.audioanalyser/com.example.audioanalyser.MainActivity}
05-12 20:01:29.419  1216  1251 D ActivityTaskManager: mStartingWindow and mStartingData is null for token=ActivityRecord{30cea90 u0 com.example.audioanalyser/.MainActivity} t355}
05-12 20:01:29.659  1216  1251 I WindowManager: Reparenting to original parent: Surface(name=ActivityRecord{30cea90 u0 com.example.audioanalyser/.MainActivity} t355})/@0x82c4e, destroy=true, surface=Surface(name=a4c2fbf com.example.audioanalyser/com.example.audioanalyser.MainActivity)/@0x70c268d
05-12 20:01:31.774  1216  5125 D CoreBackPreview: Window{a4c2fbf u0 com.example.audioanalyser/com.example.audioanalyser.MainActivity}: Setting back callback null
05-12 20:01:31.914  1216  5125 V WindowManager: Remove Window{a4c2fbf u0 com.example.audioanalyser/com.example.audioanalyser.MainActivity}: mSurfaceController=Surface(name=com.example.audioanalyser/com.example.audioanalyser.MainActivity$_19819)/@0x9e9c554 mAnimatingExit=false mRemoveOnExit=false mHasSurface=true surfaceShowing=true animating=false app-animation=false mWillReplaceWindow=false mDisplayFrozen=false callers=com.android.server.wm.WindowState.removeIfPossible:3041 com.android.server.wm.WindowManagerService.removeWindow:2289 com.android.server.wm.Session.remove:236 android.view.IWindowSession$Stub.onTransact:743 com.android.server.wm.Session.onTransact:188 android.os.Binder.execTransactInternal:1316 
05-12 20:01:31.915  1216  5125 I WindowManager: Reparenting to leash, surface=Surface(name=a4c2fbf com.example.audioanalyser/com.example.audioanalyser.MainActivity)/@0x70c268d, leashParent=Surface(name=ActivityRecord{30cea90 u0 com.example.audioanalyser/.MainActivity} t355})/@0x82c4e
05-12 20:01:31.917  1216  5125 D WindowManager: makeSurface duration=2 leash=Surface(name=Surface(name=a4c2fbf com.example.audioanalyser/com.example.audioanalyser.MainActivity)/@0x70c268d - animation-leash of window_animation)/@0x5a0ccfd
05-12 20:01:31.918  1216  5125 V WindowManager: removeIfPossible 2, Window{a4c2fbf u0 com.example.audioanalyser/com.example.audioanalyser.MainActivity}: mAnimatingExit=true caller=com.android.server.wm.WindowState.removeIfPossible:3041 com.android.server.wm.WindowManagerService.removeWindow:2289 com.android.server.wm.Session.remove:236 android.view.IWindowSession$Stub.onTransact:743 com.android.server.wm.Session.onTransact:188 
05-12 20:01:31.919  1216  5125 V WindowManager: Changing focus from Window{a4c2fbf u0 com.example.audioanalyser/com.example.audioanalyser.MainActivity EXITING} to Window{1a5c29 u0 com.example.audioanalyser/com.example.audioanalyser.MainActivity} displayId=0 Callers=com.android.server.wm.RootWindowContainer.updateFocusedWindowLocked:595 com.android.server.wm.WindowManagerService.updateFocusedWindowLocked:6810 com.android.server.wm.WindowState.setupWindowForRemoveOnExit:3252 com.android.server.wm.WindowState.removeIfPossible:3220 
05-12 20:01:31.920  1216  5125 D MARsPolicyManager: onPackageResumedFG pkgName = com.example.audioanalyser, userId = 0
05-12 20:01:32.077  1216  1251 I WindowManager: Reparenting to original parent: Surface(name=ActivityRecord{30cea90 u0 com.example.audioanalyser/.MainActivity} t355})/@0x82c4e, destroy=true, surface=Surface(name=a4c2fbf com.example.audioanalyser/com.example.audioanalyser.MainActivity)/@0x70c268d
05-12 20:01:32.077  1216  1251 E WindowManager: win=Window{a4c2fbf u0 com.example.audioanalyser/com.example.audioanalyser.MainActivity EXITING} destroySurfaces: appStopped=false cleanupOnResume=false win.mWindowRemovalAllowed=true win.mRemoveOnExit=true win.mViewVisibility=0 caller=com.android.server.wm.WindowState.onExitAnimationDone:6000 com.android.server.wm.WindowStateAnimator.onAnimationFinished:225 com.android.server.wm.WindowState.onAnimationFinished:6225 com.android.server.wm.WindowContainer$$ExternalSyntheticLambda4.onAnimationFinished:2 com.android.server.wm.SurfaceAnimator.lambda$getFinishedCallback$0:140 com.android.server.wm.SurfaceAnimator.$r8$lambda$lRxTVOJy8fX752UbrFno9INW9hE:0 com.android.server.wm.SurfaceAnimator$$ExternalSyntheticLambda1.run:8 
05-12 20:01:32.077  1216  1251 I WindowManager: Destroying surface Surface(name=com.example.audioanalyser/com.example.audioanalyser.MainActivity$_19819)/@0x9e9c554 called by com.android.server.wm.WindowStateAnimator.destroySurface:942 com.android.server.wm.WindowStateAnimator.destroySurfaceLocked:536 com.android.server.wm.WindowState.destroySurfaceUnchecked:4309 com.android.server.wm.WindowState.destroySurface:4283 com.android.server.wm.WindowState.onExitAnimationDone:6000 com.android.server.wm.WindowStateAnimator.onAnimationFinished:225 com.android.server.wm.WindowState.onAnimationFinished:6225 com.android.server.wm.WindowContainer$$ExternalSyntheticLambda4.onAnimationFinished:2 
05-12 20:01:33.502  1216  5125 V WindowManager: Changing focus from Window{1a5c29 u0 com.example.audioanalyser/com.example.audioanalyser.MainActivity} to Window{f7dfd97 u0 com.example.audioanalyser/com.example.audioanalyser.MainActivity} displayId=0 Callers=com.android.server.wm.RootWindowContainer.updateFocusedWindowLocked:595 com.android.server.wm.WindowManagerService.updateFocusedWindowLocked:6810 com.android.server.wm.WindowManagerService.addWindow:2054 com.android.server.wm.Session.addToDisplayAsUser:222 
05-12 20:01:33.502  1216  5125 D MARsPolicyManager: onPackageResumedFG pkgName = com.example.audioanalyser, userId = 0
05-12 20:01:33.512  1216  5125 D CoreBackPreview: Window{f7dfd97 u0 com.example.audioanalyser/com.example.audioanalyser.MainActivity}: Setting back callback OnBackInvokedCallbackInfo{mCallback=android.window.IOnBackInvokedCallback$Stub$Proxy@79d1569, mPriority=0}
05-12 20:01:34.116  1216  5125 D WindowManager: makeSurface duration=2 name=com.example.audioanalyser/com.example.audioanalyser.MainActivity$_19819
05-12 20:01:34.257  1216  1465 D WindowManager: finishDrawingWindow: Window{f7dfd97 u0 com.example.audioanalyser/com.example.audioanalyser.MainActivity} mDrawState=DRAW_PENDING seqId=0
05-12 20:01:34.263  1216  1251 I WindowManager: Reparenting to leash, surface=Surface(name=f7dfd97 com.example.audioanalyser/com.example.audioanalyser.MainActivity)/@0x3e89f25, leashParent=Surface(name=ActivityRecord{30cea90 u0 com.example.audioanalyser/.MainActivity} t355})/@0x82c4e
05-12 20:01:34.264  1216  1251 D WindowManager: makeSurface duration=1 leash=Surface(name=Surface(name=f7dfd97 com.example.audioanalyser/com.example.audioanalyser.MainActivity)/@0x3e89f25 - animation-leash of window_animation)/@0x62738fa
05-12 20:01:34.265  1216  1251 V WindowManager: performShowLocked: mDrawState=HAS_DRAWN in Window{f7dfd97 u0 com.example.audioanalyser/com.example.audioanalyser.MainActivity}
05-12 20:01:34.275  1216  1251 D ActivityTaskManager: mStartingWindow and mStartingData is null for token=ActivityRecord{30cea90 u0 com.example.audioanalyser/.MainActivity} t355}
05-12 20:01:34.508  1216  1251 I WindowManager: Reparenting to original parent: Surface(name=ActivityRecord{30cea90 u0 com.example.audioanalyser/.MainActivity} t355})/@0x82c4e, destroy=true, surface=Surface(name=f7dfd97 com.example.audioanalyser/com.example.audioanalyser.MainActivity)/@0x3e89f25
05-12 20:01:36.478  1216  6468 D SGM:GameManager: identifyGamePackage. com.example.audioanalyser, mCurrentUserId: 0, callerUserId: 0, callingMethodInfo: com.android.server.ssrm.SortingMachine.isGame(SortingMachine.java:162)
05-12 20:01:36.478  1216  6468 D SGM:PkgDataHelper: getGamePkgData(). com.example.audioanalyser
05-12 20:01:38.377  1216  1216 D SGM:GameManager: identifyGamePackage. com.example.audioanalyser, mCurrentUserId: 0, callerUserId: 0, callingMethodInfo: com.android.server.ssrm.fgapps.GameAppUtils.isGame(GameAppUtils.java:84)
05-12 20:01:38.377  1216  1216 D SGM:PkgDataHelper: getGamePkgData(). com.example.audioanalyser
05-12 20:01:38.378  1216  1216 D SGM:GameManager: identifyGamePackage. com.example.audioanalyser, mCurrentUserId: 0, callerUserId: 0, callingMethodInfo: com.android.server.ssrm.fgapps.GameAppUtils.isGame(GameAppUtils.java:84)
05-12 20:01:38.378  1216  1216 D SGM:PkgDataHelper: getGamePkgData(). com.example.audioanalyser
05-12 20:01:40.659  1216  5125 D CoreBackPreview: Window{f7dfd97 u0 com.example.audioanalyser/com.example.audioanalyser.MainActivity}: Setting back callback null
05-12 20:01:40.800  1216  5125 V WindowManager: Remove Window{f7dfd97 u0 com.example.audioanalyser/com.example.audioanalyser.MainActivity}: mSurfaceController=Surface(name=com.example.audioanalyser/com.example.audioanalyser.MainActivity$_19819)/@0xab1b250 mAnimatingExit=false mRemoveOnExit=false mHasSurface=true surfaceShowing=true animating=false app-animation=false mWillReplaceWindow=false mDisplayFrozen=false callers=com.android.server.wm.WindowState.removeIfPossible:3041 com.android.server.wm.WindowManagerService.removeWindow:2289 com.android.server.wm.Session.remove:236 android.view.IWindowSession$Stub.onTransact:743 com.android.server.wm.Session.onTransact:188 android.os.Binder.execTransactInternal:1316 
05-12 20:01:40.801  1216  5125 I WindowManager: Reparenting to leash, surface=Surface(name=f7dfd97 com.example.audioanalyser/com.example.audioanalyser.MainActivity)/@0x3e89f25, leashParent=Surface(name=ActivityRecord{30cea90 u0 com.example.audioanalyser/.MainActivity} t355})/@0x82c4e
05-12 20:01:40.802  1216  5125 D WindowManager: makeSurface duration=1 leash=Surface(name=Surface(name=f7dfd97 com.example.audioanalyser/com.example.audioanalyser.MainActivity)/@0x3e89f25 - animation-leash of window_animation)/@0xbdd7c49
05-12 20:01:40.803  1216  5125 V WindowManager: removeIfPossible 2, Window{f7dfd97 u0 com.example.audioanalyser/com.example.audioanalyser.MainActivity}: mAnimatingExit=true caller=com.android.server.wm.WindowState.removeIfPossible:3041 com.android.server.wm.WindowManagerService.removeWindow:2289 com.android.server.wm.Session.remove:236 android.view.IWindowSession$Stub.onTransact:743 com.android.server.wm.Session.onTransact:188 
05-12 20:01:40.806  1216  5125 V WindowManager: Changing focus from Window{f7dfd97 u0 com.example.audioanalyser/com.example.audioanalyser.MainActivity EXITING} to Window{1a5c29 u0 com.example.audioanalyser/com.example.audioanalyser.MainActivity} displayId=0 Callers=com.android.server.wm.RootWindowContainer.updateFocusedWindowLocked:595 com.android.server.wm.WindowManagerService.updateFocusedWindowLocked:6810 com.android.server.wm.WindowState.setupWindowForRemoveOnExit:3252 com.android.server.wm.WindowState.removeIfPossible:3220 
05-12 20:01:40.806  1216  5125 D MARsPolicyManager: onPackageResumedFG pkgName = com.example.audioanalyser, userId = 0
05-12 20:01:40.969  1216  1251 I WindowManager: Reparenting to original parent: Surface(name=ActivityRecord{30cea90 u0 com.example.audioanalyser/.MainActivity} t355})/@0x82c4e, destroy=true, surface=Surface(name=f7dfd97 com.example.audioanalyser/com.example.audioanalyser.MainActivity)/@0x3e89f25
05-12 20:01:40.970  1216  1251 E WindowManager: win=Window{f7dfd97 u0 com.example.audioanalyser/com.example.audioanalyser.MainActivity EXITING} destroySurfaces: appStopped=false cleanupOnResume=false win.mWindowRemovalAllowed=true win.mRemoveOnExit=true win.mViewVisibility=0 caller=com.android.server.wm.WindowState.onExitAnimationDone:6000 com.android.server.wm.WindowStateAnimator.onAnimationFinished:225 com.android.server.wm.WindowState.onAnimationFinished:6225 com.android.server.wm.WindowContainer$$ExternalSyntheticLambda4.onAnimationFinished:2 com.android.server.wm.SurfaceAnimator.lambda$getFinishedCallback$0:140 com.android.server.wm.SurfaceAnimator.$r8$lambda$lRxTVOJy8fX752UbrFno9INW9hE:0 com.android.server.wm.SurfaceAnimator$$ExternalSyntheticLambda1.run:8 
05-12 20:01:40.971  1216  1251 I WindowManager: Destroying surface Surface(name=com.example.audioanalyser/com.example.audioanalyser.MainActivity$_19819)/@0xab1b250 called by com.android.server.wm.WindowStateAnimator.destroySurface:942 com.android.server.wm.WindowStateAnimator.destroySurfaceLocked:536 com.android.server.wm.WindowState.destroySurfaceUnchecked:4309 com.android.server.wm.WindowState.destroySurface:4283 com.android.server.wm.WindowState.onExitAnimationDone:6000 com.android.server.wm.WindowStateAnimator.onAnimationFinished:225 com.android.server.wm.WindowState.onAnimationFinished:6225 com.android.server.wm.WindowContainer$$ExternalSyntheticLambda4.onAnimationFinished:2 
05-12 20:01:42.028  1216  1348 V WindowManager: Changing focus from Window{1a5c29 u0 com.example.audioanalyser/com.example.audioanalyser.MainActivity} to Window{2b45d5f u0 com.example.audioanalyser/com.example.audioanalyser.MainActivity} displayId=0 Callers=com.android.server.wm.RootWindowContainer.updateFocusedWindowLocked:595 com.android.server.wm.WindowManagerService.updateFocusedWindowLocked:6810 com.android.server.wm.WindowManagerService.addWindow:2054 com.android.server.wm.Session.addToDisplayAsUser:222 
05-12 20:01:42.028  1216  1348 D MARsPolicyManager: onPackageResumedFG pkgName = com.example.audioanalyser, userId = 0
05-12 20:01:42.038  1216  1348 D CoreBackPreview: Window{2b45d5f u0 com.example.audioanalyser/com.example.audioanalyser.MainActivity}: Setting back callback OnBackInvokedCallbackInfo{mCallback=android.window.IOnBackInvokedCallback$Stub$Proxy@9ed36f1, mPriority=0}
05-12 20:01:42.690  1216  5125 D WindowManager: makeSurface duration=1 name=com.example.audioanalyser/com.example.audioanalyser.MainActivity$_19819
05-12 20:01:42.837  1216  5125 D WindowManager: finishDrawingWindow: Window{2b45d5f u0 com.example.audioanalyser/com.example.audioanalyser.MainActivity} mDrawState=DRAW_PENDING seqId=0
05-12 20:01:42.842  1216  1251 I WindowManager: Reparenting to leash, surface=Surface(name=2b45d5f com.example.audioanalyser/com.example.audioanalyser.MainActivity)/@0x50d512d, leashParent=Surface(name=ActivityRecord{30cea90 u0 com.example.audioanalyser/.MainActivity} t355})/@0x82c4e
05-12 20:01:42.843  1216  1251 D WindowManager: makeSurface duration=1 leash=Surface(name=Surface(name=2b45d5f com.example.audioanalyser/com.example.audioanalyser.MainActivity)/@0x50d512d - animation-leash of window_animation)/@0xb357662
05-12 20:01:42.843  1216  1251 V WindowManager: performShowLocked: mDrawState=HAS_DRAWN in Window{2b45d5f u0 com.example.audioanalyser/com.example.audioanalyser.MainActivity}
05-12 20:01:42.852  1216  1251 D ActivityTaskManager: mStartingWindow and mStartingData is null for token=ActivityRecord{30cea90 u0 com.example.audioanalyser/.MainActivity} t355}
05-12 20:01:43.086  1216  1251 I WindowManager: Reparenting to original parent: Surface(name=ActivityRecord{30cea90 u0 com.example.audioanalyser/.MainActivity} t355})/@0x82c4e, destroy=true, surface=Surface(name=2b45d5f com.example.audioanalyser/com.example.audioanalyser.MainActivity)/@0x50d512d
05-12 20:01:44.920  1216  5125 D CoreBackPreview: Window{2b45d5f u0 com.example.audioanalyser/com.example.audioanalyser.MainActivity}: Setting back callback null
05-12 20:01:45.028  1216  5125 V WindowManager: Remove Window{2b45d5f u0 com.example.audioanalyser/com.example.audioanalyser.MainActivity}: mSurfaceController=Surface(name=com.example.audioanalyser/com.example.audioanalyser.MainActivity$_19819)/@0x531d899 mAnimatingExit=false mRemoveOnExit=false mHasSurface=true surfaceShowing=true animating=false app-animation=false mWillReplaceWindow=false mDisplayFrozen=false callers=com.android.server.wm.WindowState.removeIfPossible:3041 com.android.server.wm.WindowManagerService.removeWindow:2289 com.android.server.wm.Session.remove:236 android.view.IWindowSession$Stub.onTransact:743 com.android.server.wm.Session.onTransact:188 android.os.Binder.execTransactInternal:1316 
05-12 20:01:45.029  1216  5125 I WindowManager: Reparenting to leash, surface=Surface(name=2b45d5f com.example.audioanalyser/com.example.audioanalyser.MainActivity)/@0x50d512d, leashParent=Surface(name=ActivityRecord{30cea90 u0 com.example.audioanalyser/.MainActivity} t355})/@0x82c4e
05-12 20:01:45.030  1216  5125 D WindowManager: makeSurface duration=1 leash=Surface(name=Surface(name=2b45d5f com.example.audioanalyser/com.example.audioanalyser.MainActivity)/@0x50d512d - animation-leash of window_animation)/@0x58e075e
05-12 20:01:45.031  1216  5125 V WindowManager: removeIfPossible 2, Window{2b45d5f u0 com.example.audioanalyser/com.example.audioanalyser.MainActivity}: mAnimatingExit=true caller=com.android.server.wm.WindowState.removeIfPossible:3041 com.android.server.wm.WindowManagerService.removeWindow:2289 com.android.server.wm.Session.remove:236 android.view.IWindowSession$Stub.onTransact:743 com.android.server.wm.Session.onTransact:188 
05-12 20:01:45.032  1216  5125 V WindowManager: Changing focus from Window{2b45d5f u0 com.example.audioanalyser/com.example.audioanalyser.MainActivity EXITING} to Window{1a5c29 u0 com.example.audioanalyser/com.example.audioanalyser.MainActivity} displayId=0 Callers=com.android.server.wm.RootWindowContainer.updateFocusedWindowLocked:595 com.android.server.wm.WindowManagerService.updateFocusedWindowLocked:6810 com.android.server.wm.WindowState.setupWindowForRemoveOnExit:3252 com.android.server.wm.WindowState.removeIfPossible:3220 
05-12 20:01:45.032  1216  5125 D MARsPolicyManager: onPackageResumedFG pkgName = com.example.audioanalyser, userId = 0
05-12 20:01:45.185  1216  1251 I WindowManager: Reparenting to original parent: Surface(name=ActivityRecord{30cea90 u0 com.example.audioanalyser/.MainActivity} t355})/@0x82c4e, destroy=true, surface=Surface(name=2b45d5f com.example.audioanalyser/com.example.audioanalyser.MainActivity)/@0x50d512d
05-12 20:01:45.185  1216  1251 E WindowManager: win=Window{2b45d5f u0 com.example.audioanalyser/com.example.audioanalyser.MainActivity EXITING} destroySurfaces: appStopped=false cleanupOnResume=false win.mWindowRemovalAllowed=true win.mRemoveOnExit=true win.mViewVisibility=0 caller=com.android.server.wm.WindowState.onExitAnimationDone:6000 com.android.server.wm.WindowStateAnimator.onAnimationFinished:225 com.android.server.wm.WindowState.onAnimationFinished:6225 com.android.server.wm.WindowContainer$$ExternalSyntheticLambda4.onAnimationFinished:2 com.android.server.wm.SurfaceAnimator.lambda$getFinishedCallback$0:140 com.android.server.wm.SurfaceAnimator.$r8$lambda$lRxTVOJy8fX752UbrFno9INW9hE:0 com.android.server.wm.SurfaceAnimator$$ExternalSyntheticLambda1.run:8 
05-12 20:01:45.186  1216  1251 I WindowManager: Destroying surface Surface(name=com.example.audioanalyser/com.example.audioanalyser.MainActivity$_19819)/@0x531d899 called by com.android.server.wm.WindowStateAnimator.destroySurface:942 com.android.server.wm.WindowStateAnimator.destroySurfaceLocked:536 com.android.server.wm.WindowState.destroySurfaceUnchecked:4309 com.android.server.wm.WindowState.destroySurface:4283 com.android.server.wm.WindowState.onExitAnimationDone:6000 com.android.server.wm.WindowStateAnimator.onAnimationFinished:225 com.android.server.wm.WindowState.onAnimationFinished:6225 com.android.server.wm.WindowContainer$$ExternalSyntheticLambda4.onAnimationFinished:2 
05-12 20:01:47.273  1216  5125 V WindowManager: Changing focus from Window{1a5c29 u0 com.example.audioanalyser/com.example.audioanalyser.MainActivity} to Window{4cb2c3c u0 com.example.audioanalyser/com.example.audioanalyser.MainActivity} displayId=0 Callers=com.android.server.wm.RootWindowContainer.updateFocusedWindowLocked:595 com.android.server.wm.WindowManagerService.updateFocusedWindowLocked:6810 com.android.server.wm.WindowManagerService.addWindow:2054 com.android.server.wm.Session.addToDisplayAsUser:222 
05-12 20:01:47.273  1216  5125 D MARsPolicyManager: onPackageResumedFG pkgName = com.example.audioanalyser, userId = 0
05-12 20:01:47.285  1216  5125 D CoreBackPreview: Window{4cb2c3c u0 com.example.audioanalyser/com.example.audioanalyser.MainActivity}: Setting back callback OnBackInvokedCallbackInfo{mCallback=android.window.IOnBackInvokedCallback$Stub$Proxy@f5586e6, mPriority=0}
05-12 20:01:47.867  1216  5125 D WindowManager: makeSurface duration=1 name=com.example.audioanalyser/com.example.audioanalyser.MainActivity$_19819
05-12 20:01:48.021  1216  5125 D WindowManager: finishDrawingWindow: Window{4cb2c3c u0 com.example.audioanalyser/com.example.audioanalyser.MainActivity} mDrawState=DRAW_PENDING seqId=0
05-12 20:01:48.026  1216  1251 I WindowManager: Reparenting to leash, surface=Surface(name=4cb2c3c com.example.audioanalyser/com.example.audioanalyser.MainActivity)/@0xaa2c6d4, leashParent=Surface(name=ActivityRecord{30cea90 u0 com.example.audioanalyser/.MainActivity} t355})/@0x82c4e
05-12 20:01:48.028  1216  1251 D WindowManager: makeSurface duration=2 leash=Surface(name=Surface(name=4cb2c3c com.example.audioanalyser/com.example.audioanalyser.MainActivity)/@0xaa2c6d4 - animation-leash of window_animation)/@0xbdb707d
05-12 20:01:48.028  1216  1251 V WindowManager: performShowLocked: mDrawState=HAS_DRAWN in Window{4cb2c3c u0 com.example.audioanalyser/com.example.audioanalyser.MainActivity}
05-12 20:01:48.037  1216  1251 D ActivityTaskManager: mStartingWindow and mStartingData is null for token=ActivityRecord{30cea90 u0 com.example.audioanalyser/.MainActivity} t355}
05-12 20:01:48.263  1216  1251 I WindowManager: Reparenting to original parent: Surface(name=ActivityRecord{30cea90 u0 com.example.audioanalyser/.MainActivity} t355})/@0x82c4e, destroy=true, surface=Surface(name=4cb2c3c com.example.audioanalyser/com.example.audioanalyser.MainActivity)/@0xaa2c6d4
05-12 20:01:48.952  1216  1216 D SGM:GameManager: identifyGamePackage. com.example.audioanalyser, mCurrentUserId: 0, callerUserId: 0, callingMethodInfo: com.android.server.ssrm.fgapps.GameAppUtils.isGame(GameAppUtils.java:84)
05-12 20:01:48.952  1216  1216 D SGM:PkgDataHelper: getGamePkgData(). com.example.audioanalyser
05-12 20:01:48.953  1216  1216 D SGM:GameManager: identifyGamePackage. com.example.audioanalyser, mCurrentUserId: 0, callerUserId: 0, callingMethodInfo: com.android.server.ssrm.fgapps.GameAppUtils.isGame(GameAppUtils.java:84)
05-12 20:01:48.954  1216  1216 D SGM:PkgDataHelper: getGamePkgData(). com.example.audioanalyser
05-12 20:01:50.190  1216  1216 D SGM:GameManager: identifyGamePackage. com.example.audioanalyser, mCurrentUserId: 0, callerUserId: 0, callingMethodInfo: com.android.server.ssrm.fgapps.GameAppUtils.isGame(GameAppUtils.java:84)
05-12 20:01:50.190  1216  1216 D SGM:PkgDataHelper: getGamePkgData(). com.example.audioanalyser
05-12 20:01:50.192  1216  1216 D SGM:GameManager: identifyGamePackage. com.example.audioanalyser, mCurrentUserId: 0, callerUserId: 0, callingMethodInfo: com.android.server.ssrm.fgapps.GameAppUtils.isGame(GameAppUtils.java:84)
05-12 20:01:50.192  1216  1216 D SGM:PkgDataHelper: getGamePkgData(). com.example.audioanalyser
05-12 20:01:51.033  1216  1216 D SGM:GameManager: identifyGamePackage. com.example.audioanalyser, mCurrentUserId: 0, callerUserId: 0, callingMethodInfo: com.android.server.ssrm.fgapps.GameAppUtils.isGame(GameAppUtils.java:84)
05-12 20:01:51.033  1216  1216 D SGM:PkgDataHelper: getGamePkgData(). com.example.audioanalyser
05-12 20:01:51.035  1216  1216 D SGM:GameManager: identifyGamePackage. com.example.audioanalyser, mCurrentUserId: 0, callerUserId: 0, callingMethodInfo: com.android.server.ssrm.fgapps.GameAppUtils.isGame(GameAppUtils.java:84)
05-12 20:01:51.035  1216  1216 D SGM:PkgDataHelper: getGamePkgData(). com.example.audioanalyser
05-12 20:01:53.799  1216  1216 D SGM:GameManager: identifyGamePackage. com.example.audioanalyser, mCurrentUserId: 0, callerUserId: 0, callingMethodInfo: com.android.server.ssrm.fgapps.GameAppUtils.isGame(GameAppUtils.java:84)
05-12 20:01:53.799  1216  1216 D SGM:PkgDataHelper: getGamePkgData(). com.example.audioanalyser
05-12 20:01:53.800  1216  1216 D SGM:GameManager: identifyGamePackage. com.example.audioanalyser, mCurrentUserId: 0, callerUserId: 0, callingMethodInfo: com.android.server.ssrm.fgapps.GameAppUtils.isGame(GameAppUtils.java:84)
05-12 20:01:53.800  1216  1216 D SGM:PkgDataHelper: getGamePkgData(). com.example.audioanalyser
05-12 20:01:56.132  1216  1216 D SGM:GameManager: identifyGamePackage. com.example.audioanalyser, mCurrentUserId: 0, callerUserId: 0, callingMethodInfo: com.android.server.ssrm.fgapps.GameAppUtils.isGame(GameAppUtils.java:84)
05-12 20:01:56.132  1216  1216 D SGM:PkgDataHelper: getGamePkgData(). com.example.audioanalyser
05-12 20:01:56.135  1216  1216 D SGM:GameManager: identifyGamePackage. com.example.audioanalyser, mCurrentUserId: 0, callerUserId: 0, callingMethodInfo: com.android.server.ssrm.fgapps.GameAppUtils.isGame(GameAppUtils.java:84)
05-12 20:01:56.135  1216  1216 D SGM:PkgDataHelper: getGamePkgData(). com.example.audioanalyser
05-12 20:01:56.258  1216  1348 D WindowManager: Moved rootTask=Task{27ba1c9 #1 type=home ?? U=0 visible=false visibleRequested=false mode=fullscreen translucent=true sz=1} behind rootTask=Task{757ef89 #355 type=standard A=10551:com.example.audioanalyser U=0 visible=true visibleRequested=true mode=fullscreen translucent=false sz=1}
05-12 20:01:56.465  1216  2201 D MdnieScenarioControlService:  packageName : com.example.audioanalyser    className : com.example.audioanalyser.MainActivity
05-12 20:01:56.843  1216  2371 D WindowManager: onAnimationFinished(): targetRootTask=Task{27ba1c9 #1 type=home ?? U=0 visible=false visibleRequested=true mode=fullscreen translucent=false sz=1} targetActivity=ActivityRecord{632da01 u0 com.sec.android.app.launcher/.activities.LauncherActivity} t7} mRestoreTargetBehindRootTask=Task{757ef89 #355 type=standard A=10551:com.example.audioanalyser U=0 visible=true visibleRequested=true mode=fullscreen translucent=false sz=1}
05-12 20:01:56.848  1216  2371 V WindowManager: Changing focus from Window{4cb2c3c u0 com.example.audioanalyser/com.example.audioanalyser.MainActivity} to Window{174032b u0 com.sec.android.app.launcher/com.sec.android.app.launcher.activities.LauncherActivity} displayId=0 Callers=com.android.server.wm.RootWindowContainer.updateFocusedWindowLocked:595 com.android.server.wm.WindowManagerService.updateFocusedWindowLocked:6810 com.android.server.wm.DisplayContent.layoutAndAssignWindowLayersIfNeeded:4794 com.android.server.wm.TaskDisplayArea.positionChildTaskAt:587 
05-12 20:01:56.861  1216  2371 D ActivityTaskManager: scheduleTopResumedActivityChanged, onTop=false r=ActivityRecord{30cea90 u0 com.example.audioanalyser/.MainActivity} t355} caller=com.android.server.wm.ActivityTaskSupervisor.updateTopResumedActivityIfNeeded:2510 com.android.server.wm.TaskDisplayArea.positionChildTaskAt:602 com.android.server.wm.TaskDisplayArea.positionChildAt:537 com.android.server.wm.Task.moveToFrontInner:6053 com.android.server.wm.Task.moveToFront:6019 com.android.server.wm.Task.moveToFront:5953 
05-12 20:01:56.925  1216  2371 I WindowManager: Reparenting to leash, surface=Surface(name=4cb2c3c com.example.audioanalyser/com.example.audioanalyser.MainActivity)/@0xaa2c6d4, leashParent=Surface(name=ActivityRecord{30cea90 u0 com.example.audioanalyser/.MainActivity} t355})/@0x82c4e
05-12 20:01:56.927  1216  2371 D WindowManager: makeSurface duration=2 leash=Surface(name=Surface(name=4cb2c3c com.example.audioanalyser/com.example.audioanalyser.MainActivity)/@0xaa2c6d4 - animation-leash of window_animation)/@0x974ee0b
05-12 20:01:56.931  1216  2371 V WindowManager: Setting visibility of Window{4cb2c3c u0 com.example.audioanalyser/com.example.audioanalyser.MainActivity}: false, caller=com.android.server.wm.WindowContainer.sendAppVisibilityToClients:1246 com.android.server.wm.WindowToken.setClientVisible:431 com.android.server.wm.ActivityRecord.setClientVisible:7691 com.android.server.wm.ActivityRecord.postApplyAnimation:6269 com.android.server.wm.ActivityRecord.commitVisibility:6224 
05-12 20:01:56.931  1216  2371 V WindowManager: Setting visibility of Window{1a5c29 u0 com.example.audioanalyser/com.example.audioanalyser.MainActivity}: false, caller=com.android.server.wm.WindowContainer.sendAppVisibilityToClients:1246 com.android.server.wm.WindowToken.setClientVisible:431 com.android.server.wm.ActivityRecord.setClientVisible:7691 com.android.server.wm.ActivityRecord.postApplyAnimation:6269 com.android.server.wm.ActivityRecord.commitVisibility:6224 
05-12 20:01:56.932  1216  2371 V WindowManager: Setting visibility of Window{585c5c4 u0 com.example.audioanalyser/com.example.audioanalyser.MainActivity}: false, caller=com.android.server.wm.WindowContainer.sendAppVisibilityToClients:1246 com.android.server.wm.WindowToken.setClientVisible:431 com.android.server.wm.ActivityRecord.setClientVisible:7691 com.android.server.wm.ActivityRecord.postApplyAnimation:6269 com.android.server.wm.ActivityRecord.commitVisibility:6224 
05-12 20:01:56.955  1216  1250 D SGM:FgCheckThread: notePauseComponent(), received pkgName: com.example.audioanalyser, userId: 0
05-12 20:01:57.080  1216  1348 D WindowManager: Set animatingExit: reason=startExitingAnimation/isExitAnimationRunningSelfOrParent win=Window{4cb2c3c u0 com.example.audioanalyser/com.example.audioanalyser.MainActivity EXITING}
05-12 20:01:57.092  1216  1251 I WindowManager: Reparenting to original parent: Surface(name=ActivityRecord{30cea90 u0 com.example.audioanalyser/.MainActivity} t355})/@0x82c4e, destroy=true, surface=Surface(name=4cb2c3c com.example.audioanalyser/com.example.audioanalyser.MainActivity)/@0xaa2c6d4
05-12 20:01:57.144  1216  1465 E WindowManager: win=Window{4cb2c3c u0 com.example.audioanalyser/com.example.audioanalyser.MainActivity} destroySurfaces: appStopped=true cleanupOnResume=false win.mWindowRemovalAllowed=false win.mRemoveOnExit=false win.mViewVisibility=8 caller=com.android.server.wm.ActivityRecord.destroySurfaces:6539 com.android.server.wm.ActivityRecord.destroySurfaces:6520 com.android.server.wm.ActivityRecord.notifyAppStopped:6584 com.android.server.wm.ActivityRecord.activityStopped:7172 com.android.server.wm.ActivityClientController.activityStopped:269 android.app.IActivityClientController$Stub.onTransact:613 com.android.server.wm.ActivityClientController.onTransact:147 
05-12 20:01:57.144  1216  1465 I WindowManager: Destroying surface Surface(name=com.example.audioanalyser/com.example.audioanalyser.MainActivity$_19819)/@0xb6c65 called by com.android.server.wm.WindowStateAnimator.destroySurface:942 com.android.server.wm.WindowStateAnimator.destroySurfaceLocked:536 com.android.server.wm.WindowState.destroySurfaceUnchecked:4309 com.android.server.wm.WindowState.destroySurface:4283 com.android.server.wm.ActivityRecord.destroySurfaces:6539 com.android.server.wm.ActivityRecord.destroySurfaces:6520 com.android.server.wm.ActivityRecord.notifyAppStopped:6584 com.android.server.wm.ActivityRecord.activityStopped:7172 
05-12 20:01:57.147  1216  1465 E WindowManager: win=Window{1a5c29 u0 com.example.audioanalyser/com.example.audioanalyser.MainActivity} destroySurfaces: appStopped=true cleanupOnResume=false win.mWindowRemovalAllowed=false win.mRemoveOnExit=false win.mViewVisibility=8 caller=com.android.server.wm.ActivityRecord.destroySurfaces:6539 com.android.server.wm.ActivityRecord.destroySurfaces:6520 com.android.server.wm.ActivityRecord.notifyAppStopped:6584 com.android.server.wm.ActivityRecord.activityStopped:7172 com.android.server.wm.ActivityClientController.activityStopped:269 android.app.IActivityClientController$Stub.onTransact:613 com.android.server.wm.ActivityClientController.onTransact:147 
05-12 20:01:57.147  1216  1465 I WindowManager: Destroying surface Surface(name=com.example.audioanalyser/com.example.audioanalyser.MainActivity$_19819)/@0xb021d3a called by com.android.server.wm.WindowStateAnimator.destroySurface:942 com.android.server.wm.WindowStateAnimator.destroySurfaceLocked:536 com.android.server.wm.WindowState.destroySurfaceUnchecked:4309 com.android.server.wm.WindowState.destroySurface:4283 com.android.server.wm.ActivityRecord.destroySurfaces:6539 com.android.server.wm.ActivityRecord.destroySurfaces:6520 com.android.server.wm.ActivityRecord.notifyAppStopped:6584 com.android.server.wm.ActivityRecord.activityStopped:7172 
05-12 20:01:57.148  1216  1465 E WindowManager: win=Window{585c5c4 u0 com.example.audioanalyser/com.example.audioanalyser.MainActivity} destroySurfaces: appStopped=true cleanupOnResume=false win.mWindowRemovalAllowed=false win.mRemoveOnExit=false win.mViewVisibility=8 caller=com.android.server.wm.ActivityRecord.destroySurfaces:6539 com.android.server.wm.ActivityRecord.destroySurfaces:6520 com.android.server.wm.ActivityRecord.notifyAppStopped:6584 com.android.server.wm.ActivityRecord.activityStopped:7172 com.android.server.wm.ActivityClientController.activityStopped:269 android.app.IActivityClientController$Stub.onTransact:613 com.android.server.wm.ActivityClientController.onTransact:147 
05-12 20:01:57.148  1216  1465 I WindowManager: Destroying surface Surface(name=com.example.audioanalyser/com.example.audioanalyser.MainActivity$_19819)/@0x9aa4deb called by com.android.server.wm.WindowStateAnimator.destroySurface:942 com.android.server.wm.WindowStateAnimator.destroySurfaceLocked:536 com.android.server.wm.WindowState.destroySurfaceUnchecked:4309 com.android.server.wm.WindowState.destroySurface:4283 com.android.server.wm.ActivityRecord.destroySurfaces:6539 com.android.server.wm.ActivityRecord.destroySurfaces:6520 com.android.server.wm.ActivityRecord.notifyAppStopped:6584 com.android.server.wm.ActivityRecord.activityStopped:7172 
05-12 20:01:57.149  1216  1465 D ActivityTaskManager: mStartingWindow and mStartingData is null for token=ActivityRecord{30cea90 u0 com.example.audioanalyser/.MainActivity} t355}
05-12 20:01:57.671  1216  1250 I ActivityManager: Killing 19819:com.example.audioanalyser/u0a551 (adj 900): remove task
05-12 20:01:57.673  1216  1250 D ActivityManager: [SD] user menu kill listen remove action name:com.example.audioanalyser uid:10551
05-12 20:01:57.733  1216  5125 I WindowManager: WIN DEATH: Window{1a5c29 u0 com.example.audioanalyser/com.example.audioanalyser.MainActivity}
05-12 20:01:57.738  1216  5125 V WindowManager: Remove Window{1a5c29 u0 com.example.audioanalyser/com.example.audioanalyser.MainActivity}: mSurfaceController=null mAnimatingExit=false mRemoveOnExit=false mHasSurface=false surfaceShowing=false animating=false app-animation=false mWillReplaceWindow=false mDisplayFrozen=false callers=com.android.server.wm.WindowState.-$$Nest$mremoveIfPossible:0 com.android.server.wm.WindowState$DeathRecipient.binderDied:3808 android.os.IBinder$DeathRecipient.binderDied:323 android.os.BinderProxy.sendDeathNotice:781 <bottom of call stack> <bottom of call stack> 
05-12 20:01:57.742  1216  1465 I WindowManager: WIN DEATH: Window{4cb2c3c u0 com.example.audioanalyser/com.example.audioanalyser.MainActivity}
05-12 20:01:57.743  1216  1465 V WindowManager: Remove Window{4cb2c3c u0 com.example.audioanalyser/com.example.audioanalyser.MainActivity}: mSurfaceController=null mAnimatingExit=false mRemoveOnExit=false mHasSurface=false surfaceShowing=false animating=false app-animation=false mWillReplaceWindow=false mDisplayFrozen=false callers=com.android.server.wm.WindowState.-$$Nest$mremoveIfPossible:0 com.android.server.wm.WindowState$DeathRecipient.binderDied:3808 android.os.IBinder$DeathRecipient.binderDied:323 android.os.BinderProxy.sendDeathNotice:781 <bottom of call stack> <bottom of call stack> 
05-12 20:01:57.747  1216  3667 I WindowManager: WIN DEATH: Window{585c5c4 u0 com.example.audioanalyser/com.example.audioanalyser.MainActivity}
05-12 20:01:57.748  1216  3667 V WindowManager: Remove Window{585c5c4 u0 com.example.audioanalyser/com.example.audioanalyser.MainActivity}: mSurfaceController=null mAnimatingExit=false mRemoveOnExit=false mHasSurface=false surfaceShowing=false animating=false app-animation=false mWillReplaceWindow=false mDisplayFrozen=false callers=com.android.server.wm.WindowState.-$$Nest$mremoveIfPossible:0 com.android.server.wm.WindowState$DeathRecipient.binderDied:3808 android.os.IBinder$DeathRecipient.binderDied:323 android.os.BinderProxy.sendDeathNotice:781 <bottom of call stack> <bottom of call stack> 
05-12 20:01:57.772  1216  1258 W UsageStatsService: Unexpected activity event reported! (com.example.audioanalyser/com.example.audioanalyser.MainActivity event : 23 instanceId : 140700558)
05-12 20:09:39.846  1216  1985 I AppsFilter: interaction: PackageSetting{fb5226e com.example.audioanalyser/10551} -> PackageSetting{4fdec6a com.amazon.avod.thirdpartyclient/10253} BLOCKED
05-12 20:19:23.093  2335  2651 I SuggestedItemsFacade: bindItem : Audio Analyser,ComponentInfo{com.example.audioanalyser/com.example.audioanalyser.MainActivity}
05-12 20:33:50.841  1216  1302 I AppsFilter: interaction: PackageSetting{fb5226e com.example.audioanalyser/10551} -> PackageSetting{353629 com.google.android.apps.magazines/10260} BLOCKED
05-12 20:34:02.257  1216  1302 I AppsFilter: interaction: PackageSetting{fb5226e com.example.audioanalyser/10551} -> PackageSetting{ef2485b com.google.android.apps.magazines/10260} BLOCKED
05-12 20:36:15.529  2335  2651 I SuggestedItemsFacade: bindItem : Audio Analyser,ComponentInfo{com.example.audioanalyser/com.example.audioanalyser.MainActivity}
05-12 20:36:30.603  2335  2651 I SuggestedItemsFacade: bindItem : Audio Analyser,ComponentInfo{com.example.audioanalyser/com.example.audioanalyser.MainActivity}
05-12 20:36:52.357  2335  2651 I SuggestedItemsFacade: bindItem : Audio Analyser,ComponentInfo{com.example.audioanalyser/com.example.audioanalyser.MainActivity}
05-12 20:37:18.001  1957  1957 I Finsky  : [2] VerifyApps: Install-time verification requested for package com.example.audioanalyser, PackageManager id = 45, Verifier id = fcc32ee7-f919-4548-b1fc-9a3d934199fa
05-12 20:37:18.169  1957  2161 I Finsky  : [1680] VerifyApps: Anti-malware verification task started for package=com.example.audioanalyser
05-12 20:37:18.575  1957  2161 I Finsky  : [1680] VerifyApps: chooseScanResult for package=com.example.audioanalyser with timeout=15000ms
05-12 20:37:18.577  1957  2206 I Finsky  : [1689] VerifyApps: Starting APK Analysis scan for com.example.audioanalyser.
05-12 20:37:18.579  1957  2206 I Finsky  : [1689] Scanning package com.example.audioanalyser contents with client side protections. File: [XPGDt9Y0bj6pe5_IhePFMQaCvGbsT5yyAUmgs5AoqiI]
05-12 20:37:18.742  2689  2774 I GOS:GameServiceReceiver:  PkgInstallStarted for com.example.audioanalyser UserID : 0
05-12 20:37:18.937  2689  2793 I GOS:GameIntentService: onPackageChanged(). extras: Bundle[{changeType=2, userId=0, type=15, packageName=com.example.audioanalyser}]
05-12 20:37:18.937  2689  2793 I GOS:GameIntentService: onPackageChanged(). changeType(INSTALL_STARTED), pkgName(com.example.audioanalyser), UserHandle(0), userId(0), Installed(true)
05-12 20:37:18.993  1957  2289 I Finsky  : [1695] VerifyApps: Verification package=com.example.audioanalyser, id=45, response=0, upload_requested=false, enable_ecm=false
05-12 20:37:19.032  1957  2289 I Finsky  : [1695] VerifyApps: PAM result saving to datastore delayed for package: com.example.audioanalyser
05-12 20:37:19.034  1957  2161 I Finsky  : [1680] VerifyApps: firstScanResult for package=com.example.audioanalyser: 0
05-12 20:37:33.576  1957  2161 I Finsky  : [1680] VerifyApps: overallScanResult for package=com.example.audioanalyser: 0
05-12 20:37:33.577  1957  2161 I Finsky  : [1680] VerifyApps: chooseScanResult returning verdict 0 for package=com.example.audioanalyser
05-12 20:37:33.599  1957  2289 E Finsky  : [1695] VerifyApps: Unable to get APK Analysis scan result. package=com.example.audioanalyser
05-12 20:37:33.726  1957  1957 I Finsky  : [2] VerifyApps: Install-time verification complete: id=45, package_name=com.example.audioanalyser
05-12 20:37:39.551  1216  1301 I PackageManager:           pkg{com.example.audioanalyser}
05-12 20:37:39.627  1216  1259 I ActivityManager: Force stopping com.example.audioanalyser appid=10551 user=-1: installPackageLI
05-12 20:37:39.644  1216  1302 I PackageManager: Update package com.example.audioanalyser code path from /data/app/~~_JRJ0y_ATQSIWu76ax3M5g==/com.example.audioanalyser-_S8wB7slKX-bKN-FfK1Wwg== to /data/app/~~j_gW8V4i6WqmpHU-WDpMig==/com.example.audioanalyser-pjyjJz3mJpQ8F534M8L9Aw==; Retain data and using new
05-12 20:37:39.658  1216  1302 I AppsFilter: interaction: PackageSetting{a5af43a com.bookends.app/10549} -> PackageSetting{2e9d446 com.example.audioanalyser/10551} BLOCKED
05-12 20:37:39.661  1216  1302 I AppsFilter: interaction: PackageSetting{a5af43a com.bookends.app/10549} -> PackageSetting{f5fdfa6 com.example.audioanalyser/10551} BLOCKED
05-12 20:37:40.485  1957  2276 W Finsky  : [1693] VerifyApps: APK Analysis scan cancelled for com.example.audioanalyser.
05-12 20:37:40.485  1957  2276 I Finsky  : [1693] VerifyApps: APK Analysis scan finished for com.example.audioanalyser. Verdict: 0
05-12 20:37:41.116  1216  1302 I AppsFilter: interaction: PackageSetting{a5af43a com.bookends.app/10549} -> PackageSetting{f5fdfa6 com.example.audioanalyser/10551} BLOCKED
05-12 20:37:41.204  1216  1302 I ActivityManager: Force stopping com.example.audioanalyser appid=10551 user=0: pkg removed
05-12 20:37:41.228  1216  1325 D OverlayManager: reconcileSettingsForPackage pkgName=com.example.audioanalyser userId=0
05-12 20:37:41.230  1216  1325 I OverlayManager: updateOverlaysForTarget() called with: targetPackage = [com.example.audioanalyser], userId = [0], flags = [2], skipUpdateState = [false]
05-12 20:37:41.249  1216  1325 D OverlayManager: reconcileSettingsForPackage pkgName=com.example.audioanalyser userId=0
05-12 20:37:41.249  1216  1325 I OverlayManager: updateOverlaysForTarget() called with: targetPackage = [com.example.audioanalyser], userId = [0], flags = [0], skipUpdateState = [false]
05-12 20:37:41.250  1216  1258 I SGM:GameManager: PkgUpdateReceiver, onPackageRemoved : com.example.audioanalyser userHandle : UserHandle{0} userID : 0
05-12 20:37:41.251  1216  1422 D SGM:GosNotifyThread: notifyPackageChangedToGos(), before send intent to GOS. type:15, changeType: 1, pkgName:com.example.audioanalyser, userHandleId:0
05-12 20:37:41.254  1216  1325 I SWT_ThemeManager: com.example.audioanalyser doesn't have metadata
05-12 20:37:41.254  2535  2609 I PackageInfoManager_FLP: action : ACTION_PACKAGE_REMOVED, packageName = com.example.audioanalyser
05-12 20:37:41.268  3505  3505 W MediaProvider: WorkProfileOwnerApps cache miss for package com.example.audioanalyser
05-12 20:37:41.269  2535  2609 I PackageInfoManager_FLP: action : ACTION_PACKAGE_ADDED, packageName = com.example.audioanalyser
05-12 20:37:41.271  1216  1814 I SdkSandboxManager: No SDKs used. Skipping SDK data reconcilation for CallingInfo{mUid=10551, mPackageName='com.example.audioanalyser, mAppProcessToken='null'}
05-12 20:37:41.286  1216  1258 D MetaDataCollector: onReceive: done pkgName=com.example.audioanalyser
05-12 20:37:41.287  1887  1887 I VvmPkgInstalledRcvr: packageName: com.example.audioanalyser, systemDialer: com.samsung.android.dialer
05-12 20:37:41.290  1216  1814 I SdkSandboxManager: No SDKs used. Skipping SDK data reconcilation for CallingInfo{mUid=10551, mPackageName='com.example.audioanalyser, mAppProcessToken='null'}
05-12 20:37:41.307  1216  1258 D LauncherAppsService: Calling onPackageRemoved: com.example.audioanalyser, EXTRA_REPLACING: true
05-12 20:37:41.347  1957  1957 I Finsky  : [2] AIM: AppInfoCacheUpdater -> invalidating apps: [com.example.audioanalyser]
05-12 20:37:41.384  1887  1887 I VvmPkgInstalledRcvr:  NOT contains : com.example.audioanalyser
05-12 20:37:41.385  1902  1902 D FaceWidgetMusicViewModel: onPackageRemoved() pkg = com.example.audioanalyser, r = true
05-12 20:37:41.385  1902  1902 D FaceWidgetMetadataParser: removePackage() key = com.example.audioanalyser
05-12 20:37:41.388  1887  1887 D CarrierSvcBindHelper: onPackageUpdateFinished: com.example.audioanalyser
05-12 20:37:41.390  1902  2041 D PluginInstanceManager: queryPkg com.example.audioanalyser com.android.systemui.action.PLUGIN_GLOBAL_ACTIONS
05-12 20:37:41.391  1902  2041 D PluginInstanceManager: queryPkg com.example.audioanalyser com.android.systemui.action.PLUGIN_LOCKSCREEN_RIGHT_BUTTON
05-12 20:37:41.391  1902  2041 D PluginInstanceManager: queryPkg com.example.audioanalyser com.android.systemui.action.PLUGIN_LOCKSCREEN_LEFT_BUTTON
05-12 20:37:41.391  1902  2041 D PluginInstanceManager: queryPkg com.example.audioanalyser com.android.systemui.action.PLUGIN_QS
05-12 20:37:41.391  1902  2041 D PluginInstanceManager: queryPkg com.example.audioanalyser com.android.systemui.action.PLUGIN_LOCKSCREEN_RIGHT_BUTTON
05-12 20:37:41.391  1902  2041 D PluginInstanceManager: queryPkg com.example.audioanalyser com.android.systemui.action.PLUGIN_CLOCK
05-12 20:37:41.391  1902  2041 D PluginInstanceManager: queryPkg com.example.audioanalyser com.android.systemui.action.PLUGIN_LOCKSCREEN_LEFT_BUTTON
05-12 20:37:41.391  1902  2041 D PluginInstanceManager: queryPkg com.example.audioanalyser com.android.systemui.action.PLUGIN_SENSOR_MANAGER
05-12 20:37:41.391  1902  2041 D PluginInstanceManager: queryPkg com.example.audioanalyser com.samsung.systemui.action.PLUGIN_FACE_WIDGET
05-12 20:37:41.391  1902  2041 D PluginInstanceManager: queryPkg com.example.audioanalyser com.android.systemui.action.PLUGIN_TOAST
05-12 20:37:41.391  1902  2041 D PluginInstanceManager: queryPkg com.example.audioanalyser com.android.systemui.action.PEOPLE_HUB_PERSON_EXTRACTOR
05-12 20:37:41.391  1902  2041 D PluginInstanceManager: queryPkg com.example.audioanalyser com.android.systemui.action.PLUGIN_QS_FACTORY
05-12 20:37:41.391  1902  2041 D PluginInstanceManager: queryPkg com.example.audioanalyser com.android.systemui.action.PLUGIN_NOTIFICATION_MENU_ROW
05-12 20:37:41.391  1902  2041 D PluginInstanceManager: queryPkg com.example.audioanalyser com.android.systemui.action.PLUGIN_VOLUME
05-12 20:37:41.391  1902  2041 D PluginInstanceManager: queryPkg com.example.audioanalyser com.android.systemui.action.PLUGIN_NOTIFICATION_ASSISTANT
05-12 20:37:41.391  1902  2041 D PluginInstanceManager: queryPkg com.example.audioanalyser com.android.systemui.action.PLUGIN_CLOCK
05-12 20:37:41.391  1902  2041 D PluginInstanceManager: queryPkg com.example.audioanalyser com.android.systemui.action.PLUGIN_OVERLAY
05-12 20:37:41.391  1902  2041 D PluginInstanceManager: queryPkg com.example.audioanalyser com.android.systemui.action.PLUGIN_NOTIFICATION_MENU_ROW
05-12 20:37:41.391  1957  2209 I Finsky  : [1690] AIM: AppInfoManager-Perf > OnDeviceAppInfo > cacheHitCount=0, cacheMissCount=1. Missed  in cache (limit 10) : [com.example.audioanalyser]
05-12 20:37:41.397  1902  2041 D PluginInstanceManager: queryPkg com.example.audioanalyser com.android.systemui.action.PLUGIN_GLOBAL_ACTIONS
05-12 20:37:41.397  1902  2041 D PluginInstanceManager: queryPkg com.example.audioanalyser com.android.systemui.action.PLUGIN_LOCKSCREEN_RIGHT_BUTTON
05-12 20:37:41.397  1902  2041 D PluginInstanceManager: queryPkg com.example.audioanalyser com.android.systemui.action.PLUGIN_LOCKSCREEN_LEFT_BUTTON
05-12 20:37:41.397  1902  2041 D PluginInstanceManager: queryPkg com.example.audioanalyser com.android.systemui.action.PLUGIN_QS
05-12 20:37:41.397  1902  2041 D PluginInstanceManager: queryPkg com.example.audioanalyser com.android.systemui.action.PLUGIN_LOCKSCREEN_RIGHT_BUTTON
05-12 20:37:41.397  1902  2041 D PluginInstanceManager: queryPkg com.example.audioanalyser com.android.systemui.action.PLUGIN_CLOCK
05-12 20:37:41.397  1902  2041 D PluginInstanceManager: queryPkg com.example.audioanalyser com.android.systemui.action.PLUGIN_LOCKSCREEN_LEFT_BUTTON
05-12 20:37:41.397  1902  2041 D PluginInstanceManager: queryPkg com.example.audioanalyser com.android.systemui.action.PLUGIN_SENSOR_MANAGER
05-12 20:37:41.397  1902  2041 D PluginInstanceManager: queryPkg com.example.audioanalyser com.samsung.systemui.action.PLUGIN_FACE_WIDGET
05-12 20:37:41.397  1902  2041 D PluginInstanceManager: queryPkg com.example.audioanalyser com.android.systemui.action.PLUGIN_TOAST
05-12 20:37:41.397  1902  2041 D PluginInstanceManager: queryPkg com.example.audioanalyser com.android.systemui.action.PEOPLE_HUB_PERSON_EXTRACTOR
05-12 20:37:41.397  1902  2041 D PluginInstanceManager: queryPkg com.example.audioanalyser com.android.systemui.action.PLUGIN_QS_FACTORY
05-12 20:37:41.397  1902  2041 D PluginInstanceManager: queryPkg com.example.audioanalyser com.android.systemui.action.PLUGIN_NOTIFICATION_MENU_ROW
05-12 20:37:41.397  1902  2041 D PluginInstanceManager: queryPkg com.example.audioanalyser com.android.systemui.action.PLUGIN_VOLUME
05-12 20:37:41.397  1902  2041 D PluginInstanceManager: queryPkg com.example.audioanalyser com.android.systemui.action.PLUGIN_NOTIFICATION_ASSISTANT
