05-12 20:37:41.397  1902  2041 D PluginInstanceManager: queryPkg com.example.audioanalyser com.android.systemui.action.PLUGIN_CLOCK
05-12 20:37:41.397  1902  2041 D PluginInstanceManager: queryPkg com.example.audioanalyser com.android.systemui.action.PLUGIN_OVERLAY
05-12 20:37:41.397  1902  2041 D PluginInstanceManager: queryPkg com.example.audioanalyser com.android.systemui.action.PLUGIN_NOTIFICATION_MENU_ROW
05-12 20:37:41.401  1887  1887 D CarrierSvcBindHelper: onPackageModified: com.example.audioanalyser
05-12 20:37:41.404  1902  1902 D FaceWidgetMetadataParser: updatePackage() com.example.audioanalyser true
05-12 20:37:41.404  1902  1902 D FaceWidgetMetadataParser: removePackage() key = com.example.audioanalyser
05-12 20:37:41.404  1887  1887 I VvmPkgInstalledRcvr: packageName: com.example.audioanalyser, systemDialer: com.samsung.android.dialer
05-12 20:37:41.419  1887  1887 I VvmPkgInstalledRcvr:  NOT contains : com.example.audioanalyser
05-12 20:37:41.459  2495  2544 I Finsky:background: [1683] IQ:PSL: skipping onPackageRemoved(replacing=true) for untracked package=com.example.audioanalyser
05-12 20:37:41.606  1957  1957 I Finsky  : [2] AIM: AppInfoCacheUpdater -> invalidating apps: [com.example.audioanalyser]
05-12 20:37:41.610  1957  2276 I Finsky  : [1693] AIM: AppInfoManager-Perf > OnDeviceAppInfo > cacheHitCount=0, cacheMissCount=1. Missed  in cache (limit 10) : [com.example.audioanalyser]
05-12 20:37:41.615  1887  1887 D ImsResolver: maybeAddedImsService, packageName: com.example.audioanalyser
05-12 20:37:41.786  1957  2206 I AppIconSolution: start to load, pkg=com.example.audioanalyser, bg=90-90, dr=135-135, forDefault=false, density=0
05-12 20:37:41.848  1957  2206 I AppIconSolution: getIconScale, pkg=com.example.audioanalyser, size=135, iconScale=IconScale[alpha=1, scale=0.75, isCrop=false]
05-12 20:37:41.848  1957  2206 I AppIconSolution: fromTheme2, pkg=com.example.audioanalyser, bg=90-90, dr=135-135, tarScale=0.75, relScale=0.50751877, mask=false, isCropInTheme = false, isNight = true
05-12 20:37:41.885  1216  1216 I Telecom : CarModeTracker: Package com.example.audioanalyser is not tracked.: SSH.oR@ZYc
05-12 20:37:41.933  1216  1888 I Pageboost: remove app @ runtime : com.example.audioanalyser
05-12 20:37:41.997  1957  2209 I AppIconSolution: start to load, pkg=com.example.audioanalyser, bg=90-90, dr=135-135, forDefault=false, density=0
05-12 20:37:42.006  1957  2209 I AppIconSolution: getIconScale, pkg=com.example.audioanalyser, size=135, iconScale=IconScale[alpha=1, scale=0.75, isCrop=false]
05-12 20:37:42.006  1957  2209 I AppIconSolution: fromTheme2, pkg=com.example.audioanalyser, bg=90-90, dr=135-135, tarScale=0.75, relScale=0.50751877, mask=false, isCropInTheme = false, isNight = true
05-12 20:37:42.024  1216  1216 D SGM:GameManager: identifyGamePackage. com.example.audioanalyser, mCurrentUserId: 0, callerUserId: 0, callingMethodInfo: com.samsung.android.game.SemGameManager.isGamePackage(SemGameManager.java:104)
05-12 20:37:42.025  1216  1216 D SGM:PkgDataHelper: getGamePkgData(). com.example.audioanalyser
05-12 20:37:42.025  1216  1216 D SGM:SemGameManager: isGamePackage(), pkgName=com.example.audioanalyser, ret=false
05-12 20:37:42.027  1957  2269 I AppIconSolution: start to load, pkg=com.example.audioanalyser, bg=90-90, dr=135-135, forDefault=false, density=0
05-12 20:37:42.027  1216  1216 I AppWidgetServiceImpl: Received broadcast: android.intent.action.PACKAGE_ADDED, Updates all providers with com.example.audioanalyser, userId: 0
05-12 20:37:42.053  1957  2269 I AppIconSolution: getIconScale, pkg=com.example.audioanalyser, size=135, iconScale=IconScale[alpha=1, scale=0.75, isCrop=false]
05-12 20:37:42.053  1957  2269 I AppIconSolution: fromTheme2, pkg=com.example.audioanalyser, bg=90-90, dr=135-135, tarScale=0.75, relScale=0.50751877, mask=false, isCropInTheme = false, isNight = true
05-12 20:37:42.078  1216  1799 D SGM:GameManager: identifyGamePackage. com.example.audioanalyser, mCurrentUserId: 0, callerUserId: 0, callingMethodInfo: com.samsung.android.game.SemGameManager.isGamePackage(SemGameManager.java:104)
05-12 20:37:42.078  1216  1799 D SGM:PkgDataHelper: getGamePkgData(). com.example.audioanalyser
05-12 20:37:42.078  1216  1799 D SGM:SemGameManager: isGamePackage(), pkgName=com.example.audioanalyser, ret=false
05-12 20:37:42.121  1957  2276 I AppIconSolution: start to load, pkg=com.example.audioanalyser, bg=90-90, dr=135-135, forDefault=false, density=0
05-12 20:37:42.152  1957  2276 I AppIconSolution: getIconScale, pkg=com.example.audioanalyser, size=135, iconScale=IconScale[alpha=1, scale=0.75, isCrop=false]
05-12 20:37:42.152  1957  2276 I AppIconSolution: fromTheme2, pkg=com.example.audioanalyser, bg=90-90, dr=135-135, tarScale=0.75, relScale=0.50751877, mask=false, isCropInTheme = false, isNight = true
05-12 20:37:42.196  6664  2926 I ProximityAuth: [RecentAppsMediator] Package added: (user=UserHandle{0}) com.example.audioanalyser
05-12 20:37:42.230  1216  1216 I Telecom:SamsungOpenCommunicationPlatformPolicyPackageBroadcastReceiver: action : android.intent.action.PACKAGE_ADDED / packageName : com.example.audioanalyser
05-12 20:37:42.255  1216  1799 W SemWifiTransportLayerUtils: getApplicationCategory - IOException com.example.audioanalyser
05-12 20:37:42.255  1216  1799 W System.err: java.io.FileNotFoundException: https://play.google.com/store/apps/details?id=com.example.audioanalyser&hl=en
05-12 20:37:42.387  1216  1799 D SGM:GameManager: identifyGamePackage. com.example.audioanalyser, mCurrentUserId: 0, callerUserId: 0, callingMethodInfo: com.samsung.android.game.SemGameManager.isGamePackage(SemGameManager.java:104)
05-12 20:37:42.387  1216  1799 D SGM:PkgDataHelper: getGamePkgData(). com.example.audioanalyser
05-12 20:37:42.387  1216  1799 D SGM:SemGameManager: isGamePackage(), pkgName=com.example.audioanalyser, ret=false
05-12 20:37:42.391  1216  1888 D SGM:GameManager: identifyGamePackage. com.example.audioanalyser, mCurrentUserId: 0, callerUserId: 0, callingMethodInfo: com.samsung.android.game.SemGameManager.isGamePackage(SemGameManager.java:104)
05-12 20:37:42.392  1216  1888 D SGM:PkgDataHelper: getGamePkgData(). com.example.audioanalyser
05-12 20:37:42.392  1216  1888 D SGM:SemGameManager: isGamePackage(), pkgName=com.example.audioanalyser, ret=false
05-12 20:37:42.392  1216  1888 I Pageboost: appinfo : com.example.audioanalyser 0 0 0 0
05-12 20:37:42.395  1216  1888 D SGM:GameManager: identifyGamePackage. com.example.audioanalyser, mCurrentUserId: 0, callerUserId: 0, callingMethodInfo: com.samsung.android.game.SemGameManager.isGamePackage(SemGameManager.java:104)
05-12 20:37:42.395  1216  1888 D SGM:PkgDataHelper: getGamePkgData(). com.example.audioanalyser
05-12 20:37:42.395  1216  1888 D SGM:SemGameManager: isGamePackage(), pkgName=com.example.audioanalyser, ret=false
05-12 20:37:42.395  1216  1888 I Pageboost: Reset this app info : com.example.audioanalyser 
05-12 20:37:42.410  1216  1216 W AlarmManager: Package com.example.audioanalyser, uid 10551 lost permission to set exact alarms!
05-12 20:37:42.421  1216  1888 I Pageboost: add app to global @ runtime: com.example.audioanalyser
05-12 20:37:42.755 13533  2921 W SQLiteLog: (28) double-quoted string literal: "com.example.audioanalyser"
05-12 20:37:43.009  2969  2969 I FILP/PackageIntentReceiver: pkgName : com.example.audioanalyser
05-12 20:37:43.045  2969  2969 I FILP/PackageIntentReceiver: pkgName : com.example.audioanalyser
05-12 20:37:43.047  2969  3025 I FILP/b  : removeFromFS : com.example.audioanalyser, cursor size : 0
05-12 20:37:43.062  2969  3025 I FILP/b  : Delete DB result : com.example.audioanalyser, 0
05-12 20:37:43.486  1216  1247 I CompanionDeviceManagerService: onPackageModified() u0/com.example.audioanalyser
05-12 20:37:43.948  1216  1258 I SGM:GameManager: PkgUpdateReceiver, onPackageAdded : com.example.audioanalyser userHandle : UserHandle{0} userId : 0
05-12 20:37:43.949  1216  1422 D SGM:GosNotifyThread: notifyPackageChangedToGos(), before send intent to GOS. type:15, changeType: 0, pkgName:com.example.audioanalyser, userHandleId:0
05-12 20:37:43.960  2689  3044 I GOS:GameIntentService: onHandleIntent. GameIntentService. type: 15, pkgName: com.example.audioanalyser
05-12 20:37:43.967  2335  2335 I Launcher.Model: package changed received : com.example.audioanalyser
05-12 20:37:43.978  2335  2651 I PackageUpdatedTask: mAllAppsList.updatePackage com.example.audioanalyser
05-12 20:37:44.055  2689  3044 I GOS:GameIntentService: onPackageChanged(). extras: Bundle[{changeType=0, userId=0, pkgName=com.example.audioanalyser, type=15, packageName=com.example.audioanalyser}]
05-12 20:37:44.055  2689  3044 I GOS:GameIntentService: onPackageChanged(). changeType(INSTALLED), pkgName(com.example.audioanalyser), UserHandle(0), userId(0), Installed(true)
05-12 20:37:44.057  2689  3044 I GOS:GameIntentService: onPkgInstalled(), appInfoCategory: -1, packageName: com.example.audioanalyser
05-12 20:37:44.060  2335  2651 I AppIconSolution: start to load, pkg=com.example.audioanalyser, bg=90-90, dr=135-135, forDefault=false, density=0
05-12 20:37:44.064  2335  2651 I AppIconSolution: getIconScale, pkg=com.example.audioanalyser, size=135, iconScale=IconScale[alpha=1, scale=0.75, isCrop=false]
05-12 20:37:44.064  2335  2651 I AppIconSolution: fromTheme2, pkg=com.example.audioanalyser, bg=90-90, dr=135-135, tarScale=0.75, relScale=0.50751877, mask=false, isCropInTheme = false, isNight = true
05-12 20:37:44.065  2335  2651 I LauncherActivityInfo: packageName: com.example.audioanalyser, useThemeIcon: true, height: 90, width: 90, density: 480
05-12 20:37:44.089  2335  2651 I HsAllAppsList: set ComponentInfo{com.example.audioanalyser/com.example.audioanalyser.MainActivity} app progress level to 100
05-12 20:37:44.104  2335  2651 I AppIconSolution: start to load, pkg=com.example.audioanalyser, bg=90-90, dr=135-135, forDefault=false, density=0
05-12 20:37:44.108  2335  2651 I AppIconSolution: getIconScale, pkg=com.example.audioanalyser, size=135, iconScale=IconScale[alpha=1, scale=0.75, isCrop=false]
05-12 20:37:44.108  2335  2651 I AppIconSolution: fromTheme2, pkg=com.example.audioanalyser, bg=90-90, dr=135-135, tarScale=0.75, relScale=0.50751877, mask=false, isCropInTheme = false, isNight = true
05-12 20:37:44.152  2335  2651 I PackageUpdatedTask: modified, appInfo : AppInfo(id=351 type=APP hidden=0 container=all_apps screen=4 rank=5 rankOfList=-1 user=UserHandle{0} title=Audio Analyser componentName=ComponentInfo{com.example.audioanalyser/com.example.audioanalyser.MainActivity} screenType=0 runtimeStatusFlags=384 status=0)
05-12 20:37:44.829  1216  1258 D MetaDataCollector: onReceive: done pkgName=com.example.audioanalyser
05-12 20:37:44.836  1216  1258 I SGM:GameManager: PkgUpdateReceiver, onPackageReplaced : com.example.audioanalyser userID : UserHandle{0}
05-12 20:37:44.836  1216  1422 D SGM:GosNotifyThread: notifyPackageChangedToGos(), before send intent to GOS. type:15, changeType: 8, pkgName:com.example.audioanalyser, userHandleId:0
05-12 20:37:44.836  1216  1258 D MetaDataCollector: onReceive: done pkgName=com.example.audioanalyser
05-12 20:37:44.846  2689  3048 I GOS:GameIntentService: onHandleIntent. GameIntentService. type: 15, pkgName: com.example.audioanalyser
05-12 20:37:44.923  2689  3048 I GOS:GameIntentService: onPackageChanged(). extras: Bundle[{changeType=8, userId=0, pkgName=com.example.audioanalyser, type=15, packageName=com.example.audioanalyser}]
05-12 20:37:44.923  2689  3048 I GOS:GameIntentService: onPackageChanged(). changeType(REPLACED), pkgName(com.example.audioanalyser), UserHandle(0), userId(0), Installed(true)
05-12 20:38:23.999  2689  2774 I GOS:GameServiceReceiver:  PkgInstallStarted for com.example.audioanalyser UserID : 0
05-12 20:38:24.008  1957  1957 I Finsky  : [2] VerifyApps: Install-time verification requested for package com.example.audioanalyser, PackageManager id = 46, Verifier id = 62ee03f8-dbf6-4aed-9d10-e89ada492240
05-12 20:38:24.106  2689  3610 I GOS:GameIntentService: onPackageChanged(). extras: Bundle[{changeType=2, userId=0, type=15, packageName=com.example.audioanalyser}]
05-12 20:38:24.106  2689  3610 I GOS:GameIntentService: onPackageChanged(). changeType(INSTALL_STARTED), pkgName(com.example.audioanalyser), UserHandle(0), userId(0), Installed(true)
05-12 20:38:24.383  1957  2289 I Finsky  : [1695] VerifyApps: Anti-malware verification task started for package=com.example.audioanalyser
05-12 20:38:25.213  1957  2289 I Finsky  : [1695] VerifyApps: chooseScanResult for package=com.example.audioanalyser with timeout=15000ms
05-12 20:38:25.223  1957  2209 I Finsky  : [1690] VerifyApps: Starting APK Analysis scan for com.example.audioanalyser.
05-12 20:38:25.254  1957  2209 I Finsky  : [1690] Scanning package com.example.audioanalyser contents with client side protections. File: [DezXg6btmR7LBjzKtWX3NA9MPO_Phl06ABYmkKAmrbc]
05-12 20:38:25.786  1957  2161 I Finsky  : [1680] VerifyApps: Verification package=com.example.audioanalyser, id=46, response=0, upload_requested=true, enable_ecm=false
05-12 20:38:25.790  1957  2161 I Finsky  : [1680] VerifyApps: Verification package=com.example.audioanalyser, id=46, upload_requested=true, upload_consent=0
05-12 20:38:25.791  1957  2161 I Finsky  : [1680] VerifyApps: PAM result saving to datastore delayed for package: com.example.audioanalyser
05-12 20:38:25.802  1957  2289 I Finsky  : [1695] VerifyApps: firstScanResult for package=com.example.audioanalyser: 0
05-12 20:38:40.214  1957  2289 I Finsky  : [1695] VerifyApps: overallScanResult for package=com.example.audioanalyser: 0
05-12 20:38:40.223  1957  2289 I Finsky  : [1695] VerifyApps: chooseScanResult returning verdict 0 for package=com.example.audioanalyser
05-12 20:38:40.226  1957  2161 E Finsky  : [1680] VerifyApps: Unable to get APK Analysis scan result. package=com.example.audioanalyser
05-12 20:38:41.360  1957  2159 I AppIconSolution: start to load, pkg=com.example.audioanalyser, bg=90-90, dr=135-135, forDefault=false, density=0
05-12 20:38:41.366  1957  2159 I AppIconSolution: getIconScale, pkg=com.example.audioanalyser, size=135, iconScale=IconScale[alpha=1, scale=0.75, isCrop=false]
05-12 20:38:41.366  1957  2159 I AppIconSolution: fromTheme2, pkg=com.example.audioanalyser, bg=90-90, dr=135-135, tarScale=0.75, relScale=0.50751877, mask=false, isCropInTheme = false, isNight = true
05-12 20:38:47.445  1957  2269 W Finsky  : [1692] VerifyApps: APK Analysis scan cancelled for com.example.audioanalyser.
05-12 20:38:47.445  1957  2269 I Finsky  : [1692] VerifyApps: APK Analysis scan finished for com.example.audioanalyser. Verdict: 0
05-12 20:38:51.796  1957  1957 I Finsky  : [2] VerifyApps: Install-time verification complete: id=46, package_name=com.example.audioanalyser
05-12 20:38:51.818  1216  1301 I PackageManager:           pkg{com.example.audioanalyser}
05-12 20:38:51.957  1216  1259 I ActivityManager: Force stopping com.example.audioanalyser appid=10551 user=-1: installPackageLI
05-12 20:38:52.023  1216  1302 I PackageManager: Update package com.example.audioanalyser code path from /data/app/~~j_gW8V4i6WqmpHU-WDpMig==/com.example.audioanalyser-pjyjJz3mJpQ8F534M8L9Aw== to /data/app/~~LQmGjEjOiffobOZJFoMo7w==/com.example.audioanalyser-9wDYRMcWUgpjnKP6iPrGKQ==; Retain data and using new
05-12 20:38:52.038  1216  1302 I AppsFilter: interaction: PackageSetting{a5af43a com.bookends.app/10549} -> PackageSetting{c016d01 com.example.audioanalyser/10551} BLOCKED
05-12 20:38:52.040  1216  1302 I AppsFilter: interaction: PackageSetting{a5af43a com.bookends.app/10549} -> PackageSetting{f5fdfa6 com.example.audioanalyser/10551} BLOCKED
05-12 20:38:53.486  1216  1302 I AppsFilter: interaction: PackageSetting{a5af43a com.bookends.app/10549} -> PackageSetting{f5fdfa6 com.example.audioanalyser/10551} BLOCKED
05-12 20:38:53.524  1216  1302 I ActivityManager: Force stopping com.example.audioanalyser appid=10551 user=0: pkg removed
05-12 20:38:53.544  1216  1325 D OverlayManager: reconcileSettingsForPackage pkgName=com.example.audioanalyser userId=0
05-12 20:38:53.545  1216  1325 I OverlayManager: updateOverlaysForTarget() called with: targetPackage = [com.example.audioanalyser], userId = [0], flags = [2], skipUpdateState = [false]
05-12 20:38:53.551  1216  1258 I SGM:GameManager: PkgUpdateReceiver, onPackageRemoved : com.example.audioanalyser userHandle : UserHandle{0} userID : 0
05-12 20:38:53.552  1216  1422 D SGM:GosNotifyThread: notifyPackageChangedToGos(), before send intent to GOS. type:15, changeType: 1, pkgName:com.example.audioanalyser, userHandleId:0
05-12 20:38:53.565  2535  2609 I PackageInfoManager_FLP: action : ACTION_PACKAGE_REMOVED, packageName = com.example.audioanalyser
05-12 20:38:53.571  3505  3505 W MediaProvider: WorkProfileOwnerApps cache miss for package com.example.audioanalyser
05-12 20:38:53.583  1216  1258 D MetaDataCollector: onReceive: done pkgName=com.example.audioanalyser
05-12 20:38:53.585  1216  1258 D LauncherAppsService: Calling onPackageRemoved: com.example.audioanalyser, EXTRA_REPLACING: true
05-12 20:38:53.609  1887  1887 I VvmPkgInstalledRcvr: packageName: com.example.audioanalyser, systemDialer: com.samsung.android.dialer
05-12 20:38:53.654  1902  1902 D FaceWidgetMusicViewModel: onPackageRemoved() pkg = com.example.audioanalyser, r = true
05-12 20:38:53.655  1902  1902 D FaceWidgetMetadataParser: removePackage() key = com.example.audioanalyser
05-12 20:38:53.655  1887  1887 I VvmPkgInstalledRcvr:  NOT contains : com.example.audioanalyser
05-12 20:38:53.685  1957  1957 I Finsky  : [2] AIM: AppInfoCacheUpdater -> invalidating apps: [com.example.audioanalyser]
05-12 20:38:53.698  1957  2269 I Finsky  : [1692] AIM: AppInfoManager-Perf > OnDeviceAppInfo > cacheHitCount=0, cacheMissCount=1. Missed  in cache (limit 10) : [com.example.audioanalyser]
05-12 20:38:53.770  1957  2206 I AppIconSolution: start to load, pkg=com.example.audioanalyser, bg=90-90, dr=135-135, forDefault=false, density=0
05-12 20:38:53.781  1957  2206 I AppIconSolution: getIconScale, pkg=com.example.audioanalyser, size=135, iconScale=IconScale[alpha=1, scale=0.75, isCrop=false]
05-12 20:38:53.782  1957  2206 I AppIconSolution: fromTheme2, pkg=com.example.audioanalyser, bg=90-90, dr=135-135, tarScale=0.75, relScale=0.50751877, mask=false, isCropInTheme = false, isNight = true
05-12 20:38:53.845  1957  2276 I AppIconSolution: start to load, pkg=com.example.audioanalyser, bg=90-90, dr=135-135, forDefault=false, density=0
05-12 20:38:53.850  1957  2276 I AppIconSolution: getIconScale, pkg=com.example.audioanalyser, size=135, iconScale=IconScale[alpha=1, scale=0.75, isCrop=false]
05-12 20:38:53.850  1957  2276 I AppIconSolution: fromTheme2, pkg=com.example.audioanalyser, bg=90-90, dr=135-135, tarScale=0.75, relScale=0.50751877, mask=false, isCropInTheme = false, isNight = true
05-12 20:38:53.907  1216  1325 D OverlayManager: reconcileSettingsForPackage pkgName=com.example.audioanalyser userId=0
05-12 20:38:53.907  1216  1325 I OverlayManager: updateOverlaysForTarget() called with: targetPackage = [com.example.audioanalyser], userId = [0], flags = [0], skipUpdateState = [false]
05-12 20:38:53.912  2535  2609 I PackageInfoManager_FLP: action : ACTION_PACKAGE_ADDED, packageName = com.example.audioanalyser
05-12 20:38:53.952  1216  1325 I SWT_ThemeManager: com.example.audioanalyser doesn't have metadata
05-12 20:38:53.965  1902  1902 D FaceWidgetMetadataParser: updatePackage() com.example.audioanalyser true
05-12 20:38:54.019  1216  1814 I SdkSandboxManager: No SDKs used. Skipping SDK data reconcilation for CallingInfo{mUid=10551, mPackageName='com.example.audioanalyser, mAppProcessToken='null'}
05-12 20:38:54.020  1902  1902 D FaceWidgetMetadataParser: removePackage() key = com.example.audioanalyser
05-12 20:38:54.034  1887  1887 D CarrierSvcBindHelper: onPackageUpdateFinished: com.example.audioanalyser
05-12 20:38:54.035  1902  2041 D PluginInstanceManager: queryPkg com.example.audioanalyser com.android.systemui.action.PLUGIN_GLOBAL_ACTIONS
05-12 20:38:54.035  1902  2041 D PluginInstanceManager: queryPkg com.example.audioanalyser com.android.systemui.action.PLUGIN_LOCKSCREEN_RIGHT_BUTTON
05-12 20:38:54.035  1902  2041 D PluginInstanceManager: queryPkg com.example.audioanalyser com.android.systemui.action.PLUGIN_LOCKSCREEN_LEFT_BUTTON
05-12 20:38:54.035  1902  2041 D PluginInstanceManager: queryPkg com.example.audioanalyser com.android.systemui.action.PLUGIN_QS
05-12 20:38:54.035  1902  2041 D PluginInstanceManager: queryPkg com.example.audioanalyser com.android.systemui.action.PLUGIN_LOCKSCREEN_RIGHT_BUTTON
05-12 20:38:54.035  1902  2041 D PluginInstanceManager: queryPkg com.example.audioanalyser com.android.systemui.action.PLUGIN_CLOCK
05-12 20:38:54.035  1902  2041 D PluginInstanceManager: queryPkg com.example.audioanalyser com.android.systemui.action.PLUGIN_LOCKSCREEN_LEFT_BUTTON
05-12 20:38:54.035  1902  2041 D PluginInstanceManager: queryPkg com.example.audioanalyser com.android.systemui.action.PLUGIN_SENSOR_MANAGER
05-12 20:38:54.035  1902  2041 D PluginInstanceManager: queryPkg com.example.audioanalyser com.samsung.systemui.action.PLUGIN_FACE_WIDGET
05-12 20:38:54.035  1902  2041 D PluginInstanceManager: queryPkg com.example.audioanalyser com.android.systemui.action.PLUGIN_TOAST
05-12 20:38:54.035  1902  2041 D PluginInstanceManager: queryPkg com.example.audioanalyser com.android.systemui.action.PEOPLE_HUB_PERSON_EXTRACTOR
05-12 20:38:54.035  1902  2041 D PluginInstanceManager: queryPkg com.example.audioanalyser com.android.systemui.action.PLUGIN_QS_FACTORY
05-12 20:38:54.035  1902  2041 D PluginInstanceManager: queryPkg com.example.audioanalyser com.android.systemui.action.PLUGIN_NOTIFICATION_MENU_ROW
05-12 20:38:54.035  1902  2041 D PluginInstanceManager: queryPkg com.example.audioanalyser com.android.systemui.action.PLUGIN_VOLUME
05-12 20:38:54.035  1902  2041 D PluginInstanceManager: queryPkg com.example.audioanalyser com.android.systemui.action.PLUGIN_NOTIFICATION_ASSISTANT
05-12 20:38:54.035  1902  2041 D PluginInstanceManager: queryPkg com.example.audioanalyser com.android.systemui.action.PLUGIN_CLOCK
05-12 20:38:54.035  1902  2041 D PluginInstanceManager: queryPkg com.example.audioanalyser com.android.systemui.action.PLUGIN_OVERLAY
05-12 20:38:54.035  1902  2041 D PluginInstanceManager: queryPkg com.example.audioanalyser com.android.systemui.action.PLUGIN_NOTIFICATION_MENU_ROW
05-12 20:38:54.040  1887  1887 D CarrierSvcBindHelper: onPackageModified: com.example.audioanalyser
05-12 20:38:54.053  1887  1887 I VvmPkgInstalledRcvr: packageName: com.example.audioanalyser, systemDialer: com.samsung.android.dialer
05-12 20:38:54.075  1887  1887 I VvmPkgInstalledRcvr:  NOT contains : com.example.audioanalyser
05-12 20:38:54.097  1957  1957 I Finsky  : [2] AIM: AppInfoCacheUpdater -> invalidating apps: [com.example.audioanalyser]
05-12 20:38:54.102  1957  2269 I Finsky  : [1692] AIM: AppInfoManager-Perf > OnDeviceAppInfo > cacheHitCount=0, cacheMissCount=1. Missed  in cache (limit 10) : [com.example.audioanalyser]
05-12 20:38:54.124  1887  1887 D ImsResolver: maybeAddedImsService, packageName: com.example.audioanalyser
05-12 20:38:54.159  1957  2276 I AppIconSolution: start to load, pkg=com.example.audioanalyser, bg=90-90, dr=135-135, forDefault=false, density=0
05-12 20:38:54.164  1957  2276 I AppIconSolution: getIconScale, pkg=com.example.audioanalyser, size=135, iconScale=IconScale[alpha=1, scale=0.75, isCrop=false]
05-12 20:38:54.164  1957  2276 I AppIconSolution: fromTheme2, pkg=com.example.audioanalyser, bg=90-90, dr=135-135, tarScale=0.75, relScale=0.50751877, mask=false, isCropInTheme = false, isNight = true
05-12 20:38:54.177  1216  1814 I SdkSandboxManager: No SDKs used. Skipping SDK data reconcilation for CallingInfo{mUid=10551, mPackageName='com.example.audioanalyser, mAppProcessToken='null'}
05-12 20:38:54.177  1902  2041 D PluginInstanceManager: queryPkg com.example.audioanalyser com.android.systemui.action.PLUGIN_GLOBAL_ACTIONS
05-12 20:38:54.177  1902  2041 D PluginInstanceManager: queryPkg com.example.audioanalyser com.android.systemui.action.PLUGIN_LOCKSCREEN_RIGHT_BUTTON
05-12 20:38:54.177  1902  2041 D PluginInstanceManager: queryPkg com.example.audioanalyser com.android.systemui.action.PLUGIN_LOCKSCREEN_LEFT_BUTTON
05-12 20:38:54.177  1902  2041 D PluginInstanceManager: queryPkg com.example.audioanalyser com.android.systemui.action.PLUGIN_QS
05-12 20:38:54.177  1902  2041 D PluginInstanceManager: queryPkg com.example.audioanalyser com.android.systemui.action.PLUGIN_LOCKSCREEN_RIGHT_BUTTON
05-12 20:38:54.177  1902  2041 D PluginInstanceManager: queryPkg com.example.audioanalyser com.android.systemui.action.PLUGIN_CLOCK
05-12 20:38:54.177  1902  2041 D PluginInstanceManager: queryPkg com.example.audioanalyser com.android.systemui.action.PLUGIN_LOCKSCREEN_LEFT_BUTTON
05-12 20:38:54.177  1902  2041 D PluginInstanceManager: queryPkg com.example.audioanalyser com.android.systemui.action.PLUGIN_SENSOR_MANAGER
05-12 20:38:54.177  1902  2041 D PluginInstanceManager: queryPkg com.example.audioanalyser com.samsung.systemui.action.PLUGIN_FACE_WIDGET
05-12 20:38:54.177  1902  2041 D PluginInstanceManager: queryPkg com.example.audioanalyser com.android.systemui.action.PLUGIN_TOAST
05-12 20:38:54.177  1902  2041 D PluginInstanceManager: queryPkg com.example.audioanalyser com.android.systemui.action.PEOPLE_HUB_PERSON_EXTRACTOR
05-12 20:38:54.177  1902  2041 D PluginInstanceManager: queryPkg com.example.audioanalyser com.android.systemui.action.PLUGIN_QS_FACTORY
05-12 20:38:54.177  1902  2041 D PluginInstanceManager: queryPkg com.example.audioanalyser com.android.systemui.action.PLUGIN_NOTIFICATION_MENU_ROW
05-12 20:38:54.177  1902  2041 D PluginInstanceManager: queryPkg com.example.audioanalyser com.android.systemui.action.PLUGIN_VOLUME
05-12 20:38:54.177  1902  2041 D PluginInstanceManager: queryPkg com.example.audioanalyser com.android.systemui.action.PLUGIN_NOTIFICATION_ASSISTANT
05-12 20:38:54.177  1902  2041 D PluginInstanceManager: queryPkg com.example.audioanalyser com.android.systemui.action.PLUGIN_CLOCK
05-12 20:38:54.177  1902  2041 D PluginInstanceManager: queryPkg com.example.audioanalyser com.android.systemui.action.PLUGIN_OVERLAY
05-12 20:38:54.177  1902  2041 D PluginInstanceManager: queryPkg com.example.audioanalyser com.android.systemui.action.PLUGIN_NOTIFICATION_MENU_ROW
05-12 20:38:54.217  1216  1216 I Telecom : CarModeTracker: Package com.example.audioanalyser is not tracked.: SSH.oR@ZZo
05-12 20:38:54.223  1216  1888 I Pageboost: remove app @ runtime : com.example.audioanalyser
05-12 20:38:54.277  1216  1216 D SGM:GameManager: identifyGamePackage. com.example.audioanalyser, mCurrentUserId: 0, callerUserId: 0, callingMethodInfo: com.samsung.android.game.SemGameManager.isGamePackage(SemGameManager.java:104)
05-12 20:38:54.278  1216  1216 D SGM:PkgDataHelper: getGamePkgData(). com.example.audioanalyser
05-12 20:38:54.278  1216  1216 D SGM:SemGameManager: isGamePackage(), pkgName=com.example.audioanalyser, ret=false
05-12 20:38:54.299  1216  1216 I AppWidgetServiceImpl: Received broadcast: android.intent.action.PACKAGE_ADDED, Updates all providers with com.example.audioanalyser, userId: 0
05-12 20:38:54.321  1216  1799 D SGM:GameManager: identifyGamePackage. com.example.audioanalyser, mCurrentUserId: 0, callerUserId: 0, callingMethodInfo: com.samsung.android.game.SemGameManager.isGamePackage(SemGameManager.java:104)
05-12 20:38:54.321  1216  1799 D SGM:PkgDataHelper: getGamePkgData(). com.example.audioanalyser
05-12 20:38:54.321  1216  1799 D SGM:SemGameManager: isGamePackage(), pkgName=com.example.audioanalyser, ret=false
05-12 20:38:54.377  1216  1216 I Telecom:SamsungOpenCommunicationPlatformPolicyPackageBroadcastReceiver: action : android.intent.action.PACKAGE_ADDED / packageName : com.example.audioanalyser
05-12 20:38:54.511  1957  2269 I AppIconSolution: start to load, pkg=com.example.audioanalyser, bg=90-90, dr=135-135, forDefault=false, density=0
05-12 20:38:54.529  1216  1799 W SemWifiTransportLayerUtils: getApplicationCategory - IOException com.example.audioanalyser
05-12 20:38:54.529  1216  1799 W System.err: java.io.FileNotFoundException: https://play.google.com/store/apps/details?id=com.example.audioanalyser&hl=en
05-12 20:38:54.541  1216  1888 D SGM:GameManager: identifyGamePackage. com.example.audioanalyser, mCurrentUserId: 0, callerUserId: 0, callingMethodInfo: com.samsung.android.game.SemGameManager.isGamePackage(SemGameManager.java:104)
05-12 20:38:54.542  1216  1888 D SGM:PkgDataHelper: getGamePkgData(). com.example.audioanalyser
05-12 20:38:54.542  1216  1888 D SGM:SemGameManager: isGamePackage(), pkgName=com.example.audioanalyser, ret=false
05-12 20:38:54.542  1216  1888 I Pageboost: appinfo : com.example.audioanalyser 0 0 0 0
05-12 20:38:54.548  1216  1888 D SGM:GameManager: identifyGamePackage. com.example.audioanalyser, mCurrentUserId: 0, callerUserId: 0, callingMethodInfo: com.samsung.android.game.SemGameManager.isGamePackage(SemGameManager.java:104)
05-12 20:38:54.548  1216  1888 D SGM:PkgDataHelper: getGamePkgData(). com.example.audioanalyser
05-12 20:38:54.548  1216  1888 D SGM:SemGameManager: isGamePackage(), pkgName=com.example.audioanalyser, ret=false
05-12 20:38:54.548  1216  1888 I Pageboost: Reset this app info : com.example.audioanalyser 
05-12 20:38:54.554  6664  4250 I ProximityAuth: [RecentAppsMediator] Package added: (user=UserHandle{0}) com.example.audioanalyser
05-12 20:38:54.593  1957  2269 I AppIconSolution: getIconScale, pkg=com.example.audioanalyser, size=135, iconScale=IconScale[alpha=1, scale=0.75, isCrop=false]
05-12 20:38:54.594  1957  2269 I AppIconSolution: fromTheme2, pkg=com.example.audioanalyser, bg=90-90, dr=135-135, tarScale=0.75, relScale=0.50751877, mask=false, isCropInTheme = false, isNight = true
05-12 20:38:54.653  1216  1216 W AlarmManager: Package com.example.audioanalyser, uid 10551 lost permission to set exact alarms!
05-12 20:38:54.671  1216  1888 I Pageboost: add app to global @ runtime: com.example.audioanalyser
05-12 20:38:54.686  1216  1799 D SGM:GameManager: identifyGamePackage. com.example.audioanalyser, mCurrentUserId: 0, callerUserId: 0, callingMethodInfo: com.samsung.android.game.SemGameManager.isGamePackage(SemGameManager.java:104)
05-12 20:38:54.686  1216  1799 D SGM:PkgDataHelper: getGamePkgData(). com.example.audioanalyser
05-12 20:38:54.687  1216  1799 D SGM:SemGameManager: isGamePackage(), pkgName=com.example.audioanalyser, ret=false
05-12 20:38:55.796 13533  4334 W SQLiteLog: (28) double-quoted string literal: "com.example.audioanalyser"
05-12 20:38:56.023  1216  1247 I CompanionDeviceManagerService: onPackageModified() u0/com.example.audioanalyser
05-12 20:38:56.889  1216  1258 I SGM:GameManager: PkgUpdateReceiver, onPackageAdded : com.example.audioanalyser userHandle : UserHandle{0} userId : 0
05-12 20:38:56.889  1216  1422 D SGM:GosNotifyThread: notifyPackageChangedToGos(), before send intent to GOS. type:15, changeType: 0, pkgName:com.example.audioanalyser, userHandleId:0
05-12 20:38:57.012  2335  2335 I Launcher.Model: package changed received : com.example.audioanalyser
05-12 20:38:57.019  2335  2651 I PackageUpdatedTask: mAllAppsList.updatePackage com.example.audioanalyser
05-12 20:38:57.279  2335  2651 I AppIconSolution: start to load, pkg=com.example.audioanalyser, bg=90-90, dr=135-135, forDefault=false, density=0
05-12 20:38:57.283  2335  2651 I AppIconSolution: getIconScale, pkg=com.example.audioanalyser, size=135, iconScale=IconScale[alpha=1, scale=0.75, isCrop=false]
05-12 20:38:57.283  2335  2651 I AppIconSolution: fromTheme2, pkg=com.example.audioanalyser, bg=90-90, dr=135-135, tarScale=0.75, relScale=0.50751877, mask=false, isCropInTheme = false, isNight = true
05-12 20:38:57.284  2335  2651 I LauncherActivityInfo: packageName: com.example.audioanalyser, useThemeIcon: true, height: 90, width: 90, density: 480
05-12 20:38:57.307  4472  4472 I FILP/PackageIntentReceiver: pkgName : com.example.audioanalyser
05-12 20:38:57.324  2335  2651 I HsAllAppsList: set ComponentInfo{com.example.audioanalyser/com.example.audioanalyser.MainActivity} app progress level to 100
05-12 20:38:57.333  4472  4508 I FILP/b  : removeFromFS : com.example.audioanalyser, cursor size : 0
05-12 20:38:57.338  4472  4508 I FILP/b  : Delete DB result : com.example.audioanalyser, 0
05-12 20:38:57.355  2335  2651 I AppIconSolution: start to load, pkg=com.example.audioanalyser, bg=90-90, dr=135-135, forDefault=false, density=0
05-12 20:38:57.359  4472  4472 I FILP/PackageIntentReceiver: pkgName : com.example.audioanalyser
05-12 20:38:57.360  4437  4521 I GOS:GameIntentService: onHandleIntent. GameIntentService. type: 15, pkgName: com.example.audioanalyser
05-12 20:38:57.362  2335  2651 I AppIconSolution: getIconScale, pkg=com.example.audioanalyser, size=135, iconScale=IconScale[alpha=1, scale=0.75, isCrop=false]
05-12 20:38:57.362  2335  2651 I AppIconSolution: fromTheme2, pkg=com.example.audioanalyser, bg=90-90, dr=135-135, tarScale=0.75, relScale=0.50751877, mask=false, isCropInTheme = false, isNight = true
05-12 20:38:57.417  2335  2651 I PackageUpdatedTask: modified, appInfo : AppInfo(id=351 type=APP hidden=0 container=all_apps screen=4 rank=5 rankOfList=-1 user=UserHandle{0} title=Audio Analyser componentName=ComponentInfo{com.example.audioanalyser/com.example.audioanalyser.MainActivity} screenType=0 runtimeStatusFlags=384 status=0)
05-12 20:38:57.483  4437  4521 I GOS:GameIntentService: onPackageChanged(). extras: Bundle[{changeType=0, userId=0, pkgName=com.example.audioanalyser, type=15, packageName=com.example.audioanalyser}]
05-12 20:38:57.483  4437  4521 I GOS:GameIntentService: onPackageChanged(). changeType(INSTALLED), pkgName(com.example.audioanalyser), UserHandle(0), userId(0), Installed(true)
05-12 20:38:57.485  4437  4521 I GOS:GameIntentService: onPkgInstalled(), appInfoCategory: -1, packageName: com.example.audioanalyser
05-12 20:38:57.939  1216  1258 D MetaDataCollector: onReceive: done pkgName=com.example.audioanalyser
05-12 20:38:57.943  1216  1258 I SGM:GameManager: PkgUpdateReceiver, onPackageReplaced : com.example.audioanalyser userID : UserHandle{0}
05-12 20:38:57.943  1216  1258 D MetaDataCollector: onReceive: done pkgName=com.example.audioanalyser
05-12 20:38:57.943  1216  1422 D SGM:GosNotifyThread: notifyPackageChangedToGos(), before send intent to GOS. type:15, changeType: 8, pkgName:com.example.audioanalyser, userHandleId:0
05-12 20:38:57.953  4437  4534 I GOS:GameIntentService: onHandleIntent. GameIntentService. type: 15, pkgName: com.example.audioanalyser
05-12 20:38:58.040  4437  4534 I GOS:GameIntentService: onPackageChanged(). extras: Bundle[{changeType=8, userId=0, pkgName=com.example.audioanalyser, type=15, packageName=com.example.audioanalyser}]
05-12 20:38:58.040  4437  4534 I GOS:GameIntentService: onPackageChanged(). changeType(REPLACED), pkgName(com.example.audioanalyser), UserHandle(0), userId(0), Installed(true)
05-12 20:40:27.482  4596  4596 I Finsky  : [2] VerifyApps: Install-time verification requested for package com.example.audioanalyser, PackageManager id = 47, Verifier id = f8475c5e-6a6b-4f1f-8025-fe4e65141be8
05-12 20:40:27.716  4596  5123 I Finsky  : [1764] VerifyApps: Anti-malware verification task started for package=com.example.audioanalyser
05-12 20:40:28.703  4596  5123 I Finsky  : [1764] VerifyApps: chooseScanResult for package=com.example.audioanalyser with timeout=15000ms
05-12 20:40:28.713  4596  4659 I Finsky  : [1700] VerifyApps: Starting APK Analysis scan for com.example.audioanalyser.
05-12 20:40:28.771  4596  4659 I Finsky  : [1700] Scanning package com.example.audioanalyser contents with client side protections. File: [jCqQhRA-h2zlU8JEAEaELLLjeFGsS62P1iDieyoMahc]
05-12 20:40:28.821  5105  5163 I GOS:GameServiceReceiver:  PkgInstallStarted for com.example.audioanalyser UserID : 0
05-12 20:40:29.048  5105  5164 I GOS:GameIntentService: onPackageChanged(). extras: Bundle[{changeType=2, userId=0, type=15, packageName=com.example.audioanalyser}]
05-12 20:40:29.049  5105  5164 I GOS:GameIntentService: onPackageChanged(). changeType(INSTALL_STARTED), pkgName(com.example.audioanalyser), UserHandle(0), userId(0), Installed(true)
05-12 20:40:29.281  4596  5183 I Finsky  : [1771] VerifyApps: Verification package=com.example.audioanalyser, id=47, response=0, upload_requested=false, enable_ecm=false
05-12 20:40:29.301  4596  5183 I Finsky  : [1771] VerifyApps: PAM result saving to datastore delayed for package: com.example.audioanalyser
05-12 20:40:29.308  4596  5123 I Finsky  : [1764] VerifyApps: firstScanResult for package=com.example.audioanalyser: 0
05-12 20:40:43.704  4596  5123 I Finsky  : [1764] VerifyApps: overallScanResult for package=com.example.audioanalyser: 0
05-12 20:40:43.705  4596  5123 I Finsky  : [1764] VerifyApps: chooseScanResult returning verdict 0 for package=com.example.audioanalyser
05-12 20:40:43.708  4596  5183 E Finsky  : [1771] VerifyApps: Unable to get APK Analysis scan result. package=com.example.audioanalyser
05-12 20:40:43.810  4596  4596 I Finsky  : [2] VerifyApps: Install-time verification complete: id=47, package_name=com.example.audioanalyser
05-12 20:40:48.324  1216  1301 I PackageManager:           pkg{com.example.audioanalyser}
05-12 20:40:48.373  1216  1259 I ActivityManager: Force stopping com.example.audioanalyser appid=10551 user=-1: installPackageLI
05-12 20:40:48.375  1216  1302 I PackageManager: Update package com.example.audioanalyser code path from /data/app/~~LQmGjEjOiffobOZJFoMo7w==/com.example.audioanalyser-9wDYRMcWUgpjnKP6iPrGKQ== to /data/app/~~voXzuL0hV0ITcE27WlkvCw==/com.example.audioanalyser-RXXfxSGIntW4TKaFdeTTMA==; Retain data and using new
05-12 20:40:48.377  1216  1302 I AppsFilter: interaction: PackageSetting{a5af43a com.bookends.app/10549} -> PackageSetting{d0c4b9f com.example.audioanalyser/10551} BLOCKED
05-12 20:40:48.377  1216  1302 I AppsFilter: interaction: PackageSetting{a5af43a com.bookends.app/10549} -> PackageSetting{f5fdfa6 com.example.audioanalyser/10551} BLOCKED
05-12 20:40:48.936  4596  4659 W Finsky  : [1700] VerifyApps: APK Analysis scan cancelled for com.example.audioanalyser.
05-12 20:40:48.936  4596  4659 I Finsky  : [1700] VerifyApps: APK Analysis scan finished for com.example.audioanalyser. Verdict: 0
05-12 20:40:49.707  1216  1302 I AppsFilter: interaction: PackageSetting{a5af43a com.bookends.app/10549} -> PackageSetting{f5fdfa6 com.example.audioanalyser/10551} BLOCKED
05-12 20:40:49.731  1216  1302 I ActivityManager: Force stopping com.example.audioanalyser appid=10551 user=0: pkg removed
05-12 20:40:49.750  1216  1325 D OverlayManager: reconcileSettingsForPackage pkgName=com.example.audioanalyser userId=0
05-12 20:40:49.750  1216  1325 I OverlayManager: updateOverlaysForTarget() called with: targetPackage = [com.example.audioanalyser], userId = [0], flags = [2], skipUpdateState = [false]
05-12 20:40:49.768  3505  3505 W MediaProvider: WorkProfileOwnerApps cache miss for package com.example.audioanalyser
05-12 20:40:49.772  2535  2609 I PackageInfoManager_FLP: action : ACTION_PACKAGE_REMOVED, packageName = com.example.audioanalyser
05-12 20:40:49.775  1216  1258 I SGM:GameManager: PkgUpdateReceiver, onPackageRemoved : com.example.audioanalyser userHandle : UserHandle{0} userID : 0
05-12 20:40:49.806  1216  1258 D MetaDataCollector: onReceive: done pkgName=com.example.audioanalyser
05-12 20:40:49.806  1216  1422 D SGM:GosNotifyThread: notifyPackageChangedToGos(), before send intent to GOS. type:15, changeType: 1, pkgName:com.example.audioanalyser, userHandleId:0
05-12 20:40:49.808  1887  1887 I VvmPkgInstalledRcvr: packageName: com.example.audioanalyser, systemDialer: com.samsung.android.dialer
05-12 20:40:49.829  1216  1325 D OverlayManager: reconcileSettingsForPackage pkgName=com.example.audioanalyser userId=0
05-12 20:40:49.829  1216  1325 I OverlayManager: updateOverlaysForTarget() called with: targetPackage = [com.example.audioanalyser], userId = [0], flags = [0], skipUpdateState = [false]
05-12 20:40:49.829  1216  1325 I SWT_ThemeManager: com.example.audioanalyser doesn't have metadata
05-12 20:40:49.831  1902  1902 D FaceWidgetMusicViewModel: onPackageRemoved() pkg = com.example.audioanalyser, r = true
05-12 20:40:49.831  1902  1902 D FaceWidgetMetadataParser: removePackage() key = com.example.audioanalyser
05-12 20:40:49.831  1216  1814 I SdkSandboxManager: No SDKs used. Skipping SDK data reconcilation for CallingInfo{mUid=10551, mPackageName='com.example.audioanalyser, mAppProcessToken='null'}
05-12 20:40:49.833  1216  1258 D LauncherAppsService: Calling onPackageRemoved: com.example.audioanalyser, EXTRA_REPLACING: true
05-12 20:40:49.850  2535  2609 I PackageInfoManager_FLP: action : ACTION_PACKAGE_ADDED, packageName = com.example.audioanalyser
05-12 20:40:49.859  1216  1216 I Telecom : CarModeTracker: Package com.example.audioanalyser is not tracked.: SSH.oR@Za0
05-12 20:40:49.877  1902  2041 D PluginInstanceManager: queryPkg com.example.audioanalyser com.android.systemui.action.PLUGIN_GLOBAL_ACTIONS
05-12 20:40:49.877  1902  2041 D PluginInstanceManager: queryPkg com.example.audioanalyser com.android.systemui.action.PLUGIN_LOCKSCREEN_RIGHT_BUTTON
05-12 20:40:49.877  1902  2041 D PluginInstanceManager: queryPkg com.example.audioanalyser com.android.systemui.action.PLUGIN_LOCKSCREEN_LEFT_BUTTON
05-12 20:40:49.877  1902  2041 D PluginInstanceManager: queryPkg com.example.audioanalyser com.android.systemui.action.PLUGIN_QS
05-12 20:40:49.877  1902  2041 D PluginInstanceManager: queryPkg com.example.audioanalyser com.android.systemui.action.PLUGIN_LOCKSCREEN_RIGHT_BUTTON
05-12 20:40:49.877  1902  2041 D PluginInstanceManager: queryPkg com.example.audioanalyser com.android.systemui.action.PLUGIN_CLOCK
05-12 20:40:49.877  1902  2041 D PluginInstanceManager: queryPkg com.example.audioanalyser com.android.systemui.action.PLUGIN_LOCKSCREEN_LEFT_BUTTON
05-12 20:40:49.877  1902  2041 D PluginInstanceManager: queryPkg com.example.audioanalyser com.android.systemui.action.PLUGIN_SENSOR_MANAGER
05-12 20:40:49.877  1902  2041 D PluginInstanceManager: queryPkg com.example.audioanalyser com.samsung.systemui.action.PLUGIN_FACE_WIDGET
05-12 20:40:49.877  1902  2041 D PluginInstanceManager: queryPkg com.example.audioanalyser com.android.systemui.action.PLUGIN_TOAST
05-12 20:40:49.877  1902  2041 D PluginInstanceManager: queryPkg com.example.audioanalyser com.android.systemui.action.PEOPLE_HUB_PERSON_EXTRACTOR
05-12 20:40:49.877  1902  2041 D PluginInstanceManager: queryPkg com.example.audioanalyser com.android.systemui.action.PLUGIN_QS_FACTORY
05-12 20:40:49.877  1902  2041 D PluginInstanceManager: queryPkg com.example.audioanalyser com.android.systemui.action.PLUGIN_NOTIFICATION_MENU_ROW
05-12 20:40:49.877  1902  2041 D PluginInstanceManager: queryPkg com.example.audioanalyser com.android.systemui.action.PLUGIN_VOLUME
05-12 20:40:49.877  1902  2041 D PluginInstanceManager: queryPkg com.example.audioanalyser com.android.systemui.action.PLUGIN_NOTIFICATION_ASSISTANT
05-12 20:40:49.877  1902  2041 D PluginInstanceManager: queryPkg com.example.audioanalyser com.android.systemui.action.PLUGIN_CLOCK
05-12 20:40:49.877  1902  2041 D PluginInstanceManager: queryPkg com.example.audioanalyser com.android.systemui.action.PLUGIN_OVERLAY
05-12 20:40:49.877  1902  2041 D PluginInstanceManager: queryPkg com.example.audioanalyser com.android.systemui.action.PLUGIN_NOTIFICATION_MENU_ROW
05-12 20:40:49.881  4596  4596 I Finsky  : [2] AIM: AppInfoCacheUpdater -> invalidating apps: [com.example.audioanalyser]
05-12 20:40:49.881  1216  1814 I SdkSandboxManager: No SDKs used. Skipping SDK data reconcilation for CallingInfo{mUid=10551, mPackageName='com.example.audioanalyser, mAppProcessToken='null'}
05-12 20:40:49.889  1902  2041 D PluginInstanceManager: queryPkg com.example.audioanalyser com.android.systemui.action.PLUGIN_GLOBAL_ACTIONS
05-12 20:40:49.889  1902  2041 D PluginInstanceManager: queryPkg com.example.audioanalyser com.android.systemui.action.PLUGIN_LOCKSCREEN_RIGHT_BUTTON
05-12 20:40:49.889  1902  2041 D PluginInstanceManager: queryPkg com.example.audioanalyser com.android.systemui.action.PLUGIN_LOCKSCREEN_LEFT_BUTTON
05-12 20:40:49.889  1902  2041 D PluginInstanceManager: queryPkg com.example.audioanalyser com.android.systemui.action.PLUGIN_QS
05-12 20:40:49.889  1902  2041 D PluginInstanceManager: queryPkg com.example.audioanalyser com.android.systemui.action.PLUGIN_LOCKSCREEN_RIGHT_BUTTON
05-12 20:40:49.889  1902  2041 D PluginInstanceManager: queryPkg com.example.audioanalyser com.android.systemui.action.PLUGIN_CLOCK
05-12 20:40:49.889  1902  2041 D PluginInstanceManager: queryPkg com.example.audioanalyser com.android.systemui.action.PLUGIN_LOCKSCREEN_LEFT_BUTTON
05-12 20:40:49.889  1902  2041 D PluginInstanceManager: queryPkg com.example.audioanalyser com.android.systemui.action.PLUGIN_SENSOR_MANAGER
05-12 20:40:49.889  1902  2041 D PluginInstanceManager: queryPkg com.example.audioanalyser com.samsung.systemui.action.PLUGIN_FACE_WIDGET
05-12 20:40:49.889  1902  2041 D PluginInstanceManager: queryPkg com.example.audioanalyser com.android.systemui.action.PLUGIN_TOAST
05-12 20:40:49.889  1902  2041 D PluginInstanceManager: queryPkg com.example.audioanalyser com.android.systemui.action.PEOPLE_HUB_PERSON_EXTRACTOR
05-12 20:40:49.889  1902  2041 D PluginInstanceManager: queryPkg com.example.audioanalyser com.android.systemui.action.PLUGIN_QS_FACTORY
05-12 20:40:49.889  1902  2041 D PluginInstanceManager: queryPkg com.example.audioanalyser com.android.systemui.action.PLUGIN_NOTIFICATION_MENU_ROW
05-12 20:40:49.889  1902  2041 D PluginInstanceManager: queryPkg com.example.audioanalyser com.android.systemui.action.PLUGIN_VOLUME
05-12 20:40:49.889  1902  2041 D PluginInstanceManager: queryPkg com.example.audioanalyser com.android.systemui.action.PLUGIN_NOTIFICATION_ASSISTANT
05-12 20:40:49.889  1902  2041 D PluginInstanceManager: queryPkg com.example.audioanalyser com.android.systemui.action.PLUGIN_CLOCK
05-12 20:40:49.889  1902  2041 D PluginInstanceManager: queryPkg com.example.audioanalyser com.android.systemui.action.PLUGIN_OVERLAY
05-12 20:40:49.889  1902  2041 D PluginInstanceManager: queryPkg com.example.audioanalyser com.android.systemui.action.PLUGIN_NOTIFICATION_MENU_ROW
05-12 20:40:49.898  1216  1888 I Pageboost: remove app @ runtime : com.example.audioanalyser
05-12 20:40:49.906  1902  1902 D FaceWidgetMetadataParser: updatePackage() com.example.audioanalyser true
05-12 20:40:49.907  1902  1902 D FaceWidgetMetadataParser: removePackage() key = com.example.audioanalyser
05-12 20:40:49.957  1216  1216 D SGM:GameManager: identifyGamePackage. com.example.audioanalyser, mCurrentUserId: 0, callerUserId: 0, callingMethodInfo: com.samsung.android.game.SemGameManager.isGamePackage(SemGameManager.java:104)
05-12 20:40:49.957  1216  1216 D SGM:PkgDataHelper: getGamePkgData(). com.example.audioanalyser
05-12 20:40:49.958  1216  1216 D SGM:SemGameManager: isGamePackage(), pkgName=com.example.audioanalyser, ret=false
05-12 20:40:49.959  1216  1216 I AppWidgetServiceImpl: Received broadcast: android.intent.action.PACKAGE_ADDED, Updates all providers with com.example.audioanalyser, userId: 0
05-12 20:40:49.973  1887  1887 I VvmPkgInstalledRcvr:  NOT contains : com.example.audioanalyser
05-12 20:40:49.989  1887  1887 D CarrierSvcBindHelper: onPackageUpdateFinished: com.example.audioanalyser
05-12 20:40:49.997  1887  1887 D CarrierSvcBindHelper: onPackageModified: com.example.audioanalyser
05-12 20:40:50.015  1887  1887 I VvmPkgInstalledRcvr: packageName: com.example.audioanalyser, systemDialer: com.samsung.android.dialer
05-12 20:40:50.019  4596  4658 I Finsky  : [1699] AIM: AppInfoManager-Perf > OnDeviceAppInfo > cacheHitCount=0, cacheMissCount=1. Missed  in cache (limit 10) : [com.example.audioanalyser]
05-12 20:40:50.028  1216  1216 I Telecom:SamsungOpenCommunicationPlatformPolicyPackageBroadcastReceiver: action : android.intent.action.PACKAGE_ADDED / packageName : com.example.audioanalyser
05-12 20:40:50.050  1216  1799 D SGM:GameManager: identifyGamePackage. com.example.audioanalyser, mCurrentUserId: 0, callerUserId: 0, callingMethodInfo: com.samsung.android.game.SemGameManager.isGamePackage(SemGameManager.java:104)
05-12 20:40:50.051  1216  1799 D SGM:PkgDataHelper: getGamePkgData(). com.example.audioanalyser
05-12 20:40:50.051  1216  1799 D SGM:SemGameManager: isGamePackage(), pkgName=com.example.audioanalyser, ret=false
05-12 20:40:50.099  1216  1799 D SGM:GameManager: identifyGamePackage. com.example.audioanalyser, mCurrentUserId: 0, callerUserId: 0, callingMethodInfo: com.samsung.android.game.SemGameManager.isGamePackage(SemGameManager.java:104)
05-12 20:40:50.099  1216  1799 D SGM:PkgDataHelper: getGamePkgData(). com.example.audioanalyser
05-12 20:40:50.099  1216  1799 D SGM:SemGameManager: isGamePackage(), pkgName=com.example.audioanalyser, ret=false
05-12 20:40:50.102  1887  1887 I VvmPkgInstalledRcvr:  NOT contains : com.example.audioanalyser
05-12 20:40:50.114  1216  1216 W AlarmManager: Package com.example.audioanalyser, uid 10551 lost permission to set exact alarms!
05-12 20:40:50.185  1216  1888 D SGM:GameManager: identifyGamePackage. com.example.audioanalyser, mCurrentUserId: 0, callerUserId: 0, callingMethodInfo: com.samsung.android.game.SemGameManager.isGamePackage(SemGameManager.java:104)
05-12 20:40:50.185  1216  1888 D SGM:PkgDataHelper: getGamePkgData(). com.example.audioanalyser
05-12 20:40:50.185  1216  1888 D SGM:SemGameManager: isGamePackage(), pkgName=com.example.audioanalyser, ret=false
05-12 20:40:50.185  1216  1888 I Pageboost: appinfo : com.example.audioanalyser 0 0 0 0
05-12 20:40:50.224  4878  4913 I Finsky:background: [1709] IQ:PSL: skipping onPackageRemoved(replacing=true) for untracked package=com.example.audioanalyser
