05-12 19:06:00.909  1216  1302 I AppsFilter: interaction: PackageSetting{fb5226e com.example.audioanalyser/10551} -> PackageSetting{fb15d0f com.google.android.apps.magazines/10260} BLOCKED
05-12 19:08:30.615  1216  1302 I AppsFilter: interaction: PackageSetting{fb5226e com.example.audioanalyser/10551} -> PackageSetting{acb9880 com.google.android.apps.magazines/10260} BLOCKED
05-12 19:58:35.198  1216  1883 I Pageboost: start alp : com.example.audioanalyser
05-12 19:58:35.198  1216  1888 I Pageboost: alp for : com.example.audioanalyser , 0
05-12 19:58:35.231  1216  1260 I ActivityManager: Start proc 19819:com.example.audioanalyser/u0a551 for activelaunch {com.example.audioanalyser/com.example.audioanalyser.MainActivity}
05-12 19:58:35.231  1216  1260 D DynamicHiddenApp_BGProtectManager: [SecIpm] it's a ML_TYPE_EMPTYPROCESS protected process com.example.audioanalyser
05-12 19:58:35.291  1216  1238 I Pageboost: onAppLaunch : com.example.audioanalyser
05-12 19:58:35.297  1216  1238 I ActivityTaskManager: START u0 {act=android.intent.action.MAIN cat=[android.intent.category.LAUNCHER] flg=0x10200000 cmp=com.example.audioanalyser/.MainActivity bnds=[194,433][358,682]} from uid 10066
05-12 19:58:35.374  1902  1970 D ShellStartingWindow: preload Icon com.example.audioanalyser
05-12 19:58:35.475  1216  1238 D ActivityTaskManager: TaskLaunchParamsModifier:task=null activity=ActivityRecord{30cea90 u0 com.example.audioanalyser/.MainActivity} display-from-option=0 display-id=0 display-windowing-mode=1 suggested-display-area=DefaultTaskDisplayArea@41843040
05-12 19:58:35.486  1216  1238 D [secipm]: mSecIpmManager Preload com.example.audioanalyser dex files
05-12 19:58:35.499  1216  1238 D ActivityTaskManager: TaskLaunchParamsModifier:task=null activity=ActivityRecord{30cea90 u0 com.example.audioanalyser/.MainActivity} t-1} display-from-option=0 display-id=0 display-windowing-mode=1 suggested-display-area=DefaultTaskDisplayArea@41843040 inherit-from-source=fullscreen activity-options-fullscreen=Rect(0, 0 - 0, 0) non-freeform-display display-area=DefaultTaskDisplayArea@41843040 maximized-bounds
05-12 19:58:35.548  1216  1238 D ActivityTaskManager: TaskLaunchParamsModifier:task=Task{757ef89 #355 type=standard A=10551:com.example.audioanalyser U=0 visible=false visibleRequested=false mode=fullscreen translucent=true sz=0} activity=ActivityRecord{30cea90 u0 com.example.audioanalyser/.MainActivity} t-1} display-from-option=0 display-id=0 display-windowing-mode=1 suggested-display-area=DefaultTaskDisplayArea@41843040 inherit-from-source=fullscreen activity-options-fullscreen=Rect(0, 0 - 0, 0) non-freeform-display display-area=DefaultTaskDisplayArea@41843040 maximized-bounds
05-12 19:58:35.584  1216  1238 V WindowManager: Added starting ActivityRecord{30cea90 u0 com.example.audioanalyser/.MainActivity} t355}: startingWindow=null startingView=com.android.server.wm.StartingSurfaceController$StartingSurface@e46fb45
05-12 19:58:35.632  1216  1238 V WindowManager: addWindow: ActivityRecord{30cea90 u0 com.example.audioanalyser/.MainActivity} t355} startingWindow=Window{dcaa7cb u0 Splash Screen com.example.audioanalyser}
05-12 19:58:35.637  1216  1989 I ActivityManager: DSS OFF for com.example.audioanalyser
05-12 19:58:35.640  1216  1238 D MARsPolicyManager: onPackageResumedFG pkgName = com.example.audioanalyser, userId = 0
05-12 19:58:35.651  1216  1238 D WindowManagerServiceExt: notifyOccludeChangeNotice: cn=ComponentInfo{com.example.audioanalyser/com.example.audioanalyser.MainActivity} occludesParent=true inMultiWindow=false styleFloating=false caller=com.android.server.wm.WindowManagerServiceExt.updateOccludeTargetIfNeeded:1402 com.android.server.wm.DisplayContent.ensureActivitiesVisible:7532 com.android.server.wm.RootWindowContainer.ensureActivitiesVisible:2248 com.android.server.wm.RootWindowContainer.ensureActivitiesVisible:2229 com.android.server.wm.TaskFragment.completePause:2076 
05-12 19:58:35.655  1216  3625 D CoreBackPreview: Window{dcaa7cb u0 Splash Screen com.example.audioanalyser}: Setting back callback OnBackInvokedCallbackInfo{mCallback=android.window.IOnBackInvokedCallback$Stub$Proxy@8a4de66, mPriority=0}
05-12 19:58:35.657  1216  1989 D WindowManager: rotationForOrientation, orientationSource=ActivityRecord{30cea90 u0 com.example.audioanalyser/.MainActivity} t355}
05-12 19:58:35.657  1216  1989 D WindowManager: rotationForOrientation, orientationSource=ActivityRecord{30cea90 u0 com.example.audioanalyser/.MainActivity} t355}
05-12 19:58:35.682  1216  1989 D WindowManager: rotationForOrientation, orientationSource=ActivityRecord{30cea90 u0 com.example.audioanalyser/.MainActivity} t355}
05-12 19:58:35.685  1216  1989 D SGM:PkgDataHelper: notifyAppCreate(), pkgName: com.example.audioanalyser, userId: 0, sendRet: true
05-12 19:58:35.686  1216  1421 D SGM:FgCheckThread: onLooperPrepared(), msg: MSG_APP_CREATE, pkgName: com.example.audioanalyser, userId: 0
05-12 19:58:35.689  1216  1989 D ActivityTaskManager: scheduleTopResumedActivityChanged, onTop=true r=ActivityRecord{30cea90 u0 com.example.audioanalyser/.MainActivity} t355} caller=com.android.server.wm.ActivityTaskSupervisor.scheduleTopResumedActivityStateIfNeeded:2535 com.android.server.wm.ActivityTaskSupervisor.updateTopResumedActivityIfNeeded:2527 com.android.server.wm.TaskFragment.setResumedActivity:493 com.android.server.wm.TaskFragment.onActivityStateChanged:805 com.android.server.wm.ActivityRecord.setState:6406 com.android.server.wm.Task.minimalResumeActivityLocked:6155 
05-12 19:58:35.698  1216  1989 D SGM:FgCheckThread:   sendRunningComponentFocus(), pkgName: com.example.audioanalyser, userId: 0
05-12 19:58:35.699  1216  1421 D SGM:FgCheckThread: onLooperPrepared(), msg: MSG_TASK_FOCUSED, pkgName: com.example.audioanalyser, userId: 0
05-12 19:58:35.699  1216  1421 D SGM:FgCheckThread:   handleTaskFocused(), pkgName: com.example.audioanalyser, userID:0
05-12 19:58:35.699  1216  1421 D SGM:FgCheckThread:   handleResume(). pkgName: com.example.audioanalyser, userId: 0, isTunableApp: null
05-12 19:58:35.699  1216  1421 D SGM:FgCheckThread: notifyFocusInOut(). of pkg: com.example.audioanalyser, type: 4, isTunableApp: false, userId: 0
05-12 19:58:35.709  1216  1238 D WindowManager: makeSurface duration=1 name=Splash Screen com.example.audioanalyser$_1902
05-12 19:58:35.767  1216  1250 I GameSDK@LifeCycle: noteResumeComponent(): package name  : com.example.audioanalyser
05-12 19:58:35.775  1216  1238 D WindowManager: finishDrawingWindow: Window{dcaa7cb u0 Splash Screen com.example.audioanalyser} mDrawState=DRAW_PENDING seqId=0
05-12 19:58:35.775  1216  1238 V WindowManager: Finishing drawing window Window{dcaa7cb u0 Splash Screen com.example.audioanalyser}: mDrawState=DRAW_PENDING
05-12 19:58:35.775  1216  1238 V WindowManager: Draw state now committed in Window{dcaa7cb u0 Splash Screen com.example.audioanalyser}
05-12 19:58:35.777  1216  1251 D WindowManager: performShow logReadyForDisplay win=Window{dcaa7cb u0 Splash Screen com.example.audioanalyser} mToken.waitingToShow:true isTransitionSet:true
05-12 19:58:35.785  1216  1251 D WindowManager: createAnimationAdapter(): container=Task{757ef89 #355 type=standard A=10551:com.example.audioanalyser U=0 visible=true visibleRequested=true mode=fullscreen translucent=false sz=1}
05-12 19:58:35.787  1216  1251 V WindowManager: performShowLocked: mDrawState=HAS_DRAWN in Window{dcaa7cb u0 Splash Screen com.example.audioanalyser}
05-12 19:58:35.789  1216  1251 D WindowManager: 	Add container=Task{757ef89 #355 type=standard A=10551:com.example.audioanalyser U=0 visible=true visibleRequested=true mode=fullscreen translucent=false sz=1}
05-12 19:58:35.800  1216  3625 D SGM:GameManager: identifyForegroundApp. com.example.audioanalyser, mCurrentUserId: 0, callerUserId: 0
05-12 19:58:35.800  1216  3625 D SGM:PkgDataHelper: getGamePkgData(). com.example.audioanalyser
05-12 19:58:35.801  1216  1251 I WindowManager: container=Task{757ef89 #355 type=standard A=10551:com.example.audioanalyser U=0 visible=true visibleRequested=true mode=fullscreen translucent=false sz=1}
05-12 19:58:35.801  1216  1251 I WindowManager:   taskInfo=TaskInfo{userId=0 taskId=355 displayId=0 isRunning=true baseIntent=Intent { act=android.intent.action.MAIN cat=[android.intent.category.LAUNCHER] flg=0x10200000 cmp=com.example.audioanalyser/.MainActivity } baseActivity=ComponentInfo{com.example.audioanalyser/com.example.audioanalyser.MainActivity} topActivity=ComponentInfo{com.example.audioanalyser/com.example.audioanalyser.MainActivity} origActivity=null realActivity=ComponentInfo{com.example.audioanalyser/com.example.audioanalyser.MainActivity} numActivities=1 lastActiveTime=371813239 supportsSplitScreenMultiWindow=true supportsMultiWindow=true resizeMode=1 isResizeable=true minWidth=-1 minHeight=-1 defaultMinSize=220 token=WCT{RemoteToken{45bdc81 Task{757ef89 #355 type=standard A=10551:com.example.audioanalyser U=0 visible=true visibleRequested=true mode=fullscreen translucent=false sz=1}}} topActivityType=1 pictureInPictureParams=null shouldDockBigOverlays=false launchIntoPipHostTaskId=0 displayCutoutSafeInsets=Rect(0, 43 - 0, 0) topActivityInfo=ActivityInfo{bd12167 com.example.audioanalyser.MainActivity} launchCookies=[android.os.BinderProxy@ce2cb14] positionInParent=Point(0, 0) parentTaskId=-1 isFocused=true isVisible=true isSleeping=false topActivityInSizeCompat=false topActivityEligibleForLetterboxEducation= false locusId=null displayAreaFeatureId=1 cameraCompatControlState=hidden originallySupportedSplitScreen=true hasWallpaper=false isTopTransparentActivity=false topActivityInFixedAspectRatio=false topActivityInDisplayCompat=false topActivityInBoundsCompat=false topActivityBounds=null}
05-12 19:58:35.808  1216  2371 D SGM:GameManager: identifyGamePackage. com.example.audioanalyser, mCurrentUserId: 0, callerUserId: 0, callingMethodInfo: com.samsung.android.game.IGameManagerService$Stub.onTransact(IGameManagerService.java:233)
05-12 19:58:35.808  1216  2371 D SGM:PkgDataHelper: getGamePkgData(). com.example.audioanalyser
05-12 19:58:35.809  1216  1250 D SGM:GameManager: identifyGamePackage. com.example.audioanalyser, mCurrentUserId: 0, callerUserId: 0, callingMethodInfo: com.android.server.ssrm.SortingMachine.isGame(SortingMachine.java:162)
05-12 19:58:35.810  1216  1250 D SGM:PkgDataHelper: getGamePkgData(). com.example.audioanalyser
05-12 19:58:35.843  1216  1250 D SGM:GameManager: identifyGamePackage. com.example.audioanalyser, mCurrentUserId: 0, callerUserId: 0, callingMethodInfo: com.samsung.android.game.SemGameManager.isGamePackage(SemGameManager.java:104)
05-12 19:58:35.843  1216  1250 D SGM:PkgDataHelper: getGamePkgData(). com.example.audioanalyser
05-12 19:58:35.843  1216  1250 D SGM:SemGameManager: isGamePackage(), pkgName=com.example.audioanalyser, ret=false
05-12 19:58:35.852  1216  1250 D SGM:FgCheckThread: noteResumeComponent(), received pkgName: com.example.audioanalyser, userId: 0
05-12 19:58:35.854  1216  1421 D SGM:FgCheckThread: onLooperPrepared(), msg: MSG_APP_RESUME, pkgName: com.example.audioanalyser, userid: 0
05-12 19:58:35.860  1216  2201 D MdnieScenarioControlService:  packageName : com.example.audioanalyser    className : com.example.audioanalyser.MainActivity
05-12 19:58:36.099  1216  2371 D WindowManager: 	container=Task{757ef89 #355 type=standard A=10551:com.example.audioanalyser U=0 visible=true visibleRequested=true mode=fullscreen translucent=false sz=1}
05-12 19:58:36.239  1216  1248 D WindowManager: rotationForOrientation, orientationSource=ActivityRecord{30cea90 u0 com.example.audioanalyser/.MainActivity} t355}
05-12 19:58:36.275  1216  1248 D WindowManager: rotationForOrientation, orientationSource=ActivityRecord{30cea90 u0 com.example.audioanalyser/.MainActivity} t355}
05-12 19:58:36.335  1216  1248 D WindowManager: rotationForOrientation, orientationSource=ActivityRecord{30cea90 u0 com.example.audioanalyser/.MainActivity} t355}
05-12 19:58:36.437  1216  1248 D WindowManager: rotationForOrientation, orientationSource=ActivityRecord{30cea90 u0 com.example.audioanalyser/.MainActivity} t355}
05-12 19:58:36.456  1216  1248 D WindowManager: rotationForOrientation, orientationSource=ActivityRecord{30cea90 u0 com.example.audioanalyser/.MainActivity} t355}
05-12 19:58:37.948  1216  2370 D CoreBackPreview: Window{585c5c4 u0 com.example.audioanalyser/com.example.audioanalyser.MainActivity}: Setting back callback OnBackInvokedCallbackInfo{mCallback=android.window.IOnBackInvokedCallback$Stub$Proxy@eba1be2, mPriority=0}
05-12 19:58:40.148  1216  4029 D WindowManager: makeSurface duration=1 name=com.example.audioanalyser/com.example.audioanalyser.MainActivity$_19819
05-12 19:58:40.164  1216  4029 V WindowManager: Changing focus from null to Window{585c5c4 u0 com.example.audioanalyser/com.example.audioanalyser.MainActivity} displayId=0 Callers=com.android.server.wm.RootWindowContainer.updateFocusedWindowLocked:595 com.android.server.wm.WindowManagerService.updateFocusedWindowLocked:6810 com.android.server.wm.WindowManagerService.relayoutWindow:2820 com.android.server.wm.Session.relayout:274 
05-12 19:58:40.165  1216  4029 D MARsPolicyManager: onPackageResumedFG pkgName = com.example.audioanalyser, userId = 0
05-12 19:58:40.181  1216  4029 D WindowManager: updateSystemBarAttributes: displayId=0, win=Window{585c5c4 u0 com.example.audioanalyser/com.example.audioanalyser.MainActivity}, navColorWin=Window{dcaa7cb u0 Splash Screen com.example.audioanalyser}, focusedCanBeNavColorWin=false, behavior=1, appearance=16, statusBarAppearanceRegions=[AppearanceRegion{LIGHT_STATUS_BARS bounds=[0,0][720,1600]}], requestedVisibilities=, from=com.android.server.wm.DisplayPolicy.focusChangedLw:3247 com.android.server.wm.DisplayContent.updateFocusedWindowLocked:4632 com.android.server.wm.RootWindowContainer.updateFocusedWindowLocked:595 
05-12 19:58:40.810  1216  4029 D WindowManager: finishDrawingWindow: Window{585c5c4 u0 com.example.audioanalyser/com.example.audioanalyser.MainActivity} mDrawState=DRAW_PENDING seqId=0
05-12 19:58:40.815  1216  1251 V WindowManager: Finish starting ActivityRecord{30cea90 u0 com.example.audioanalyser/.MainActivity} t355}: first real window is shown, no animation
05-12 19:58:40.891  1216  1251 V WindowManager: Schedule remove starting ActivityRecord{30cea90 u0 com.example.audioanalyser/.MainActivity} t355} startingWindow=null startingView=null Callers=com.android.server.wm.ActivityRecord.removeStartingWindow:3233 com.android.server.wm.ActivityRecord.onFirstWindowDrawn:7460 com.android.server.wm.WindowState.performShowLocked:5502 com.android.server.wm.WindowStateAnimator.commitFinishDrawingLocked:351 com.android.server.wm.DisplayContent.lambda$new$8:1189 
05-12 19:58:40.895  1216  1251 V WindowManager: performShowLocked: mDrawState=HAS_DRAWN in Window{585c5c4 u0 com.example.audioanalyser/com.example.audioanalyser.MainActivity}
05-12 19:58:40.900  1216  1251 D ActivityTaskManager: mStartingWindow and mStartingData is null for token=ActivityRecord{30cea90 u0 com.example.audioanalyser/.MainActivity} t355}
05-12 19:58:40.941  1216  1251 D TaskOrganizerController: applyStartingWindowAnimation, window=Window{585c5c4 u0 com.example.audioanalyser/com.example.audioanalyser.MainActivity}, caller=com.android.server.wm.TaskOrganizerController.removeStartingWindow:573 com.android.server.wm.StartingSurfaceController$StartingSurface.remove:287 com.android.server.wm.ActivityRecord.lambda$removeStartingWindowAnimation$6:3295 
05-12 19:58:40.942  1216  1251 I WindowManager: Reparenting to leash, surface=Surface(name=585c5c4 com.example.audioanalyser/com.example.audioanalyser.MainActivity)/@0x8babb49, leashParent=Surface(name=ActivityRecord{30cea90 u0 com.example.audioanalyser/.MainActivity} t355})/@0x82c4e
05-12 19:58:40.943  1216  1251 D WindowManager: makeSurface duration=1 leash=Surface(name=Surface(name=585c5c4 com.example.audioanalyser/com.example.audioanalyser.MainActivity)/@0x8babb49 - animation-leash of starting_reveal)/@0x34ed16f
05-12 19:58:40.968  1216  1247 I Pageboost: Launch time gathered : pid 19819 com.example.audioanalyser 5600
05-12 19:58:41.004  1216  4029 D WindowManager: updateSystemBarAttributes: displayId=0, win=Window{585c5c4 u0 com.example.audioanalyser/com.example.audioanalyser.MainActivity}, navColorWin=Window{dcaa7cb u0 Splash Screen com.example.audioanalyser}, focusedCanBeNavColorWin=false, behavior=1, appearance=0, statusBarAppearanceRegions=[AppearanceRegion{ bounds=[0,0][720,1600]}], requestedVisibilities=, from=com.android.server.wm.DisplayPolicy.finishPostLayoutPolicyLw:2527 com.android.server.wm.DisplayContent.applySurfaceChangesTransaction:5713 com.android.server.wm.RootWindowContainer.applySurfaceChangesTransaction:1234 
05-12 19:58:41.093  1216  2371 D WindowManager: Starting window removed Window{dcaa7cb u0 Splash Screen com.example.audioanalyser}
05-12 19:58:41.093  1216  2371 I WindowManager: Cancelling animation restarting=false, leash=Surface(name=Surface(name=585c5c4 com.example.audioanalyser/com.example.audioanalyser.MainActivity)/@0x8babb49 - animation-leash of starting_reveal)/@0x34ed16f
05-12 19:58:41.093  1216  2371 I WindowManager: Reparenting to original parent: Surface(name=ActivityRecord{30cea90 u0 com.example.audioanalyser/.MainActivity} t355})/@0x82c4e, destroy=false, surface=Surface(name=585c5c4 com.example.audioanalyser/com.example.audioanalyser.MainActivity)/@0x8babb49
05-12 19:58:41.110  1216  2371 V WindowManager: Remove Window{dcaa7cb u0 Splash Screen com.example.audioanalyser}: mSurfaceController=Surface(name=Splash Screen com.example.audioanalyser$_1902)/@0xcc5e3c5 mAnimatingExit=false mRemoveOnExit=false mHasSurface=true surfaceShowing=false animating=false app-animation=false mWillReplaceWindow=false mDisplayFrozen=false callers=com.android.server.wm.WindowState.removeIfPossible:3041 com.android.server.wm.WindowManagerService.removeWindow:2289 com.android.server.wm.Session.remove:236 android.view.IWindowSession$Stub.onTransact:743 com.android.server.wm.Session.onTransact:188 android.os.Binder.execTransactInternal:1321 
05-12 19:58:41.115  1216  2371 I WindowManager: Destroying surface Surface(name=Splash Screen com.example.audioanalyser$_1902)/@0xcc5e3c5 called by com.android.server.wm.WindowStateAnimator.destroySurface:942 com.android.server.wm.WindowStateAnimator.destroySurfaceLocked:536 com.android.server.wm.WindowState.removeImmediately:2969 com.android.server.wm.WindowState.removeIfPossible:3228 com.android.server.wm.WindowState.removeIfPossible:3041 com.android.server.wm.WindowManagerService.removeWindow:2289 com.android.server.wm.Session.remove:236 android.view.IWindowSession$Stub.onTransact:743 
05-12 19:58:41.310  1216  2201 D MdnieScenarioControlService:  packageName : com.example.audioanalyser    className : com.example.audioanalyser.MainActivity
05-12 19:58:41.843  1216  6468 D SGM:GameManager: identifyGamePackage. com.example.audioanalyser, mCurrentUserId: 0, callerUserId: 0, callingMethodInfo: com.android.server.ssrm.SortingMachine.isGame(SortingMachine.java:162)
05-12 19:58:41.843  1216  6468 D SGM:PkgDataHelper: getGamePkgData(). com.example.audioanalyser
05-12 19:58:43.773  1216  3612 D SGM:GameManager: identifyForegroundApp. com.example.audioanalyser, mCurrentUserId: 0, callerUserId: 0
05-12 19:58:43.773  1216  3612 D SGM:PkgDataHelper: getGamePkgData(). com.example.audioanalyser
05-12 19:58:48.866  1216  1465 V WindowManager: Changing focus from Window{585c5c4 u0 com.example.audioanalyser/com.example.audioanalyser.MainActivity} to Window{833a442 u0 com.example.audioanalyser/com.example.audioanalyser.MainActivity} displayId=0 Callers=com.android.server.wm.RootWindowContainer.updateFocusedWindowLocked:595 com.android.server.wm.WindowManagerService.updateFocusedWindowLocked:6810 com.android.server.wm.WindowManagerService.addWindow:2054 com.android.server.wm.Session.addToDisplayAsUser:222 
05-12 19:58:48.866  1216  1465 D MARsPolicyManager: onPackageResumedFG pkgName = com.example.audioanalyser, userId = 0
05-12 19:58:48.876  1216  1239 D CoreBackPreview: Window{833a442 u0 com.example.audioanalyser/com.example.audioanalyser.MainActivity}: Setting back callback OnBackInvokedCallbackInfo{mCallback=android.window.IOnBackInvokedCallback$Stub$Proxy@7e44ebc, mPriority=0}
05-12 19:58:50.256  1216  2724 D WindowManager: makeSurface duration=2 name=com.example.audioanalyser/com.example.audioanalyser.MainActivity$_19819
05-12 19:58:50.672  1216  2970 D WindowManager: finishDrawingWindow: Window{833a442 u0 com.example.audioanalyser/com.example.audioanalyser.MainActivity} mDrawState=DRAW_PENDING seqId=0
05-12 19:58:50.676  1216  1251 V WindowManager: performShowLocked: mDrawState=HAS_DRAWN in Window{833a442 u0 com.example.audioanalyser/com.example.audioanalyser.MainActivity}
05-12 19:58:50.680  1216  1251 D ActivityTaskManager: mStartingWindow and mStartingData is null for token=ActivityRecord{30cea90 u0 com.example.audioanalyser/.MainActivity} t355}
05-12 19:58:52.442  1216  1216 D SGM:GameManager: identifyGamePackage. com.example.audioanalyser, mCurrentUserId: 0, callerUserId: 0, callingMethodInfo: com.android.server.ssrm.fgapps.GameAppUtils.isGame(GameAppUtils.java:84)
05-12 19:58:52.442  1216  1216 D SGM:PkgDataHelper: getGamePkgData(). com.example.audioanalyser
05-12 19:58:52.444  1216  1216 D SGM:GameManager: identifyGamePackage. com.example.audioanalyser, mCurrentUserId: 0, callerUserId: 0, callingMethodInfo: com.android.server.ssrm.fgapps.GameAppUtils.isGame(GameAppUtils.java:84)
05-12 19:58:52.444  1216  1216 D SGM:PkgDataHelper: getGamePkgData(). com.example.audioanalyser
05-12 19:58:53.516  1216  1216 D SGM:GameManager: identifyGamePackage. com.example.audioanalyser, mCurrentUserId: 0, callerUserId: 0, callingMethodInfo: com.android.server.ssrm.fgapps.GameAppUtils.isGame(GameAppUtils.java:84)
05-12 19:58:53.516  1216  1216 D SGM:PkgDataHelper: getGamePkgData(). com.example.audioanalyser
05-12 19:58:53.518  1216  1216 D SGM:GameManager: identifyGamePackage. com.example.audioanalyser, mCurrentUserId: 0, callerUserId: 0, callingMethodInfo: com.android.server.ssrm.fgapps.GameAppUtils.isGame(GameAppUtils.java:84)
05-12 19:58:53.518  1216  1216 D SGM:PkgDataHelper: getGamePkgData(). com.example.audioanalyser
05-12 19:58:54.931  1216  1216 D SGM:GameManager: identifyGamePackage. com.example.audioanalyser, mCurrentUserId: 0, callerUserId: 0, callingMethodInfo: com.android.server.ssrm.fgapps.GameAppUtils.isGame(GameAppUtils.java:84)
05-12 19:58:54.931  1216  1216 D SGM:PkgDataHelper: getGamePkgData(). com.example.audioanalyser
05-12 19:58:54.932  1216  1216 D SGM:GameManager: identifyGamePackage. com.example.audioanalyser, mCurrentUserId: 0, callerUserId: 0, callingMethodInfo: com.android.server.ssrm.fgapps.GameAppUtils.isGame(GameAppUtils.java:84)
05-12 19:58:54.933  1216  1216 D SGM:PkgDataHelper: getGamePkgData(). com.example.audioanalyser
05-12 19:59:00.329  1216  1216 D SGM:GameManager: identifyGamePackage. com.example.audioanalyser, mCurrentUserId: 0, callerUserId: 0, callingMethodInfo: com.android.server.ssrm.fgapps.GameAppUtils.isGame(GameAppUtils.java:84)
05-12 19:59:00.329  1216  1216 D SGM:PkgDataHelper: getGamePkgData(). com.example.audioanalyser
05-12 19:59:00.331  1216  1216 D SGM:GameManager: identifyGamePackage. com.example.audioanalyser, mCurrentUserId: 0, callerUserId: 0, callingMethodInfo: com.android.server.ssrm.fgapps.GameAppUtils.isGame(GameAppUtils.java:84)
05-12 19:59:00.331  1216  1216 D SGM:PkgDataHelper: getGamePkgData(). com.example.audioanalyser
05-12 19:59:00.431  1216  2970 D SGM:GameManager: identifyForegroundApp. com.example.audioanalyser, mCurrentUserId: 0, callerUserId: 0
05-12 19:59:00.431  1216  2970 D SGM:PkgDataHelper: getGamePkgData(). com.example.audioanalyser
05-12 19:59:03.009  1216  1216 D SGM:GameManager: identifyGamePackage. com.example.audioanalyser, mCurrentUserId: 0, callerUserId: 0, callingMethodInfo: com.android.server.ssrm.fgapps.GameAppUtils.isGame(GameAppUtils.java:84)
05-12 19:59:03.009  1216  1216 D SGM:PkgDataHelper: getGamePkgData(). com.example.audioanalyser
05-12 19:59:03.010  1216  1216 D SGM:GameManager: identifyGamePackage. com.example.audioanalyser, mCurrentUserId: 0, callerUserId: 0, callingMethodInfo: com.android.server.ssrm.fgapps.GameAppUtils.isGame(GameAppUtils.java:84)
05-12 19:59:03.010  1216  1216 D SGM:PkgDataHelper: getGamePkgData(). com.example.audioanalyser
05-12 19:59:04.689  1216  2370 D CoreBackPreview: Window{833a442 u0 com.example.audioanalyser/com.example.audioanalyser.MainActivity}: Setting back callback null
05-12 19:59:04.891  1216  2370 V WindowManager: Remove Window{833a442 u0 com.example.audioanalyser/com.example.audioanalyser.MainActivity}: mSurfaceController=Surface(name=com.example.audioanalyser/com.example.audioanalyser.MainActivity$_19819)/@0x5c82817 mAnimatingExit=false mRemoveOnExit=false mHasSurface=true surfaceShowing=true animating=false app-animation=false mWillReplaceWindow=false mDisplayFrozen=false callers=com.android.server.wm.WindowState.removeIfPossible:3041 com.android.server.wm.WindowManagerService.removeWindow:2289 com.android.server.wm.Session.remove:236 android.view.IWindowSession$Stub.onTransact:743 com.android.server.wm.Session.onTransact:188 android.os.Binder.execTransactInternal:1316 
05-12 19:59:04.891  1216  2370 I WindowManager: Destroying surface Surface(name=com.example.audioanalyser/com.example.audioanalyser.MainActivity$_19819)/@0x5c82817 called by com.android.server.wm.WindowStateAnimator.destroySurface:942 com.android.server.wm.WindowStateAnimator.destroySurfaceLocked:536 com.android.server.wm.WindowState.removeImmediately:2969 com.android.server.wm.WindowState.removeIfPossible:3228 com.android.server.wm.WindowState.removeIfPossible:3041 com.android.server.wm.WindowManagerService.removeWindow:2289 com.android.server.wm.Session.remove:236 android.view.IWindowSession$Stub.onTransact:743 
05-12 19:59:04.904  1216  2370 V WindowManager: Changing focus from Window{833a442 u0 com.example.audioanalyser/com.example.audioanalyser.MainActivity} to Window{585c5c4 u0 com.example.audioanalyser/com.example.audioanalyser.MainActivity} displayId=0 Callers=com.android.server.wm.RootWindowContainer.updateFocusedWindowLocked:595 com.android.server.wm.WindowManagerService.updateFocusedWindowLocked:6810 com.android.server.wm.WindowState.removeIfPossible:3237 com.android.server.wm.WindowState.removeIfPossible:3041 
05-12 19:59:04.904  1216  2370 D MARsPolicyManager: onPackageResumedFG pkgName = com.example.audioanalyser, userId = 0
05-12 19:59:18.999  1216  1248 D WindowManager: requestTransientBars: swipeTarget=Window{36f295d u0 StatusBar}, controlTarget=Window{585c5c4 u0 com.example.audioanalyser/com.example.audioanalyser.MainActivity}, canShowTransient=false, restorePositionTypes=0x3, from=com.android.server.wm.DisplayPolicy.-$$Nest$mrequestTransientBars:0 com.android.server.wm.DisplayPolicy$1.onSwipeFromTop:597 
05-12 19:59:19.097  1216  1216 D SGM:GameManager: identifyGamePackage. com.example.audioanalyser, mCurrentUserId: 0, callerUserId: 0, callingMethodInfo: com.android.server.ssrm.fgapps.GameAppUtils.isGame(GameAppUtils.java:84)
05-12 19:59:19.097  1216  1216 D SGM:PkgDataHelper: getGamePkgData(). com.example.audioanalyser
05-12 19:59:19.098  1216  1216 D SGM:GameManager: identifyGamePackage. com.example.audioanalyser, mCurrentUserId: 0, callerUserId: 0, callingMethodInfo: com.android.server.ssrm.fgapps.GameAppUtils.isGame(GameAppUtils.java:84)
05-12 19:59:19.098  1216  1216 D SGM:PkgDataHelper: getGamePkgData(). com.example.audioanalyser
05-12 19:59:19.177  1216  3667 V WindowManager: Changing focus from Window{585c5c4 u0 com.example.audioanalyser/com.example.audioanalyser.MainActivity} to Window{4d93e7a u0 NotificationShade} displayId=0 Callers=com.android.server.wm.RootWindowContainer.updateFocusedWindowLocked:595 com.android.server.wm.WindowManagerService.updateFocusedWindowLocked:6810 com.android.server.wm.WindowManagerService.relayoutWindow:2820 com.android.server.wm.Session.relayout:274 
05-12 19:59:19.182  1216  3667 D WindowManager: updateSystemBarAttributes: displayId=0, win=Window{4d93e7a u0 NotificationShade}, navColorWin=Window{585c5c4 u0 com.example.audioanalyser/com.example.audioanalyser.MainActivity}, focusedCanBeNavColorWin=false, behavior=2, appearance=0, statusBarAppearanceRegions=[AppearanceRegion{ bounds=[0,0][720,1600]}], requestedVisibilities=ITYPE_NAVIGATION_BAR: visible, ITYPE_IME: invisible, ITYPE_EXTRA_NAVIGATION_BAR: visible, ITYPE_LOCAL_NAVIGATION_BAR_1: visible, ITYPE_LOCAL_NAVIGATION_BAR_2: visible, from=com.android.server.wm.DisplayPolicy.focusChangedLw:3247 com.android.server.wm.DisplayContent.updateFocusedWindowLocked:4632 com.android.server.wm.RootWindowContainer.updateFocusedWindowLocked:595 
05-12 19:59:27.176  1216  1216 D SGM:GameManager: identifyGamePackage. com.example.audioanalyser, mCurrentUserId: 0, callerUserId: 0, callingMethodInfo: com.android.server.ssrm.fgapps.GameAppUtils.isGame(GameAppUtils.java:84)
05-12 19:59:27.177  1216  1216 D SGM:PkgDataHelper: getGamePkgData(). com.example.audioanalyser
05-12 19:59:27.178  1216  1216 D SGM:GameManager: identifyGamePackage. com.example.audioanalyser, mCurrentUserId: 0, callerUserId: 0, callingMethodInfo: com.android.server.ssrm.fgapps.GameAppUtils.isGame(GameAppUtils.java:84)
05-12 19:59:27.178  1216  1216 D SGM:PkgDataHelper: getGamePkgData(). com.example.audioanalyser
05-12 19:59:27.926  1216  1216 D SGM:GameManager: identifyGamePackage. com.example.audioanalyser, mCurrentUserId: 0, callerUserId: 0, callingMethodInfo: com.android.server.ssrm.fgapps.GameAppUtils.isGame(GameAppUtils.java:84)
05-12 19:59:27.926  1216  1216 D SGM:PkgDataHelper: getGamePkgData(). com.example.audioanalyser
05-12 19:59:27.927  1216  1216 D SGM:GameManager: identifyGamePackage. com.example.audioanalyser, mCurrentUserId: 0, callerUserId: 0, callingMethodInfo: com.android.server.ssrm.fgapps.GameAppUtils.isGame(GameAppUtils.java:84)
05-12 19:59:27.927  1216  1216 D SGM:PkgDataHelper: getGamePkgData(). com.example.audioanalyser
05-12 19:59:28.270  1216  2370 V WindowManager: Changing focus from Window{4d93e7a u0 NotificationShade} to Window{585c5c4 u0 com.example.audioanalyser/com.example.audioanalyser.MainActivity} displayId=0 Callers=com.android.server.wm.RootWindowContainer.updateFocusedWindowLocked:595 com.android.server.wm.WindowManagerService.updateFocusedWindowLocked:6810 com.android.server.wm.WindowManagerService.relayoutWindow:2820 com.android.server.wm.Session.relayout:274 
05-12 19:59:28.270  1216  2370 D MARsPolicyManager: onPackageResumedFG pkgName = com.example.audioanalyser, userId = 0
05-12 19:59:28.276  1216  2370 D WindowManager: updateSystemBarAttributes: displayId=0, win=Window{585c5c4 u0 com.example.audioanalyser/com.example.audioanalyser.MainActivity}, navColorWin=Window{585c5c4 u0 com.example.audioanalyser/com.example.audioanalyser.MainActivity}, focusedCanBeNavColorWin=false, behavior=1, appearance=0, statusBarAppearanceRegions=[AppearanceRegion{ bounds=[0,0][720,1600]}], requestedVisibilities=, from=com.android.server.wm.DisplayPolicy.focusChangedLw:3247 com.android.server.wm.DisplayContent.updateFocusedWindowLocked:4632 com.android.server.wm.RootWindowContainer.updateFocusedWindowLocked:595 
05-12 19:59:37.889  1216  1465 V WindowManager: Changing focus from Window{585c5c4 u0 com.example.audioanalyser/com.example.audioanalyser.MainActivity} to Window{73001e3 u0 com.example.audioanalyser/com.example.audioanalyser.MainActivity} displayId=0 Callers=com.android.server.wm.RootWindowContainer.updateFocusedWindowLocked:595 com.android.server.wm.WindowManagerService.updateFocusedWindowLocked:6810 com.android.server.wm.WindowManagerService.addWindow:2054 com.android.server.wm.Session.addToDisplayAsUser:222 
05-12 19:59:37.889  1216  1465 D MARsPolicyManager: onPackageResumedFG pkgName = com.example.audioanalyser, userId = 0
05-12 19:59:37.898  1216  1465 D CoreBackPreview: Window{73001e3 u0 com.example.audioanalyser/com.example.audioanalyser.MainActivity}: Setting back callback OnBackInvokedCallbackInfo{mCallback=android.window.IOnBackInvokedCallback$Stub$Proxy@8891755, mPriority=0}
05-12 19:59:39.281  1216  1465 D WindowManager: makeSurface duration=1 name=com.example.audioanalyser/com.example.audioanalyser.MainActivity$_19819
05-12 19:59:39.551  1216  3608 D WindowManager: finishDrawingWindow: Window{73001e3 u0 com.example.audioanalyser/com.example.audioanalyser.MainActivity} mDrawState=DRAW_PENDING seqId=0
05-12 19:59:39.555  1216  1251 V WindowManager: performShowLocked: mDrawState=HAS_DRAWN in Window{73001e3 u0 com.example.audioanalyser/com.example.audioanalyser.MainActivity}
05-12 19:59:39.560  1216  1251 D ActivityTaskManager: mStartingWindow and mStartingData is null for token=ActivityRecord{30cea90 u0 com.example.audioanalyser/.MainActivity} t355}
05-12 19:59:42.962  1216  1216 D SGM:GameManager: identifyGamePackage. com.example.audioanalyser, mCurrentUserId: 0, callerUserId: 0, callingMethodInfo: com.android.server.ssrm.fgapps.GameAppUtils.isGame(GameAppUtils.java:84)
05-12 19:59:42.962  1216  1216 D SGM:PkgDataHelper: getGamePkgData(). com.example.audioanalyser
05-12 19:59:42.963  1216  1216 D SGM:GameManager: identifyGamePackage. com.example.audioanalyser, mCurrentUserId: 0, callerUserId: 0, callingMethodInfo: com.android.server.ssrm.fgapps.GameAppUtils.isGame(GameAppUtils.java:84)
05-12 19:59:42.963  1216  1216 D SGM:PkgDataHelper: getGamePkgData(). com.example.audioanalyser
05-12 19:59:43.861  1216  1216 D SGM:GameManager: identifyGamePackage. com.example.audioanalyser, mCurrentUserId: 0, callerUserId: 0, callingMethodInfo: com.android.server.ssrm.fgapps.GameAppUtils.isGame(GameAppUtils.java:84)
05-12 19:59:43.861  1216  1216 D SGM:PkgDataHelper: getGamePkgData(). com.example.audioanalyser
05-12 19:59:43.863  1216  1216 D SGM:GameManager: identifyGamePackage. com.example.audioanalyser, mCurrentUserId: 0, callerUserId: 0, callingMethodInfo: com.android.server.ssrm.fgapps.GameAppUtils.isGame(GameAppUtils.java:84)
05-12 19:59:43.863  1216  1216 D SGM:PkgDataHelper: getGamePkgData(). com.example.audioanalyser
05-12 19:59:51.556  1216  1216 D SGM:GameManager: identifyGamePackage. com.example.audioanalyser, mCurrentUserId: 0, callerUserId: 0, callingMethodInfo: com.android.server.ssrm.fgapps.GameAppUtils.isGame(GameAppUtils.java:84)
05-12 19:59:51.556  1216  1216 D SGM:PkgDataHelper: getGamePkgData(). com.example.audioanalyser
05-12 19:59:51.557  1216  1216 D SGM:GameManager: identifyGamePackage. com.example.audioanalyser, mCurrentUserId: 0, callerUserId: 0, callingMethodInfo: com.android.server.ssrm.fgapps.GameAppUtils.isGame(GameAppUtils.java:84)
05-12 19:59:51.557  1216  1216 D SGM:PkgDataHelper: getGamePkgData(). com.example.audioanalyser
05-12 19:59:52.838  1216  1216 D SGM:GameManager: identifyGamePackage. com.example.audioanalyser, mCurrentUserId: 0, callerUserId: 0, callingMethodInfo: com.android.server.ssrm.fgapps.GameAppUtils.isGame(GameAppUtils.java:84)
05-12 19:59:52.838  1216  1216 D SGM:PkgDataHelper: getGamePkgData(). com.example.audioanalyser
05-12 19:59:52.839  1216  1216 D SGM:GameManager: identifyGamePackage. com.example.audioanalyser, mCurrentUserId: 0, callerUserId: 0, callingMethodInfo: com.android.server.ssrm.fgapps.GameAppUtils.isGame(GameAppUtils.java:84)
05-12 19:59:52.839  1216  1216 D SGM:PkgDataHelper: getGamePkgData(). com.example.audioanalyser
05-12 19:59:53.517  1216  1988 D CoreBackPreview: Window{73001e3 u0 com.example.audioanalyser/com.example.audioanalyser.MainActivity}: Setting back callback null
05-12 19:59:53.670  1216  1988 V WindowManager: Remove Window{73001e3 u0 com.example.audioanalyser/com.example.audioanalyser.MainActivity}: mSurfaceController=Surface(name=com.example.audioanalyser/com.example.audioanalyser.MainActivity$_19819)/@0x22a5a46 mAnimatingExit=false mRemoveOnExit=false mHasSurface=true surfaceShowing=true animating=false app-animation=false mWillReplaceWindow=false mDisplayFrozen=false callers=com.android.server.wm.WindowState.removeIfPossible:3041 com.android.server.wm.WindowManagerService.removeWindow:2289 com.android.server.wm.Session.remove:236 android.view.IWindowSession$Stub.onTransact:743 com.android.server.wm.Session.onTransact:188 android.os.Binder.execTransactInternal:1316 
05-12 19:59:53.670  1216  1988 I WindowManager: Destroying surface Surface(name=com.example.audioanalyser/com.example.audioanalyser.MainActivity$_19819)/@0x22a5a46 called by com.android.server.wm.WindowStateAnimator.destroySurface:942 com.android.server.wm.WindowStateAnimator.destroySurfaceLocked:536 com.android.server.wm.WindowState.removeImmediately:2969 com.android.server.wm.WindowState.removeIfPossible:3228 com.android.server.wm.WindowState.removeIfPossible:3041 com.android.server.wm.WindowManagerService.removeWindow:2289 com.android.server.wm.Session.remove:236 android.view.IWindowSession$Stub.onTransact:743 
05-12 19:59:53.679  1216  1988 V WindowManager: Changing focus from Window{73001e3 u0 com.example.audioanalyser/com.example.audioanalyser.MainActivity} to Window{585c5c4 u0 com.example.audioanalyser/com.example.audioanalyser.MainActivity} displayId=0 Callers=com.android.server.wm.RootWindowContainer.updateFocusedWindowLocked:595 com.android.server.wm.WindowManagerService.updateFocusedWindowLocked:6810 com.android.server.wm.WindowState.removeIfPossible:3237 com.android.server.wm.WindowState.removeIfPossible:3041 
05-12 19:59:53.679  1216  1988 D MARsPolicyManager: onPackageResumedFG pkgName = com.example.audioanalyser, userId = 0
05-12 20:01:00.426  1216  1348 D SGM:GameManager: identifyForegroundApp. com.example.audioanalyser, mCurrentUserId: 0, callerUserId: 0
05-12 20:01:00.426  1216  1348 D SGM:PkgDataHelper: getGamePkgData(). com.example.audioanalyser
05-12 20:01:05.635  1216  1216 D SGM:GameManager: identifyGamePackage. com.example.audioanalyser, mCurrentUserId: 0, callerUserId: 0, callingMethodInfo: com.android.server.ssrm.fgapps.GameAppUtils.isGame(GameAppUtils.java:84)
05-12 20:01:05.635  1216  1216 D SGM:PkgDataHelper: getGamePkgData(). com.example.audioanalyser
05-12 20:01:05.636  1216  1216 D SGM:GameManager: identifyGamePackage. com.example.audioanalyser, mCurrentUserId: 0, callerUserId: 0, callingMethodInfo: com.android.server.ssrm.fgapps.GameAppUtils.isGame(GameAppUtils.java:84)
05-12 20:01:05.636  1216  1216 D SGM:PkgDataHelper: getGamePkgData(). com.example.audioanalyser
05-12 20:01:05.711  1216  5125 V WindowManager: Changing focus from Window{585c5c4 u0 com.example.audioanalyser/com.example.audioanalyser.MainActivity} to Window{1a5c29 u0 com.example.audioanalyser/com.example.audioanalyser.MainActivity} displayId=0 Callers=com.android.server.wm.RootWindowContainer.updateFocusedWindowLocked:595 com.android.server.wm.WindowManagerService.updateFocusedWindowLocked:6810 com.android.server.wm.WindowManagerService.addWindow:2054 com.android.server.wm.Session.addToDisplayAsUser:222 
05-12 20:01:05.711  1216  5125 D MARsPolicyManager: onPackageResumedFG pkgName = com.example.audioanalyser, userId = 0
05-12 20:01:05.721  1216  5125 D CoreBackPreview: Window{1a5c29 u0 com.example.audioanalyser/com.example.audioanalyser.MainActivity}: Setting back callback OnBackInvokedCallbackInfo{mCallback=android.window.IOnBackInvokedCallback$Stub$Proxy@f50af6b, mPriority=0}
05-12 20:01:06.284  1216  5125 D WindowManager: makeSurface duration=2 name=com.example.audioanalyser/com.example.audioanalyser.MainActivity$_19819
05-12 20:01:06.480  1216  5125 D WindowManager: finishDrawingWindow: Window{1a5c29 u0 com.example.audioanalyser/com.example.audioanalyser.MainActivity} mDrawState=DRAW_PENDING seqId=0
05-12 20:01:06.485  1216  1251 V WindowManager: performShowLocked: mDrawState=HAS_DRAWN in Window{1a5c29 u0 com.example.audioanalyser/com.example.audioanalyser.MainActivity}
05-12 20:01:06.495  1216  1251 D ActivityTaskManager: mStartingWindow and mStartingData is null for token=ActivityRecord{30cea90 u0 com.example.audioanalyser/.MainActivity} t355}
05-12 20:01:11.265  1216  1216 D SGM:GameManager: identifyGamePackage. com.example.audioanalyser, mCurrentUserId: 0, callerUserId: 0, callingMethodInfo: com.android.server.ssrm.fgapps.GameAppUtils.isGame(GameAppUtils.java:84)
05-12 20:01:11.265  1216  1216 D SGM:PkgDataHelper: getGamePkgData(). com.example.audioanalyser
05-12 20:01:11.267  1216  1216 D SGM:GameManager: identifyGamePackage. com.example.audioanalyser, mCurrentUserId: 0, callerUserId: 0, callingMethodInfo: com.android.server.ssrm.fgapps.GameAppUtils.isGame(GameAppUtils.java:84)
05-12 20:01:11.267  1216  1216 D SGM:PkgDataHelper: getGamePkgData(). com.example.audioanalyser
05-12 20:01:12.978  1216  1216 D SGM:GameManager: identifyGamePackage. com.example.audioanalyser, mCurrentUserId: 0, callerUserId: 0, callingMethodInfo: com.android.server.ssrm.fgapps.GameAppUtils.isGame(GameAppUtils.java:84)
05-12 20:01:12.978  1216  1216 D SGM:PkgDataHelper: getGamePkgData(). com.example.audioanalyser
05-12 20:01:12.980  1216  1216 D SGM:GameManager: identifyGamePackage. com.example.audioanalyser, mCurrentUserId: 0, callerUserId: 0, callingMethodInfo: com.android.server.ssrm.fgapps.GameAppUtils.isGame(GameAppUtils.java:84)
05-12 20:01:12.980  1216  1216 D SGM:PkgDataHelper: getGamePkgData(). com.example.audioanalyser
05-12 20:01:16.926  1216  1216 D SGM:GameManager: identifyGamePackage. com.example.audioanalyser, mCurrentUserId: 0, callerUserId: 0, callingMethodInfo: com.android.server.ssrm.fgapps.GameAppUtils.isGame(GameAppUtils.java:84)
05-12 20:01:16.926  1216  1216 D SGM:PkgDataHelper: getGamePkgData(). com.example.audioanalyser
05-12 20:01:16.927  1216  1216 D SGM:GameManager: identifyGamePackage. com.example.audioanalyser, mCurrentUserId: 0, callerUserId: 0, callingMethodInfo: com.android.server.ssrm.fgapps.GameAppUtils.isGame(GameAppUtils.java:84)
05-12 20:01:16.927  1216  1216 D SGM:PkgDataHelper: getGamePkgData(). com.example.audioanalyser
05-12 20:01:21.437  1216  2371 V WindowManager: Changing focus from Window{1a5c29 u0 com.example.audioanalyser/com.example.audioanalyser.MainActivity} to Window{e438ab8 u0 com.example.audioanalyser/com.example.audioanalyser.MainActivity} displayId=0 Callers=com.android.server.wm.RootWindowContainer.updateFocusedWindowLocked:595 com.android.server.wm.WindowManagerService.updateFocusedWindowLocked:6810 com.android.server.wm.WindowManagerService.addWindow:2054 com.android.server.wm.Session.addToDisplayAsUser:222 
05-12 20:01:21.438  1216  2371 D MARsPolicyManager: onPackageResumedFG pkgName = com.example.audioanalyser, userId = 0
05-12 20:01:21.448  1216  2371 D CoreBackPreview: Window{e438ab8 u0 com.example.audioanalyser/com.example.audioanalyser.MainActivity}: Setting back callback OnBackInvokedCallbackInfo{mCallback=android.window.IOnBackInvokedCallback$Stub$Proxy@4159182, mPriority=0}
05-12 20:01:22.386  1216  2371 D WindowManager: makeSurface duration=1 name=com.example.audioanalyser/com.example.audioanalyser.MainActivity$_19819
05-12 20:01:22.621  1216  5125 D WindowManager: finishDrawingWindow: Window{e438ab8 u0 com.example.audioanalyser/com.example.audioanalyser.MainActivity} mDrawState=DRAW_PENDING seqId=0
05-12 20:01:22.632  1216  1251 I WindowManager: Reparenting to leash, surface=Surface(name=e438ab8 com.example.audioanalyser/com.example.audioanalyser.MainActivity)/@0x9fbfea6, leashParent=Surface(name=ActivityRecord{30cea90 u0 com.example.audioanalyser/.MainActivity} t355})/@0x82c4e
05-12 20:01:22.633  1216  1251 D WindowManager: makeSurface duration=1 leash=Surface(name=Surface(name=e438ab8 com.example.audioanalyser/com.example.audioanalyser.MainActivity)/@0x9fbfea6 - animation-leash of window_animation)/@0x24630e7
05-12 20:01:22.635  1216  1251 V WindowManager: performShowLocked: mDrawState=HAS_DRAWN in Window{e438ab8 u0 com.example.audioanalyser/com.example.audioanalyser.MainActivity}
05-12 20:01:22.644  1216  1251 D ActivityTaskManager: mStartingWindow and mStartingData is null for token=ActivityRecord{30cea90 u0 com.example.audioanalyser/.MainActivity} t355}
05-12 20:01:22.882  1216  1251 I WindowManager: Reparenting to original parent: Surface(name=ActivityRecord{30cea90 u0 com.example.audioanalyser/.MainActivity} t355})/@0x82c4e, destroy=true, surface=Surface(name=e438ab8 com.example.audioanalyser/com.example.audioanalyser.MainActivity)/@0x9fbfea6
05-12 20:01:26.652  1216  1216 D SGM:GameManager: identifyGamePackage. com.example.audioanalyser, mCurrentUserId: 0, callerUserId: 0, callingMethodInfo: com.android.server.ssrm.fgapps.GameAppUtils.isGame(GameAppUtils.java:84)
05-12 20:01:26.652  1216  1216 D SGM:PkgDataHelper: getGamePkgData(). com.example.audioanalyser
05-12 20:01:26.654  1216  1216 D SGM:GameManager: identifyGamePackage. com.example.audioanalyser, mCurrentUserId: 0, callerUserId: 0, callingMethodInfo: com.android.server.ssrm.fgapps.GameAppUtils.isGame(GameAppUtils.java:84)
05-12 20:01:26.654  1216  1216 D SGM:PkgDataHelper: getGamePkgData(). com.example.audioanalyser
05-12 20:01:26.710  1216  5125 D CoreBackPreview: Window{e438ab8 u0 com.example.audioanalyser/com.example.audioanalyser.MainActivity}: Setting back callback null
05-12 20:01:26.855  1216  5125 V WindowManager: Remove Window{e438ab8 u0 com.example.audioanalyser/com.example.audioanalyser.MainActivity}: mSurfaceController=Surface(name=com.example.audioanalyser/com.example.audioanalyser.MainActivity$_19819)/@0xdc3f8e2 mAnimatingExit=false mRemoveOnExit=false mHasSurface=true surfaceShowing=true animating=false app-animation=false mWillReplaceWindow=false mDisplayFrozen=false callers=com.android.server.wm.WindowState.removeIfPossible:3041 com.android.server.wm.WindowManagerService.removeWindow:2289 com.android.server.wm.Session.remove:236 android.view.IWindowSession$Stub.onTransact:743 com.android.server.wm.Session.onTransact:188 android.os.Binder.execTransactInternal:1316 
05-12 20:01:26.857  1216  5125 I WindowManager: Reparenting to leash, surface=Surface(name=e438ab8 com.example.audioanalyser/com.example.audioanalyser.MainActivity)/@0x9fbfea6, leashParent=Surface(name=ActivityRecord{30cea90 u0 com.example.audioanalyser/.MainActivity} t355})/@0x82c4e
05-12 20:01:26.859  1216  5125 D WindowManager: makeSurface duration=1 leash=Surface(name=Surface(name=e438ab8 com.example.audioanalyser/com.example.audioanalyser.MainActivity)/@0x9fbfea6 - animation-leash of window_animation)/@0x3b317a9
05-12 20:01:26.859  1216  5125 V WindowManager: removeIfPossible 2, Window{e438ab8 u0 com.example.audioanalyser/com.example.audioanalyser.MainActivity}: mAnimatingExit=true caller=com.android.server.wm.WindowState.removeIfPossible:3041 com.android.server.wm.WindowManagerService.removeWindow:2289 com.android.server.wm.Session.remove:236 android.view.IWindowSession$Stub.onTransact:743 com.android.server.wm.Session.onTransact:188 
05-12 20:01:26.866  1216  5125 V WindowManager: Changing focus from Window{e438ab8 u0 com.example.audioanalyser/com.example.audioanalyser.MainActivity EXITING} to Window{1a5c29 u0 com.example.audioanalyser/com.example.audioanalyser.MainActivity} displayId=0 Callers=com.android.server.wm.RootWindowContainer.updateFocusedWindowLocked:595 com.android.server.wm.WindowManagerService.updateFocusedWindowLocked:6810 com.android.server.wm.WindowState.setupWindowForRemoveOnExit:3252 com.android.server.wm.WindowState.removeIfPossible:3220 
05-12 20:01:26.866  1216  5125 D MARsPolicyManager: onPackageResumedFG pkgName = com.example.audioanalyser, userId = 0
05-12 20:01:27.013  1216  1251 I WindowManager: Reparenting to original parent: Surface(name=ActivityRecord{30cea90 u0 com.example.audioanalyser/.MainActivity} t355})/@0x82c4e, destroy=true, surface=Surface(name=e438ab8 com.example.audioanalyser/com.example.audioanalyser.MainActivity)/@0x9fbfea6
05-12 20:01:27.026  1216  1251 E WindowManager: win=Window{e438ab8 u0 com.example.audioanalyser/com.example.audioanalyser.MainActivity EXITING} destroySurfaces: appStopped=false cleanupOnResume=false win.mWindowRemovalAllowed=true win.mRemoveOnExit=true win.mViewVisibility=0 caller=com.android.server.wm.WindowState.onExitAnimationDone:6000 com.android.server.wm.WindowStateAnimator.onAnimationFinished:225 com.android.server.wm.WindowState.onAnimationFinished:6225 com.android.server.wm.WindowContainer$$ExternalSyntheticLambda4.onAnimationFinished:2 com.android.server.wm.SurfaceAnimator.lambda$getFinishedCallback$0:140 com.android.server.wm.SurfaceAnimator.$r8$lambda$lRxTVOJy8fX752UbrFno9INW9hE:0 com.android.server.wm.SurfaceAnimator$$ExternalSyntheticLambda1.run:8 
05-12 20:01:27.026  1216  1251 I WindowManager: Destroying surface Surface(name=com.example.audioanalyser/com.example.audioanalyser.MainActivity$_19819)/@0xdc3f8e2 called by com.android.server.wm.WindowStateAnimator.destroySurface:942 com.android.server.wm.WindowStateAnimator.destroySurfaceLocked:536 com.android.server.wm.WindowState.destroySurfaceUnchecked:4309 com.android.server.wm.WindowState.destroySurface:4283 com.android.server.wm.WindowState.onExitAnimationDone:6000 com.android.server.wm.WindowStateAnimator.onAnimationFinished:225 com.android.server.wm.WindowState.onAnimationFinished:6225 com.android.server.wm.WindowContainer$$ExternalSyntheticLambda4.onAnimationFinished:2 
05-12 20:01:28.604  1216  5125 V WindowManager: Changing focus from Window{1a5c29 u0 com.example.audioanalyser/com.example.audioanalyser.MainActivity} to Window{a4c2fbf u0 com.example.audioanalyser/com.example.audioanalyser.MainActivity} displayId=0 Callers=com.android.server.wm.RootWindowContainer.updateFocusedWindowLocked:595 com.android.server.wm.WindowManagerService.updateFocusedWindowLocked:6810 com.android.server.wm.WindowManagerService.addWindow:2054 com.android.server.wm.Session.addToDisplayAsUser:222 
05-12 20:01:28.604  1216  5125 D MARsPolicyManager: onPackageResumedFG pkgName = com.example.audioanalyser, userId = 0
