05-12 20:38:47.439  1957  2269 E bmsr    : java.lang.OutOfMemoryError: Failed to allocate a 155189264 byte allocation with 25165824 free bytes and 115MB until OOM, target footprint 173001216, growth limit 268435456
05-12 20:38:47.439  1957  2269 E bmsr    : 	at java.lang.AbstractStringBuilder.ensureCapacityInternal(AbstractStringBuilder.java:182)
05-12 20:38:47.439  1957  2269 E bmsr    : 	at java.lang.AbstractStringBuilder.append(AbstractStringBuilder.java:548)
05-12 20:38:47.439  1957  2269 E bmsr    : 	at java.lang.StringBuilder.append(StringBuilder.java:190)
05-12 20:38:47.439  1957  2269 E bmsr    : 	at java.lang.Thread.run(Thread.java:1564)
05-12 20:38:47.444  1957  2269 E Finsky  : kotlinx.coroutines.JobCancellationException: cbqb was cancelled; job=cbqb{Cancelling}@ea3fc89
05-12 20:38:47.535  6664  7100 I NullBinder: NullBinder for android.net.action.RECOMMEND_NETWORKS triggering remote TransactionTooLargeException due to Service without Chimera impl, calling uid: 1000, calling pid: 0
05-12 20:38:48.273  4010  4010 I AndroidRuntime: VM exiting with result code 0, cleanup skipped.
05-12 20:38:50.560  6664  7109 I NullBinder: NullBinder for android.net.action.RECOMMEND_NETWORKS triggering remote TransactionTooLargeException due to Service without Chimera impl, calling uid: 1000, calling pid: 0
05-12 20:38:53.339  1216  5129 W system_server: Long monitor contention with owner PackageManager (1302) at void com.android.server.pm.RemovePackageHelper.removePackageLI(java.lang.String, boolean)(RemovePackageHelper.java:160) waiters=0 in void com.android.server.pm.PackageManagerService$PackageManagerInternalImpl.notifyPackageUse(java.lang.String, int) for 1.296s
05-12 20:38:53.354  1216  3676 W system_server: Long monitor contention with owner PackageManager (1302) at void com.android.server.pm.RemovePackageHelper.removePackageLI(java.lang.String, boolean)(RemovePackageHelper.java:160) waiters=1 in com.android.server.pm.Computer com.android.server.pm.PackageManagerService.snapshotComputer() for 1.309s
05-12 20:38:53.424  1216  3612 W system_server: Long monitor contention with owner binder:1216_1E (5129) at android.content.ComponentName com.android.server.am.ActivityManagerService.startService(android.app.IApplicationThread, android.content.Intent, java.lang.String, boolean, java.lang.String, java.lang.String, int)(ActivityManagerService.java:14950) waiters=2 in void com.android.server.am.ContentProviderHelper.publishContentProviders(android.app.IApplicationThread, java.util.List) for 1.376s
05-12 20:38:53.427  1216  1216 W system_server: Long monitor contention with owner binder:1216_1E (5129) at android.content.ComponentName com.android.server.am.ActivityManagerService.startService(android.app.IApplicationThread, android.content.Intent, java.lang.String, boolean, java.lang.String, java.lang.String, int)(ActivityManagerService.java:14950) waiters=3 in void com.android.server.am.ContentProviderHelper.removeContentProvider(android.os.IBinder, boolean) for 843ms
05-12 20:38:53.431  1216  3619 W system_server: Long monitor contention with owner binder:1216_1E (5129) at android.content.ComponentName com.android.server.am.ActivityManagerService.startService(android.app.IApplicationThread, android.content.Intent, java.lang.String, boolean, java.lang.String, java.lang.String, int)(ActivityManagerService.java:14950) waiters=4 in boolean com.android.server.am.ActivityManagerService.unbindService(android.app.IServiceConnection) for 666ms
05-12 20:38:53.588  6664  1625 E LoadedApk: Exception : java.lang.NullPointerException: Attempt to invoke virtual method 'boolean android.os.Looper.isPerfLogEnable()' on a null object reference
05-12 20:38:53.637  6664  6689 I NullBinder: NullBinder for android.net.action.RECOMMEND_NETWORKS triggering remote TransactionTooLargeException due to Service without Chimera impl, calling uid: 1000, calling pid: 0
05-12 20:38:53.810  1216  1988 W system_server: Long monitor contention with owner PackageManagerBg (1292) at void com.android.server.pm.PackageManagerService.forEachPackageSetting(java.util.function.Consumer)(PackageManagerService.java:8839) waiters=0 in void com.android.server.pm.PackageManagerService$PackageManagerInternalImpl.notifyPackageUse(java.lang.String, int) for 212ms
05-12 20:38:53.829  1216  1302 W system_server: Long monitor contention with owner binder:1216_9 (1988) at android.content.ComponentName com.android.server.am.ActivityManagerService.startService(android.app.IApplicationThread, android.content.Intent, java.lang.String, boolean, java.lang.String, java.lang.String, int)(ActivityManagerService.java:14950) waiters=0 in int com.android.server.am.ActivityManagerService$LocalService.broadcastIntent(android.content.Intent, android.content.IIntentReceiver, java.lang.String[], boolean, int, int[], android.os.Bundle) for 234ms
05-12 20:38:54.529  1216  1799 W SemWifiTransportLayerUtils: getApplicationCategory - IOException com.example.audioanalyser
05-12 20:38:54.529  1216  1799 W System.err: java.io.FileNotFoundException: https://play.google.com/store/apps/details?id=com.example.audioanalyser&hl=en
05-12 20:38:56.623  6664  7106 I NullBinder: NullBinder for android.net.action.RECOMMEND_NETWORKS triggering remote TransactionTooLargeException due to Service without Chimera impl, calling uid: 1000, calling pid: 0
05-12 20:38:57.107  4292  4434 I Finsky:background: [1688] SettingNotFoundException, fall through to G.downloadBytesOverMobileMaximum
05-12 20:38:57.118  4292  4434 I Finsky:background: [1688] SettingNotFoundException, fall through to G.downloadBytesOverMobileRecommended
05-12 20:38:57.217  4292  4498 D ConnectivityManager: StackLog: [android.net.ConnectivityManager.sendRequestForNetwork(ConnectivityManager.java:4740)] [android.net.ConnectivityManager.registerDefaultNetworkCallbackForUid(ConnectivityManager.java:5465)] [android.net.ConnectivityManager.registerDefaultNetworkCallback(ConnectivityManager.java:5432)] [android.net.ConnectivityManager.registerDefaultNetworkCallback(ConnectivityManager.java:5406)] [acfo.call(PG:27)] [bmvi.a(PG:3)] [bmun.run(PG:19)] [bmvj.run(PG:5)] [java.util.concurrent.ThreadPoolExecutor.runWorker(ThreadPoolExecutor.java:1154)] [java.util.concurrent.ThreadPoolExecutor$Worker.run(ThreadPoolExecutor.java:652)] [upg.run(PG:65)] [java.lang.Thread.run(Thread.java:1564)]
05-12 20:38:59.633  6664  7745 I NullBinder: NullBinder for android.net.action.RECOMMEND_NETWORKS triggering remote TransactionTooLargeException due to Service without Chimera impl, calling uid: 1000, calling pid: 0
05-12 20:39:01.581  4596  4622 W ResourcesOffloading: android.content.res.Resources$NotFoundException: Resource ID #0x7f0804ca
05-12 20:39:01.581  4596  4622 W ResourcesOffloading: 	at java.lang.Thread.run(Thread.java:1564)
05-12 20:39:02.653  6664  7745 I NullBinder: NullBinder for android.net.action.RECOMMEND_NETWORKS triggering remote TransactionTooLargeException due to Service without Chimera impl, calling uid: 1000, calling pid: 0
05-12 20:39:03.083  6664  4803 W FontLog : java.lang.IllegalStateException: Cannot perform this operation because the connection pool has been closed.
05-12 20:39:03.083  6664  4803 W FontLog : 	at java.lang.Thread.run(Thread.java:1564)
05-12 20:39:03.484  4596  4756 W android.vending: Long monitor contention with owner BlockingExecutor #1 (4677) at bbfy alhe.b(java.lang.String, bbfy)(PG:192) waiters=0 in bbfy alhe.b(java.lang.String, bbfy) for 995ms
05-12 20:39:03.525  4596  4606 I Finsky  : [1677] SettingNotFoundException, fall through to G.downloadBytesOverMobileMaximum
05-12 20:39:03.533  4596  4606 I Finsky  : [1677] SettingNotFoundException, fall through to G.downloadBytesOverMobileRecommended
05-12 20:39:04.162  4596  4817 W android.vending: Long monitor contention with owner WriteThroughInstallerDataStore (4664) at void abwp.q()(PG:99) waiters=0 in abwd abwp.a(java.lang.String) for 436ms
05-12 20:39:05.675  6664  7745 I NullBinder: NullBinder for android.net.action.RECOMMEND_NETWORKS triggering remote TransactionTooLargeException due to Service without Chimera impl, calling uid: 1000, calling pid: 0
05-12 20:39:11.687  6664  6686 I NullBinder: NullBinder for android.net.action.RECOMMEND_NETWORKS triggering remote TransactionTooLargeException due to Service without Chimera impl, calling uid: 1000, calling pid: 0
05-12 20:39:12.424  4878  4909 I Finsky:background: [1706] SettingNotFoundException, fall through to G.downloadBytesOverMobileMaximum
05-12 20:39:12.426  4878  4909 I Finsky:background: [1706] SettingNotFoundException, fall through to G.downloadBytesOverMobileRecommended
05-12 20:39:12.453  4878  4915 D ConnectivityManager: StackLog: [android.net.ConnectivityManager.sendRequestForNetwork(ConnectivityManager.java:4740)] [android.net.ConnectivityManager.registerDefaultNetworkCallbackForUid(ConnectivityManager.java:5465)] [android.net.ConnectivityManager.registerDefaultNetworkCallback(ConnectivityManager.java:5432)] [android.net.ConnectivityManager.registerDefaultNetworkCallback(ConnectivityManager.java:5406)] [acfo.call(PG:27)] [bmvi.a(PG:3)] [bmun.run(PG:19)] [bmvj.run(PG:5)] [java.util.concurrent.ThreadPoolExecutor.runWorker(ThreadPoolExecutor.java:1154)] [java.util.concurrent.ThreadPoolExecutor$Worker.run(ThreadPoolExecutor.java:652)] [upg.run(PG:65)] [java.lang.Thread.run(Thread.java:1564)]
05-12 20:39:14.716  6664  7098 I NullBinder: NullBinder for android.net.action.RECOMMEND_NETWORKS triggering remote TransactionTooLargeException due to Service without Chimera impl, calling uid: 1000, calling pid: 0
05-12 20:39:16.052  4596  4596 W Finsky  : [2] STU: Failed to get storage stats for package 'com.google.mainline.primary.libs' (1601: Error getting stats: android.content.pm.PackageManager.NameNotFoundException)
05-12 20:39:17.292  4596  4596 W Finsky  : [2] STU: Failed to get storage stats for package 'com.google.android.appsearch' (1601: Error getting stats: android.content.pm.PackageManager.NameNotFoundException)
05-12 20:39:17.337  4596  4596 W Finsky  : [2] STU: Failed to get storage stats for package 'com.google.android.art' (1601: Error getting stats: android.content.pm.PackageManager.NameNotFoundException)
05-12 20:39:17.711  4596  4596 W Finsky  : [2] STU: Failed to get storage stats for package 'com.google.android.mediaprovider' (1601: Error getting stats: android.content.pm.PackageManager.NameNotFoundException)
05-12 20:39:17.867  4596  4596 W Finsky  : [2] STU: Failed to get storage stats for package 'com.google.android.resolv' (1601: Error getting stats: android.content.pm.PackageManager.NameNotFoundException)
05-12 20:39:17.929  4596  4596 W Finsky  : [2] STU: Failed to get storage stats for package 'com.google.android.media' (1601: Error getting stats: android.content.pm.PackageManager.NameNotFoundException)
05-12 20:39:18.256  4596  4596 W Finsky  : [2] STU: Failed to get storage stats for package 'com.google.android.sdkext' (1601: Error getting stats: android.content.pm.PackageManager.NameNotFoundException)
05-12 20:39:18.318  4596  4596 W Finsky  : [2] STU: Failed to get storage stats for package 'com.google.android.adservices' (1601: Error getting stats: android.content.pm.PackageManager.NameNotFoundException)
05-12 20:39:18.318  4596  4596 W Finsky  : [2] STU: Failed to get storage stats for package 'com.google.android.tethering' (1601: Error getting stats: android.content.pm.PackageManager.NameNotFoundException)
05-12 20:39:18.880  4596  4596 W Finsky  : [2] STU: Failed to get storage stats for package 'com.google.android.cellbroadcast' (1601: Error getting stats: android.content.pm.PackageManager.NameNotFoundException)
05-12 20:39:19.931  4596  4596 W Finsky  : [2] STU: Failed to get storage stats for package 'com.google.android.tzdata4' (1601: Error getting stats: android.content.pm.PackageManager.NameNotFoundException)
05-12 20:39:20.045  4596  4596 W Finsky  : [2] STU: Failed to get storage stats for package 'com.google.android.permission' (1601: Error getting stats: android.content.pm.PackageManager.NameNotFoundException)
05-12 20:39:22.551  4878  4982 D ConnectivityManager: StackLog: [android.net.ConnectivityManager.sendRequestForNetwork(ConnectivityManager.java:4740)] [android.net.ConnectivityManager.registerDefaultNetworkCallbackForUid(ConnectivityManager.java:5465)] [android.net.ConnectivityManager.registerDefaultNetworkCallback(ConnectivityManager.java:5432)] [android.net.ConnectivityManager.registerDefaultNetworkCallback(ConnectivityManager.java:5406)] [uym.a(PG:17)] [qiq.ax(PG:1)] [qip.j(PG:2525)] [qip.a(PG:48)] [bzmn.d(PG:10)] [bzmn.a(PG:7)] [bzmm.a(PG:5)] [bzmn.d(PG:10)] [bzmn.a(PG:7)] [uki.a(PG:676)] [bmsm.d(PG:3)] [bmso.run(PG:47)] [java.util.concurrent.ThreadPoolExecutor.runWorker(ThreadPoolExecutor.java:1154)] [java.util.concurrent.ThreadPoolExecutor$Worker.run(ThreadPoolExecutor.java:652)] [upg.run(PG:65)] [java.lang.Thread.run(Thread.java:1564)]
05-12 20:39:22.613  4596  4819 I Finsky  : [1728] Skipped download state update for download 162 on initialize. java.util.concurrent.ExecutionException: com.google.android.finsky.assetmoduleserviceutils.AssetModuleException: Session not found.
05-12 20:39:22.613  4596  4819 I Finsky  : [1728] Skipped download state update for download 166 on initialize. java.util.concurrent.ExecutionException: com.google.android.finsky.assetmoduleserviceutils.AssetModuleException: Session not found.
05-12 20:39:22.613  4596  4819 I Finsky  : [1728] Skipped download state update for download 169 on initialize. java.util.concurrent.ExecutionException: com.google.android.finsky.assetmoduleserviceutils.AssetModuleException: Session not found.
05-12 20:39:22.613  4596  4819 I Finsky  : [1728] Skipped download state update for download 172 on initialize. java.util.concurrent.ExecutionException: com.google.android.finsky.assetmoduleserviceutils.AssetModuleException: Session not found.
05-12 20:39:23.577  4596  4596 W Finsky  : [2] STU: Failed to get storage stats for package 'com.google.android.media.swcodec' (1601: Error getting stats: android.content.pm.PackageManager.NameNotFoundException)
05-12 20:39:24.091  4596  4596 W Finsky  : [2] STU: Failed to get storage stats for package 'com.google.android.adbd' (1601: Error getting stats: android.content.pm.PackageManager.NameNotFoundException)
05-12 20:39:24.138  4596  4596 W Finsky  : [2] STU: Failed to get storage stats for package 'com.google.android.conscrypt' (1601: Error getting stats: android.content.pm.PackageManager.NameNotFoundException)
05-12 20:39:24.325  4596  4596 W Finsky  : [2] STU: Failed to get storage stats for package 'com.google.android.neuralnetworks' (1601: Error getting stats: android.content.pm.PackageManager.NameNotFoundException)
05-12 20:39:38.054  4596  4596 W Finsky  : [2] STU: Failed to get storage stats for package 'com.google.android.ipsec' (1601: Error getting stats: android.content.pm.PackageManager.NameNotFoundException)
05-12 20:39:38.204  4596  4596 W Finsky  : [2] STU: Failed to get storage stats for package 'com.google.android.ondevicepersonalization' (1601: Error getting stats: android.content.pm.PackageManager.NameNotFoundException)
05-12 20:39:38.609  4596  4596 W Finsky  : [2] STU: Failed to get storage stats for package 'com.google.android.extservices' (1601: Error getting stats: android.content.pm.PackageManager.NameNotFoundException)
05-12 20:39:38.809  6664  6689 I NullBinder: NullBinder for android.net.action.RECOMMEND_NETWORKS triggering remote TransactionTooLargeException due to Service without Chimera impl, calling uid: 1000, calling pid: 0
05-12 20:39:38.898  4596  4596 W Finsky  : [2] STU: Failed to get storage stats for package 'com.google.android.os.statsd' (1601: Error getting stats: android.content.pm.PackageManager.NameNotFoundException)
05-12 20:39:39.173  4596  4596 W Finsky  : [2] STU: Failed to get storage stats for package 'com.google.android.scheduling' (1601: Error getting stats: android.content.pm.PackageManager.NameNotFoundException)
05-12 20:39:44.856  6664  7098 I NullBinder: NullBinder for android.net.action.RECOMMEND_NETWORKS triggering remote TransactionTooLargeException due to Service without Chimera impl, calling uid: 1000, calling pid: 0
05-12 20:39:47.874  6664  6686 I NullBinder: NullBinder for android.net.action.RECOMMEND_NETWORKS triggering remote TransactionTooLargeException due to Service without Chimera impl, calling uid: 1000, calling pid: 0
05-12 20:39:56.933  6664  6691 I NullBinder: NullBinder for android.net.action.RECOMMEND_NETWORKS triggering remote TransactionTooLargeException due to Service without Chimera impl, calling uid: 1000, calling pid: 0
05-12 20:40:02.966  6664  7108 I NullBinder: NullBinder for android.net.action.RECOMMEND_NETWORKS triggering remote TransactionTooLargeException due to Service without Chimera impl, calling uid: 1000, calling pid: 0
05-12 20:40:09.003  6664  7745 I NullBinder: NullBinder for android.net.action.RECOMMEND_NETWORKS triggering remote TransactionTooLargeException due to Service without Chimera impl, calling uid: 1000, calling pid: 0
05-12 20:40:18.067  6664  7745 I NullBinder: NullBinder for android.net.action.RECOMMEND_NETWORKS triggering remote TransactionTooLargeException due to Service without Chimera impl, calling uid: 1000, calling pid: 0
05-12 20:40:24.085  6664  7745 I NullBinder: NullBinder for android.net.action.RECOMMEND_NETWORKS triggering remote TransactionTooLargeException due to Service without Chimera impl, calling uid: 1000, calling pid: 0
05-12 20:40:30.109  6664  7098 I NullBinder: NullBinder for android.net.action.RECOMMEND_NETWORKS triggering remote TransactionTooLargeException due to Service without Chimera impl, calling uid: 1000, calling pid: 0
05-12 20:40:33.118  6664  7098 I NullBinder: NullBinder for android.net.action.RECOMMEND_NETWORKS triggering remote TransactionTooLargeException due to Service without Chimera impl, calling uid: 1000, calling pid: 0
05-12 20:40:36.132  6664  7745 I NullBinder: NullBinder for android.net.action.RECOMMEND_NETWORKS triggering remote TransactionTooLargeException due to Service without Chimera impl, calling uid: 1000, calling pid: 0
05-12 20:40:42.163  6664  7098 I NullBinder: NullBinder for android.net.action.RECOMMEND_NETWORKS triggering remote TransactionTooLargeException due to Service without Chimera impl, calling uid: 1000, calling pid: 0
05-12 20:40:43.708  4596  5183 E Finsky  : java.util.concurrent.CancellationException: Task was cancelled.
05-12 20:40:43.708  4596  5183 E Finsky  : 	at java.lang.Thread.run(Thread.java:1564)
05-12 20:40:48.180  6664  7098 I NullBinder: NullBinder for android.net.action.RECOMMEND_NETWORKS triggering remote TransactionTooLargeException due to Service without Chimera impl, calling uid: 1000, calling pid: 0
05-12 20:40:48.929  4596  4659 E bmsr    : java.lang.OutOfMemoryError: Failed to allocate a 155189264 byte allocation with 8388608 free bytes and 116MB until OOM, target footprint 154544048, growth limit 268435456
05-12 20:40:48.929  4596  4659 E bmsr    : 	at java.lang.AbstractStringBuilder.ensureCapacityInternal(AbstractStringBuilder.java:182)
05-12 20:40:48.929  4596  4659 E bmsr    : 	at java.lang.AbstractStringBuilder.append(AbstractStringBuilder.java:548)
05-12 20:40:48.929  4596  4659 E bmsr    : 	at java.lang.StringBuilder.append(StringBuilder.java:190)
05-12 20:40:48.929  4596  4659 E bmsr    : 	at java.lang.Thread.run(Thread.java:1564)
05-12 20:40:48.933  4596  4659 E Finsky  : kotlinx.coroutines.JobCancellationException: cbqb was cancelled; job=cbqb{Cancelling}@c9ffec3
05-12 20:40:49.824  6664 29734 E LoadedApk: Exception : java.lang.NullPointerException: Attempt to invoke virtual method 'boolean android.os.Looper.isPerfLogEnable()' on a null object reference
05-12 20:40:50.228  1216  5128 W system_server: Long monitor contention with owner PackageManagerBg (1292) at void com.android.server.pm.PackageManagerService.forEachPackageSetting(java.util.function.Consumer)(PackageManagerService.java:8839) waiters=0 in void com.android.server.pm.PackageManagerService$PackageManagerInternalImpl.notifyPackageUse(java.lang.String, int) for 252ms
05-12 20:40:50.277  1216  1799 W SemWifiTransportLayerUtils: getApplicationCategory - IOException com.example.audioanalyser
05-12 20:40:50.277  1216  1799 W System.err: java.io.FileNotFoundException: https://play.google.com/store/apps/details?id=com.example.audioanalyser&hl=en
05-12 20:40:50.443  1216  1216 W system_server: Long monitor contention with owner binder:1216_A (1989) at void com.android.server.alarm.AlarmManagerService.setImpl(int, long, long, long, android.app.PendingIntent, android.app.IAlarmListener, java.lang.String, int, android.os.WorkSource, android.app.AlarmManager$AlarmClockInfo, int, java.lang.String, android.os.Bundle, int)(AlarmManagerService.java:2596) waiters=0 in void com.android.server.alarm.AlarmManagerService.removeExactAlarmsOnPermissionRevoked(int, java.lang.String, boolean) for 322ms
05-12 20:40:50.542  4596  4660 W android.vending: Long monitor contention with owner bgExecutor #1 (4659) at void pbj.k(java.lang.Object)(PG:42) waiters=0 in void pba.e(java.lang.Object) for 417ms
05-12 20:40:51.714  5347  5407 I Finsky:background: [1706] SettingNotFoundException, fall through to G.downloadBytesOverMobileMaximum
05-12 20:40:51.715  5347  5407 I Finsky:background: [1706] SettingNotFoundException, fall through to G.downloadBytesOverMobileRecommended
05-12 20:40:51.872  5347  5422 D ConnectivityManager: StackLog: [android.net.ConnectivityManager.sendRequestForNetwork(ConnectivityManager.java:4740)] [android.net.ConnectivityManager.registerDefaultNetworkCallbackForUid(ConnectivityManager.java:5465)] [android.net.ConnectivityManager.registerDefaultNetworkCallback(ConnectivityManager.java:5432)] [android.net.ConnectivityManager.registerDefaultNetworkCallback(ConnectivityManager.java:5406)] [acfo.call(PG:27)] [bmvi.a(PG:3)] [bmun.run(PG:19)] [bmvj.run(PG:5)] [java.util.concurrent.ThreadPoolExecutor.runWorker(ThreadPoolExecutor.java:1154)] [java.util.concurrent.ThreadPoolExecutor$Worker.run(ThreadPoolExecutor.java:652)] [upg.run(PG:65)] [java.lang.Thread.run(Thread.java:1564)]
05-12 20:41:00.237  6664  7109 I NullBinder: NullBinder for android.net.action.RECOMMEND_NETWORKS triggering remote TransactionTooLargeException due to Service without Chimera impl, calling uid: 1000, calling pid: 0
05-12 20:41:09.284  6664  7106 I NullBinder: NullBinder for android.net.action.RECOMMEND_NETWORKS triggering remote TransactionTooLargeException due to Service without Chimera impl, calling uid: 1000, calling pid: 0
05-12 20:41:15.341  4596  4600 W android.vending: Missing inline cache for java.lang.Object oii.apply(java.lang.Object)
05-12 20:41:15.342  4596  4600 W android.vending: Missing inline cache for java.lang.Object oii.apply(java.lang.Object)
05-12 20:41:15.342  4596  4600 W android.vending: Missing inline cache for java.lang.Object oii.apply(java.lang.Object)
05-12 20:41:15.342  4596  4600 W android.vending: Missing inline cache for java.lang.Object oii.apply(java.lang.Object)
05-12 20:41:15.342  4596  4600 W android.vending: Missing inline cache for java.lang.Object oii.apply(java.lang.Object)
05-12 20:41:15.343  4596  4600 W android.vending: Missing inline cache for java.lang.Object oii.apply(java.lang.Object)
05-12 20:41:15.343  4596  4600 W android.vending: Missing inline cache for java.lang.Object oii.apply(java.lang.Object)
05-12 20:41:15.343  4596  4600 W android.vending: Missing inline cache for java.lang.Object oii.apply(java.lang.Object)
05-12 20:41:15.343  4596  4600 W android.vending: Missing inline cache for java.lang.Object oii.apply(java.lang.Object)
05-12 20:41:15.343  4596  4600 W android.vending: Missing inline cache for java.lang.Object oii.apply(java.lang.Object)
05-12 20:41:16.490  4596  4596 W Finsky  : [2] STU: Failed to get storage stats for package 'com.google.mainline.primary.libs' (1601: Error getting stats: android.content.pm.PackageManager.NameNotFoundException)
05-12 20:41:17.601  4596  4596 W Finsky  : [2] STU: Failed to get storage stats for package 'com.google.android.appsearch' (1601: Error getting stats: android.content.pm.PackageManager.NameNotFoundException)
05-12 20:41:17.642  4596  4596 W Finsky  : [2] STU: Failed to get storage stats for package 'com.google.android.art' (1601: Error getting stats: android.content.pm.PackageManager.NameNotFoundException)
05-12 20:41:18.052  4596  4596 W Finsky  : [2] STU: Failed to get storage stats for package 'com.google.android.mediaprovider' (1601: Error getting stats: android.content.pm.PackageManager.NameNotFoundException)
05-12 20:41:18.211  4596  4596 W Finsky  : [2] STU: Failed to get storage stats for package 'com.google.android.resolv' (1601: Error getting stats: android.content.pm.PackageManager.NameNotFoundException)
05-12 20:41:18.277  4596  4596 W Finsky  : [2] STU: Failed to get storage stats for package 'com.google.android.media' (1601: Error getting stats: android.content.pm.PackageManager.NameNotFoundException)
05-12 20:41:18.621  4596  4596 W Finsky  : [2] STU: Failed to get storage stats for package 'com.google.android.sdkext' (1601: Error getting stats: android.content.pm.PackageManager.NameNotFoundException)
05-12 20:41:18.693  4596  4596 W Finsky  : [2] STU: Failed to get storage stats for package 'com.google.android.adservices' (1601: Error getting stats: android.content.pm.PackageManager.NameNotFoundException)
05-12 20:41:18.695  4596  4596 W Finsky  : [2] STU: Failed to get storage stats for package 'com.google.android.tethering' (1601: Error getting stats: android.content.pm.PackageManager.NameNotFoundException)
05-12 20:41:19.320  4596  4596 W Finsky  : [2] STU: Failed to get storage stats for package 'com.google.android.cellbroadcast' (1601: Error getting stats: android.content.pm.PackageManager.NameNotFoundException)
05-12 20:41:20.527  4596  4596 W Finsky  : [2] STU: Failed to get storage stats for package 'com.google.android.tzdata4' (1601: Error getting stats: android.content.pm.PackageManager.NameNotFoundException)
05-12 20:41:21.123  4596  4596 W Finsky  : [2] STU: Failed to get storage stats for package 'com.google.android.permission' (1601: Error getting stats: android.content.pm.PackageManager.NameNotFoundException)
05-12 20:41:23.373  5582  5728 D ConnectivityManager: StackLog: [android.net.ConnectivityManager.sendRequestForNetwork(ConnectivityManager.java:4740)] [android.net.ConnectivityManager.registerDefaultNetworkCallbackForUid(ConnectivityManager.java:5465)] [android.net.ConnectivityManager.registerDefaultNetworkCallback(ConnectivityManager.java:5432)] [android.net.ConnectivityManager.registerDefaultNetworkCallback(ConnectivityManager.java:5406)] [X.B1R.A03(:20)] [X.DLe.invokeSuspend(:584)] [X.DLe.invoke(:13)] [X.3oP.A00(:2)] [X.3oO.A00(:58)] [X.3nQ.invokeSuspend(:120)] [X.0iO.resumeWith(:8)] [X.0ip.run(:89)] [X.AqB.run(:2)] [java.util.concurrent.ThreadPoolExecutor.runWorker(ThreadPoolExecutor.java:1154)] [java.util.concurrent.ThreadPoolExecutor$Worker.run(ThreadPoolExecutor.java:652)] [java.lang.Thread.run(Thread.java:1564)]
05-12 20:41:23.447  5582  5726 D ConnectivityManager: StackLog: [android.net.ConnectivityManager.unregisterNetworkCallback(ConnectivityManager.java:5575)] [X.B1R.A04(:20)] [X.DS4.invoke(:693)] [X.2zH.A00(:110)] [X.3m9.invokeSuspend(:462)] [X.0iO.resumeWith(:8)] [X.0ip.run(:98)] [X.AqB.run(:2)] [java.util.concurrent.ThreadPoolExecutor.runWorker(ThreadPoolExecutor.java:1154)] [java.util.concurrent.ThreadPoolExecutor$Worker.run(ThreadPoolExecutor.java:652)] [java.lang.Thread.run(Thread.java:1564)]
05-12 20:41:25.160  5582  5696 E QPLProvider: java.lang.RuntimeException: QPL instance is replaced in runtime
05-12 20:41:25.160  5582  5696 E QPLProvider: 	at java.lang.Thread.run(Thread.java:1564)
05-12 20:41:26.875  4596  4596 W Finsky  : [2] STU: Failed to get storage stats for package 'com.google.android.media.swcodec' (1601: Error getting stats: android.content.pm.PackageManager.NameNotFoundException)
05-12 20:41:27.372  4596  4596 W Finsky  : [2] STU: Failed to get storage stats for package 'com.google.android.adbd' (1601: Error getting stats: android.content.pm.PackageManager.NameNotFoundException)
05-12 20:41:27.415  4596  4596 W Finsky  : [2] STU: Failed to get storage stats for package 'com.google.android.conscrypt' (1601: Error getting stats: android.content.pm.PackageManager.NameNotFoundException)
05-12 20:41:27.586  4596  4596 W Finsky  : [2] STU: Failed to get storage stats for package 'com.google.android.neuralnetworks' (1601: Error getting stats: android.content.pm.PackageManager.NameNotFoundException)
05-12 20:41:36.758  5844  5844 W System.err: java.lang.NullPointerException: Attempt to invoke virtual method 'com.samsung.android.desktopmode.SemDesktopModeState com.samsung.android.desktopmode.SemDesktopModeManager.getDesktopModeState()' on a null object reference
05-12 20:41:36.759  5844  5844 W System.err: 	at java.lang.reflect.Method.invoke(Native Method)
05-12 20:41:36.759  5844  5844 W System.err: java.lang.NullPointerException: Attempt to invoke virtual method 'com.samsung.android.desktopmode.SemDesktopModeState com.samsung.android.desktopmode.SemDesktopModeManager.getDesktopModeState()' on a null object reference
05-12 20:41:36.759  5844  5844 W System.err: 	at java.lang.reflect.Method.invoke(Native Method)
05-12 20:41:38.630  1887  1887 E SemBigDataInfoController: Json parsing error: Value NULL at NR_TX_BYTE of type java.lang.String cannot be converted to long
05-12 20:41:38.988  1216  1268 W system_server: Long monitor contention with owner batterystats-worker (1269) at void com.android.server.am.BatteryExternalStatsWorker.updateExternalStatsLocked(java.lang.String, int, boolean, boolean, int, int[], boolean)(BatteryExternalStatsWorker.java:747) waiters=0 in void com.android.server.am.BatteryStatsService.lambda$noteStopWakelockFromSource$26(android.os.WorkSource, int, java.lang.String, java.lang.String, int, long, long) for 257ms
05-12 20:41:41.445  6068  6221 W ist     : java.util.concurrent.ExecutionException: qlr
05-12 20:41:41.445  6068  6221 W ist     : 	at java.lang.Thread.run(Thread.java:1564)
05-12 20:41:41.445  6068  6221 W ist     : Caused by: qlr
05-12 20:41:42.015  4139  4139 W roid.honeyboard: Long monitor contention with owner DefaultDispatcher-worker-5 (12869) at java.lang.String[] android.content.res.AssetManager.list(java.lang.String)(AssetManager.java:1010) waiters=0 in boolean android.content.res.AssetManager.getThemeValue(long, int, android.util.TypedValue, boolean) for 754ms
05-12 20:41:42.025  6068  6162 D ConnectivityManager: StackLog: [android.net.ConnectivityManager.sendRequestForNetwork(ConnectivityManager.java:4740)] [android.net.ConnectivityManager.registerDefaultNetworkCallbackForUid(ConnectivityManager.java:5465)] [android.net.ConnectivityManager.registerDefaultNetworkCallback(ConnectivityManager.java:5432)] [android.net.ConnectivityManager.registerDefaultNetworkCallback(ConnectivityManager.java:5406)] [a$$ExternalSyntheticApiModelOutline5.m(D8$$SyntheticClass:62)] [nyv.b(PG:180)] [nyv.a(PG:17)] [whk.d(PG:3)] [whj.b(PG:57)] [cto.b(PG:32)] [vxr.s(PG:11)] [wdw.run(PG:112)] [wku.run(PG:7)] [mkh.run(PG:5)] [ryu.run(PG:44)] [fhx.run(PG:603)] [java.lang.Thread.run(Thread.java:1564)] [mky.run(PG:61)]
05-12 20:41:42.932  6238  6331 D ConnectivityManager: StackLog: [android.net.ConnectivityManager.sendRequestForNetwork(ConnectivityManager.java:4740)] [android.net.ConnectivityManager.registerDefaultNetworkCallbackForUid(ConnectivityManager.java:5465)] [android.net.ConnectivityManager.registerDefaultNetworkCallback(ConnectivityManager.java:5432)] [android.net.ConnectivityManager.registerDefaultNetworkCallback(ConnectivityManager.java:5406)] [b$$ExternalSyntheticApiModelOutline1.m(D8$$SyntheticClass:66)] [kiy.b(PG:30)] [kjd.b(PG:20)] [kid.h(PG:9)] [kia.a(PG:1)] [jwi.<init>(PG:101)] [kio.a(PG:7)] [kiq.b(PG:84)] [adxq.b(PG:340)] [cgkf.d(PG:10)] [cgkf.b(PG:7)] [kue.rt(PG:3)] [aeak.h(PG:9)] [kum.aW(PG:308)] [kum.c(PG:1481)] [kum.b(PG:2)] [btfp.C(PG:60)] [btfp.j(PG:7)] [btfp.g(PG:4)] [pad.run(PG:160)] [bqgz.call(PG:3)] [bqgw.call(PG:3)] [bqhp.call(PG:9)] [bqhf.run(PG:55)] [java.util.concurrent.ThreadPoolExecutor.runWorker(ThreadPoolExecutor.java:1154)] [java.util.concurrent.ThreadPoolExecutor$Worker.run(ThreadPoolExecutor.java:652)] [java.lang.Thread.run(Thread.java:1564)] [bqgp.run(PG:6)]
05-12 20:41:43.101  6238  6362 D ConnectivityManager: StackLog: [android.net.ConnectivityManager.sendRequestForNetwork(ConnectivityManager.java:4740)] [android.net.ConnectivityManager.registerDefaultNetworkCallbackForUid(ConnectivityManager.java:5465)] [android.net.ConnectivityManager.registerDefaultNetworkCallback(ConnectivityManager.java:5432)] [android.net.ConnectivityManager.registerDefaultNetworkCallback(ConnectivityManager.java:5406)] [b$$ExternalSyntheticApiModelOutline1.m(D8$$SyntheticClass:66)] [apr.b(PG:191)] [apr.a(PG:35)] [cjkl.g(PG:3)] [cjkh.b(PG:57)] [bobg.b(PG:68)] [ciyk.w(PG:11)] [cjgp.run(PG:107)] [jdl.run(PG:23)] [java.util.concurrent.ThreadPoolExecutor.runWorker(ThreadPoolExecutor.java:1154)] [java.util.concurrent.ThreadPoolExecutor$Worker.run(ThreadPoolExecutor.java:652)] [java.lang.Thread.run(Thread.java:1564)]
05-12 20:41:43.292  6238  6362 D ConnectivityManager: StackLog: [android.net.ConnectivityManager.unregisterNetworkCallback(ConnectivityManager.java:5575)] [crj.a(PG:412)] [b.C(PG:1)] [izv.a(PG:217)] [cigl.v(PG:108)] [cjjz.b(PG:11)] [ciyk.w(PG:11)] [cjgp.run(PG:99)] [jdl.run(PG:23)] [java.util.concurrent.ThreadPoolExecutor.runWorker(ThreadPoolExecutor.java:1154)] [java.util.concurrent.ThreadPoolExecutor$Worker.run(ThreadPoolExecutor.java:652)] [java.lang.Thread.run(Thread.java:1564)]
05-12 20:41:43.370  6238  6363 D ConnectivityManager: StackLog: [android.net.ConnectivityManager.sendRequestForNetwork(ConnectivityManager.java:4740)] [android.net.ConnectivityManager.registerDefaultNetworkCallbackForUid(ConnectivityManager.java:5465)] [android.net.ConnectivityManager.registerDefaultNetworkCallback(ConnectivityManager.java:5432)] [android.net.ConnectivityManager.registerDefaultNetworkCallback(ConnectivityManager.java:5406)] [b$$ExternalSyntheticApiModelOutline1.m(D8$$SyntheticClass:66)] [apr.b(PG:191)] [apr.a(PG:35)] [cjkl.g(PG:3)] [cjkh.b(PG:57)] [bobg.b(PG:68)] [ciyk.w(PG:11)] [cjgp.run(PG:107)] [jdl.run(PG:23)] [java.util.concurrent.ThreadPoolExecutor.runWorker(ThreadPoolExecutor.java:1154)] [java.util.concurrent.ThreadPoolExecutor$Worker.run(ThreadPoolExecutor.java:652)] [java.lang.Thread.run(Thread.java:1564)]
05-12 20:41:43.374  6238  6363 D ConnectivityManager: StackLog: [android.net.ConnectivityManager.unregisterNetworkCallback(ConnectivityManager.java:5575)] [crj.a(PG:412)] [b.C(PG:1)] [izv.a(PG:217)] [cigl.v(PG:108)] [apr.b(PG:314)] [apr.a(PG:35)] [cjkl.g(PG:3)] [cjkh.b(PG:57)] [bobg.b(PG:68)] [ciyk.w(PG:11)] [cjgp.run(PG:107)] [jdl.run(PG:23)] [java.util.concurrent.ThreadPoolExecutor.runWorker(ThreadPoolExecutor.java:1154)] [java.util.concurrent.ThreadPoolExecutor$Worker.run(ThreadPoolExecutor.java:652)] [java.lang.Thread.run(Thread.java:1564)]
05-12 20:41:43.394  6238  6363 D ConnectivityManager: StackLog: [android.net.ConnectivityManager.sendRequestForNetwork(ConnectivityManager.java:4740)] [android.net.ConnectivityManager.registerDefaultNetworkCallbackForUid(ConnectivityManager.java:5465)] [android.net.ConnectivityManager.registerDefaultNetworkCallback(ConnectivityManager.java:5432)] [android.net.ConnectivityManager.registerDefaultNetworkCallback(ConnectivityManager.java:5406)] [b$$ExternalSyntheticApiModelOutline1.m(D8$$SyntheticClass:66)] [apr.b(PG:191)] [apr.a(PG:35)] [cjkl.g(PG:3)] [cjkh.b(PG:57)] [bobg.b(PG:68)] [ciyk.w(PG:11)] [cjgp.run(PG:107)] [jdl.run(PG:23)] [java.util.concurrent.ThreadPoolExecutor.runWorker(ThreadPoolExecutor.java:1154)] [java.util.concurrent.ThreadPoolExecutor$Worker.run(ThreadPoolExecutor.java:652)] [java.lang.Thread.run(Thread.java:1564)]
05-12 20:41:44.847  6068  6221 W GnpSdk  : 	at java.lang.Thread.run(Thread.java:1564)
05-12 20:41:44.933  6068  6185 D ConnectivityManager: StackLog: [android.net.ConnectivityManager.unregisterNetworkCallback(ConnectivityManager.java:5575)] [aad.a(PG:274)] [fef.a(PG:167)] [sxx.s(PG:107)] [wha.b(PG:11)] [vxr.s(PG:11)] [wdw.run(PG:104)] [wku.run(PG:7)] [mkh.run(PG:5)] [ryu.run(PG:44)] [fhx.run(PG:603)] [java.lang.Thread.run(Thread.java:1564)] [mky.run(PG:61)]
05-12 20:41:44.994  6238  6362 D ConnectivityManager: StackLog: [android.net.ConnectivityManager.unregisterNetworkCallback(ConnectivityManager.java:5575)] [crj.a(PG:412)] [b.C(PG:1)] [izv.a(PG:217)] [cigl.v(PG:108)] [cjjz.b(PG:11)] [ciyk.w(PG:11)] [cjgp.run(PG:99)] [jdl.run(PG:23)] [java.util.concurrent.ThreadPoolExecutor.runWorker(ThreadPoolExecutor.java:1154)] [java.util.concurrent.ThreadPoolExecutor$Worker.run(ThreadPoolExecutor.java:652)] [java.lang.Thread.run(Thread.java:1564)]
05-12 20:41:46.453  4596  4596 W Finsky  : [2] STU: Failed to get storage stats for package 'com.google.android.ipsec' (1601: Error getting stats: android.content.pm.PackageManager.NameNotFoundException)
05-12 20:41:46.631  4596  4596 W Finsky  : [2] STU: Failed to get storage stats for package 'com.google.android.ondevicepersonalization' (1601: Error getting stats: android.content.pm.PackageManager.NameNotFoundException)
05-12 20:41:47.018  4596  4596 W Finsky  : [2] STU: Failed to get storage stats for package 'com.google.android.extservices' (1601: Error getting stats: android.content.pm.PackageManager.NameNotFoundException)
05-12 20:41:47.256  4596  4596 W Finsky  : [2] STU: Failed to get storage stats for package 'com.google.android.os.statsd' (1601: Error getting stats: android.content.pm.PackageManager.NameNotFoundException)
05-12 20:41:47.582  4596  4596 W Finsky  : [2] STU: Failed to get storage stats for package 'com.google.android.scheduling' (1601: Error getting stats: android.content.pm.PackageManager.NameNotFoundException)
05-12 20:41:54.194  1216  1801 D SemWifiSwitchForIndividualAppsService: isPackageException - result:3, com.google.android.packageinstaller
05-12 20:41:54.359  6588  6601 W ResourcesOffloading: android.content.res.Resources$NotFoundException: Resource ID #0x7f040007
05-12 20:41:54.359  6588  6601 W ResourcesOffloading: 	at java.lang.Thread.run(Thread.java:1564)
05-12 20:41:54.516  6664  7101 I NullBinder: NullBinder for android.net.action.RECOMMEND_NETWORKS triggering remote TransactionTooLargeException due to Service without Chimera impl, calling uid: 1000, calling pid: 0
05-12 20:41:57.494  6664  6690 I NullBinder: NullBinder for android.net.action.RECOMMEND_NETWORKS triggering remote TransactionTooLargeException due to Service without Chimera impl, calling uid: 1000, calling pid: 0
05-12 20:41:58.511  6762  6762 I AndroidRuntime: VM exiting with result code 0, cleanup skipped.
05-12 20:41:58.581  6763  6826 W ResourcesOffloading: android.content.res.Resources$NotFoundException: Resource ID #0x7f0804ca
05-12 20:41:58.581  6763  6826 W ResourcesOffloading: 	at java.lang.Thread.run(Thread.java:1564)
05-12 20:41:59.179  6664  6823 E LoadedApk: Exception : java.lang.NullPointerException: Attempt to invoke virtual method 'boolean android.os.Looper.isPerfLogEnable()' on a null object reference
05-12 20:41:59.183  6664  6823 E LoadedApk: Exception : java.lang.NullPointerException: Attempt to invoke virtual method 'boolean android.os.Looper.isPerfLogEnable()' on a null object reference
05-12 20:42:01.440  6963  7004 W ResourcesOffloading: android.content.res.Resources$NotFoundException: Resource ID #0x7f0804ca
05-12 20:42:01.440  6963  7004 W ResourcesOffloading: 	at java.lang.Thread.run(Thread.java:1564)
05-12 20:42:01.606  6963  6963 I Finsky  : [2] SettingNotFoundException, fall through to G.downloadBytesOverMobileMaximum
05-12 20:42:01.608  6963  6963 I Finsky  : [2] SettingNotFoundException, fall through to G.downloadBytesOverMobileRecommended
05-12 20:42:02.898  6238  6363 D ConnectivityManager: StackLog: [android.net.ConnectivityManager.sendRequestForNetwork(ConnectivityManager.java:4740)] [android.net.ConnectivityManager.registerDefaultNetworkCallbackForUid(ConnectivityManager.java:5465)] [android.net.ConnectivityManager.registerDefaultNetworkCallback(ConnectivityManager.java:5432)] [android.net.ConnectivityManager.registerDefaultNetworkCallback(ConnectivityManager.java:5406)] [b$$ExternalSyntheticApiModelOutline1.m(D8$$SyntheticClass:66)] [apr.b(PG:191)] [apr.a(PG:35)] [cjkl.g(PG:3)] [cjkh.b(PG:57)] [bobg.b(PG:68)] [ciyk.w(PG:11)] [cjgp.run(PG:107)] [jdl.run(PG:23)] [java.util.concurrent.ThreadPoolExecutor.runWorker(ThreadPoolExecutor.java:1154)] [java.util.concurrent.ThreadPoolExecutor$Worker.run(ThreadPoolExecutor.java:652)] [java.lang.Thread.run(Thread.java:1564)]
05-12 20:42:03.119  1850  1850 I AndroidRuntime: VM exiting with result code 0.
05-12 20:42:04.198  1887  1887 E SemBigDataInfoController: Json parsing error: Value NULL at NR_TX_BYTE of type java.lang.String cannot be converted to long
05-12 20:42:04.560  1887  1887 E SemBigDataInfoController: Json parsing error: Value NULL at NR_TX_BYTE of type java.lang.String cannot be converted to long
05-12 20:42:09.608  6238  6331 W oid.apps.photos: Long monitor contention with owner ptz-ui-3-STATUS_NOTIFICATION_MANAGER (6352) at android.database.sqlite.SQLiteConnection android.database.sqlite.SQLiteConnectionPool.waitForConnection(java.lang.String, int, android.os.CancellationSignal)(SQLiteConnectionPool.java:984) waiters=0 in void android.database.sqlite.SQLiteConnectionPool.releaseConnection(android.database.sqlite.SQLiteConnection) for 358ms
05-12 20:42:11.313  6238  6362 D ConnectivityManager: StackLog: [android.net.ConnectivityManager.unregisterNetworkCallback(ConnectivityManager.java:5575)] [crj.a(PG:412)] [b.C(PG:1)] [izv.a(PG:217)] [cigl.v(PG:108)] [cjjz.b(PG:11)] [ciyk.w(PG:11)] [cjgp.run(PG:99)] [jdl.run(PG:23)] [java.util.concurrent.ThreadPoolExecutor.runWorker(ThreadPoolExecutor.java:1154)] [java.util.concurrent.ThreadPoolExecutor$Worker.run(ThreadPoolExecutor.java:652)] [java.lang.Thread.run(Thread.java:1564)]
05-12 20:42:11.763 15858 15967 D ConnectivityManager: StackLog: [android.net.ConnectivityManager.sendRequestForNetwork(ConnectivityManager.java:4740)] [android.net.ConnectivityManager.registerDefaultNetworkCallbackForUid(ConnectivityManager.java:5465)] [android.net.ConnectivityManager.registerDefaultNetworkCallback(ConnectivityManager.java:5432)] [android.net.ConnectivityManager.registerDefaultNetworkCallback(ConnectivityManager.java:5406)] [H2.l.a(Unknown Source:10)] [E2.h.c(Unknown Source:17)] [D2.c.v(Unknown Source:102)] [D2.c.j(Unknown Source:12)] [md.e.e(Unknown Source:48)] [md.c.e(Unknown Source:54)] [nd.f.v(Unknown Source:26)] [Oc.a.k(Unknown Source:7)] [jd.M.run(Unknown Source:107)] [A8.n.a(Unknown Source:4)] [A8.n.run(Unknown Source:247)] [java.util.concurrent.ThreadPoolExecutor.runWorker(ThreadPoolExecutor.java:1154)] [java.util.concurrent.ThreadPoolExecutor$Worker.run(ThreadPoolExecutor.java:652)] [java.lang.Thread.run(Thread.java:1564)]
05-12 20:42:12.479 15858 15967 D ConnectivityManager: StackLog: [android.net.ConnectivityManager.unregisterNetworkCallback(ConnectivityManager.java:5575)] [H2.j.c(Unknown Source:10)] [E2.h.d(Unknown Source:17)] [B.f.b(Unknown Source:655)] [y2.p.l(Unknown Source:108)] [ld.u.v(Unknown Source:10)] [Oc.a.k(Unknown Source:7)] [jd.M.run(Unknown Source:99)] [A8.n.a(Unknown Source:4)] [A8.n.run(Unknown Source:247)] [java.util.concurrent.ThreadPoolExecutor.runWorker(ThreadPoolExecutor.java:1154)] [java.util.concurrent.ThreadPoolExecutor$Worker.run(ThreadPoolExecutor.java:652)] [java.lang.Thread.run(Thread.java:1564)]
05-12 20:42:15.708  7472  7472 I AndroidRuntime: VM exiting with result code 0, cleanup skipped.
05-12 20:42:18.630  6664  6690 I NullBinder: NullBinder for android.net.action.RECOMMEND_NETWORKS triggering remote TransactionTooLargeException due to Service without Chimera impl, calling uid: 1000, calling pid: 0
05-12 20:42:19.067  6963  7380 E Finsky  : java.util.concurrent.CancellationException: Task was cancelled.
05-12 20:42:19.067  6963  7380 E Finsky  : 	at java.lang.Thread.run(Thread.java:1564)
05-12 20:42:19.358  7491  7534 I Finsky:background: [1706] SettingNotFoundException, fall through to G.downloadBytesOverMobileMaximum
05-12 20:42:19.360  7491  7534 I Finsky:background: [1706] SettingNotFoundException, fall through to G.downloadBytesOverMobileRecommended
05-12 20:42:19.448  7491  7542 D ConnectivityManager: StackLog: [android.net.ConnectivityManager.sendRequestForNetwork(ConnectivityManager.java:4740)] [android.net.ConnectivityManager.registerDefaultNetworkCallbackForUid(ConnectivityManager.java:5465)] [android.net.ConnectivityManager.registerDefaultNetworkCallback(ConnectivityManager.java:5432)] [android.net.ConnectivityManager.registerDefaultNetworkCallback(ConnectivityManager.java:5406)] [acfo.call(PG:27)] [bmvi.a(PG:3)] [bmun.run(PG:19)] [bmvj.run(PG:5)] [java.util.concurrent.ThreadPoolExecutor.runWorker(ThreadPoolExecutor.java:1154)] [java.util.concurrent.ThreadPoolExecutor$Worker.run(ThreadPoolExecutor.java:652)] [upg.run(PG:65)] [java.lang.Thread.run(Thread.java:1564)]
05-12 20:42:21.626  6664  6690 I NullBinder: NullBinder for android.net.action.RECOMMEND_NETWORKS triggering remote TransactionTooLargeException due to Service without Chimera impl, calling uid: 1000, calling pid: 0
05-12 20:42:27.221  6963  7046 E bmsr    : java.lang.OutOfMemoryError: Failed to allocate a 155189264 byte allocation with 25165824 free bytes and 115MB until OOM, target footprint 172056592, growth limit 268435456
05-12 20:42:27.221  6963  7046 E bmsr    : 	at java.lang.AbstractStringBuilder.ensureCapacityInternal(AbstractStringBuilder.java:182)
05-12 20:42:27.221  6963  7046 E bmsr    : 	at java.lang.AbstractStringBuilder.append(AbstractStringBuilder.java:548)
05-12 20:42:27.221  6963  7046 E bmsr    : 	at java.lang.StringBuilder.append(StringBuilder.java:190)
05-12 20:42:27.221  6963  7046 E bmsr    : 	at java.lang.Thread.run(Thread.java:1564)
05-12 20:42:27.225  6963  7046 E Finsky  : kotlinx.coroutines.JobCancellationException: cbqb was cancelled; job=cbqb{Cancelling}@9b6b93c
05-12 20:42:30.405  7491  7617 D ConnectivityManager: StackLog: [android.net.ConnectivityManager.sendRequestForNetwork(ConnectivityManager.java:4740)] [android.net.ConnectivityManager.registerDefaultNetworkCallbackForUid(ConnectivityManager.java:5465)] [android.net.ConnectivityManager.registerDefaultNetworkCallback(ConnectivityManager.java:5432)] [android.net.ConnectivityManager.registerDefaultNetworkCallback(ConnectivityManager.java:5406)] [uym.a(PG:17)] [qiq.ax(PG:1)] [qip.j(PG:2525)] [qip.a(PG:48)] [bzmn.d(PG:10)] [bzmn.a(PG:7)] [bzmm.a(PG:5)] [bzmn.d(PG:10)] [bzmn.a(PG:7)] [uki.a(PG:676)] [bmsm.d(PG:3)] [bmso.run(PG:47)] [java.util.concurrent.ThreadPoolExecutor.runWorker(ThreadPoolExecutor.java:1154)] [java.util.concurrent.ThreadPoolExecutor$Worker.run(ThreadPoolExecutor.java:652)] [upg.run(PG:65)] [java.lang.Thread.run(Thread.java:1564)]
05-12 20:42:30.483  6963  7613 I Finsky  : [1777] Skipped download state update for download 162 on initialize. java.util.concurrent.ExecutionException: com.google.android.finsky.assetmoduleserviceutils.AssetModuleException: Session not found.
05-12 20:42:30.483  6963  7613 I Finsky  : [1777] Skipped download state update for download 166 on initialize. java.util.concurrent.ExecutionException: com.google.android.finsky.assetmoduleserviceutils.AssetModuleException: Session not found.
05-12 20:42:30.483  6963  7613 I Finsky  : [1777] Skipped download state update for download 169 on initialize. java.util.concurrent.ExecutionException: com.google.android.finsky.assetmoduleserviceutils.AssetModuleException: Session not found.
05-12 20:42:30.484  6963  7613 I Finsky  : [1777] Skipped download state update for download 172 on initialize. java.util.concurrent.ExecutionException: com.google.android.finsky.assetmoduleserviceutils.AssetModuleException: Session not found.
05-12 20:42:34.052  1887  1887 E SemBigDataInfoController: Json parsing error: Value NULL at NR_TX_BYTE of type java.lang.String cannot be converted to long
05-12 20:42:45.697  1216  1239 W system_server: Long monitor contention with owner PackageManager (1302) at void com.android.server.pm.RemovePackageHelper.removePackageLI(java.lang.String, boolean)(RemovePackageHelper.java:160) waiters=0 in com.android.server.pm.Computer com.android.server.pm.PackageManagerService.snapshotComputer() for 1.494s
05-12 20:42:46.030  6664  6187 E LoadedApk: Exception : java.lang.NullPointerException: Attempt to invoke virtual method 'boolean android.os.Looper.isPerfLogEnable()' on a null object reference
05-12 20:42:46.687  1216  1799 W SemWifiTransportLayerUtils: getApplicationCategory - IOException com.example.audioanalyser
05-12 20:42:46.687  1216  1799 W System.err: java.io.FileNotFoundException: https://play.google.com/store/apps/details?id=com.example.audioanalyser&hl=en
05-12 20:42:55.296  1216  1801 D SemWifiSwitchForIndividualAppsService: isPackageException - result:3, com.example.audioanalyser
05-12 20:42:55.391  1216  1799 W SemWifiTransportLayerUtils: getApplicationCategory - IOException com.example.audioanalyser
05-12 20:42:55.391  1216  1799 W System.err: java.io.FileNotFoundException: https://play.google.com/store/apps/details?id=com.example.audioanalyser&hl=en
05-12 20:42:57.645  8045  8045 I e.audioanalyser: hiddenapi: Accessing hidden method Landroid/os/SystemProperties;->addChangeCallback(Ljava/lang/Runnable;)V (runtime_flags=0, domain=platform, api=unsupported) from Landroidx/compose/ui/platform/AndroidComposeView$Companion; (domain=app, TargetSdkVersion=36) using reflection: allowed
