05-12 21:28:13.246  1216  1988 D CompatibilityChangeReporter: Compat change id reported: 135772972; UID 10192; state: DISABLED
05-12 21:28:13.247  1216  1988 D CompatibilityChangeReporter: Compat change id reported: 135754954; UID 10192; state: ENABLED
05-12 21:28:13.249  1216  1260 D CompatibilityChangeReporter: Compat change id reported: 143937733; UID 10192; state: ENABLED
05-12 21:28:13.254  3121 11034 I ConnectivityHost: ******* Capabilities changed *******
05-12 21:28:13.254  3121 11034 I ConnectivityHost: UNMETERED: true
05-12 21:28:13.254  3121 11034 I ConnectivityHost: HAS INTERNET: true, VALIDATED: true
05-12 21:28:13.254  3121 11033 I ConnectivityHost: ******* Capabilities changed *******
05-12 21:28:13.254  3121 11033 I ConnectivityHost: UNMETERED: true
05-12 21:28:13.255  3121 11033 I ConnectivityHost: HAS INTERNET: true, VALIDATED: true
05-12 21:28:13.257  3121  3224 I DatabaseWorker: ***** Database is idle *****
05-12 21:28:13.266  3121  3223 I DatabaseWorker: ***** Database is NOT idle *****
05-12 21:28:13.269 10970 11011 I Finsky  : [1858] SCH: Received scheduling request: Id: 37-4535, Constraints: [{ L: 0, D: 0, C: CHARGING_NONE, I: IDLE_NONE, N: NET_NONE, B: BATTERY_ANY }]
05-12 21:28:13.271  3121  3223 I DatabaseHost: SQL (Database Worker #0): select r.id, r.processor, r.page, r.method, r.content_id, r.content_type, r.parent_id, r.parent_type, r.last_try_at, r.will_retry, r.created_at, r.view_content_url, r.edit_content_url, r.errors, r.attributes, ss.state, r.lock_name from sync_requests as r left join sync_states as ss on (r.content_type = ss.content_type and r.content_id = ss.content_id) order by r.created_at asc
05-12 21:28:13.273  6664  6687 I NullBinder: NullBinder for android.net.action.RECOMMEND_NETWORKS triggering remote TransactionTooLargeException due to Service without Chimera impl, calling uid: 1000, calling pid: 0
05-12 21:28:13.273  6664  6687 W .gms.persistent: Large reply transaction of 1056768 bytes, interface descriptor , code 1
05-12 21:28:13.274   824   824 D Zygote  : Forked child process 11102
05-12 21:28:13.275  1216  1260 I ActivityManager: Start proc 11102:com.android.vending:background/u0a192 for broadcast {com.android.vending/com.google.android.finsky.packagemonitor.backgroundimpl.BackgroundPackageMonitorReceiverImpl$RegisteredReceiver}
05-12 21:28:13.281  1902  1902 I KeyButtonView: Back button event: ACTION_DOWN
05-12 21:28:13.282  1902  1902 V Vibrator: semGetSupportedVibrationType: ret=1
05-12 21:28:13.282  1902  2512 I KeyButtonView: injectInputEvent - 4
05-12 21:28:13.289  1216  1988 D InputDispatcher: Inject key (1902/10067): action=0, f=0x48, d=0, time=236025393000000
05-12 21:28:13.298  1216  1988 D WindowManager: interceptKeyTq keycode=4 interactive=true keyguardActive=false policyFlags=2b000002
05-12 21:28:13.300 11102 11102 I ding:background: Using CollectorTypeCC GC.
05-12 21:28:13.301   359   359 I lmkd    : 1(delay), 0(swap), 13(freelimit), 0(reentrymode) memory pressure events were skipped after a kill!
05-12 21:28:13.302   359   359 I lmkd    : cached 1, sandbox(not0) 0
05-12 21:28:13.308  1902  2009 D NetworkController.WifiSignalController: notifyListener: visible=true, connected=true, inetCondition=1, isDefault=true, wifiTestReported=true, receivedInetCondition=-1, hideDuringMobileSwitching=false
05-12 21:28:13.309   848 11070 I HYPER-HAL: [RequestManager.cpp]releaseLocked(): Released ID : 764486
05-12 21:28:13.315 11102 11102 D nativeloader: Load libframework-connectivity-tiramisu-jni.so using APEX ns com_android_tethering for caller /apex/com.android.tethering/javalib/framework-connectivity-t.jar: ok
05-12 21:28:13.319  1216  1988 D PhoneWindowManagerExt: interceptKeyTq code=4 down=true repeatCount=0 displayId=0 interactive=true
05-12 21:28:13.319  1216  1988 D WindowManager: interceptKeyTq interceptKeyResult=4
05-12 21:28:13.321 11102 11102 D ActivityThread: setConscryptValidator
05-12 21:28:13.321 11102 11102 D ActivityThread: setConscryptValidator - put
05-12 21:28:13.322  4139  4139 I HBD     : g onCapabilityChanged  setNetworkState currentNetworkState : wifi 
05-12 21:28:13.329  1216  1403 D InputReader: Btn_touch(10): value=0 when=236025.452230
05-12 21:28:13.329  1216  1403 I InputReader: Touch event's action is 0x1 (id=2, t=0) [pCnt=1, s=] when=236025.452230
05-12 21:28:13.329  1216  1402 I InputDispatcher: Delivering touch to (1902): action: 0x1, f=0x0, d=0, '164c1a4', t=1 +(0,-1510)
05-12 21:28:13.330  1902  1902 I ViewRootImpl@a49990a[NavigationBar0]: ViewPostIme pointer 1
05-12 21:28:13.331  1902  1902 I KeyButtonView: Back button event: ACTION_UP
05-12 21:28:13.339  1216  1216 D SGM:GameManager: identifyGamePackage. com.sirma.mobile.bible.android, mCurrentUserId: 0, callerUserId: 0, callingMethodInfo: com.android.server.ssrm.fgapps.GameAppUtils.isGame(GameAppUtils.java:84)
05-12 21:28:13.339  1216  1216 D SGM:PkgDataHelper: getGamePkgData(). com.sirma.mobile.bible.android
05-12 21:28:13.339  1216  1216 I SemDvfsHyPerManager: acquire hyper - GESTURE_DETECTED/1216@20, type = -999
05-12 21:28:13.340   848   910 I HYPER-HAL: [RequestManager.cpp]acquire(): Acquired ID : 764486  [1216 / 20]    HINT : GESTURE_DETECTED    list : [TIMEOUT / 632] 
05-12 21:28:13.340  1216  1216 D SGM:GameManager: identifyGamePackage. com.sirma.mobile.bible.android, mCurrentUserId: 0, callerUserId: 0, callingMethodInfo: com.android.server.ssrm.fgapps.GameAppUtils.isGame(GameAppUtils.java:84)
05-12 21:28:13.340  1216  1216 D SGM:PkgDataHelper: getGamePkgData(). com.sirma.mobile.bible.android
05-12 21:28:13.340  1216  1216 I SemDvfsHyPerManager: acquire hyper - GESTURE_DETECTED/1216@20, type = -999
05-12 21:28:13.345   899   899 D SurfaceFlinger: Display 0 HWC layers:
05-12 21:28:13.345   899   899 D SurfaceFlinger:      DEVICE | 0xb400007daaa72100 | 0102 | RGBA_8888    |    0.0    0.0  720.0 1600.0 |    0    0  720 1600 | SurfaceView[com.sirma.mobile.bible.a[...]ble.app.MainActivity]@0(BLAST)#27921
05-12 21:28:13.345   899   899 D SurfaceFlinger:      DEVICE | 0xb400007daab55600 | 0100 | RGBA_8888    |    0.0    0.0  720.0 1600.0 |    0    0  720 1600 | com.sirma.mobile.bible.android/youversion.bible.app.MainActivity$_3121#27916
05-12 21:28:13.345   899   899 D SurfaceFlinger:      CLIENT | 0xb400007dab056700 | 0100 | RGBA_8888    |    0.0    0.0  720.0   45.0 |    0    0  720   45 | StatusBar$_1902#97
05-12 21:28:13.345   899   899 D SurfaceFlinger:      CLIENT | 0xb400007dab055980 | 0100 | RGBA_8888    |    0.0    0.0  720.0   90.0 |    0 1510  720 1600 | NavigationBar0$_1902#91
05-12 21:28:13.345   899   899 D SurfaceFlinger:      DEVICE | 0xb400007dab056280 | 0108 | RGBA_8888    |    0.0    0.0  720.0 1600.0 |    0    0  720 1600 | $_1902#93
05-12 21:28:13.345   899   899 D SurfaceFlinger: 
05-12 21:28:13.345   848   910 I HYPER-HAL: [RequestManager.cpp]acquire(): Acquired ID : 764486  [1216 / 20]    HINT : GESTURE_DETECTED    list : [TIMEOUT / 632] 
05-12 21:28:13.345   899  1455 D NativeSemDvfsManager: acquire:: timeout = 2000 mIsAcquired = 1  mTagName : SurfaceFlinger 
05-12 21:28:13.349   899  1455 E NativeCustomFrequencyManager: [NativeCFMS] BpCustomFrequencyManager::acquire()
05-12 21:28:13.350   848   910 I HYPER-HAL: [RequestManager.cpp]acquire(): Acquired ID : 1805050  [899 / 1000]    HINT : SF_GPU_MINLOCK    list : [TIMEOUT / 2000] 
05-12 21:28:13.351  1216  5130 I ActivityManager: DSS OFF for com.android.vending
05-12 21:28:13.351 10970 10970 I Finsky  : [2] onSubscriptionsChanged
05-12 21:28:13.356  3121  3223 I DatabaseWorker: ***** Database is idle *****
05-12 21:28:13.362   899   899 D SurfaceFlinger: Display 0 HWC layers:
05-12 21:28:13.362   899   899 D SurfaceFlinger:      DEVICE | 0xb400007daaa72100 | 0102 | RGBA_8888    |    0.0    0.0  720.0 1600.0 |    0    0  720 1600 | SurfaceView[com.sirma.mobile.bible.a[...]ble.app.MainActivity]@0(BLAST)#27921
05-12 21:28:13.362   899   899 D SurfaceFlinger:      DEVICE | 0xb400007daab55600 | 0100 | RGBA_8888    |    0.0    0.0  720.0 1600.0 |    0    0  720 1600 | com.sirma.mobile.bible.android/youversion.bible.app.MainActivity$_3121#27916
05-12 21:28:13.362   899   899 D SurfaceFlinger:      CLIENT | 0xb400007dd5e2b500 | 0100 | RGBA_8888    |    0.0    0.0  720.0   45.0 |    0    0  720   45 | StatusBar$_1902#97
05-12 21:28:13.362   899   899 D SurfaceFlinger:      CLIENT | 0xb400007dab055b00 | 0100 | RGBA_8888    |    0.0    0.0  720.0   90.0 |    0 1510  720 1600 | NavigationBar0$_1902#91
05-12 21:28:13.362   899   899 D SurfaceFlinger:      DEVICE | 0xb400007dab056280 | 0108 | RGBA_8888    |    0.0    0.0  720.0 1600.0 |    0    0  720 1600 | $_1902#93
05-12 21:28:13.362   899   899 D SurfaceFlinger: 
05-12 21:28:13.372 11102 11102 D CompatibilityChangeReporter: Compat change id reported: 171979766; UID 10192; state: ENABLED
05-12 21:28:13.374  3121  3226 I DatabaseWorker: ***** Database is NOT idle *****
05-12 21:28:13.376  3121  3226 I DatabaseHost: SQL (Database Worker #2): select r.id, r.processor, r.page, r.method, r.content_id, r.content_type, r.parent_id, r.parent_type, r.last_try_at, r.will_retry, r.created_at, r.view_content_url, r.edit_content_url, r.errors, r.attributes, ss.state, r.lock_name from sync_requests as r left join sync_states as ss on (r.content_type = ss.content_type and r.content_id = ss.content_id) order by r.created_at asc
05-12 21:28:13.382   899   899 D SurfaceFlinger: Display 0 HWC layers:
05-12 21:28:13.382   899   899 D SurfaceFlinger:      DEVICE | 0xb400007daaa72100 | 0102 | RGBA_8888    |    0.0    0.0  720.0 1600.0 |    0    0  720 1600 | SurfaceView[com.sirma.mobile.bible.a[...]ble.app.MainActivity]@0(BLAST)#27921
05-12 21:28:13.382   899   899 D SurfaceFlinger:      DEVICE | 0xb400007daab55600 | 0100 | RGBA_8888    |    0.0    0.0  720.0 1600.0 |    0    0  720 1600 | com.sirma.mobile.bible.android/youversion.bible.app.MainActivity$_3121#27916
05-12 21:28:13.382   899   899 D SurfaceFlinger:      CLIENT | 0xb400007dd5e2b500 | 0100 | RGBA_8888    |    0.0    0.0  720.0   45.0 |    0    0  720   45 | StatusBar$_1902#97
05-12 21:28:13.382   899   899 D SurfaceFlinger:      CLIENT | 0xb400007dab054c00 | 0100 | RGBA_8888    |    0.0    0.0  720.0   90.0 |    0 1510  720 1600 | NavigationBar0$_1902#91
05-12 21:28:13.382   899   899 D SurfaceFlinger:      DEVICE | 0xb400007dab056280 | 0108 | RGBA_8888    |    0.0    0.0  720.0 1600.0 |    0    0  720 1600 | $_1902#93
05-12 21:28:13.382   899   899 D SurfaceFlinger: 
05-12 21:28:13.385  1216  1988 D PhoneWindowManagerExt: f.b. a=false id=1 he=false ksno=false uid=1000 callingPackage=android reason=Virtual Key - Press Caller=com.android.server.policy.PhoneWindowManager.performHapticFeedback:6528 com.android.server.policy.PhoneWindowManager.performHapticFeedback:6519 com.android.server.policy.PhoneWindowManager.interceptKeyBeforeQueueing:4932 com.android.server.wm.InputManagerCallback.interceptKeyBeforeQueueing:156 com.android.server.input.InputManagerService.interceptKeyBeforeQueueing:4755 
05-12 21:28:13.385  1216  1988 D PhoneWindowManagerExt: haptic disabled by policy
05-12 21:28:13.385  1216  1988 W InputDispatcher: Excessive delay in interceptKeyBeforeQueueing; took 96 ms
05-12 21:28:13.389  1902  2512 I KeyButtonView: injectInputEvent - 4
05-12 21:28:13.390  1216  1402 D WindowManager: interceptKeyTi keyCode=4 down=true repeatCount=0 keyguardOn=false canceled=false
05-12 21:28:13.394  1216  1988 D InputDispatcher: Inject key (1902/10067): action=1, f=0x48, d=0, time=236025454000000
05-12 21:28:13.394  1216  1988 D WindowManager: interceptKeyTq keycode=4 interactive=true keyguardActive=false policyFlags=2b000002
05-12 21:28:13.397  1216  1402 D PhoneWindowManagerExt: interceptKeyTi code=4 down=true repeatCount=0 displayId=0 interactive=true
05-12 21:28:13.398   899   899 D SurfaceFlinger: Display 0 HWC layers:
05-12 21:28:13.398   899   899 D SurfaceFlinger:      DEVICE | 0xb400007daaa72100 | 0102 | RGBA_8888    |    0.0    0.0  720.0 1600.0 |    0    0  720 1600 | SurfaceView[com.sirma.mobile.bible.a[...]ble.app.MainActivity]@0(BLAST)#27921
05-12 21:28:13.398   899   899 D SurfaceFlinger:      DEVICE | 0xb400007daab55600 | 0100 | RGBA_8888    |    0.0    0.0  720.0 1600.0 |    0    0  720 1600 | com.sirma.mobile.bible.android/youversion.bible.app.MainActivity$_3121#27916
05-12 21:28:13.398   899   899 D SurfaceFlinger:      CLIENT | 0xb400007dd5e2b500 | 0100 | RGBA_8888    |    0.0    0.0  720.0   45.0 |    0    0  720   45 | StatusBar$_1902#97
05-12 21:28:13.398   899   899 D SurfaceFlinger:      CLIENT | 0xb400007dab055980 | 0100 | RGBA_8888    |    0.0    0.0  720.0   90.0 |    0 1510  720 1600 | NavigationBar0$_1902#91
05-12 21:28:13.398   899   899 D SurfaceFlinger:      DEVICE | 0xb400007dab056280 | 0108 | RGBA_8888    |    0.0    0.0  720.0 1600.0 |    0    0  720 1600 | $_1902#93
05-12 21:28:13.398   899   899 D SurfaceFlinger: 
05-12 21:28:13.403 10970 10970 W Finsky  : [2] STU: Failed to get storage stats for package 'com.example.audioanalyser' (1601: Error getting stats: android.content.pm.PackageManager.NameNotFoundException)
05-12 21:28:13.404  1216  1402 I InputDispatcher: Delivering key to (3121): B action: 0x0 (0), f=0x48, m=0x0, d=0, '7abd475'
05-12 21:28:13.414   899   899 D SurfaceFlinger: Display 0 HWC layers:
05-12 21:28:13.414   899   899 D SurfaceFlinger:      DEVICE | 0xb400007daaa72100 | 0102 | RGBA_8888    |    0.0    0.0  720.0 1600.0 |    0    0  720 1600 | SurfaceView[com.sirma.mobile.bible.a[...]ble.app.MainActivity]@0(BLAST)#27921
05-12 21:28:13.414   899   899 D SurfaceFlinger:      DEVICE | 0xb400007daab55600 | 0100 | RGBA_8888    |    0.0    0.0  720.0 1600.0 |    0    0  720 1600 | com.sirma.mobile.bible.android/youversion.bible.app.MainActivity$_3121#27916
05-12 21:28:13.414   899   899 D SurfaceFlinger:      CLIENT | 0xb400007dd5e2b500 | 0100 | RGBA_8888    |    0.0    0.0  720.0   45.0 |    0    0  720   45 | StatusBar$_1902#97
05-12 21:28:13.414   899   899 D SurfaceFlinger:      CLIENT | 0xb400007dab055b00 | 0100 | RGBA_8888    |    0.0    0.0  720.0   90.0 |    0 1510  720 1600 | NavigationBar0$_1902#91
05-12 21:28:13.414   899   899 D SurfaceFlinger:      DEVICE | 0xb400007dab056280 | 0108 | RGBA_8888    |    0.0    0.0  720.0 1600.0 |    0    0  720 1600 | $_1902#93
05-12 21:28:13.414   899   899 D SurfaceFlinger: 
05-12 21:28:13.415   359   359 I lmkd    : 1(delay), 0(swap), 0(freelimit), 0(reentrymode) memory pressure events were skipped after a kill!
05-12 21:28:13.415   359   359 I lmkd    : cached 1, sandbox(not0) 0
05-12 21:28:13.418 11102 11102 D nativeloader: Configuring clns-4 for other apk /system/framework/org.apache.http.legacy.jar. target_sdk_version=36, uses_libraries=ALL, library_path=/data/app/~~BoaHu4H4UHSJK2M8QCghFQ==/com.android.vending-qrKDxsfi9X-BIVHGF7DknQ==/lib/arm64:/data/app/~~BoaHu4H4UHSJK2M8QCghFQ==/com.android.vending-qrKDxsfi9X-BIVHGF7DknQ==/base.apk!/lib/arm64-v8a:/data/app/~~BoaHu4H4UHSJK2M8QCghFQ==/com.android.vending-qrKDxsfi9X-BIVHGF7DknQ==/split_config.arm64_v8a.apk!/lib/arm64-v8a:/data/app/~~BoaHu4H4UHSJK2M8QCghFQ==/com.android.vending-qrKDxsfi9X-BIVHGF7DknQ==/split_config.en.apk!/lib/arm64-v8a:/data/app/~~BoaHu4H4UHSJK2M8QCghFQ==/com.android.vending-qrKDxsfi9X-BIVHGF7DknQ==/split_phonesky_data_loader.apk!/lib/arm64-v8a:/data/app/~~BoaHu4H4UHSJK2M8QCghFQ==/com.android.vending-qrKDxsfi9X-BIVHGF7DknQ==/split_phonesky_data_loader.config.arm64_v8a.apk!/lib/arm64-v8a:/data/app/~~BoaHu4H4UHSJK2M8QCghFQ==/com.android.vending-qrKDxsfi9X-BIVHGF7DknQ==/split_phonesky_webrtc_native_lib.apk!/lib/arm64-v8a:/data/app/~~BoaHu4H4UHSJK2M8QCghFQ==/com.a
05-12 21:28:13.418 11102 11102 D nativeloader: Extending system_exposed_libraries: libhigh_dynamic_range.arcsoft.so:libBeauty_v4.camera.samsung.so:libexifa.camera.samsung.so:libjpega.camera.samsung.so:libOpenCv.camera.samsung.so:libImageScreener.camera.samsung.so:libHpr_RecGAE_cvFeature_v1.0.camera.samsung.so:libHprFace_GAE_api.camera.samsung.so:libFace_Landmark_API.camera.samsung.so:libHprFace_GAE_jni.camera.samsung.so:libObjectAndSceneClassification_2.5_OD.camera.samsung.so:libQREngine.camera.samsung.so:libFood.camera.samsung.so:libFoodDetector.camera.samsung.so:libPortraitSolution.camera.samsung.so:libsrib_CNNInterface.camera.samsung.so:libsrib_humanaware_engine.camera.samsung.so:libInteractiveSegmentation.camera.samsung.so:libsmart_cropping.camera.samsung.so:libStride.camera.samsung.so:libStrideTensorflowLite.camera.samsung.so:libMultiFrameProcessing10.camera.samsung.so:libFacePreProcessing_jni.camera.samsung.so:libFacePreProcessing_jni.camera.samsung.so:libhumantracking_util.camera.samsung.so:libsecjpeginterface.camera.samsung.so:libMyFilterPlugin.c
05-12 21:28:13.419  1216  1988 D PhoneWindowManagerExt: interceptKeyTq code=4 down=false repeatCount=0 displayId=0 interactive=true
05-12 21:28:13.419  1216  1988 D WindowManager: interceptKeyTq interceptKeyResult=4
05-12 21:28:13.420  1216  1402 D WindowManager: interceptKeyTi keyCode=4 down=false repeatCount=0 keyguardOn=false canceled=false
05-12 21:28:13.420  1216  1402 D PhoneWindowManagerExt: interceptKeyTi code=4 down=false repeatCount=0 displayId=0 interactive=true
05-12 21:28:13.421  1216  1402 I InputDispatcher: Delivering key to (3121): B action: 0x1 (0), f=0x48, m=0x0, d=0, '7abd475'
05-12 21:28:13.440   899   899 D SurfaceFlinger: Display 0 HWC layers:
05-12 21:28:13.440   899   899 D SurfaceFlinger:      DEVICE | 0xb400007daaa72100 | 0102 | RGBA_8888    |    0.0    0.0  720.0 1600.0 |    0    0  720 1600 | SurfaceView[com.sirma.mobile.bible.a[...]ble.app.MainActivity]@0(BLAST)#27921
05-12 21:28:13.440   899   899 D SurfaceFlinger:      DEVICE | 0xb400007daab55600 | 0100 | RGBA_8888    |    0.0    0.0  720.0 1600.0 |    0    0  720 1600 | com.sirma.mobile.bible.android/youversion.bible.app.MainActivity$_3121#27916
05-12 21:28:13.440   899   899 D SurfaceFlinger:      CLIENT | 0xb400007dd5e2b500 | 0100 | RGBA_8888    |    0.0    0.0  720.0   45.0 |    0    0  720   45 | StatusBar$_1902#97
05-12 21:28:13.440   899   899 D SurfaceFlinger:      CLIENT | 0xb400007dab054c00 | 0100 | RGBA_8888    |    0.0    0.0  720.0   90.0 |    0 1510  720 1600 | NavigationBar0$_1902#91
05-12 21:28:13.440   899   899 D SurfaceFlinger:      DEVICE | 0xb400007dab056280 | 0108 | RGBA_8888    |    0.0    0.0  720.0 1600.0 |    0    0  720 1600 | $_1902#93
05-12 21:28:13.440   899   899 D SurfaceFlinger: 
05-12 21:28:13.456   899   899 D SurfaceFlinger: Display 0 HWC layers:
05-12 21:28:13.456   899   899 D SurfaceFlinger:      DEVICE | 0xb400007daaa72100 | 0102 | RGBA_8888    |    0.0    0.0  720.0 1600.0 |    0    0  720 1600 | SurfaceView[com.sirma.mobile.bible.a[...]ble.app.MainActivity]@0(BLAST)#27921
05-12 21:28:13.456   899   899 D SurfaceFlinger:      DEVICE | 0xb400007daab55600 | 0100 | RGBA_8888    |    0.0    0.0  720.0 1600.0 |    0    0  720 1600 | com.sirma.mobile.bible.android/youversion.bible.app.MainActivity$_3121#27916
05-12 21:28:13.456   899   899 D SurfaceFlinger:      CLIENT | 0xb400007dd5e2b500 | 0100 | RGBA_8888    |    0.0    0.0  720.0   45.0 |    0    0  720   45 | StatusBar$_1902#97
05-12 21:28:13.456   899   899 D SurfaceFlinger:      CLIENT | 0xb400007dab055980 | 0100 | RGBA_8888    |    0.0    0.0  720.0   90.0 |    0 1510  720 1600 | NavigationBar0$_1902#91
05-12 21:28:13.456   899   899 D SurfaceFlinger:      DEVICE | 0xb400007dab056280 | 0108 | RGBA_8888    |    0.0    0.0  720.0 1600.0 |    0    0  720 1600 | $_1902#93
05-12 21:28:13.456   899   899 D SurfaceFlinger: 
05-12 21:28:13.472   899   899 D SurfaceFlinger: Display 0 HWC layers:
05-12 21:28:13.472   899   899 D SurfaceFlinger:      DEVICE | 0xb400007daaa72100 | 0102 | RGBA_8888    |    0.0    0.0  720.0 1600.0 |    0    0  720 1600 | SurfaceView[com.sirma.mobile.bible.a[...]ble.app.MainActivity]@0(BLAST)#27921
05-12 21:28:13.472   899   899 D SurfaceFlinger:      DEVICE | 0xb400007daab55600 | 0100 | RGBA_8888    |    0.0    0.0  720.0 1600.0 |    0    0  720 1600 | com.sirma.mobile.bible.android/youversion.bible.app.MainActivity$_3121#27916
05-12 21:28:13.472   899   899 D SurfaceFlinger:      CLIENT | 0xb400007dd5e2b500 | 0100 | RGBA_8888    |    0.0    0.0  720.0   45.0 |    0    0  720   45 | StatusBar$_1902#97
05-12 21:28:13.472   899   899 D SurfaceFlinger:      CLIENT | 0xb400007dab055b00 | 0100 | RGBA_8888    |    0.0    0.0  720.0   90.0 |    0 1510  720 1600 | NavigationBar0$_1902#91
05-12 21:28:13.472   899   899 D SurfaceFlinger:      DEVICE | 0xb400007dab056280 | 0108 | RGBA_8888    |    0.0    0.0  720.0 1600.0 |    0    0  720 1600 | $_1902#93
05-12 21:28:13.472   899   899 D SurfaceFlinger: 
05-12 21:28:13.489   899   899 D SurfaceFlinger: Display 0 HWC layers:
05-12 21:28:13.489   899   899 D SurfaceFlinger:      DEVICE | 0xb400007daaa72100 | 0102 | RGBA_8888    |    0.0    0.0  720.0 1600.0 |    0    0  720 1600 | SurfaceView[com.sirma.mobile.bible.a[...]ble.app.MainActivity]@0(BLAST)#27921
05-12 21:28:13.489   899   899 D SurfaceFlinger:      DEVICE | 0xb400007daab55600 | 0100 | RGBA_8888    |    0.0    0.0  720.0 1600.0 |    0    0  720 1600 | com.sirma.mobile.bible.android/youversion.bible.app.MainActivity$_3121#27916
05-12 21:28:13.489   899   899 D SurfaceFlinger:      CLIENT | 0xb400007dd5e2b500 | 0100 | RGBA_8888    |    0.0    0.0  720.0   45.0 |    0    0  720   45 | StatusBar$_1902#97
05-12 21:28:13.489   899   899 D SurfaceFlinger:      CLIENT | 0xb400007dab054c00 | 0100 | RGBA_8888    |    0.0    0.0  720.0   90.0 |    0 1510  720 1600 | NavigationBar0$_1902#91
05-12 21:28:13.489   899   899 D SurfaceFlinger:      DEVICE | 0xb400007dab056280 | 0108 | RGBA_8888    |    0.0    0.0  720.0 1600.0 |    0    0  720 1600 | $_1902#93
05-12 21:28:13.489   899   899 D SurfaceFlinger: 
05-12 21:28:13.507   899   899 D SurfaceFlinger: Display 0 HWC layers:
05-12 21:28:13.507   899   899 D SurfaceFlinger:      DEVICE | 0xb400007daaa72100 | 0102 | RGBA_8888    |    0.0    0.0  720.0 1600.0 |    0    0  720 1600 | SurfaceView[com.sirma.mobile.bible.a[...]ble.app.MainActivity]@0(BLAST)#27921
05-12 21:28:13.507   899   899 D SurfaceFlinger:      DEVICE | 0xb400007daab55600 | 0100 | RGBA_8888    |    0.0    0.0  720.0 1600.0 |    0    0  720 1600 | com.sirma.mobile.bible.android/youversion.bible.app.MainActivity$_3121#27916
05-12 21:28:13.507   899   899 D SurfaceFlinger:      CLIENT | 0xb400007dd5e2b500 | 0100 | RGBA_8888    |    0.0    0.0  720.0   45.0 |    0    0  720   45 | StatusBar$_1902#97
05-12 21:28:13.507   899   899 D SurfaceFlinger:      CLIENT | 0xb400007dab055980 | 0100 | RGBA_8888    |    0.0    0.0  720.0   90.0 |    0 1510  720 1600 | NavigationBar0$_1902#91
05-12 21:28:13.507   899   899 D SurfaceFlinger:      DEVICE | 0xb400007dab056280 | 0108 | RGBA_8888    |    0.0    0.0  720.0 1600.0 |    0    0  720 1600 | $_1902#93
05-12 21:28:13.507   899   899 D SurfaceFlinger: 
05-12 21:28:13.513 10970 11026 I Finsky  : [1872] AIM: AppInfoManager-Perf > getApps > data collection finished
05-12 21:28:13.513 10970 11026 I Finsky  : [1872] AIM: AppInfoManager-Perf > maybeDestroyAppInfoManager is called. actives = 0
05-12 21:28:13.522  3121  3226 I DatabaseWorker: ***** Database is idle *****
05-12 21:28:13.523   899   899 D SurfaceFlinger: Display 0 HWC layers:
05-12 21:28:13.523   899   899 D SurfaceFlinger:      DEVICE | 0xb400007daaa72100 | 0102 | RGBA_8888    |    0.0    0.0  720.0 1600.0 |    0    0  720 1600 | SurfaceView[com.sirma.mobile.bible.a[...]ble.app.MainActivity]@0(BLAST)#27921
05-12 21:28:13.523   899   899 D SurfaceFlinger:      DEVICE | 0xb400007daab55600 | 0100 | RGBA_8888    |    0.0    0.0  720.0 1600.0 |    0    0  720 1600 | com.sirma.mobile.bible.android/youversion.bible.app.MainActivity$_3121#27916
05-12 21:28:13.523   899   899 D SurfaceFlinger:      CLIENT | 0xb400007dd5e2b500 | 0100 | RGBA_8888    |    0.0    0.0  720.0   45.0 |    0    0  720   45 | StatusBar$_1902#97
05-12 21:28:13.523   899   899 D SurfaceFlinger:      CLIENT | 0xb400007dab055b00 | 0100 | RGBA_8888    |    0.0    0.0  720.0   90.0 |    0 1510  720 1600 | NavigationBar0$_1902#91
05-12 21:28:13.523   899   899 D SurfaceFlinger:      DEVICE | 0xb400007dab056280 | 0108 | RGBA_8888    |    0.0    0.0  720.0 1600.0 |    0    0  720 1600 | $_1902#93
05-12 21:28:13.523   899   899 D SurfaceFlinger: 
05-12 21:28:13.526   359   359 I lmkd    : 1(delay), 0(swap), 0(freelimit), 0(reentrymode) memory pressure events were skipped after a kill!
05-12 21:28:13.526   359   359 I lmkd    : cached 1, sandbox(not0) 0
05-12 21:28:13.539   899   899 D SurfaceFlinger: Display 0 HWC layers:
05-12 21:28:13.539   899   899 D SurfaceFlinger:      DEVICE | 0xb400007daaa72100 | 0102 | RGBA_8888    |    0.0    0.0  720.0 1600.0 |    0    0  720 1600 | SurfaceView[com.sirma.mobile.bible.a[...]ble.app.MainActivity]@0(BLAST)#27921
05-12 21:28:13.539   899   899 D SurfaceFlinger:      DEVICE | 0xb400007daab55600 | 0100 | RGBA_8888    |    0.0    0.0  720.0 1600.0 |    0    0  720 1600 | com.sirma.mobile.bible.android/youversion.bible.app.MainActivity$_3121#27916
05-12 21:28:13.539   899   899 D SurfaceFlinger:      CLIENT | 0xb400007dd5e2b500 | 0100 | RGBA_8888    |    0.0    0.0  720.0   45.0 |    0    0  720   45 | StatusBar$_1902#97
05-12 21:28:13.539   899   899 D SurfaceFlinger:      CLIENT | 0xb400007dab054c00 | 0100 | RGBA_8888    |    0.0    0.0  720.0   90.0 |    0 1510  720 1600 | NavigationBar0$_1902#91
05-12 21:28:13.539   899   899 D SurfaceFlinger:      DEVICE | 0xb400007dab056280 | 0108 | RGBA_8888    |    0.0    0.0  720.0 1600.0 |    0    0  720 1600 | $_1902#93
05-12 21:28:13.539   899   899 D SurfaceFlinger: 
05-12 21:28:13.556   899   899 D SurfaceFlinger: Display 0 HWC layers:
05-12 21:28:13.556   899   899 D SurfaceFlinger:      DEVICE | 0xb400007daaa72100 | 0102 | RGBA_8888    |    0.0    0.0  720.0 1600.0 |    0    0  720 1600 | SurfaceView[com.sirma.mobile.bible.a[...]ble.app.MainActivity]@0(BLAST)#27921
05-12 21:28:13.556   899   899 D SurfaceFlinger:      DEVICE | 0xb400007daab55600 | 0100 | RGBA_8888    |    0.0    0.0  720.0 1600.0 |    0    0  720 1600 | com.sirma.mobile.bible.android/youversion.bible.app.MainActivity$_3121#27916
05-12 21:28:13.556   899   899 D SurfaceFlinger:      CLIENT | 0xb400007dd5e2b500 | 0100 | RGBA_8888    |    0.0    0.0  720.0   45.0 |    0    0  720   45 | StatusBar$_1902#97
05-12 21:28:13.556   899   899 D SurfaceFlinger:      CLIENT | 0xb400007dab055980 | 0100 | RGBA_8888    |    0.0    0.0  720.0   90.0 |    0 1510  720 1600 | NavigationBar0$_1902#91
05-12 21:28:13.556   899   899 D SurfaceFlinger:      DEVICE | 0xb400007dab056280 | 0108 | RGBA_8888    |    0.0    0.0  720.0 1600.0 |    0    0  720 1600 | $_1902#93
05-12 21:28:13.556   899   899 D SurfaceFlinger: 
05-12 21:28:13.572  1216  1823 D NetdEventListenerService: DNS Requested by : 142, 10192
05-12 21:28:13.573   899   899 D SurfaceFlinger: Display 0 HWC layers:
05-12 21:28:13.573   899   899 D SurfaceFlinger:      DEVICE | 0xb400007daaa72100 | 0102 | RGBA_8888    |    0.0    0.0  720.0 1600.0 |    0    0  720 1600 | SurfaceView[com.sirma.mobile.bible.a[...]ble.app.MainActivity]@0(BLAST)#27921
05-12 21:28:13.573   899   899 D SurfaceFlinger:      DEVICE | 0xb400007daab55600 | 0100 | RGBA_8888    |    0.0    0.0  720.0 1600.0 |    0    0  720 1600 | com.sirma.mobile.bible.android/youversion.bible.app.MainActivity$_3121#27916
05-12 21:28:13.573   899   899 D SurfaceFlinger:      CLIENT | 0xb400007dd5e2b500 | 0100 | RGBA_8888    |    0.0    0.0  720.0   45.0 |    0    0  720   45 | StatusBar$_1902#97
05-12 21:28:13.573   899   899 D SurfaceFlinger:      CLIENT | 0xb400007dab055b00 | 0100 | RGBA_8888    |    0.0    0.0  720.0   90.0 |    0 1510  720 1600 | NavigationBar0$_1902#91
05-12 21:28:13.573   899   899 D SurfaceFlinger:      DEVICE | 0xb400007dab056280 | 0108 | RGBA_8888    |    0.0    0.0  720.0 1600.0 |    0    0  720 1600 | $_1902#93
05-12 21:28:13.573   899   899 D SurfaceFlinger: 
05-12 21:28:13.591   899   899 D SurfaceFlinger: Display 0 HWC layers:
05-12 21:28:13.591   899   899 D SurfaceFlinger:      DEVICE | 0xb400007daaa72100 | 0102 | RGBA_8888    |    0.0    0.0  720.0 1600.0 |    0    0  720 1600 | SurfaceView[com.sirma.mobile.bible.a[...]ble.app.MainActivity]@0(BLAST)#27921
05-12 21:28:13.591   899   899 D SurfaceFlinger:      DEVICE | 0xb400007daab55600 | 0100 | RGBA_8888    |    0.0    0.0  720.0 1600.0 |    0    0  720 1600 | com.sirma.mobile.bible.android/youversion.bible.app.MainActivity$_3121#27916
05-12 21:28:13.591   899   899 D SurfaceFlinger:      CLIENT | 0xb400007dd5e2b500 | 0100 | RGBA_8888    |    0.0    0.0  720.0   45.0 |    0    0  720   45 | StatusBar$_1902#97
05-12 21:28:13.591   899   899 D SurfaceFlinger:      CLIENT | 0xb400007dab054c00 | 0100 | RGBA_8888    |    0.0    0.0  720.0   90.0 |    0 1510  720 1600 | NavigationBar0$_1902#91
05-12 21:28:13.591   899   899 D SurfaceFlinger:      DEVICE | 0xb400007dab056280 | 0108 | RGBA_8888    |    0.0    0.0  720.0 1600.0 |    0    0  720 1600 | $_1902#93
05-12 21:28:13.591   899   899 D SurfaceFlinger: 
05-12 21:28:13.610   899   899 D SurfaceFlinger: Display 0 HWC layers:
05-12 21:28:13.610   899   899 D SurfaceFlinger:      DEVICE | 0xb400007daaa72100 | 0102 | RGBA_8888    |    0.0    0.0  720.0 1600.0 |    0    0  720 1600 | SurfaceView[com.sirma.mobile.bible.a[...]ble.app.MainActivity]@0(BLAST)#27921
05-12 21:28:13.610   899   899 D SurfaceFlinger:      DEVICE | 0xb400007daab55600 | 0100 | RGBA_8888    |    0.0    0.0  720.0 1600.0 |    0    0  720 1600 | com.sirma.mobile.bible.android/youversion.bible.app.MainActivity$_3121#27916
05-12 21:28:13.610   899   899 D SurfaceFlinger:      CLIENT | 0xb400007dd5e2b500 | 0100 | RGBA_8888    |    0.0    0.0  720.0   45.0 |    0    0  720   45 | StatusBar$_1902#97
05-12 21:28:13.610   899   899 D SurfaceFlinger:      CLIENT | 0xb400007dab055980 | 0100 | RGBA_8888    |    0.0    0.0  720.0   90.0 |    0 1510  720 1600 | NavigationBar0$_1902#91
05-12 21:28:13.610   899   899 D SurfaceFlinger:      DEVICE | 0xb400007dab056280 | 0108 | RGBA_8888    |    0.0    0.0  720.0 1600.0 |    0    0  720 1600 | $_1902#93
05-12 21:28:13.610   899   899 D SurfaceFlinger: 
05-12 21:28:13.628   899   899 D SurfaceFlinger: Display 0 HWC layers:
05-12 21:28:13.628   899   899 D SurfaceFlinger:      DEVICE | 0xb400007daaa72100 | 0102 | RGBA_8888    |    0.0    0.0  720.0 1600.0 |    0    0  720 1600 | SurfaceView[com.sirma.mobile.bible.a[...]ble.app.MainActivity]@0(BLAST)#27921
05-12 21:28:13.628   899   899 D SurfaceFlinger:      DEVICE | 0xb400007daab55600 | 0100 | RGBA_8888    |    0.0    0.0  720.0 1600.0 |    0    0  720 1600 | com.sirma.mobile.bible.android/youversion.bible.app.MainActivity$_3121#27916
05-12 21:28:13.628   899   899 D SurfaceFlinger:      CLIENT | 0xb400007dd5e2b500 | 0100 | RGBA_8888    |    0.0    0.0  720.0   45.0 |    0    0  720   45 | StatusBar$_1902#97
05-12 21:28:13.628   899   899 D SurfaceFlinger:      CLIENT | 0xb400007dab055b00 | 0100 | RGBA_8888    |    0.0    0.0  720.0   90.0 |    0 1510  720 1600 | NavigationBar0$_1902#91
05-12 21:28:13.628   899   899 D SurfaceFlinger:      DEVICE | 0xb400007dab056280 | 0108 | RGBA_8888    |    0.0    0.0  720.0 1600.0 |    0    0  720 1600 | $_1902#93
05-12 21:28:13.628   899   899 D SurfaceFlinger: 
05-12 21:28:13.639  1852  1852 D BoundBrokerSvc: onBind: Intent { act=com.google.android.gms.measurement.START pkg=com.google.android.gms }
05-12 21:28:13.639  1852  1852 D BoundBrokerSvc: Loading bound service for intent: Intent { act=com.google.android.gms.measurement.START pkg=com.google.android.gms }
05-12 21:28:13.649   398   398 D io_stats: !@ 179,0 r 110273645 1483612807 w 11405546 93939116 d 413469 20552604 f 0 0 iot 26460016 0 th 0 0 0 pt 0 inp 0 0 236025.772
05-12 21:28:13.649   398   398 D io_stats: !@ MemInfo(KB): total 3792268 free 59560 avail 701824 actv(f) 298984 inactv(f) 417008 dirty 6080 wb 0 anonpg 1026564 slab 302472
05-12 21:28:13.651 11102 11102 W ding:background: Failed to find entry 'classes.dex': Entry not found
05-12 21:28:13.656   899   899 D SurfaceFlinger: Display 0 HWC layers:
05-12 21:28:13.656   899   899 D SurfaceFlinger:      DEVICE | 0xb400007daaa72100 | 0102 | RGBA_8888    |    0.0    0.0  720.0 1600.0 |    0    0  720 1600 | SurfaceView[com.sirma.mobile.bible.a[...]ble.app.MainActivity]@0(BLAST)#27921
05-12 21:28:13.656   899   899 D SurfaceFlinger:      DEVICE | 0xb400007daab55600 | 0100 | RGBA_8888    |    0.0    0.0  720.0 1600.0 |    0    0  720 1600 | com.sirma.mobile.bible.android/youversion.bible.app.MainActivity$_3121#27916
05-12 21:28:13.656   899   899 D SurfaceFlinger:      CLIENT | 0xb400007dd5e2b500 | 0100 | RGBA_8888    |    0.0    0.0  720.0   45.0 |    0    0  720   45 | StatusBar$_1902#97
05-12 21:28:13.656   899   899 D SurfaceFlinger:      CLIENT | 0xb400007dab054c00 | 0100 | RGBA_8888    |    0.0    0.0  720.0   90.0 |    0 1510  720 1600 | NavigationBar0$_1902#91
05-12 21:28:13.656   899   899 D SurfaceFlinger:      DEVICE | 0xb400007dab056280 | 0108 | RGBA_8888    |    0.0    0.0  720.0 1600.0 |    0    0  720 1600 | $_1902#93
05-12 21:28:13.656   899   899 D SurfaceFlinger: 
05-12 21:28:13.659 11102 11102 W ding:background: Failed to find entry 'classes.dex': Entry not found
05-12 21:28:13.661 11102 11102 W ding:background: Failed to find entry 'classes.dex': Entry not found
05-12 21:28:13.663 11102 11102 W ding:background: Failed to find entry 'classes.dex': Entry not found
05-12 21:28:13.666 11102 11102 W ding:background: Failed to find entry 'classes.dex': Entry not found
05-12 21:28:13.666   359   359 I lmkd    : 2(delay), 0(swap), 0(freelimit), 0(reentrymode) memory pressure events were skipped after a kill!
05-12 21:28:13.667   359   359 I lmkd    : cached 1, sandbox(not0) 0
05-12 21:28:13.669 11102 11102 W ding:background: Failed to find entry 'classes.dex': Entry not found
05-12 21:28:13.673   899   899 D SurfaceFlinger: Display 0 HWC layers:
05-12 21:28:13.673   899   899 D SurfaceFlinger:      DEVICE | 0xb400007daaa71c80 | 0102 | RGBA_8888    |    0.0    0.0  720.0 1600.0 |    0    0  720 1600 | SurfaceView[com.sirma.mobile.bible.a[...]ble.app.MainActivity]@0(BLAST)#27921
05-12 21:28:13.673   899   899 D SurfaceFlinger:      DEVICE | 0xb400007daab55600 | 0100 | RGBA_8888    |    0.0    0.0  720.0 1600.0 |    0    0  720 1600 | com.sirma.mobile.bible.android/youversion.bible.app.MainActivity$_3121#27916
05-12 21:28:13.673   899   899 D SurfaceFlinger:      CLIENT | 0xb400007dd5e2b500 | 0100 | RGBA_8888    |    0.0    0.0  720.0   45.0 |    0    0  720   45 | StatusBar$_1902#97
05-12 21:28:13.673   899   899 D SurfaceFlinger:      CLIENT | 0xb400007dab055980 | 0100 | RGBA_8888    |    0.0    0.0  720.0   90.0 |    0 1510  720 1600 | NavigationBar0$_1902#91
05-12 21:28:13.673   899   899 D SurfaceFlinger:      DEVICE | 0xb400007dab056280 | 0108 | RGBA_8888    |    0.0    0.0  720.0 1600.0 |    0    0  720 1600 | $_1902#93
05-12 21:28:13.673   899   899 D SurfaceFlinger: 
05-12 21:28:13.685 11102 11102 D nativeloader: Configuring clns-5 for other apk /data/app/~~BoaHu4H4UHSJK2M8QCghFQ==/com.android.vending-qrKDxsfi9X-BIVHGF7DknQ==/base.apk:/data/app/~~BoaHu4H4UHSJK2M8QCghFQ==/com.android.vending-qrKDxsfi9X-BIVHGF7DknQ==/split_config.arm64_v8a.apk:/data/app/~~BoaHu4H4UHSJK2M8QCghFQ==/com.android.vending-qrKDxsfi9X-BIVHGF7DknQ==/split_config.en.apk:/data/app/~~BoaHu4H4UHSJK2M8QCghFQ==/com.android.vending-qrKDxsfi9X-BIVHGF7DknQ==/split_phonesky_data_loader.apk:/data/app/~~BoaHu4H4UHSJK2M8QCghFQ==/com.android.vending-qrKDxsfi9X-BIVHGF7DknQ==/split_phonesky_data_loader.config.arm64_v8a.apk:/data/app/~~BoaHu4H4UHSJK2M8QCghFQ==/com.android.vending-qrKDxsfi9X-BIVHGF7DknQ==/split_phonesky_webrtc_native_lib.apk:/data/app/~~BoaHu4H4UHSJK2M8QCghFQ==/com.android.vending-qrKDxsfi9X-BIVHGF7DknQ==/split_phonesky_webrtc_native_lib.config.arm64_v8a.apk. target_sdk_version=36, uses_libraries=, library_path=/data/app/~~BoaHu4H4UHSJK2M8QCghFQ==/com.android.vending-qrKDxsfi9X-BIVHGF7DknQ==/lib/arm64:/data/app/~~BoaHu4H4UHSJK2M8QCghFQ==/com.and
05-12 21:28:13.693   899   899 D SurfaceFlinger: Display 0 HWC layers:
05-12 21:28:13.693   899   899 D SurfaceFlinger:      DEVICE | 0xb400007daaa71c80 | 0102 | RGBA_8888    |    0.0    0.0  720.0 1600.0 |    0    0  720 1600 | SurfaceView[com.sirma.mobile.bible.a[...]ble.app.MainActivity]@0(BLAST)#27921
05-12 21:28:13.693   899   899 D SurfaceFlinger:      DEVICE | 0xb400007daab55600 | 0100 | RGBA_8888    |    0.0    0.0  720.0 1600.0 |    0    0  720 1600 | com.sirma.mobile.bible.android/youversion.bible.app.MainActivity$_3121#27916
05-12 21:28:13.693   899   899 D SurfaceFlinger:      CLIENT | 0xb400007dd5e2b500 | 0100 | RGBA_8888    |    0.0    0.0  720.0   45.0 |    0    0  720   45 | StatusBar$_1902#97
05-12 21:28:13.693   899   899 D SurfaceFlinger:      CLIENT | 0xb400007dab055b00 | 0100 | RGBA_8888    |    0.0    0.0  720.0   90.0 |    0 1510  720 1600 | NavigationBar0$_1902#91
05-12 21:28:13.693   899   899 D SurfaceFlinger:      DEVICE | 0xb400007dab056280 | 0108 | RGBA_8888    |    0.0    0.0  720.0 1600.0 |    0    0  720 1600 | $_1902#93
05-12 21:28:13.693   899   899 D SurfaceFlinger: 
05-12 21:28:13.712   899   899 D SurfaceFlinger: Display 0 HWC layers:
05-12 21:28:13.712   899   899 D SurfaceFlinger:      DEVICE | 0xb400007daaa71c80 | 0102 | RGBA_8888    |    0.0    0.0  720.0 1600.0 |    0    0  720 1600 | SurfaceView[com.sirma.mobile.bible.a[...]ble.app.MainActivity]@0(BLAST)#27921
05-12 21:28:13.712   899   899 D SurfaceFlinger:      DEVICE | 0xb400007daab55600 | 0100 | RGBA_8888    |    0.0    0.0  720.0 1600.0 |    0    0  720 1600 | com.sirma.mobile.bible.android/youversion.bible.app.MainActivity$_3121#27916
05-12 21:28:13.712   899   899 D SurfaceFlinger:      CLIENT | 0xb400007dd5e2b500 | 0100 | RGBA_8888    |    0.0    0.0  720.0   45.0 |    0    0  720   45 | StatusBar$_1902#97
05-12 21:28:13.712   899   899 D SurfaceFlinger:      CLIENT | 0xb400007dab054c00 | 0100 | RGBA_8888    |    0.0    0.0  720.0   90.0 |    0 1510  720 1600 | NavigationBar0$_1902#91
05-12 21:28:13.712   899   899 D SurfaceFlinger:      DEVICE | 0xb400007dab056280 | 0108 | RGBA_8888    |    0.0    0.0  720.0 1600.0 |    0    0  720 1600 | $_1902#93
05-12 21:28:13.712   899   899 D SurfaceFlinger: 
05-12 21:28:13.730   899   899 D SurfaceFlinger: Display 0 HWC layers:
05-12 21:28:13.730   899   899 D SurfaceFlinger:      DEVICE | 0xb400007daaa71c80 | 0102 | RGBA_8888    |    0.0    0.0  720.0 1600.0 |    0    0  720 1600 | SurfaceView[com.sirma.mobile.bible.a[...]ble.app.MainActivity]@0(BLAST)#27921
05-12 21:28:13.730   899   899 D SurfaceFlinger:      DEVICE | 0xb400007daab55600 | 0100 | RGBA_8888    |    0.0    0.0  720.0 1600.0 |    0    0  720 1600 | com.sirma.mobile.bible.android/youversion.bible.app.MainActivity$_3121#27916
05-12 21:28:13.730   899   899 D SurfaceFlinger:      CLIENT | 0xb400007dd5e2b500 | 0100 | RGBA_8888    |    0.0    0.0  720.0   45.0 |    0    0  720   45 | StatusBar$_1902#97
05-12 21:28:13.730   899   899 D SurfaceFlinger:      CLIENT | 0xb400007dab055980 | 0100 | RGBA_8888    |    0.0    0.0  720.0   90.0 |    0 1510  720 1600 | NavigationBar0$_1902#91
05-12 21:28:13.730   899   899 D SurfaceFlinger:      DEVICE | 0xb400007dab056280 | 0108 | RGBA_8888    |    0.0    0.0  720.0 1600.0 |    0    0  720 1600 | $_1902#93
05-12 21:28:13.730   899   899 D SurfaceFlinger: 
05-12 21:28:13.734 11102 11102 D nativeloader: Load libframework-connectivity-jni.so using APEX ns com_android_tethering for caller /apex/com.android.tethering/javalib/framework-connectivity.jar: ok
05-12 21:28:13.746   899   899 D SurfaceFlinger: Display 0 HWC layers:
05-12 21:28:13.746   899   899 D SurfaceFlinger:      DEVICE | 0xb400007daaa71c80 | 0102 | RGBA_8888    |    0.0    0.0  720.0 1600.0 |    0    0  720 1600 | SurfaceView[com.sirma.mobile.bible.a[...]ble.app.MainActivity]@0(BLAST)#27921
05-12 21:28:13.746   899   899 D SurfaceFlinger:      DEVICE | 0xb400007daab55600 | 0100 | RGBA_8888    |    0.0    0.0  720.0 1600.0 |    0    0  720 1600 | com.sirma.mobile.bible.android/youversion.bible.app.MainActivity$_3121#27916
05-12 21:28:13.746   899   899 D SurfaceFlinger:      CLIENT | 0xb400007dd5e2b500 | 0100 | RGBA_8888    |    0.0    0.0  720.0   45.0 |    0    0  720   45 | StatusBar$_1902#97
05-12 21:28:13.746   899   899 D SurfaceFlinger:      CLIENT | 0xb400007dab055b00 | 0100 | RGBA_8888    |    0.0    0.0  720.0   90.0 |    0 1510  720 1600 | NavigationBar0$_1902#91
05-12 21:28:13.746   899   899 D SurfaceFlinger:      DEVICE | 0xb400007dab056280 | 0108 | RGBA_8888    |    0.0    0.0  720.0 1600.0 |    0    0  720 1600 | $_1902#93
05-12 21:28:13.746   899   899 D SurfaceFlinger: 
05-12 21:28:13.755 11102 11102 V GraphicsEnvironment: ANGLE Developer option for 'com.android.vending' set to: 'default'
05-12 21:28:13.756 11102 11102 V GraphicsEnvironment: ANGLE GameManagerService for com.android.vending: false
05-12 21:28:13.756 11102 11102 V GraphicsEnvironment: Neither updatable production driver nor prerelease driver is supported.
05-12 21:28:13.763  1216  1988 D CoreBackPreview: Window{7abd475 u0 com.sirma.mobile.bible.android/youversion.bible.app.MainActivity}: Setting back callback OnBackInvokedCallbackInfo{mCallback=android.window.IOnBackInvokedCallback$Stub$Proxy@fae6264, mPriority=-1}
05-12 21:28:13.766  6664  3800 I NearbySharing: Network state changed: NetworkState(isRestricted=false, isOnline=true, isCongested=false, isMetered=false, isWifiConnected=true)
05-12 21:28:13.769  1216  1988 D CoreBackPreview: Window{7abd475 u0 com.sirma.mobile.bible.android/youversion.bible.app.MainActivity}: Setting back callback OnBackInvokedCallbackInfo{mCallback=android.window.IOnBackInvokedCallback$Stub$Proxy@6a199fc, mPriority=0}
05-12 21:28:13.769   899   899 D SurfaceFlinger: Display 0 HWC layers:
05-12 21:28:13.769   899   899 D SurfaceFlinger:      DEVICE | 0xb400007daaa71c80 | 0102 | RGBA_8888    |    0.0    0.0  720.0 1600.0 |    0    0  720 1600 | SurfaceView[com.sirma.mobile.bible.a[...]ble.app.MainActivity]@0(BLAST)#27921
05-12 21:28:13.769   899   899 D SurfaceFlinger:      DEVICE | 0xb400007daab55600 | 0100 | RGBA_8888    |    0.0    0.0  720.0 1600.0 |    0    0  720 1600 | com.sirma.mobile.bible.android/youversion.bible.app.MainActivity$_3121#27916
05-12 21:28:13.769   899   899 D SurfaceFlinger:      CLIENT | 0xb400007dd5e2b500 | 0100 | RGBA_8888    |    0.0    0.0  720.0   45.0 |    0    0  720   45 | StatusBar$_1902#97
05-12 21:28:13.769   899   899 D SurfaceFlinger:      CLIENT | 0xb400007dab054c00 | 0100 | RGBA_8888    |    0.0    0.0  720.0   90.0 |    0 1510  720 1600 | NavigationBar0$_1902#91
05-12 21:28:13.769   899   899 D SurfaceFlinger:      DEVICE | 0xb400007dab056280 | 0108 | RGBA_8888    |    0.0    0.0  720.0 1600.0 |    0    0  720 1600 | $_1902#93
05-12 21:28:13.769   899   899 D SurfaceFlinger: 
05-12 21:28:13.770 11102 11102 D NetworkSecurityConfig: No Network Security Config specified, using platform default
05-12 21:28:13.774  1216  1988 D CoreBackPreview: Window{7abd475 u0 com.sirma.mobile.bible.android/youversion.bible.app.MainActivity}: Setting back callback OnBackInvokedCallbackInfo{mCallback=android.window.IOnBackInvokedCallback$Stub$Proxy@66c59e8, mPriority=-1}
05-12 21:28:13.777  1216  1988 D CoreBackPreview: Window{7abd475 u0 com.sirma.mobile.bible.android/youversion.bible.app.MainActivity}: Setting back callback OnBackInvokedCallbackInfo{mCallback=android.window.IOnBackInvokedCallback$Stub$Proxy@ae9cf5, mPriority=0}
05-12 21:28:13.781   359   359 I lmkd    : 1(delay), 0(swap), 0(freelimit), 0(reentrymode) memory pressure events were skipped after a kill!
05-12 21:28:13.785  1216  1988 D CoreBackPreview: Window{7abd475 u0 com.sirma.mobile.bible.android/youversion.bible.app.MainActivity}: Setting back callback OnBackInvokedCallbackInfo{mCallback=android.window.IOnBackInvokedCallback$Stub$Proxy@555bfa9, mPriority=-1}
05-12 21:28:13.788   899   899 D SurfaceFlinger: Display 0 HWC layers:
05-12 21:28:13.788   899   899 D SurfaceFlinger:      DEVICE | 0xb400007daaa71c80 | 0102 | RGBA_8888    |    0.0    0.0  720.0 1600.0 |    0    0  720 1600 | SurfaceView[com.sirma.mobile.bible.a[...]ble.app.MainActivity]@0(BLAST)#27921
05-12 21:28:13.788   899   899 D SurfaceFlinger:      DEVICE | 0xb400007daab55600 | 0100 | RGBA_8888    |    0.0    0.0  720.0 1600.0 |    0    0  720 1600 | com.sirma.mobile.bible.android/youversion.bible.app.MainActivity$_3121#27916
05-12 21:28:13.788   899   899 D SurfaceFlinger:      CLIENT | 0xb400007dd5e2b500 | 0100 | RGBA_8888    |    0.0    0.0  720.0   45.0 |    0    0  720   45 | StatusBar$_1902#97
05-12 21:28:13.788   899   899 D SurfaceFlinger:      CLIENT | 0xb400007dab055980 | 0100 | RGBA_8888    |    0.0    0.0  720.0   90.0 |    0 1510  720 1600 | NavigationBar0$_1902#91
05-12 21:28:13.788   899   899 D SurfaceFlinger:      DEVICE | 0xb400007dab056280 | 0108 | RGBA_8888    |    0.0    0.0  720.0 1600.0 |    0    0  720 1600 | $_1902#93
05-12 21:28:13.788   899   899 D SurfaceFlinger: 
05-12 21:28:13.788  1216  3675 D CoreBackPreview: Window{7abd475 u0 com.sirma.mobile.bible.android/youversion.bible.app.MainActivity}: Setting back callback OnBackInvokedCallbackInfo{mCallback=android.window.IOnBackInvokedCallback$Stub$Proxy@4455ccf, mPriority=0}
05-12 21:28:13.810   899   899 D SurfaceFlinger: Display 0 HWC layers:
05-12 21:28:13.810   899   899 D SurfaceFlinger:      DEVICE | 0xb400007daaa71c80 | 0102 | RGBA_8888    |    0.0    0.0  720.0 1600.0 |    0    0  720 1600 | SurfaceView[com.sirma.mobile.bible.a[...]ble.app.MainActivity]@0(BLAST)#27921
05-12 21:28:13.810   899   899 D SurfaceFlinger:      DEVICE | 0xb400007daab55600 | 0100 | RGBA_8888    |    0.0    0.0  720.0 1600.0 |    0    0  720 1600 | com.sirma.mobile.bible.android/youversion.bible.app.MainActivity$_3121#27916
05-12 21:28:13.810   899   899 D SurfaceFlinger:      CLIENT | 0xb400007dd5e2b500 | 0100 | RGBA_8888    |    0.0    0.0  720.0   45.0 |    0    0  720   45 | StatusBar$_1902#97
05-12 21:28:13.810   899   899 D SurfaceFlinger:      CLIENT | 0xb400007dab055b00 | 0100 | RGBA_8888    |    0.0    0.0  720.0   90.0 |    0 1510  720 1600 | NavigationBar0$_1902#91
05-12 21:28:13.810   899   899 D SurfaceFlinger:      DEVICE | 0xb400007dab056280 | 0108 | RGBA_8888    |    0.0    0.0  720.0 1600.0 |    0    0  720 1600 | $_1902#93
05-12 21:28:13.810   899   899 D SurfaceFlinger: 
05-12 21:28:13.815  3121  3227 I DatabaseWorker: ***** Database is NOT idle *****
05-12 21:28:13.818 11102 11102 D NetworkSecurityConfig: No Network Security Config specified, using platform default
05-12 21:28:13.828  3121  3223 I DatabaseHost: SQL (Database Worker #0): insert into dataman_events2 (obj, id, created, isResolved) values (?, ?, ?, ?) on conflict (id) do update set obj = excluded.obj, created = excluded.created, isResolved = excluded.isResolved
05-12 21:28:13.829   359   359 I lmkd    : cached 1, sandbox(not0) 0
05-12 21:28:13.833  3121  3227 I DatabaseHost: SQL (Database Worker #3): insert into dataman_events2 (obj, id, created, isResolved) values (?, ?, ?, ?) on conflict (id) do update set obj = excluded.obj, created = excluded.created, isResolved = excluded.isResolved
05-12 21:28:13.834   899   899 D SurfaceFlinger: Display 0 HWC layers:
05-12 21:28:13.834   899   899 D SurfaceFlinger:      DEVICE | 0xb400007daaa71c80 | 0102 | RGBA_8888    |    0.0    0.0  720.0 1600.0 |    0    0  720 1600 | SurfaceView[com.sirma.mobile.bible.a[