--------- beginning of main
05-12 21:29:39.636   848 12912 I HYPER-HAL: [RequestManager.cpp]releaseLocked(): Released ID : 1805050
05-12 21:29:39.688  3121  3227 I DatabaseWorker: ***** Database is idle *****
05-12 21:29:39.695  3121  3226 I DatabaseWorker: ***** Database is NOT idle *****
05-12 21:29:39.697  3121  3226 I DatabaseHost: SQL (Database Worker #2): select r.id, r.processor, r.page, r.method, r.content_id, r.content_type, r.parent_id, r.parent_type, r.last_try_at, r.will_retry, r.created_at, r.view_content_url, r.edit_content_url, r.errors, r.attributes, ss.state, r.lock_name from sync_requests as r left join sync_states as ss on (r.content_type = ss.content_type and r.content_id = ss.content_id) order by r.created_at asc
--------- beginning of system
05-12 21:29:39.748  1216  1985 I PackageManager: START DELETE PACKAGE: observer{209292055}
05-12 21:29:39.748  1216  1985 I PackageManager: pkg{com.example.audioanalyser}, user{0}, caller{2000} flags{2}
05-12 21:29:39.758  1216  1302 D ApplicationPolicy: getApplicationUninstallationEnabled
05-12 21:29:39.759  1216  1302 D ApplicationPolicy: getApplicationUninstallationEnabled :  enabled true
05-12 21:29:39.761  1216  1259 I ActivityManager: Force stopping com.example.audioanalyser appid=10559 user=-1: deletePackageX
05-12 21:29:39.763  1216  1259 I ActivityManager: Killing 12200:com.example.audioanalyser/u0a559 (adj 0): stop com.example.audioanalyser due to deletePackageX
05-12 21:29:39.767  1216  1259 D ActivityManager: proc ProcessRecord{e1cd0ae 12200:com.example.audioanalyser/u0a559} already removed. so we skip next process.
05-12 21:29:39.770  1216  1259 W ActivityTaskManager: Force removing ActivityRecord{4b266d6 u0 com.example.audioanalyser/.MainActivity} t393 f}}: app died, no saved state
05-12 21:29:39.771  1216  1302 I AppsFilter: interaction: PackageSetting{a5af43a com.bookends.app/10549} -> PackageSetting{b01c1b3 com.example.audioanalyser/10559} BLOCKED
05-12 21:29:39.783  1216  1261 I libprocessgroup: Successfully killed process cgroup uid 10559 pid 12200 in 16ms
05-12 21:29:39.785  1216  1259 V WindowManager: Changing focus from Window{a39397e u0 com.example.audioanalyser/com.example.audioanalyser.MainActivity} to null displayId=0 Callers=com.android.server.wm.RootWindowContainer.updateFocusedWindowLocked:595 com.android.server.wm.WindowManagerService.updateFocusedWindowLocked:6810 com.android.server.wm.ActivityRecord.commitVisibility:6217 com.android.server.wm.ActivityRecord.commitVisibility:6228 
05-12 21:29:39.785  1216  1259 D MARsPolicyManager: onPackageResumedFG pkgName = com.example.audioanalyser, userId = 0
05-12 21:29:39.786  1216  1259 D StatusBarManagerService: notifyRequestedSystemKey recent=false home=false
05-12 21:29:39.789  3121  3226 I DatabaseWorker: ***** Database is idle *****
05-12 21:29:39.790  1216  1259 V WindowManager: Setting visibility of Window{a39397e u0 com.example.audioanalyser/com.example.audioanalyser.MainActivity}: false, caller=com.android.server.wm.WindowContainer.sendAppVisibilityToClients:1246 com.android.server.wm.WindowToken.setClientVisible:431 com.android.server.wm.ActivityRecord.setClientVisible:7691 com.android.server.wm.ActivityRecord.onAnimationFinished:8590 com.android.server.wm.ActivityRecord.postApplyAnimation:6252 
05-12 21:29:39.791  1216  1259 D RestrictionPolicy: isScreenCaptureEnabled : ret=true userId=0
05-12 21:29:39.793  1216  1259 D InputTransport: Input channel destroyed: 'a39397e', fd=1013
05-12 21:29:39.793  1216  1259 W InputManager-JNI: Input channel object 'a39397e com.example.audioanalyser/com.example.audioanalyser.MainActivity (client)' was disposed without first being removed with the input manager!
05-12 21:29:39.793  1216  1259 D InputTransport: Input channel destroyed: 'a39397e', fd=1014
05-12 21:29:39.795  1216  1259 V WindowManager: Remove Window{a39397e u0 com.example.audioanalyser/com.example.audioanalyser.MainActivity}: mSurfaceController=Surface(name=com.example.audioanalyser/com.example.audioanalyser.MainActivity$_12200)/@0xf6036e9 mAnimatingExit=false mRemoveOnExit=false mHasSurface=true surfaceShowing=false animating=false app-animation=false mWillReplaceWindow=false mDisplayFrozen=false callers=com.android.server.wm.WindowState.removeIfPossible:3041 com.android.server.wm.WindowToken.removeAllWindowsIfPossible:234 com.android.server.wm.ActivityRecord.removeIfPossible:4886 com.android.server.wm.ActivityRecord.onRemovedFromDisplay:5001 com.android.server.wm.DisplayContent.removeAppToken:1683 com.android.server.wm.ActivityRecord.removeFromHistory:4605 
05-12 21:29:39.795  1216  1259 I WindowManager: Destroying surface Surface(name=com.example.audioanalyser/com.example.audioanalyser.MainActivity$_12200)/@0xf6036e9 called by com.android.server.wm.WindowStateAnimator.destroySurface:942 com.android.server.wm.WindowStateAnimator.destroySurfaceLocked:536 com.android.server.wm.WindowState.removeImmediately:2969 com.android.server.wm.WindowState.removeIfPossible:3228 com.android.server.wm.WindowState.removeIfPossible:3041 com.android.server.wm.WindowToken.removeAllWindowsIfPossible:234 com.android.server.wm.ActivityRecord.removeIfPossible:4886 com.android.server.wm.ActivityRecord.onRemovedFromDisplay:5001 
05-12 21:29:39.795  1216  1259 D RestrictionPolicy: isScreenCaptureEnabled : ret=true userId=0
05-12 21:29:39.796  1216  1259 I WindowManager: Cancelling animation restarting=true, leash=Surface(name=Surface(name=1ea96fa InputMethod)/@0x196b2aa - animation-leash of insets_animation)/@0xc700eda
05-12 21:29:39.796  1216  1259 I WindowManager: Reparenting to original parent: Surface(name=WindowToken{99bf435 type=2011 android.os.Binder@e386be})/@0x1160e9b, destroy=false, surface=Surface(name=1ea96fa InputMethod)/@0x196b2aa
05-12 21:29:39.797  1216  1259 I WindowManager: Reparenting to leash, surface=Surface(name=1ea96fa InputMethod)/@0x196b2aa, leashParent=Surface(name=WindowToken{99bf435 type=2011 android.os.Binder@e386be})/@0x1160e9b
05-12 21:29:39.797   899   899 I Layer   : Layer [com.example.audioanalyser/com.example.audioanalyser.MainActivity$_12200#27945] hidden!! flag(1)
05-12 21:29:39.797   899   924 I SurfaceFlinger: id=27950 createSurf flag=24004, Surface(name=1ea96fa InputMethod)/@0x196b2aa - animation-leash of insets_animation#27950
05-12 21:29:39.798  1216  1259 D WindowManager: makeSurface duration=1 leash=Surface(name=Surface(name=1ea96fa InputMethod)/@0x196b2aa - animation-leash of insets_animation)/@0x4ccc60f
05-12 21:29:39.798  3121  3223 I DatabaseWorker: ***** Database is NOT idle *****
05-12 21:29:39.798  1216  1259 V WindowManager: Nulling last startingData
05-12 21:29:39.799  1216  2482 D InputDispatcher: Focus left window (0): a39397e com.example.audioanalyser/com.example.audioanalyser.MainActivity
05-12 21:29:39.800  3121  3223 I DatabaseHost: SQL (Database Worker #0): select r.id, r.processor, r.page, r.method, r.content_id, r.content_type, r.parent_id, r.parent_type, r.last_try_at, r.will_retry, r.created_at, r.view_content_url, r.edit_content_url, r.errors, r.attributes, ss.state, r.lock_name from sync_requests as r left join sync_states as ss on (r.content_type = ss.content_type and r.content_id = ss.content_id) order by r.created_at asc
05-12 21:29:39.802  1216  1302 I PackageManager: Removing permission com.example.audioanalyser.DYNAMIC_RECEIVER_NOT_EXPORTED_PERMISSION that used to be declared by com.example.audioanalyser
05-12 21:29:39.802   899  1452 I SurfaceFlinger: id=27943 Removed 9a9bc75 ActivityRecordInputSink com.example.audioanalyser/.MainActivity#27943 (124)
05-12 21:29:39.804   899  1452 I SurfaceFlinger: id=27951 createSurf flag=24004, Task=393#27951
05-12 21:29:39.804  1216  1302 I PackageManager: Permission ownership changed. Updating all permissions.
05-12 21:29:39.808  1216  1259 V MARsPolicyManager: Current Home Package com.sec.android.app.launcher Resumed
05-12 21:29:39.808  1216  1259 D MARsPolicyManager: onPackageResumedFG pkgName = com.sec.android.app.launcher, userId = 0
05-12 21:29:39.808   899   899 D SurfaceFlinger: Display 0 HWC layers:
05-12 21:29:39.808   899   899 D SurfaceFlinger:      DEVICE | 0xb400007dab054a80 | 0100 | RGBA_8888    |    0.0    0.0  720.0   45.0 |    0    0  720   45 | StatusBar$_1902#97
05-12 21:29:39.808   899   899 D SurfaceFlinger:      DEVICE | 0xb400007dab055b00 | 0100 | RGBA_8888    |    0.0    0.0  720.0   90.0 |    0 1510  720 1600 | NavigationBar0$_1902#91
05-12 21:29:39.808   899   899 D SurfaceFlinger:      DEVICE | 0xb400007dab056280 | 0108 | RGBA_8888    |    0.0    0.0  720.0 1600.0 |    0    0  720 1600 | $_1902#93
05-12 21:29:39.808   899   899 D SurfaceFlinger: 
05-12 21:29:39.808  1216  1259 I SemDvfsHyPerManager: acquire hyper - AMS_APP_HOME/1216@32, type = -999
05-12 21:29:39.809   899  1455 D NativeSemDvfsManager: acquire:: timeout = 2000 mIsAcquired = 1  mTagName : SurfaceFlinger 
05-12 21:29:39.809   899  1455 E NativeCustomFrequencyManager: [NativeCFMS] BpCustomFrequencyManager::acquire()
05-12 21:29:39.810  1216  1259 D ActivityManagerPerformance: AMP_acquire() HOME
05-12 21:29:39.810   848   910 I HYPER-HAL: [RequestManager.cpp]acquire(): Acquired ID : 779408  [1216 / 32]    HINT : AMS_APP_HOME    list : 
05-12 21:29:39.810  3549  3549 I SemDvfsHyPerManager: acquire hyper - APP_START_HOME/3549@13, type = -999
05-12 21:29:39.811  3549  3549 I R0      : limitGPUFreq:: freq = -1
05-12 21:29:39.811  3549  3549 I R0      : limitCPUFreq:: freq = -1
05-12 21:29:39.811   848   910 I HYPER-HAL: [RequestManager.cpp]acquire(): Acquired ID : 1805050  [899 / 1000]    HINT : SF_GPU_MINLOCK    list : [TIMEOUT / 2000] 
05-12 21:29:39.812   848   910 I HYPER-HAL: [RequestManager.cpp]acquire(): Acquired ID : 6345716  [3549 / 13]    HINT : APP_START    list : [KERNEL_APP_START_NOTIFY / 0] [TIMEOUT / 1500] 
05-12 21:29:39.812   899   899 I Layer   : id=27945 removeFromCurrentState com.example.audioanalyser/com.example.audioanalyser.MainActivity$_12200#27945 (125)
05-12 21:29:39.812   899   899 I Layer   : id=27944 removeFromCurrentState a39397e com.example.audioanalyser/com.example.audioanalyser.MainActivity#27944 (125)
05-12 21:29:39.812   899   899 I Layer   : id=27949 removeFromCurrentState Surface(name=1ea96fa InputMethod)/@0x196b2aa - animation-leash of insets_animation#27949 (125)
05-12 21:29:39.812   899   899 I SurfaceFlinger: id=27944 Removed a39397e com.example.audioanalyser/com.example.audioanalyser.MainActivity#27944 (125)
05-12 21:29:39.813   899   899 I Layer   : id=27944 Destroyed a39397e com.example.audioanalyser/com.example.audioanalyser.MainActivity#27944
05-12 21:29:39.813   848   910 I HYPER-HAL: [RequestManager.cpp]releaseLocked(): Released ID : 6313685
05-12 21:29:39.814   848   910 I HYPER-HAL: [RequestManager.cpp]releaseLocked(): Released ID : 6306578
05-12 21:29:39.819   899   899 D SurfaceFlinger: Display 0 HWC layers:
05-12 21:29:39.819   899   899 D SurfaceFlinger:      DEVICE | 0xb400007dab054a80 | 0100 | RGBA_8888    |    0.0    0.0  720.0   45.0 |    0    0  720   45 | StatusBar$_1902#97
05-12 21:29:39.819   899   899 D SurfaceFlinger:      DEVICE | 0xb400007dab055b00 | 0100 | RGBA_8888    |    0.0    0.0  720.0   90.0 |    0 1510  720 1600 | NavigationBar0$_1902#91
05-12 21:29:39.819   899   899 D SurfaceFlinger:      DEVICE | 0xb400007dab056280 | 0108 | RGBA_8888    |    0.0    0.0  720.0 1600.0 |    0    0  720 1600 | $_1902#93
05-12 21:29:39.819   899   899 D SurfaceFlinger: 
05-12 21:29:39.832  1216  3612 D InputMethodManagerService: removeClient
05-12 21:29:39.833   899  1452 I SurfaceFlinger: id=27945 Removed com.example.audioanalyser/com.example.audioanalyser.MainActivity$_12200#27945 (124)
05-12 21:29:39.833   899  1452 I SurfaceFlinger: id=27949 Removed Surface(name=1ea96fa InputMethod)/@0x196b2aa - animation-leash of insets_animation#27949 (124)
05-12 21:29:39.833 13811 13811 I adbd    : Remote process closed the socket (on MSG_PEEK)
05-12 21:29:39.833   875  9298 I AudioFlinger: removeDlbCodecCallback pid:12200 type:-1
05-12 21:29:39.833  1216  3612 D InputTransport: Input channel destroyed: 'ClientS', fd=948
05-12 21:29:39.833  1216  3612 V InputMethodManagerService: hideCurrentInputLocked : canceled, shouldHideSoftInput=false, mInputShown=false, mImeWindowVis=0
05-12 21:29:39.836   824   824 I Zygote  : Process 12200 exited due to signal 9 (Killed)
05-12 21:29:39.837  1216  3612 I InputMethodBindingController: setCurrentMethodNotVisible: mVisibleBound=false, mHasConnection=true, caller = com.android.server.inputmethod.InputMethodManagerService.hideCurrentInputLocked:4356 com.android.server.inputmethod.InputMethodManagerService.removeClient:2841 com.android.server.inputmethod.InputMethodManagerService$ClientDeathRecipient.binderDied:685 android.os.IBinder$DeathRecipient.binderDied:323 android.os.BinderProxy.sendDeathNotice:781 <bottom of call stack> <bottom of call stack> <bottom of call stack> <bottom of call stack> <bottom of call stack> 
05-12 21:29:39.845   899   899 E BpTransactionCompletedListener: Failed to transact (-32)
05-12 21:29:39.845   899   899 I Layer   : id=27945 Destroyed com.example.audioanalyser/com.example.audioanalyser.MainActivity$_12200#27945
05-12 21:29:39.845   899   899 I Layer   : id=27949 Destroyed Surface(name=1ea96fa InputMethod)/@0x196b2aa - animation-leash of insets_animation#27949
05-12 21:29:39.848   899   899 D SurfaceFlinger: Display 0 HWC layers:
05-12 21:29:39.848   899   899 D SurfaceFlinger:      DEVICE | 0xb400007dab054a80 | 0100 | RGBA_8888    |    0.0    0.0  720.0   45.0 |    0    0  720   45 | StatusBar$_1902#97
05-12 21:29:39.848   899   899 D SurfaceFlinger:      DEVICE | 0xb400007dab055b00 | 0100 | RGBA_8888    |    0.0    0.0  720.0   90.0 |    0 1510  720 1600 | NavigationBar0$_1902#91
05-12 21:29:39.848   899   899 D SurfaceFlinger:      DEVICE | 0xb400007dab056280 | 0108 | RGBA_8888    |    0.0    0.0  720.0 1600.0 |    0    0  720 1600 | $_1902#93
05-12 21:29:39.848   899   899 D SurfaceFlinger: 
05-12 21:29:39.853  1216  1785 D SemNscXgbMsL1: Probability - Cloud gaming: [0.0029585962]
05-12 21:29:39.853  1216  1785 D SemNscXgbMsL1: Probability - Real time: [0.117670886]
05-12 21:29:39.853  1216  1785 D SemNscXgbMsL1: Probability - Non real time: [0.8268951]
05-12 21:29:39.854  1216  1785 D SemNscXgbMsL1: 1 sample inference time: 0.520231 msecs
05-12 21:29:39.854  1216  1785 D SemNscXgbL2Rt: L2 RT 1 sample inference time: 0.816077 msecs
05-12 21:29:39.855  1216  1785 D SemNscXgbL2Nrt: L2 NRT 1 sample inference time: 0.6295 msecs
05-12 21:29:39.877  3121  3223 I DatabaseWorker: ***** Database is idle *****
05-12 21:29:39.882  3121  3224 I DatabaseWorker: ***** Database is NOT idle *****
05-12 21:29:39.884  3121  3224 I DatabaseHost: SQL (Database Worker #1): select r.id, r.processor, r.page, r.method, r.content_id, r.content_type, r.parent_id, r.parent_type, r.last_try_at, r.will_retry, r.created_at, r.view_content_url, r.edit_content_url, r.errors, r.attributes, ss.state, r.lock_name from sync_requests as r left join sync_states as ss on (r.content_type = ss.content_type and r.content_id = ss.content_id) order by r.created_at asc
05-12 21:29:39.946  3121  3224 I DatabaseWorker: ***** Database is idle *****
05-12 21:29:39.952  3121  3227 I DatabaseWorker: ***** Database is NOT idle *****
05-12 21:29:39.953  3121  3227 I DatabaseHost: SQL (Database Worker #3): select r.id, r.processor, r.page, r.method, r.content_id, r.content_type, r.parent_id, r.parent_type, r.last_try_at, r.will_retry, r.created_at, r.view_content_url, r.edit_content_url, r.errors, r.attributes, ss.state, r.lock_name from sync_requests as r left join sync_states as ss on (r.content_type = ss.content_type and r.content_id = ss.content_id) order by r.created_at asc
05-12 21:29:40.030  8652  8720 I ContactsProvider_EventLog: cp_s: [CONTACT con(132) dat(1148) acc({google(2)=132, com.google.android.apps.tachyon(47)=27, com.whatsapp(9)=50}) calls([logtype:100 cnt:377, logtype:200 cnt:182, logtype:300 cnt:318, logtype:500 cnt:1, logtype:1000 cnt:1622]) Iso(US) uId(0) ]
05-12 21:29:40.030  8652  8720 I ContactsProvider_EventLog: cp_s: [ agr({[2 ,9 ,47]=17, [2 ,47]=10, [2]=72, [2 ,9]=33}) ]
05-12 21:29:40.030  8652  8720 I ContactsProvider_EventLog: cp_s: [ cnt({acore(8652)=1}) ]
05-12 21:29:40.030  8652  8720 I ContactsProvider_EventLog: cp_s: [PROFILE ] [SAPROFILE con(1) acc({phone(1)=1}) ]
05-12 21:29:40.030  8652  8720 I ContactsProvider_EventLog: cp_s: [STATE R(F) ]
05-12 21:29:40.042  3121  3227 I DatabaseWorker: ***** Database is idle *****
05-12 21:29:40.047  3121  3226 I DatabaseWorker: ***** Database is NOT idle *****
05-12 21:29:40.048  3121  3226 I DatabaseHost: SQL (Database Worker #2): select r.id, r.processor, r.page, r.method, r.content_id, r.content_type, r.parent_id, r.parent_type, r.last_try_at, r.will_retry, r.created_at, r.view_content_url, r.edit_content_url, r.errors, r.attributes, ss.state, r.lock_name from sync_requests as r left join sync_states as ss on (r.content_type = ss.content_type and r.content_id = ss.content_id) order by r.created_at asc
05-12 21:29:40.115  3121  3226 I DatabaseWorker: ***** Database is idle *****
05-12 21:29:40.121  3121  3223 I DatabaseWorker: ***** Database is NOT idle *****
05-12 21:29:40.122  3121  3223 I DatabaseHost: SQL (Database Worker #0): select r.id, r.processor, r.page, r.method, r.content_id, r.content_type, r.parent_id, r.parent_type, r.last_try_at, r.will_retry, r.created_at, r.view_content_url, r.edit_content_url, r.errors, r.attributes, ss.state, r.lock_name from sync_requests as r left join sync_states as ss on (r.content_type = ss.content_type and r.content_id = ss.content_id) order by r.created_at asc
05-12 21:29:40.124  1216  1302 W EnterpriseLicenseService: updateAdminPermissions() :com.sec.android.app.shealth
05-12 21:29:40.124  1216  1302 I PackageManager: setLicensePermissions 
05-12 21:29:40.124  1216  1302 I PackageManager: setLicensePermissions : packageName = com.sec.android.app.shealth(com.android.server.utils.WatchedArrayMap@37161762)
05-12 21:29:40.125  1216  1302 D EnterpriseLicenseService: getPermissions() - deserializeObject
05-12 21:29:40.185  3121  3223 I DatabaseWorker: ***** Database is idle *****
05-12 21:29:40.191  3121  3224 I DatabaseWorker: ***** Database is NOT idle *****
05-12 21:29:40.192  1216  1807 D WifiConnectivityMonitor.NetworkStatsAnalyzer: Backhaul result - RSSI:-61, CE:11, PE:11, TI:21, PTI:21, TW:9, PTW:9, Tx:5, Rx:38, TxS:3, RxS:3, RESULT:true, IC:0, ICT:5, WC:0, WCT:5, R:0, RC:0, IE:0, EC:0
05-12 21:29:40.192  3121  3224 I DatabaseHost: SQL (Database Worker #1): select r.id, r.processor, r.page, r.method, r.content_id, r.content_type, r.parent_id, r.parent_type, r.last_try_at, r.will_retry, r.created_at, r.view_content_url, r.edit_content_url, r.errors, r.attributes, ss.state, r.lock_name from sync_requests as r left join sync_states as ss on (r.content_type = ss.content_type and r.content_id = ss.content_id) order by r.created_at asc
05-12 21:29:40.268  3121  3224 I DatabaseWorker: ***** Database is idle *****
05-12 21:29:40.280  3121  3227 I DatabaseWorker: ***** Database is NOT idle *****
05-12 21:29:40.281  3121  3227 I DatabaseHost: SQL (Database Worker #3): select r.id, r.processor, r.page, r.method, r.content_id, r.content_type, r.parent_id, r.parent_type, r.last_try_at, r.will_retry, r.created_at, r.view_content_url, r.edit_content_url, r.errors, r.attributes, ss.state, r.lock_name from sync_requests as r left join sync_states as ss on (r.content_type = ss.content_type and r.content_id = ss.content_id) order by r.created_at asc
05-12 21:29:40.286  1216  1302 W PackageSettings: Skipping PackageSetting{8011a13 com.sec.android.emergencymode.service.en/10393} due to missing metadata
05-12 21:29:40.290  1216  1302 W PackageSettings: Skipping PackageSetting{c1c1450 com.samsung.android.privacydashboard.en/10400} due to missing metadata
05-12 21:29:40.291  1216  1302 W PackageSettings: Skipping PackageSetting{c053649 com.sec.android.app.myfiles.en/10406} due to missing metadata
05-12 21:29:40.305  1216  1302 W PackageSettings: Skipping PackageSetting{a388b4e com.samsung.android.messaging.en/10464} due to missing metadata
05-12 21:29:40.307  1216  1302 W PackageSettings: Skipping PackageSetting{d9446f com.samsung.android.aware.service.en/10403} due to missing metadata
05-12 21:29:40.310  1216  1302 W PackageSettings: Skipping PackageSetting{c36257c com.android.settings.en/10404} due to missing metadata
05-12 21:29:40.312   848 12921 I HYPER-HAL: [RequestManager.cpp]releaseLocked(): Released ID : 779408
05-12 21:29:40.348  3121  3227 I DatabaseWorker: ***** Database is idle *****
05-12 21:29:40.355  3121  3226 I DatabaseWorker: ***** Database is NOT idle *****
05-12 21:29:40.357  1216  1785 D SemNscXgbMsL1: Probability - Cloud gaming: [0.0055898638]
05-12 21:29:40.357  1216  1785 D SemNscXgbMsL1: Probability - Real time: [0.13902096]
05-12 21:29:40.357  1216  1785 D SemNscXgbMsL1: Probability - Non real time: [0.77722037]
05-12 21:29:40.357  1216  1785 D SemNscXgbMsL1: 1 sample inference time: 0.542885 msecs
05-12 21:29:40.358  3121  3226 I DatabaseHost: SQL (Database Worker #2): select r.id, r.processor, r.page, r.method, r.content_id, r.content_type, r.parent_id, r.parent_type, r.last_try_at, r.will_retry, r.created_at, r.view_content_url, r.edit_content_url, r.errors, r.attributes, ss.state, r.lock_name from sync_requests as r left join sync_states as ss on (r.content_type = ss.content_type and r.content_id = ss.content_id) order by r.created_at asc
05-12 21:29:40.358  1216  1785 D SemNscXgbL2Rt: L2 RT 1 sample inference time: 0.838116 msecs
05-12 21:29:40.359  1216  1785 D SemNscXgbL2Nrt: L2 NRT 1 sample inference time: 0.671654 msecs
05-12 21:29:40.367   899   899 D SurfaceFlinger: Display 0 HWC layers:
05-12 21:29:40.367   899   899 D SurfaceFlinger:      CLIENT | 0xb400007dab054a80 | 0100 | RGBA_8888    |    0.0    0.0  720.0   45.0 |    0    0  720   45 | StatusBar$_1902#97
05-12 21:29:40.367   899   899 D SurfaceFlinger:      CLIENT | 0xb400007dab055b00 | 0100 | RGBA_8888    |    0.0    0.0  720.0   90.0 |    0 1510  720 1600 | NavigationBar0$_1902#91
05-12 21:29:40.367   899   899 D SurfaceFlinger:      CLIENT | 0xb400007dab056280 | 0108 | RGBA_8888    |    0.0    0.0  720.0 1600.0 |    0    0  720 1600 | $_1902#93
05-12 21:29:40.367   899   899 D SurfaceFlinger: 
05-12 21:29:40.374  1216  1299 D PackageSettings: ++ writeStateForUserSyncLPr(0)
05-12 21:29:40.374  1216  1299 W PackageSettings: -- writeStateForUserSyncLPr(0)
05-12 21:29:40.383  1216  1247 W system_server: Long monitor contention with owner PackageManager (1302) at int com.android.server.pm.PackageManagerService$IPackageManagerImpl.setLicensePermissionsForMDM(java.lang.String)(PackageManagerService.java:7445) waiters=0 in com.android.server.pm.Computer com.android.server.pm.PackageManagerService.snapshotComputer() for 575ms
05-12 21:29:40.387  1216  1234 I system_server: Background young concurrent copying GC freed 21MB AllocSpace bytes, 55(1100KB) LOS objects, 15% free, 122MB/144MB, paused 658us,431us total 145.274ms
05-12 21:29:40.388  1216  1259 W system_server: Long monitor contention with owner android.fg (1247) at com.android.server.pm.Computer com.android.server.pm.PackageManagerService.snapshotComputer()(PackageManagerService.java:1366) waiters=0 in com.android.server.pm.Computer com.android.server.pm.PackageManagerService.snapshotComputer() for 578ms
05-12 21:29:40.389  1216  1988 W system_server: Long monitor contention with owner android.fg (1247) at com.android.server.pm.Computer com.android.server.pm.PackageManagerService.snapshotComputer()(PackageManagerService.java:1366) waiters=1 in com.android.server.pm.Computer com.android.server.pm.PackageManagerService.snapshotComputer() for 573ms
05-12 21:29:40.390  1216  3612 W system_server: Long monitor contention with owner android.fg (1247) at com.android.server.pm.Computer com.android.server.pm.PackageManagerService.snapshotComputer()(PackageManagerService.java:1366) waiters=2 in com.android.server.pm.Computer com.android.server.pm.PackageManagerService.snapshotComputer() for 524ms
05-12 21:29:40.390   899  1078 I SurfaceFlinger: id=27914 Removed Surface(name=1ea96fa InputMethod)/@0x196b2aa - animation-leash of insets_animation#27914 (122)
05-12 21:29:40.391  1216  1259 W WindowManager: Prepare app transition: mNextAppTransitionRequests=[TRANSIT_OPEN], mNextAppTransitionFlags=, displayId: 0 Callers=com.android.server.wm.DisplayContent.prepareAppTransition:6493 com.android.server.wm.DisplayContent.prepareAppTransition:6484 com.android.server.wm.TaskFragment.resumeTopActivity:1583 com.android.server.wm.TaskFragment.resumeTopActivity:1307 com.android.server.wm.Task.resumeTopActivityInnerLocked:6451 
05-12 21:29:40.393  1216  1259 V WindowManager: Setting visibility of Window{174032b u0 com.sec.android.app.launcher/com.sec.android.app.launcher.activities.LauncherActivity}: true, caller=com.android.server.wm.WindowContainer.sendAppVisibilityToClients:1246 com.android.server.wm.WindowToken.setClientVisible:431 com.android.server.wm.ActivityRecord.setClientVisible:7691 com.android.server.wm.ActivityRecord.setVisibility:6091 com.android.server.wm.ActivityRecord.setVisibility:5984 
05-12 21:29:40.393  1216  1259 D ActivityTaskManager: scheduleTopResumedActivityChanged, onTop=true r=ActivityRecord{632da01 u0 com.sec.android.app.launcher/.activities.LauncherActivity} t7} caller=com.android.server.wm.ActivityTaskSupervisor.scheduleTopResumedActivityStateIfNeeded:2535 com.android.server.wm.ActivityTaskSupervisor.updateTopResumedActivityIfNeeded:2527 com.android.server.wm.TaskFragment.setResumedActivity:493 com.android.server.wm.TaskFragment.onActivityStateChanged:805 com.android.server.wm.ActivityRecord.setState:6406 com.android.server.wm.TaskFragment.resumeTopActivity:1629 
05-12 21:29:40.394  1216  1259 D InputDispatcher: Focused application(0): ActivityRecord{632da01 u0 com.sec.android.app.launcher/.activities.LauncherActivity} t7}
05-12 21:29:40.394  2335  2335 I ViewRootImpl@6dc6262[LauncherActivity]: handleAppVisibility mAppVisible = false visible = true
05-12 21:29:40.394  1216  1259 D SGM:FgCheckThread: TaskStackListener.onTaskFocusChanged(), taskId=7, focused=true
05-12 21:29:40.395   899   899 I Layer   : id=27914 Destroyed Surface(name=1ea96fa InputMethod)/@0x196b2aa - animation-leash of insets_animation#27914
05-12 21:29:40.395  1216  1259 D SGM:FgCheckThread:   sendRunningComponentFocus(), pkgName: com.sec.android.app.launcher, userId: 0
05-12 21:29:40.395  1216  1421 D SGM:FgCheckThread: onLooperPrepared(), msg: MSG_TASK_FOCUSED, pkgName: com.sec.android.app.launcher, userId: 0
05-12 21:29:40.395  1216  1421 D SGM:FgCheckThread: handleTaskFocused().
05-12 21:29:40.395  1216  1421 D SGM:FgCheckThread: sendFocusOutConditionally() - mPrevNotiPkg: KILL_YOURSELF, userId: 0
05-12 21:29:40.395  1216  1421 D SGM:FgCheckThread:   handleTaskFocused(), pkgName: com.sec.android.app.launcher, userID:0 mResumedPkgMap does not containsKey.
05-12 21:29:40.395  1216  1747 D AS.MultiSoundManager: mForegroundUid = 10066
05-12 21:29:40.396  1216  1259 I SemDvfsHyPerManager: acquire hyper - AMS_APP_HOME/1216@32, type = -999
05-12 21:29:40.396   848   910 I HYPER-HAL: [RequestManager.cpp]acquire(): Acquired ID : 779408  [1216 / 32]    HINT : AMS_APP_HOME    list : 
05-12 21:29:40.398   899   899 D SurfaceFlinger: Display 0 HWC layers:
05-12 21:29:40.398   899   899 D SurfaceFlinger:      DEVICE | 0xb400007dab054a80 | 0100 | RGBA_8888    |    0.0    0.0  720.0   45.0 |    0    0  720   45 | StatusBar$_1902#97
05-12 21:29:40.398   899   899 D SurfaceFlinger:      DEVICE | 0xb400007dab055b00 | 0100 | RGBA_8888    |    0.0    0.0  720.0   90.0 |    0 1510  720 1600 | NavigationBar0$_1902#91
05-12 21:29:40.398   899   899 D SurfaceFlinger:      DEVICE | 0xb400007dab056280 | 0108 | RGBA_8888    |    0.0    0.0  720.0 1600.0 |    0    0  720 1600 | $_1902#93
05-12 21:29:40.398   899   899 D SurfaceFlinger: 
05-12 21:29:40.398  1216  1259 D ActivityManagerPerformance: AMP_acquire() HOME
05-12 21:29:40.398  1216  1236 W System  : A resource failed to call close. 
05-12 21:29:40.398  1216  1236 W System  : A resource failed to call close. 
05-12 21:29:40.398  3549  3549 I SemDvfsHyPerManager: acquire hyper - APP_START_HOME/3549@13, type = -999
05-12 21:29:40.398  1216  1236 W System  : A resource failed to call close. 
05-12 21:29:40.398  1216  1236 W System  : A resource failed to call close. 
05-12 21:29:40.398   848   910 I HYPER-HAL: [RequestManager.cpp]acquire(): Acquired ID : 6345716  [3549 / 13]    HINT : APP_START    list : [KERNEL_APP_START_NOTIFY / 0] [TIMEOUT / 1500] 
05-12 21:29:40.398  1216  1259 D WindowManagerServiceExt: notifyOccludeChangeNotice: reset caller=com.android.server.wm.WindowManagerServiceExt.updateOccludeTargetIfNeeded:1402 com.android.server.wm.DisplayContent.ensureActivitiesVisible:7532 com.android.server.wm.RootWindowContainer.ensureActivitiesVisible:2248 com.android.server.wm.RootWindowContainer.ensureVisibilityAndConfig:2126 com.android.server.wm.TaskFragment.resumeTopActivity:1652 
05-12 21:29:40.399  1216  1259 V WindowManager: rotationForOrientation(orient=SCREEN_ORIENTATION_NOSENSOR (5), last=ROTATION_0 (0)); user=ROTATION_0 (0) USER_ROTATION_LOCKED
05-12 21:29:40.399  1216  1259 D WindowManager: rotationForOrientation, orientationSource=ActivityRecord{632da01 u0 com.sec.android.app.launcher/.activities.LauncherActivity} t7}
05-12 21:29:40.399  1216  1259 V WindowManager: Computed rotation=ROTATION_0 (0) for display id=0 based on lastOrientation=SCREEN_ORIENTATION_NOSENSOR (5) and oldRotation=ROTATION_0 (0), caller=com.android.server.wm.DisplayRotation.updateOrientation:414 com.android.server.wm.DisplayContent.updateOrientation:1990 com.android.server.wm.DisplayContent.updateOrientation:1891 com.android.server.wm.RootWindowContainer.ensureVisibilityAndConfig:2139 com.android.server.wm.TaskFragment.resumeTopActivity:1652 com.android.server.wm.TaskFragment.resumeTopActivity:1307 
05-12 21:29:40.402  1216  1259 D TspStateManager: updateCustomValue customSetting=
05-12 21:29:40.404  1216  1259 D TspStateManager: updateCustomValue customSetting=
05-12 21:29:40.407  2335  2335 I ViewRootImpl@6dc6262[LauncherActivity]: stopped(false) old = true
05-12 21:29:40.408  2335  2335 I ViewRootImpl@6dc6262[LauncherActivity]: WindowStopped on com.sec.android.app.launcher/com.sec.android.app.launcher.activities.LauncherActivity set to false
05-12 21:29:40.408  1216  1259 W WindowManager: Execute app transition: mNextAppTransitionRequests=[TRANSIT_OPEN], mNextAppTransitionFlags=, displayId: 0 Callers=com.android.server.wm.RootWindowContainer.executeAppTransitionForAllDisplay:2580 com.android.server.wm.ActivityTaskSupervisor.reportResumedActivityLocked:2287 com.android.server.wm.ActivityRecord.completeResumeLocked:6987 com.android.server.wm.TaskFragment.resumeTopActivity:1743 com.android.server.wm.TaskFragment.resumeTopActivity:1307 
05-12 21:29:40.408  2335  2335 I Launcher: !@Boot_DEBUG: Launcher.onStart()
05-12 21:29:40.408  2335  2335 I Launcher: !@Boot_EBS_D: Launcher.onStart()
05-12 21:29:40.408  2335  2335 I BaseActivity: addActivityFlags, flags : 1
05-12 21:29:40.409  2335  2335 W LauncherAppWidgetHost: setShouldListenFlag, mFlags:2 flag:start on:true isFront:false
05-12 21:29:40.409  2335  2335 W Launcher: onStart isListening : false isLoading false
05-12 21:29:40.411   899   899 I Layer   : id=27938 removeFromCurrentState ActivityRecord{4b266d6 u0 com.example.audioanalyser/.MainActivity} t393}#27938 (121)
05-12 21:29:40.411   899   899 I Layer   : id=27943 removeFromCurrentState 9a9bc75 ActivityRecordInputSink com.example.audioanalyser/.MainActivity#27943 (121)
05-12 21:29:40.411   899   899 I Layer   : id=27937 removeFromCurrentState Task=393#27937 (121)
05-12 21:29:40.411   899   899 I Layer   : id=27951 removeFromCurrentState Task=393#27951 (121)
05-12 21:29:40.411   899   899 I SurfaceFlinger: id=27938 Removed ActivityRecord{4b266d6 u0 com.example.audioanalyser/.MainActivity} t393}#27938 (121)
05-12 21:29:40.411   899   899 I SurfaceFlinger: id=27951 Removed Task=393#27951 (121)
05-12 21:29:40.412   899   899 I Layer   : id=27938 Destroyed ActivityRecord{4b266d6 u0 com.example.audioanalyser/.MainActivity} t393}#27938
05-12 21:29:40.412   899   899 I Layer   : id=27943 Destroyed 9a9bc75 ActivityRecordInputSink com.example.audioanalyser/.MainActivity#27943
05-12 21:29:40.412   899   899 I Layer   : id=27951 Destroyed Task=393#27951
05-12 21:29:40.413  1216  1265 W libprocessgroup: Failed to open /dev/blkio//cgroup.procs: No such file or directory
05-12 21:29:40.414  1216  1259 I ActivityManager: Changes in 10066 5 to 2, 8 to 15
05-12 21:29:40.414  1216  1259 I AppOps  : updateUidProcState uid: 10066 procState: 2 capability:15
05-12 21:29:40.414  1216  1259 I AppOps  : commitUidPendingStateLocked() :: UID - 10066, 500 > 200, 8 > 15
05-12 21:29:40.414  1216  1259 I ActivityManager: updateOomAdj start time is before than pendingPid added, don't delete it
05-12 21:29:40.415  1216  1251 W system_server: Long monitor contention with owner ActivityManager (1259) at void com.android.server.wm.ActivityTaskManagerService$LocalService.handleAppDied(com.android.server.wm.WindowProcessController, boolean, java.lang.Runnable)(ActivityTaskManagerService.java:7500) waiters=0 in void com.android.server.wm.WindowAnimator.lambda$new$1(long) for 632ms
05-12 21:29:40.417  1216  1250 W system_server: Long monitor contention with owner ActivityManager (1259) at void com.android.server.wm.ActivityTaskManagerService$LocalService.handleAppDied(com.android.server.wm.WindowProcessController, boolean, java.lang.Runnable)(ActivityTaskManagerService.java:7500) waiters=1 in void com.android.server.wm.WindowManagerService.reportFocusChanged(android.os.IBinder, android.os.IBinder) for 617ms
05-12 21:29:40.418  1216  1250 V WindowManager: Unknown focus tokens, dropping reportFocusChanged
05-12 21:29:40.419  1216  5128 W system_server: Long monitor contention with owner ActivityManager (1259) at void com.android.server.wm.ActivityTaskManagerService$LocalService.handleAppDied(com.android.server.wm.WindowProcessController, boolean, java.lang.Runnable)(ActivityTaskManagerService.java:7500) waiters=2 in void com.android.server.wm.Session.binderDied() for 585ms
05-12 21:29:40.419   899   899 D SurfaceFlinger: Display 0 HWC layers:
05-12 21:29:40.419   899   899 D SurfaceFlinger:      DEVICE | 0xb400007dab054a80 | 0100 | RGBA_8888    |    0.0    0.0  720.0   45.0 |    0    0  720   45 | StatusBar$_1902#97
05-12 21:29:40.419   899   899 D SurfaceFlinger:      DEVICE | 0xb400007dab055b00 | 0100 | RGBA_8888    |    0.0    0.0  720.0   90.0 |    0 1510  720 1600 | NavigationBar0$_1902#91
05-12 21:29:40.419   899   899 D SurfaceFlinger:      DEVICE | 0xb400007dab056280 | 0108 | RGBA_8888    |    0.0    0.0  720.0 1600.0 |    0    0  720 1600 | $_1902#93
05-12 21:29:40.419   899   899 D SurfaceFlinger: 
05-12 21:29:40.420  1216  1776 W system_server: Long monitor contention with owner ActivityManager (1259) at void com.android.server.wm.ActivityTaskManagerService$LocalService.handleAppDied(com.android.server.wm.WindowProcessController, boolean, java.lang.Runnable)(ActivityTaskManagerService.java:7500) waiters=3 in java.util.List com.android.server.wm.ActivityTaskManagerService.getTasks(int, boolean, boolean) for 574ms
05-12 21:29:40.426  1216  2724 W system_server: Long monitor contention with owner ActivityManager (1259) at void com.android.server.am.OomAdjuster.updateOomAdjLocked(java.lang.String)(OomAdjuster.java:503) waiters=0 in boolean com.android.server.am.ActivityManagerService.isUidActive(int, java.lang.String) for 646ms
05-12 21:29:40.427  2335  2335 I MSHandlerLifeCycle: removeMultiSplitHandler: no exist. decor=DecorView@4e943a2[LauncherActivity]
05-12 21:29:40.428  2335  2335 I ViewRootImpl@6dc6262[LauncherActivity]: stopped(false) old = false
05-12 21:29:40.428  2335  2335 I Launcher: !@Boot_DEBUG: Launcher.onResume()
05-12 21:29:40.428  1216  1247 W Looper  : Slow dispatch took 622ms android.fg h=android.os.Handler c=<recycled PooledLambda@665e991> m=0
05-12 21:29:40.428  1216  1247 W Looper  : Slow delivery took 621ms android.fg h=android.os.Handler c=<recycled PooledLambda@db4d0f6> m=0
05-12 21:29:40.428  2335  2335 I Launcher: !@Boot_EBS_D: Launcher.onResume()
05-12 21:29:40.428  2335  2335 I BaseActivity: addActivityFlags, flags : 18
05-12 21:29:40.428  2335  2335 I BaseActivity: removeActivityFlags, flags : 32
05-12 21:29:40.428  2335  2335 I AppsSearchBar: restoreCurrentCellLayoutAlpha: [com.android.homescreen.apptray.AppsViewCellLayout{d4e6f99 V.ED..... .......D 721,45-1391,1441}[a=1.0,v=0,sId=1]]
05-12 21:29:40.430  3121  3226 I DatabaseWorker: ***** Database is idle *****
05-12 21:29:40.431  2335  2646 I IMM_LC  : hsifw() - flag : 0
05-12 21:29:40.431  2335  2646 I IMM_LC  : hsifw() - mService.hideSoftInput
05-12 21:29:40.431  2335  2335 I Launcher.AppsViewCellLayout: com.android.homescreen.apptray.AppsViewCellLayout{d4e6f99 V.ED..... .......D 721,45-1391,1441}[a=1.0,v=0,sId=1] setAlpha : 1.0
05-12 21:29:40.431  2335  2335 I Launcher.AppsViewCellLayout: com.android.homescreen.apptray.AppsViewCellLayout{d4e6f99 V.ED..... .......D 721,45-1391,1441}[a=1.0,v=0,sId=1] setAlpha : 1.0
05-12 21:29:40.431  1216  2482 D InputMethodManagerService: hideSoftInput
05-12 21:29:40.432  1216  2482 W InputMethodManagerService: Ignoring hideSoftInput of uid 10066: com.android.internal.view.IInputMethodClient$Stub$Proxy@96e8dcd
05-12 21:29:40.432  2335  2335 I DecorView: notifyKeepScreenOnChanged: keepScreenOn=false
05-12 21:29:40.433  1216  1250 I GameSDK@LifeCycle: noteResumeComponent(): package name  : com.sec.android.app.launcher
05-12 21:29:40.433  2335  2335 I Launcher: setWallpaperOffsets
05-12 21:29:40.434  1216  1259 W WindowManager: Execute app transition: mNextAppTransitionRequests=[TRANSIT_OPEN], mNextAppTransitionFlags=, displayId: 0 Callers=com.android.server.wm.Task.executeAppTransition:7870 com.android.server.wm.RootWindowContainer.lambda$resumeFocusedTasksTopActivities$20:2750 com.android.server.wm.RootWindowContainer.$r8$lambda$T5O2b-2Pin2YrxYnsz1zP_DLpiQ:0 com.android.server.wm.RootWindowContainer$$ExternalSyntheticLambda17.accept:13 com.android.server.wm.Task.forAllRootTasks:4097 
05-12 21:29:40.435  2335  5383 I Launcher: DisplayMetrics from Resources : DisplayMetrics{density=1.875, width=720, height=1467, scaledDensity=1.875, xdpi=268.941, ydpi=269.139}
05-12 21:29:40.435  2335  2335 I DecorView: notifyKeepScreenOnChanged: keepScreenOn=false
05-12 21:29:40.435  1216  1259 W WindowManager: Execute app transition: mNextAppTransitionRequests=[TRANSIT_OPEN], mNextAppTransitionFlags=, displayId: 0 Callers=com.android.server.wm.Task.executeAppTransition:7870 com.android.server.wm.TaskFragment.resumeTopActivity:1354 com.android.server.wm.TaskFragment.resumeTopActivity:1307 com.android.server.wm.Task.resumeTopActivityInnerLocked:6451 com.android.server.wm.Task.resumeTopActivityUncheckedLocked:6352 
05-12 21:29:40.435  2335  5383 I Launcher: realMetrics from Wm : DisplayMetrics{density=1.875, width=720, height=1600, scaledDensity=1.875, xdpi=268.941, ydpi=269.139}
05-12 21:29:40.435  2335  5383 I Launcher: Launcher DeviceProfile onResume availSize: 720x1510 windowSize: 720x1600 isLandscape: false
05-12 21:29:40.435  1216  2730 I MediaSessionMonitor: Media session stopped : not playing state
05-12 21:29:40.436  1216  3608 W system_server: Long monitor contention with owner ActivityManager (1259) at void com.android.server.am.ActivityManagerService$MainHandler.handleMessage(android.os.Message)(ActivityManagerService.java:2126) waiters=0 in void com.android.server.am.ActivityManagerService$AppDeathRecipient.binderDied() for 603ms
05-12 21:29:40.437  1216  1247 W Looper  : Drained
05-12 21:29:40.437  1216  3608 V ActivityManager: Got obituary of 12200:com.example.audioanalyser
05-12 21:29:40.438  2335  2335 I MSHandlerLifeCycle: removeMultiSplitHandler: no exist. decor=DecorView@4e943a2[LauncherActivity]
05-12 21:29:40.438  3121  3223 I DatabaseWorker: ***** Database is NOT idle *****
05-12 21:29:40.438  2335  2335 I Launcher.AppsViewCellLayout: com.android.homescreen.apptray.AppsViewCellLayout{d4e6f99 V.ED..... .......D 721,45-1391,1441}[a=1.0,v=0,sId=1] setAlpha : 1.0
05-12 21:29:40.439  1216  1801 D SemWifiSwitchForIndividualAppsService: isSkipNetworkCondition - result:2
05-12 21:29:40.440  3121  3223 I DatabaseHost: SQL (Database Worker #0): select r.id, r.processor, r.page, r.method, r.content_id, r.content_type, r.parent_id, r.parent_type, r.last_try_at, r.will_retry, r.created_at, r.view_content_url, r.edit_content_url, r.errors, r.attributes, ss.state, r.lock_name from sync_requests as r left join sync_states as ss on (r.content_type = ss.content_type and r.content_id = ss.content_id) order by r.created_at asc
05-12 21:29:40.440  1216  1216 I Pageboost: package null
05-12 21:29:40.440  1216  1216 I CocktailBarManagerServiceContainer: handleMessage: entry what = 5
05-12 21:29:40.440  1216  1216 I CocktailBarManagerServiceImpl: noteResumeComponent : no active host
05-12 21:29:40.441  2335  2335 I ViewRootImpl@6dc6262[LauncherActivity]: performTraversals params={(0,0)(fillxfill) sim={adjust=nothing forwardNavigation} layoutInDisplayCutoutMode=shortEdges ty=BASE_APPLICATION fmt=TRANSPARENT wanim=0x10302f4
05-12 21:29:40.441  2335  2335 I ViewRootImpl@6dc6262[LauncherActivity]:   fl=81910100
05-12 21:29:40.441  2335  2335 I ViewRootImpl@6dc6262[LauncherActivity]:   pfl=1e020040
05-12 21:29:40.441  2335  2335 I ViewRootImpl@6dc6262[LauncherActivity]:   vsysui=1700
05-12 21:29:40.441  2335  2335 I ViewRootImpl@6dc6262[LauncherActivity]:   bhv=SHOW_TRANSIENT_BARS_BY_SWIPE
05-12 21:29:40.441  2335  2335 I ViewRootImpl@6dc6262[LauncherActivity]:   fitSides= screenDimDuration=200000 naviIconColor=0}
05-12 21:29:40.442  2576  2576 E pageboostd: Received HALT command code 2
05-12 21:29:40.442  1216  1250 D SGM:FgCheckThread: noteResumeComponent(), received pkgName: com.sec.android.app.launcher, userId: 0
05-12 21:29:40.442  2335  2335 I ViewRootImpl@6dc6262[LauncherActivity]: performTraversals mFirst=false windowShouldResize=false viewVisibilityChanged=true mForceNextWindowRelayout=false params={(0,0)(fillxfill) sim={adjust=nothing forwardNavigation} layoutInDisplayCutoutMode=shortEdges ty=BASE_APPLICATION fmt=TRANSPARENT wanim=0x10302f4
05-12 21:29:40.442  2335  2335 I ViewRootImpl@6dc6262[LauncherActivity]:   fl=81910100
05-12 21:29:40.442  2335  2335 I ViewRootImpl@6dc6262[LauncherActivity]:   pfl=1e020040
05-12 21:29:40.442  2335  2335 I ViewRootImpl@6dc6262[LauncherActivity]:   vsysui=1700
05-12 21:29:40.442  2335  2335 I ViewRootImpl@6dc6262[LauncherActivity]:   bhv=SHOW_TRANSIENT_BARS_BY_SWIPE
05-12 21:29:40.442  2335  2335 I ViewRootImpl@6dc6262[LauncherActivity]:   fitSides= screenDimDuration=200000 naviIconColor=0}
05-12 21:29:40.442  1216  1421 D SGM:FgCheckThread: onLooperPrepared(), msg: MSG_APP_RESUME, pkgName: com.sec.android.app.launcher, userid: 0
05-12 21:29:40.442  1216  1421 D SGM:FgCheckThread: handleResume().
05-12 21:29:40.443  1216  1421 D SGM:FgCheckThread: sendFocusOutConditionally() - mPrevNotiPkg: KILL_YOURSELF, userId: 0
05-12 21:29:40.443  1216  1421 D SGM:FgCheckThread:   handleResume(). pkgName: com.sec.android.app.launcher, userId: 0, isTunableApp: null
05-12 21:29:40.443  1216  1421 D SGM:FgCheckThread: notifyFocusInOut(). of pkg: com.sec.android.app.launcher, type: 4, isTunableApp: false, userId: 0
05-12 21:29:40.443  1216  1421 D SGM:FgCheckThread:   notifyFocusInOut(). do nothing. mKillNotiCount: 1
05-12 21:29:40.443  1216  1421 D SGM:SystemHelper: callReleaseBlock needReleaseBlock:false
05-12 21:29:40.444   899   899 D SurfaceFlinger: [input] inputWindowCommands.focusRequests size is 1
05-12 21:29:40.445   899  1055 D SurfaceFlinger: [input] setFocusedWindow: <null>
05-12 21:29:40.446   899   899 D SurfaceFlinger: Display 0 HWC layers:
05-12 21:29:40.446   899   899 D SurfaceFlinger:      DEVICE | 0xb400007dab054a80 | 0100 | RGBA_8888    |    0.0    0.0  720.0   45.0 |    0    0  720   45 | StatusBar$_1902#97
05-12 21:29:40.446   899   899 D SurfaceFlinger:      DEVICE | 0xb400007dab055b00 | 0100 | RGBA_8888    |    0.0    0.0  720.0   90.0 |    0 1510  720 1600 | NavigationBar0$_1902#91
05-12 21:29:40.446   899   899 D SurfaceFlinger:      DEVICE | 0xb400007dab056280 | 0108 | RGBA_8888    |    0.0    0.0  720.0 1600.0 |    0    0  720 1600 | $_1902#93
05-12 21:29:40.446   899   899 D SurfaceFlinger: 
05-12 21:29:40.446  1216  1238 V WindowManager: Relayout Window{174032b u0 com.sec.android.app.launcher/com.sec.android.app.launcher.activities.LauncherActivity}: viewVisibility=0 req=720x1600 d0
05-12 21:29:40.446  1216  1238 D RestrictionPolicy: isScreenCaptureEnabled : ret=true userId=0
05-12 21:29:40.447  8957  9246 I Rubin   : [1886] s9.a.c(SourceFile:1) : Notify com.samsung.android.rubin.inferenceengine.contextanalytics.engine.loggers.d's database is updated.
05-12 21:29:40.447   899  1078 I SurfaceFlinger: id=27952 createSurf flag=40004, com.sec.android.app.launcher/com.sec.android.app.launcher.activities.LauncherActivity$_2335#27952
05-12 21:29:40.447  1216  1238 D WindowManager: makeSurface duration=1 name=com.sec.android.app.launcher/com.sec.android.app.launcher.activities.LauncherActivity$_2335
05-12 21:29:40.448  1216  2482 D SGM:GameManager: identifyForegroundApp. com.sec.android.app.launcher, mCurrentUserId: 0, callerUserId: 0
05-12 21:29:40.448  1216  2482 D SGM:PkgDataHelper: getGamePkgData(). com.sec.android.app.launcher
05-12 21:29:40.451  1216  1238 V WindowManager: Changing focus from null to Window{174032b u0 com.sec.android.app.launcher/com.sec.android.app.launcher.activities.LauncherActivity} displayId=0 Callers=com.android.server.wm.RootWindowContainer.updateFocusedWindowLocked:595 com.android.server.wm.WindowManagerService.updateFocusedWindowLocked:6810 com.android.server.wm.WindowManagerService.relayoutWindow:2820 com.android.server.wm.Session.relayout:274 
05-12 21:29:40.451  1216  1238 D MARsPolicyManager: onPackageResumedFG pkgName = com.sec.android.app.launcher, userId = 0
05-12 21:29:40.451  1216  1238 I WindowManager: Cancelling animation restarting=true, leash=Surface(name=Surface(name=36f295d StatusBar)/@0x965b2a0 - animation-leash of insets_animation)/@0xa8f3274
05-12 21:29:40.451  1216  1238 I WindowManager: Reparenting to original parent: Surface(name=WindowToken{c805734 type=2000 android.os.BinderProxy@1acc846})/@0x479fe59, destroy=false, surface=Surface(name=36f295d StatusBar)/@0x965b2a0
05-12 21:29:40.451  1216  1238 I WindowManager: Reparenting to leash, surface=Surface(name=36f295d StatusBar)/@0x965b2a0, leashParent=Surface(name=WindowToken{c805734 type=2000 android.os.BinderProxy@1acc846})/@0x479fe59
05-12 21:29:40.452   899  1077 I SurfaceFlinger: id=27953 createSurf flag=24000, Surface(name=36f295d StatusBar)/@0x965b2a0 - animation-leash of insets_animation#27953
05-12 21:29:40.452  1216  1238 D WindowManager: makeSurface duration=0 leash=Surface(name=Surface(name=36f295d StatusBar)/@0x965b2a0 - animation-leash of insets_animation)/@0x1d108ce
05-12 21:29:40.452  1216  1238 I WindowManager: Cancelling animation restarting=true, leash=Surface(name=Surface(name=164c1a4 NavigationBar0)/@0xccfb9d1 - animation-leash of insets_animation)/@0x2599012
05-12 21:29:40.452  1216  1238 I WindowManager: Reparenting to original parent: Surface(name=WindowToken{e7d9837 type=2019 android.os.BinderProxy@973a2d1})/@0x7b5fc36, destroy=false, surface=Surface(name=164c1a4 NavigationBar0)/@0xccfb9d1
05-12 21:29:40.452  1216  1238 I WindowManager: Reparenting to leash, surface=Surface(name=164c1a4 NavigationBar0)/@0xccfb9d1, leashParent=Surface(name=WindowToken{e7d9837 type=2019 android.os.BinderProxy@973a2d1})/@0x7b5fc36
05-12 21:29:40.453   899  1077 I SurfaceFlinger: id=27954 createSurf flag=24000, Surface(name=164c1a4 NavigationBar0)/@0xccfb9d1 - animation-leash of insets_animation#27954
05-12 21:29:40.453  1216  1238 D WindowManager: makeSurface duration=0 leash=Surface(name=Surface(name=164c1a4 NavigationBar0)/@0xccfb9d1 - animation-leash of insets_animation)/@0x409efc
05-12 21:29:40.454  1216  1238 D WindowManager: updateSystemBarAttributes: displayId=0, win=Window{174032b u0 com.sec.android.app.launcher/com.sec.android.app.launcher.activities.LauncherActivity}, navColorWin=null, focusedCanBeNavColorWin=false, behavior=2, appearance=0, statusBarAppearanceRegions=[], requestedVisibilities=, from=com.android.server.wm.DisplayPolicy.focusChangedLw:3247 com.android.server.wm.DisplayContent.updateFocusedWindowLocked:4632 com.android.server.wm.RootWindowContainer.updateFocusedWindowLocked:595 
05-12 21:29:40.454  1216  1238 D StatusBarManagerService: notifyRequestedSystemKey recent=false home=false
05-12 21:29:40.455  1902  1902 D SamsungLightBarControlHelper: onStatusBarAppearanceChanged() -  sbModeChanged:false, statusBarMode:MODE_TRANSPARENT, barState:SHADE, isKeyguardShowing:false, navbarColorManagedByIme:false, stackAppearancesChanged:true, (), packageName:com.sec.android.app.launcher
05-12 21:29:40.455  2335 21282 I TouchInteractionService: onSystemUiStateChanged, stateFlags : 0 |
05-12 21:29:40.455  1216  1238 V WindowManager: Relayout hash=174032b, pid=2335, syncId=-1: mAttrs={(0,0)(fillxfill) sim={adjust=nothing forwardNavigation} layoutInDisplayCutoutMode=shortEdges ty=BASE_APPLICATION fmt=TRANSPARENT wanim=0x10302f4
05-12 21:29:40.455  1216  1238 V WindowManager:   fl=81910100
05-12 21:29:40.455  1216  1238 V WindowManager:   pfl=1e020040
05-12 21:29:40.455  1216  1238 V WindowManager:   vsysui=1700
05-12 21:29:40.455  1216  1238 V WindowManager:   bhv=SHOW_TRANSIENT_BARS_BY_SWIPE
