05-12 21:29:44.482 13102 13102 W .android.chrome: Failed to find entry 'classes.dex': Entry not found
05-12 21:29:44.501 13102 13102 D nativeloader: Configuring clns-4 for other apk /data/app/~~wWN540ejslQjNYlS4qS5dQ==/com.google.android.trichromelibrary_777812033-ZMnzRrB7oZQ_ruh1_pV7Ig==/base.apk. target_sdk_version=36, uses_libraries=ALL, library_path=/data/app/~~q2sDpRRlpKd6OelYDgvEcg==/com.android.chrome-B-EyQdfqmTO4eXdI_FDhug==/lib/arm64:/data/app/~~q2sDpRRlpKd6OelYDgvEcg==/com.android.chrome-B-EyQdfqmTO4eXdI_FDhug==/base.apk!/lib/arm64-v8a:/data/app/~~wWN540ejslQjNYlS4qS5dQ==/com.google.android.trichromelibrary_777812033-ZMnzRrB7oZQ_ruh1_pV7Ig==/base.apk!/lib/arm64-v8a, permitted_path=/data:/mnt/expand:/data/user/0/com.android.chrome
05-12 21:29:44.501 13102 13102 D nativeloader: Extending system_exposed_libraries: libhigh_dynamic_range.arcsoft.so:libBeauty_v4.camera.samsung.so:libexifa.camera.samsung.so:libjpega.camera.samsung.so:libOpenCv.camera.samsung.so:libImageScreener.camera.samsung.so:libHpr_RecGAE_cvFeature_v1.0.camera.samsung.so:libHprFace_GAE_api.camera.samsung.so:libFace_Landmark_API.camera.samsung.so:libHprFace_GAE_jni.camera.samsung.so:libObjectAndSceneClassification_2.5_OD.camera.samsung.so:libQREngine.camera.samsung.so:libFood.camera.samsung.so:libFoodDetector.camera.samsung.so:libPortraitSolution.camera.samsung.so:libsrib_CNNInterface.camera.samsung.so:libsrib_humanaware_engine.camera.samsung.so:libInteractiveSegmentation.camera.samsung.so:libsmart_cropping.camera.samsung.so:libStride.camera.samsung.so:libStrideTensorflowLite.camera.samsung.so:libMultiFrameProcessing10.camera.samsung.so:libFacePreProcessing_jni.camera.samsung.so:libFacePreProcessing_jni.camera.samsung.so:libhumantracking_util.camera.samsung.so:libsecjpeginterface.camera.samsung.so:libMyFilterPlugin.c
05-12 21:29:44.501  1216  1801 D SemWifiSwitchForIndividualAppsService: isSkipNetworkCondition - result:2
05-12 21:29:44.513  1216  3676 I GenerationRegistry: mBackingStore.isClosed() : false
05-12 21:29:44.530 13070 13070 I Finsky  : [2] Profiling: Starting up (0)
05-12 21:29:44.532 13102 13102 D nativeloader: Configuring clns-5 for other apk /data/app/~~q2sDpRRlpKd6OelYDgvEcg==/com.android.chrome-B-EyQdfqmTO4eXdI_FDhug==/base.apk. target_sdk_version=36, uses_libraries=, library_path=/data/app/~~q2sDpRRlpKd6OelYDgvEcg==/com.android.chrome-B-EyQdfqmTO4eXdI_FDhug==/lib/arm64:/data/app/~~q2sDpRRlpKd6OelYDgvEcg==/com.android.chrome-B-EyQdfqmTO4eXdI_FDhug==/base.apk!/lib/arm64-v8a:/data/app/~~wWN540ejslQjNYlS4qS5dQ==/com.google.android.trichromelibrary_777812033-ZMnzRrB7oZQ_ruh1_pV7Ig==/base.apk!/lib/arm64-v8a, permitted_path=/data:/mnt/expand:/data/user/0/com.android.chrome
05-12 21:29:44.541 13070 13099 I Finsky  : [1867] ajmk - Registering in memory receiver for android.intent.action.PACKAGE_ADDED and android.intent.action.PACKAGE_REMOVED
05-12 21:29:44.557 13102 13102 D nativeloader: Load libframework-connectivity-jni.so using APEX ns com_android_tethering for caller /apex/com.android.tethering/javalib/framework-connectivity.jar: ok
05-12 21:29:44.568 13102 13102 V GraphicsEnvironment: ANGLE Developer option for 'com.android.chrome' set to: 'default'
05-12 21:29:44.569 13102 13102 V GraphicsEnvironment: ANGLE GameManagerService for com.android.chrome: false
05-12 21:29:44.570 13102 13102 V GraphicsEnvironment: Neither updatable production driver nor prerelease driver is supported.
05-12 21:29:44.573  1216  1258 D MetaDataCollector: onReceive: begin action=android.intent.action.PACKAGE_REMOVED
05-12 21:29:44.573  1216  1258 D MetaDataCollector: onReceive: done pkgName=com.example.audioanalyser
05-12 21:29:44.579 13102 13102 I LoadedApk: No resource references to update in package com.google.android.trichromelibrary
05-12 21:29:44.582  1216  1985 I ActivityManager: Process com.samsung.android.app.galaxyfinder:appservice (pid 12975) has died: fg  SVC (75,943)
05-12 21:29:44.587  1216  1216 I Telecom:TelecomService: onTrimMemory - 5
05-12 21:29:44.589 13102 13102 D NetworkSecurityConfig: Using Network Security Config from resource 0_resource_name_obfuscated debugBuild: false
05-12 21:29:44.595  1902  1902 D SystemUIService: SYSUI_RAM_OPTIMIZATION onTrimMemory=5
05-12 21:29:44.595  1902  1902 D SystemUIService: onTrimMemory : 5
05-12 21:29:44.596 13070 13070 W Settings: Setting download_manager_max_bytes_over_mobile has moved from android.provider.Settings.Secure to android.provider.Settings.Global.
05-12 21:29:44.597  1216  1258 D UsageStatsService: onPackageRemoved com.example.audioanalyser
05-12 21:29:44.599 13070 13070 I Finsky  : [2] SettingNotFoundException, fall through to G.downloadBytesOverMobileMaximum
05-12 21:29:44.599 13070 13070 W Settings: Setting download_manager_recommended_max_bytes_over_mobile has moved from android.provider.Settings.Secure to android.provider.Settings.Global.
05-12 21:29:44.601 13070 13070 I Finsky  : [2] SettingNotFoundException, fall through to G.downloadBytesOverMobileRecommended
05-12 21:29:44.605 13070 13098 D CompatibilityChangeReporter: Compat change id reported: 183155436; UID 10192; state: ENABLED
05-12 21:29:44.605  2535  2535 W DeviceManager_FLP: onTrimMemory : 5
05-12 21:29:44.605  2535  2609 I GpsSessionManager_FLP: arrangeInvalidSessions
05-12 21:29:44.606  3543  3543 W DMASA[U]: [AppLogData]onTrimMemory(5):1778635784605
05-12 21:29:44.607  3543  3543 W DMASA[C]: [DiagMonAgentApplication]onTrimMemory (5)
05-12 21:29:44.607 15492 15492 I CMHApplication: [#CMH#] Block to verify, Change Trim Memory Level: 80 
05-12 21:29:44.610 28782 28782 I RecognizerBaseService: Ph_[onTrimMemory , 5] [main] 
05-12 21:29:44.610 28782 28782 I SpeechRecognizerServiceImpl: Ph_[trimMemory , 5] [main] 
05-12 21:29:44.614  1216  1261 I libprocessgroup: Successfully killed process cgroup uid 10063 pid 12975 in 31ms
05-12 21:29:44.625  4139  4139 I HBD     : HoneyBoardService onTrimMemory 5
05-12 21:29:44.627 13070 13070 I Finsky  : [2] This process start was not selected for Play memory metrics collection.
05-12 21:29:44.631 13070 13070 I Finsky  : [2] VerifyApps: Install-time verification requested for package com.example.audioanalyser, PackageManager id = 59, Verifier id = 403617bc-6608-4c8f-b95c-bc6accbde8df
05-12 21:29:44.651  1216  1985 I GenerationRegistry: mBackingStore.isClosed() : false
05-12 21:29:44.657 13102 13102 D NetworkSecurityConfig: Using Network Security Config from resource 0_resource_name_obfuscated debugBuild: false
05-12 21:29:44.671  3121  3224 I DatabaseWorker: ***** Database is idle *****
05-12 21:29:44.682   824   824 I Zygote  : Process 12975 exited due to signal 9 (Killed)
05-12 21:29:44.686 13070 13070 I Finsky  : [2] Subscription detail: DataSubscriptionInfo{groupIdLevel1=62FF, serviceProviderName=[JyqhZsHMgQZ3q9nTMv10ic-rvlWfiYuZmj-STxPYENw], simCarrierId=2025}
05-12 21:29:44.691 13102 13102 I cr_SplitCompatApp: version=148.0.7778.120 (777812033) minSdkVersion=29 processName=com.android.chrome isIsolatedProcess=false splits=chrome,config.en,dev_ui,on_demand,stack_unwinder,test_dummy
05-12 21:29:44.693  3121  3227 I DatabaseWorker: ***** Database is NOT idle *****
05-12 21:29:44.695 13070 13070 I Finsky  : [2] playLoggingServerUrl: https://play.googleapis.com/play/log
05-12 21:29:44.695 13070 13070 I Finsky  : [2] playLoggingServerTimestampUrl: https://play.googleapis.com/play/log/timestamp
05-12 21:29:44.695  3121  3227 I DatabaseHost: SQL (Database Worker #3): select r.id, r.processor, r.page, r.method, r.content_id, r.content_type, r.parent_id, r.parent_type, r.last_try_at, r.will_retry, r.created_at, r.view_content_url, r.edit_content_url, r.errors, r.attributes, ss.state, r.lock_name from sync_requests as r left join sync_states as ss on (r.content_type = ss.content_type and r.content_id = ss.content_id) order by r.created_at asc
05-12 21:29:44.765   359   359 I lmkd    : cached 1, sandbox(not0) 0
05-12 21:29:44.767   359   359 I lmkd    : Reclaim 'com.samsung.android.bbc.bbcagent' (12979), uid 1000, oom_score_adj 915, state 19 to free 37596kB rss, 38876kB swap; reason: low watermark is breached and swap is low (2159384kB < 2474636kB)
05-12 21:29:44.787  1216  3676 I ActivityManager: Process com.samsung.android.bbc.bbcagent (pid 12979) has died: cch+15 CEM (74,948)
05-12 21:29:44.789   824   824 I Zygote  : Process 12979 exited due to signal 9 (Killed)
05-12 21:29:44.792  1216  1265 W libprocessgroup: Failed to open /dev/blkio//cgroup.procs: No such file or directory
05-12 21:29:44.793  1216  1261 I libprocessgroup: Successfully killed process cgroup uid 1000 pid 12979 in 0ms
05-12 21:29:44.797  6664  7078 W GetConfigSnapshotOp: Succeeded but not registered: com.google.android.gms.gmscompliance_client#com.android.vending [CONTEXT service_id=51 ]
05-12 21:29:44.826  1216  1258 I SemExecuteManagerService: onSomePackagesChanged
05-12 21:29:44.826  1216  1258 D LauncherAppsService: Calling onPackageRemoved: com.example.audioanalyser, EXTRA_REPLACING: false
05-12 21:29:44.827  1216  1258 D LauncherAppsService: Calling onPackageRemoved: com.example.audioanalyser, listener: com.sec.android.app.launcher(UserHandle{0}, 2335)
05-12 21:29:44.828  1216  1258 D LauncherAppsService: Calling onPackageRemoved: com.example.audioanalyser, listener: com.android.systemui(UserHandle{0}, 1902)
05-12 21:29:44.828  1216  1258 D LauncherAppsService: Calling onPackageRemoved: com.example.audioanalyser, listener: android(UserHandle{0}, 1216)
05-12 21:29:44.828  1216  1258 D LauncherApps: onPackageRemoved 0,com.example.audioanalyser
05-12 21:29:44.828  2335  2335 I Launcher.Model: package removed received com.example.audioanalyser
05-12 21:29:44.829  1902  2237 D LauncherApps: onPackageRemoved 0,com.example.audioanalyser
05-12 21:29:44.830  2335  2651 I PackageUpdatedTask: Removing app iconcom.example.audioanalyser
05-12 21:29:44.834 13070 13100 I Finsky  : [1868] RECEIVER_PACKAGE_VERIFICATION#logWorkEndAndFinishGoAsync: SUCCESS
05-12 21:29:44.839 13070 13100 I Finsky  : [1868] Device is eligible for platform Cronet and will attempt to use it.
05-12 21:29:44.840 13070 13101 I Finsky  : [1869] Enqueuing libraries load for 245755518
05-12 21:29:44.842 13070 13128 I Finsky  : [1879] Starting libraries load for 245755518
05-12 21:29:44.842  1216  1265 W libprocessgroup: Failed to open /dev/blkio//cgroup.procs: No such file or directory
05-12 21:29:44.853  3121  3227 I DatabaseWorker: ***** Database is idle *****
05-12 21:29:44.860 27516 27613 D OpenGLRenderer: setSurface called with nullptr
05-12 21:29:44.861   359   359 I lmkd    : cached 1, sandbox(not0) 0
05-12 21:29:44.863 13070 13070 I Finsky  : [2] Memory trim requested to level 5
05-12 21:29:44.865   359   359 I lmkd    : Reclaim 'com.android.keychain' (13002), uid 1000, oom_score_adj 915, state 19 to free 38052kB rss, 38984kB swap; reason: low watermark is breached and swap is low (2159384kB < 2474636kB)
05-12 21:29:44.868  3121  3226 I DatabaseWorker: ***** Database is NOT idle *****
05-12 21:29:44.869  3121  3226 I DatabaseHost: SQL (Database Worker #2): select r.id, r.processor, r.page, r.method, r.content_id, r.content_type, r.parent_id, r.parent_type, r.last_try_at, r.will_retry, r.created_at, r.view_content_url, r.edit_content_url, r.errors, r.attributes, ss.state, r.lock_name from sync_requests as r left join sync_states as ss on (r.content_type = ss.content_type and r.content_id = ss.content_id) order by r.created_at asc
05-12 21:29:44.896  2335  2651 I SubUserItemPositionerImpl: check blockCreateShortcutKey : block_create_shortcut_0, blockCreate : false
05-12 21:29:44.896  2335  2651 I SubUserItemPositionerImpl: isAvailableCreateSubUserItemPositioner() is false, !myUserHandle().equals(user) : false, !(DualAppUtils.supportDualApp(context) && DualAppUtils.isDualAppId(user)true
05-12 21:29:44.896  2335  2651 I PackageUpdatedTask: mAllAppsList.removePackage com.example.audioanalyser
05-12 21:29:44.898  2335  2651 I PackageUpdatedTask: removed, appInfo : AppInfo(id=359 type=APP hidden=0 container=all_apps screen=4 rank=5 rankOfList=-1 user=UserHandle{0} title=Audio Analyser componentName=ComponentInfo{com.example.audioanalyser/com.example.audioanalyser.MainActivity} screenType=0 runtimeStatusFlags=384 status=0)
05-12 21:29:44.898   359   359 I lmkd    : cached 1, sandbox(not0) 0
05-12 21:29:44.898  1216  1985 I ActivityManager: Process com.android.keychain (pid 13002) has died: cch+15 CEM (67,950)
05-12 21:29:44.898   824   824 I Zygote  : Process 13002 exited due to signal 9 (Killed)
05-12 21:29:44.898  1216  1261 I libprocessgroup: Successfully killed process cgroup uid 1000 pid 13002 in 0ms
05-12 21:29:44.901  2335  2651 I AppsModelWriter: deleteItems(start) > needToBind = true
05-12 21:29:44.901  2335  2651 I AppsModelWriter: deleteItems(start)> 0, 359, 0, -102, 4, 5, UserHandle{0}, 0, Audio Analyser, -1, -1
05-12 21:29:44.901  2335  2651 I AppsModelWriter: normalizeVisibleItems : [matched = true] col = 4, raw : 5
05-12 21:29:44.902  2335  2651 I AppsModelWriter: normalizeVisibleItems(visibleItems)> 0, 105, 2, -102, 0, 0, UserHandle{0}, 0, Google, -1, -1
05-12 21:29:44.902  2335  2651 I AppsModelWriter: normalizeVisibleItems(visibleItems)> 0, 115, 2, -102, 0, 1, UserHandle{0}, 0, Samsung, -1, -1
05-12 21:29:44.902  2335  2651 I AppsModelWriter: normalizeVisibleItems(visibleItems)> 0, 132, 0, -102, 0, 2, UserHandle{0}, 0, Phone, -1, -1
05-12 21:29:44.902  2335  2651 I AppsModelWriter: normalizeVisibleItems(visibleItems)> 0, 133, 0, -102, 0, 3, UserHandle{0}, 0, Messages, -1, -1
05-12 21:29:44.902  2335  2651 I AppsModelWriter: normalizeVisibleItems(visibleItems)> 0, 134, 0, -102, 0, 4, UserHandle{0}, 0, Camera, -1, -1
05-12 21:29:44.902  2335  2651 I AppsModelWriter: normalizeVisibleItems(visibleItems)> 0, 135, 0, -102, 0, 5, UserHandle{0}, 0, Gallery, -1, -1
05-12 21:29:44.902  2335  2651 I AppsModelWriter: normalizeVisibleItems(visibleItems)> 0, 136, 0, -102, 0, 6, UserHandle{0}, 0, Clock, -1, -1
05-12 21:29:44.902  2335  2651 I AppsModelWriter: normalizeVisibleItems(visibleItems)> 0, 137, 0, -102, 0, 7, UserHandle{0}, 0, Contacts, -1, -1
05-12 21:29:44.902  2335  2651 I AppsModelWriter: normalizeVisibleItems(visibleItems)> 0, 138, 0, -102, 0, 8, UserHandle{0}, 0, Settings, -1, -1
05-12 21:29:44.902  2335  2651 I AppsModelWriter: normalizeVisibleItems(visibleItems)> 0, 139, 0, -102, 0, 9, UserHandle{0}, 0, Calendar, -1, -1
05-12 21:29:44.902  2335  2651 I AppsModelWriter: normalizeVisibleItems(visibleItems)> 0, 191, 0, -102, 0, 10, UserHandle{0}, 0, Samsung Notes, -1, -1
05-12 21:29:44.902  2335  2651 I AppsModelWriter: normalizeVisibleItems(visibleItems)> 0, 140, 0, -102, 0, 11, UserHandle{0}, 0, Calculator, -1, -1
05-12 21:29:44.902  2335  2651 I AppsModelWriter: normalizeVisibleItems(visibleItems)> 0, 148, 0, -102, 0, 12, UserHandle{0}, 0, Calendar, -1, -1
05-12 21:29:44.902  2335  2651 I AppsModelWriter: normalizeVisibleItems(visibleItems)> 0, 149, 0, -102, 0, 13, UserHandle{0}, 0, Files, -1, -1
05-12 21:29:44.902  2335  2651 I AppsModelWriter: normalizeVisibleItems(visibleItems)> 0, 151, 0, -102, 0, 14, UserHandle{0}, 0, News, -1, -1
05-12 21:29:44.902  2335  2651 I AppsModelWriter: normalizeVisibleItems(visibleItems)> 0, 131, 0, -102, 0, 15, UserHandle{0}, 0, Play Store, -1, -1
05-12 21:29:44.902  2335  2651 I AppsModelWriter: normalizeVisibleItems(visibleItems)> 0, 124, 0, -102, 0, 16, UserHandle{0}, 0, WhatsApp, -1, -1
05-12 21:29:44.903  2335  2651 I AppsModelWriter: normalizeVisibleItems(visibleItems)> 0, 205, 0, -102, 0, 17, UserHandle{0}, 0, Slack, -1, -1
05-12 21:29:44.903  2335  2651 I AppsModelWriter: normalizeVisibleItems(visibleItems)> 0, 320, 0, -102, 0, 18, UserHandle{0}, 0, Messenger, -1, -1
05-12 21:29:44.903  2335  2651 I AppsModelWriter: normalizeVisibleItems(visibleItems)> 0, 324, 0, -102, 0, 19, UserHandle{0}, 0, Discord, -1, -1
05-12 21:29:44.903  2335  2651 I AppsModelWriter: normalizeVisibleItems(visibleItems)> 0, 174, 0, -102, 1, 0, UserHandle{0}, 0, GMX Mail, -1, -1
05-12 21:29:44.903  2335  2651 I AppsModelWriter: normalizeVisibleItems(visibleItems)> 0, 160, 0, -102, 1, 1, UserHandle{0}, 0, Outlook, -1, -1
05-12 21:29:44.903  2335  2651 I AppsModelWriter: normalizeVisibleItems(visibleItems)> 0, 263, 0, -102, 1, 2, UserHandle{0}, 0, Yahoo Mail, -1, -1
05-12 21:29:44.903  2335  2651 I AppsModelWriter: normalizeVisibleItems(visibleItems)> 0, 203, 0, -102, 1, 3, UserHandle{0}, 0, Meet, -1, -1
05-12 21:29:44.903  2335  2651 I AppsModelWriter: normalizeVisibleItems(visibleItems)> 0, 164, 0, -102, 1, 4, UserHandle{0}, 0, TreatLife, -1, -1
05-12 21:29:44.903  2335  2651 I AppsModelWriter: normalizeVisibleItems(visibleItems)> 0, 168, 0, -102, 1, 5, UserHandle{0}, 0, LG ThinQ, -1, -1
05-12 21:29:44.903  2335  2651 I AppsModelWriter: normalizeVisibleItems(visibleItems)> 0, 163, 0, -102, 1, 6, UserHandle{0}, 0, Home, -1, -1
05-12 21:29:44.903  2335  2651 I AppsModelWriter: normalizeVisibleItems(visibleItems)> 0, 248, 0, -102, 1, 7, UserHandle{0}, 0, USAA DriveSafe™, -1, -1
05-12 21:29:44.903  2335  2651 I AppsModelWriter: normalizeVisibleItems(visibleItems)> 0, 159, 0, -102, 1, 8, UserHandle{0}, 0, PhotoScan, -1, -1
05-12 21:29:44.903  2335  2651 I AppsModelWriter: normalizeVisibleItems(visibleItems)> 0, 165, 0, -102, 1, 9, UserHandle{0}, 0, Canon PRINT, -1, -1
05-12 21:29:44.903  2335  2651 I AppsModelWriter: normalizeVisibleItems(visibleItems)> 0, 153, 0, -102, 1, 10, UserHandle{0}, 0, Amazon Shopping, -1, -1
05-12 21:29:44.903  2335  2651 I AppsModelWriter: normalizeVisibleItems(visibleItems)> 0, 152, 0, -102, 1, 11, UserHandle{0}, 0, Amazon Alexa, -1, -1
05-12 21:29:44.903  2335  2651 I AppsModelWriter: normalizeVisibleItems(visibleItems)> 0, 180, 0, -102, 1, 12, UserHandle{0}, 0, Bible, -1, -1
05-12 21:29:44.903  2335  2651 I AppsModelWriter: normalizeVisibleItems(visibleItems)> 0, 233, 0, -102, 1, 13, UserHandle{0}, 0, Samsung Health, -1, -1
05-12 21:29:44.903  2335  2651 I AppsModelWriter: normalizeVisibleItems(visibleItems)> 0, 238, 0, -102, 1, 14, UserHandle{0}, 0, Equate Heart Chart, -1, -1
05-12 21:29:44.903  2335  2651 I AppsModelWriter: normalizeVisibleItems(visibleItems)> 0, 161, 0, -102, 1, 15, UserHandle{0}, 0, Fit, -1, -1
05-12 21:29:44.903  2335  2651 I AppsModelWriter: normalizeVisibleItems(visibleItems)> 0, 239, 0, -102, 1, 16, UserHandle{0}, 0, MyChart, -1, -1
05-12 21:29:44.903  2335  2651 I AppsModelWriter: normalizeVisibleItems(visibleItems)> 0, 275, 0, -102, 1, 17, UserHandle{0}, 0, Sharecare, -1, -1
05-12 21:29:44.903  2335  2651 I AppsModelWriter: normalizeVisibleItems(visibleItems)> 0, 147, 0, -102, 1, 18, UserHandle{0}, 0, Scale Up, -1, -1
05-12 21:29:44.903  2335  2651 I AppsModelWriter: normalizeVisibleItems(visibleItems)> 0, 192, 0, -102, 2, 0, UserHandle{0}, 0, Max VPN, -1, -1
05-12 21:29:44.903  2335  2651 I AppsModelWriter: normalizeVisibleItems(visibleItems)> 0, 251, 0, -102, 2, 1, UserHandle{0}, 0, Okta Verify, -1, -1
05-12 21:29:44.903  2335  2651 I AppsModelWriter: normalizeVisibleItems(visibleItems)> 0, 211, 0, -102, 2, 2, UserHandle{0}, 0, Authenticator, -1, -1
05-12 21:29:44.903  2335  2651 I AppsModelWriter: normalizeVisibleItems(visibleItems)> 0, 219, 0, -102, 2, 3, UserHandle{0}, 0, Zoom, -1, -1
05-12 21:29:44.903  2335  2651 I AppsModelWriter: normalizeVisibleItems(visibleItems)> 0, 266, 0, -102, 2, 4, UserHandle{0}, 0, Google Cloud, -1, -1
05-12 21:29:44.903  2335  2651 I AppsModelWriter: normalizeVisibleItems(visibleItems)> 0, 181, 0, -102, 2, 5, UserHandle{0}, 0, GitHub, -1, -1
05-12 21:29:44.903  2335  2651 I AppsModelWriter: normalizeVisibleItems(visibleItems)> 0, 220, 0, -102, 2, 6, UserHandle{0}, 0, Analytics, -1, -1
05-12 21:29:44.903  2335  2651 I AppsModelWriter: normalizeVisibleItems(visibleItems)> 0, 249, 0, -102, 2, 7, UserHandle{0}, 0, UPS, -1, -1
05-12 21:29:44.903  2335  2651 I AppsModelWriter: normalizeVisibleItems(visibleItems)> 0, 250, 0, -102, 2, 8, UserHandle{0}, 0, myLidl, -1, -1
05-12 21:29:44.903  2335  2651 I AppsModelWriter: normalizeVisibleItems(visibleItems)> 0, 157, 0, -102, 2, 9, UserHandle{0}, 0, Translate, -1, -1
05-12 21:29:44.903  2335  2651 I AppsModelWriter: normalizeVisibleItems(visibleItems)> 0, 244, 0, -102, 2, 10, UserHandle{0}, 0, ChatGPT, -1, -1
05-12 21:29:44.903  2335  2651 I AppsModelWriter: normalizeVisibleItems(visibleItems)> 0, 261, 0, -102, 2, 11, UserHandle{0}, 0, Gemini, -1, -1
05-12 21:29:44.903  2335  2651 I AppsModelWriter: normalizeVisibleItems(visibleItems)> 0, 290, 0, -102, 2, 12, UserHandle{0}, 0, Claude, -1, -1
05-12 21:29:44.903  2335  2651 I AppsModelWriter: normalizeVisibleItems(visibleItems)> 0, 309, 2, -102, 2, 13, UserHandle{0}, 0, Games, -1, -1
05-12 21:29:44.903  2335  2651 I AppsModelWriter: normalizeVisibleItems(visibleItems)> 0, 246, 0, -102, 2, 14, UserHandle{0}, 0, Sound Meter, -1, -1
05-12 21:29:44.903  2335  2651 I AppsModelWriter: normalizeVisibleItems(visibleItems)> 0, 310, 0, -102, 2, 15, UserHandle{0}, 0, Bing, -1, -1
05-12 21:29:44.903  2335  2651 I AppsModelWriter: normalizeVisibleItems(visibleItems)> 0, 323, 0, -102, 2, 16, UserHandle{0}, 0, Last.fm, -1, -1
05-12 21:29:44.903  2335  2651 I AppsModelWriter: normalizeVisibleItems(visibleItems)> 0, 335, 0, -102, 2, 17, UserHandle{0}, 0, File Manager +, -1, -1
05-12 21:29:44.903  2335  2651 I AppsModelWriter: normalizeVisibleItems(visibleItems)> 0, 184, 0, -102, 2, 18, UserHandle{0}, 0, LinkedIn, -1, -1
05-12 21:29:44.903  2335  2651 I AppsModelWriter: normalizeVisibleItems(visibleItems)> 0, 186, 0, -102, 3, 0, UserHandle{0}, 0, S-ID-Check, -1, -1
05-12 21:29:44.903  2335  2651 I AppsModelWriter: normalizeVisibleItems(visibleItems)> 0, 190, 0, -102, 3, 1, UserHandle{0}, 0, USAA, -1, -1
05-12 21:29:44.903  2335  2651 I AppsModelWriter: normalizeVisibleItems(visibleItems)> 0, 217, 0, -102, 3, 2, UserHandle{0}, 0, ADPMobile, -1, -1
05-12 21:29:44.904  2335  2651 I AppsModelWriter: normalizeVisibleItems(visibleItems)> 0, 257, 0, -102, 3, 3, UserHandle{0}, 0, Cash App, -1, -1
05-12 21:29:44.904  2335  2651 I AppsModelWriter: normalizeVisibleItems(visibleItems)> 0, 210, 0, -102, 3, 4, UserHandle{0}, 0, Amazon Music, -1, -1
05-12 21:29:44.904  2335  2651 I AppsModelWriter: normalizeVisibleItems(visibleItems)> 0, 198, 0, -102, 3, 5, UserHandle{0}, 0, Spotify, -1, -1
05-12 21:29:44.904  2335  2651 I AppsModelWriter: normalizeVisibleItems(visibleItems)> 0, 194, 0, -102, 3, 6, UserHandle{0}, 0, Radio, -1, -1
05-12 21:29:44.904  2335  2651 I AppsModelWriter: normalizeVisibleItems(visibleItems)> 0, 302, 0, -102, 3, 7, UserHandle{0}, 0, Amazon Photos, -1, -1
05-12 21:29:44.904  2335  2651 I AppsModelWriter: normalizeVisibleItems(visibleItems)> 0, 206, 0, -102, 3, 8, UserHandle{0}, 0, Disney+, -1, -1
05-12 21:29:44.904  2335  2651 I AppsModelWriter: normalizeVisibleItems(visibleItems)> 0, 187, 0, -102, 3, 9, UserHandle{0}, 0, Prime Video, -1, -1
05-12 21:29:44.904  2335  2651 I AppsModelWriter: normalizeVisibleItems(visibleItems)> 0, 195, 0, -102, 3, 10, UserHandle{0}, 0, Google TV, -1, -1
05-12 21:29:44.904  2335  2651 I AppsModelWriter: normalizeVisibleItems(visibleItems)> 0, 276, 0, -102, 3, 11, UserHandle{0}, 0, Hulu, -1, -1
05-12 21:29:44.904  2335  2651 I AppsModelWriter: normalizeVisibleItems(visibleItems)> 0, 237, 0, -102, 3, 12, UserHandle{0}, 0, HBO Max, -1, -1
05-12 21:29:44.904  2335  2651 I AppsModelWriter: normalizeVisibleItems(visibleItems)> 0, 278, 0, -102, 3, 13, UserHandle{0}, 0, Apple TV, -1, -1
05-12 21:29:44.904  2335  2651 I AppsModelWriter: normalizeVisibleItems(visibleItems)> 0, 294, 0, -102, 3, 14, UserHandle{0}, 0, Expo Go, -1, -1
05-12 21:29:44.904  2335  2651 I AppsModelWriter: normalizeVisibleItems(visibleItems)> 0, 183, 0, -102, 3, 15, UserHandle{0}, 0, Kindle, -1, -1
05-12 21:29:44.904  2335  2651 I AppsModelWriter: normalizeVisibleItems(visibleItems)> 0, 304, 0, -102, 3, 16, UserHandle{0}, 0, Libby, -1, -1
05-12 21:29:44.904  2335  2651 I AppsModelWriter: normalizeVisibleItems(visibleItems)> 0, 277, 0, -102, 3, 17, UserHandle{0}, 0, Hoopla, -1, -1
05-12 21:29:44.904  2335  2651 I AppsModelWriter: normalizeVisibleItems(visibleItems)> 0, 307, 0, -102, 3, 18, UserHandle{0}, 0, PINES, -1, -1
05-12 21:29:44.904  2335  2651 I AppsModelWriter: normalizeVisibleItems(visibleItems)> 0, 326, 0, -102, 3, 19, UserHandle{0}, 0, Goodreads, -1, -1
05-12 21:29:44.904  2335  2651 I AppsModelWriter: normalizeVisibleItems(visibleItems)> 0, 325, 0, -102, 4, 0, UserHandle{0}, 0, Google One, -1, -1
05-12 21:29:44.904  2335  2651 I AppsModelWriter: normalizeVisibleItems(visibleItems)> 0, 329, 0, -102, 4, 1, UserHandle{0}, 0, Medium, -1, -1
05-12 21:29:44.904  2335  2651 I AppsModelWriter: normalizeVisibleItems(visibleItems)> 0, 332, 0, -102, 4, 2, UserHandle{0}, 0, VLC, -1, -1
05-12 21:29:44.904  2335  2651 I AppsModelWriter: normalizeVisibleItems(visibleItems)> 0, 344, 0, -102, 4, 3, UserHandle{0}, 0, Smart Home Manager, -1, -1
05-12 21:29:44.904  2335  2651 I AppsModelWriter: normalizeVisibleItems(visibleItems)> 0, 349, 0, -102, 4, 4, UserHandle{0}, 0, Bookends, -1, -1
05-12 21:29:44.904  2335  2651 I AppsModelWriter: removing items from db com.example.audioanalyser
05-12 21:29:44.907  2335  2651 I AppsModelWriter: updateItemsInDataBase : Invalid updateItems
05-12 21:29:44.908  2335  2651 I AppsModelWriter: deleteItems(end) : deleteItem> 0, 359, 0, -102, 4, 5, UserHandle{0}, 0, Audio Analyser, -1, -1
05-12 21:29:44.908  2335  2335 I AppsModelWriter: bindAppsItems() - visibleAddItems : 0, visibleUpdateItems : 0, removeItems : 1
05-12 21:29:44.912  1216  1744 I SearchManagerService: _updateSearchables
05-12 21:29:44.913  2335  2651 I ModelWriter: deleteItemsFromDatabase++
05-12 21:29:44.913  2335  2335 I Launcher.AppsContainerView: bindAppsUpdates() => add: 0, update: 0, remove: 1
05-12 21:29:44.913  2335  2335 I Launcher.AppsPagedView: removeItems => id: 359, rank: 5, screenId: 4, cellX: 1, cellY: 1, container: -102, dirty: false, title: Audio Analyser, isFolder: false, user: UserHandle{0}, disabled: false, screenType: 0
05-12 21:29:44.914  2335  2651 I ModelWriter: removing items from db 
05-12 21:29:44.915  2335  2651 I ModelWriter: enqueueDeleteRunnable++ : mPreparingToUndo = false
05-12 21:29:44.916  1216  1823 D NetdEventListenerService: DNS Requested by : 142, 10192
05-12 21:29:44.922  2335  2335 I MultiSelectorImpl: removeSelectedApp - id : 359
05-12 21:29:44.925  2335  2335 I CapturePreview: sendMessageForCapture
05-12 21:29:44.926  2335  2335 I Launcher.AppsPagedView: setLayout(), l: 25, r: 25, b: 69, spacing: 26
05-12 21:29:44.926  2335  2335 I Launcher.AppsPagedView: setLayout(), l: 25, r: 25, b: 69, spacing: 26
05-12 21:29:44.926  2335  2335 I Launcher.AppsPagedView: setLayout(), l: 25, r: 25, b: 69, spacing: 26
05-12 21:29:44.926  2335  2335 I Launcher.AppsPagedView: setLayout(), l: 25, r: 25, b: 69, spacing: 26
05-12 21:29:44.927  2335  2335 I Launcher.AppsPagedView: setLayout(), l: 25, r: 25, b: 69, spacing: 26
05-12 21:29:44.940  1216  3100 D CompatibilityChangeReporter: Compat change id reported: 135634846; UID 10193; state: DISABLED
05-12 21:29:44.946  1216  3100 D CompatibilityChangeReporter: Compat change id reported: 177438394; UID 10193; state: DISABLED
05-12 21:29:44.946  1216  3100 D CompatibilityChangeReporter: Compat change id reported: 135772972; UID 10193; state: DISABLED
05-12 21:29:44.946  1216  3100 D CompatibilityChangeReporter: Compat change id reported: 135754954; UID 10193; state: ENABLED
05-12 21:29:44.949  1216  1260 D CompatibilityChangeReporter: Compat change id reported: 143937733; UID 10193; state: ENABLED
05-12 21:29:44.962  1216  1823 D NetdEventListenerService: DNS Requested by : 142, 10192
05-12 21:29:44.967  1216  1823 D NetdEventListenerService: DNS Requested by : 142, 10192
05-12 21:29:44.970   824   824 D Zygote  : Forked child process 13165
05-12 21:29:44.989  1216  1258 I ActivityManager: com.android.keychain is exempt from freezer
05-12 21:29:44.989   899   899 D SurfaceFlinger: Display 0 HWC layers:
05-12 21:29:44.989   899   899 D SurfaceFlinger:      DEVICE | 0xb400007dab056e80 | 0100 | RGBx_8888    |  330.0    0.0  870.0 1200.0 |    0    0  720 1600 | Wallpaper BBQ wrapper#89
05-12 21:29:44.989   899   899 D SurfaceFlinger:      DEVICE | 0xb400007daab55180 | 0100 | RGBA_8888    |    0.0    0.0  720.0 1600.0 |    0    0  720 1600 | com.sec.android.app.launcher/com.sec[...]ivities.LauncherActivity$_2335#27952
05-12 21:29:44.989   899   899 D SurfaceFlinger:      DEVICE | 0xb400007dab054a80 | 0100 | RGBA_8888    |    0.0    0.0  720.0   45.0 |    0    0  720   45 | StatusBar$_1902#97
05-12 21:29:44.989   899   899 D SurfaceFlinger:      DEVICE | 0xb400007dab055980 | 0100 | RGBA_8888    |    0.0    0.0  720.0   90.0 |    0 1510  720 1600 | NavigationBar0$_1902#91
05-12 21:29:44.989   899   899 D SurfaceFlinger:      DEVICE | 0xb400007dab056280 | 0108 | RGBA_8888    |    0.0    0.0  720.0 1600.0 |    0    0  720 1600 | $_1902#93
05-12 21:29:44.989   899   899 D SurfaceFlinger: 
05-12 21:29:44.989  1216  1258 D CompatibilityChangeReporter: Compat change id reported: 135634846; UID 1000; state: DISABLED
05-12 21:29:44.991 13070 13159 D HttpFlagsLoader: Not loading HTTP flags because they are disabled in the manifest
05-12 21:29:44.991   899  1455 D NativeSemDvfsManager: acquire:: timeout = 2000 mIsAcquired = 1  mTagName : SurfaceFlinger 
05-12 21:29:44.996  9226  9249 I MediaCodec: setCodecState state(1), called in 6
05-12 21:29:44.997  1216  4029 V ResourceManagerHelper-JNI: JNIMediaResourceHelper::notify eventType : 3, ext1 : 0, ext2 : 0
05-12 21:29:44.998  1216  4029 V ResourceManagerHelper-JNI: notify eventType : 3, ext1 : 0, ext2 : 0
05-12 21:29:44.998  3549  3549 I SemMediaResourceHelper: onState
05-12 21:29:44.998 23032 23049 V ResourceManagerHelper-JNI: JNIMediaResourceHelper::notify eventType : 3, ext1 : 0, ext2 : 0
05-12 21:29:44.998 23032 23049 V ResourceManagerHelper-JNI: notify eventType : 3, ext1 : 0, ext2 : 0
05-12 21:29:44.999  1216  1394 I SemMediaResourceHelper: onState
05-12 21:29:45.000 23032 23202 I SemMediaResourceHelper: onState
05-12 21:29:45.000   848   910 I HYPER-HAL: [RequestManager.cpp]acquire(): Acquired ID : 1805050  [899 / 1000]    HINT : SF_GPU_MINLOCK    list : [TIMEOUT / 2000] 
05-12 21:29:45.000 23032 23202 I DrmMediaResourceHelper: onStateChanged size = 2
05-12 21:29:45.000 23032 23202 I DrmMediaResourceHelper: resource type: 2,,,isSecured :  falseIsEncoder : truegetCodecState : 1getpid : 9226
05-12 21:29:45.000 23032 23202 I DrmMediaResourceHelper: resource type: 2,,,isSecured :  falseIsEncoder : falsegetCodecState : 0getpid : 27516
05-12 21:29:45.001  1216  1258 D CompatibilityChangeReporter: Compat change id reported: 177438394; UID 1000; state: DISABLED
05-12 21:29:45.002  1216  1258 D CompatibilityChangeReporter: Compat change id reported: 135772972; UID 1000; state: DISABLED
05-12 21:29:45.002  1216  1258 D CompatibilityChangeReporter: Compat change id reported: 135754954; UID 1000; state: ENABLED
05-12 21:29:45.003   899  1455 E NativeCustomFrequencyManager: [NativeCFMS] BpCustomFrequencyManager::acquire()
05-12 21:29:45.007  1216  1258 W ActivityManager: Slow operation: 51ms so far, now at startProcess: done starting proc!
05-12 21:29:45.007   899   899 D SurfaceFlinger: Display 0 HWC layers:
05-12 21:29:45.007   899   899 D SurfaceFlinger:      DEVICE | 0xb400007dab056e80 | 0100 | RGBx_8888    |  330.0    0.0  870.0 1200.0 |    0    0  720 1600 | Wallpaper BBQ wrapper#89
05-12 21:29:45.007   899   899 D SurfaceFlinger:      DEVICE | 0xb400007daab55000 | 0100 | RGBA_8888    |    0.0    0.0  720.0 1600.0 |    0    0  720 1600 | com.sec.android.app.launcher/com.sec[...]ivities.LauncherActivity$_2335#27952
05-12 21:29:45.007   899   899 D SurfaceFlinger:      DEVICE | 0xb400007dab054a80 | 0100 | RGBA_8888    |    0.0    0.0  720.0   45.0 |    0    0  720   45 | StatusBar$_1902#97
05-12 21:29:45.007   899   899 D SurfaceFlinger:      DEVICE | 0xb400007dab055980 | 0100 | RGBA_8888    |    0.0    0.0  720.0   90.0 |    0 1510  720 1600 | NavigationBar0$_1902#91
05-12 21:29:45.007   899   899 D SurfaceFlinger:      DEVICE | 0xb400007dab056280 | 0108 | RGBA_8888    |    0.0    0.0  720.0 1600.0 |    0    0  720 1600 | $_1902#93
05-12 21:29:45.007   899   899 D SurfaceFlinger: 
05-12 21:29:45.009   359   359 I lmkd    : 1(delay), 0(swap), 0(freelimit), 0(reentrymode) memory pressure events were skipped after a kill!
05-12 21:29:45.010   359   359 I lmkd    : cached 1, sandbox(not0) 0
05-12 21:29:45.020   899   899 D SurfaceFlinger: Display 0 HWC layers:
05-12 21:29:45.020   899   899 D SurfaceFlinger:      DEVICE | 0xb400007dab056e80 | 0100 | RGBx_8888    |  330.0    0.0  870.0 1200.0 |    0    0  720 1600 | Wallpaper BBQ wrapper#89
05-12 21:29:45.020   899   899 D SurfaceFlinger:      DEVICE | 0xb400007dab282180 | 0100 | RGBA_8888    |    0.0    0.0  720.0 1600.0 |    0    0  720 1600 | com.sec.android.app.launcher/com.sec[...]ivities.LauncherActivity$_2335#27952
05-12 21:29:45.020   899   899 D SurfaceFlinger:      DEVICE | 0xb400007dab054a80 | 0100 | RGBA_8888    |    0.0    0.0  720.0   45.0 |    0    0  720   45 | StatusBar$_1902#97
05-12 21:29:45.020   899   899 D SurfaceFlinger:      DEVICE | 0xb400007dab055980 | 0100 | RGBA_8888    |    0.0    0.0  720.0   90.0 |    0 1510  720 1600 | NavigationBar0$_1902#91
05-12 21:29:45.020   899   899 D SurfaceFlinger:      DEVICE | 0xb400007dab056280 | 0108 | RGBA_8888    |    0.0    0.0  720.0 1600.0 |    0    0  720 1600 | $_1902#93
05-12 21:29:45.020   899   899 D SurfaceFlinger: 
05-12 21:29:45.031 13070 13159 D ConnectivityManager: StackLog: [android.net.ConnectivityManager.sendRequestForNetwork(ConnectivityManager.java:4740)] [android.net.ConnectivityManager.registerDefaultNetworkCallbackForUid(ConnectivityManager.java:5465)] [android.net.ConnectivityManager.registerDefaultNetworkCallback(ConnectivityManager.java:5432)] [android.net.http.internal.org.chromium.net.NetworkChangeNotifierAutoDetect$ConnectivityManagerDelegate.registerDefaultNetworkCallback(NetworkChangeNotifierAutoDetect.java:448)] [android.net.http.internal.org.chromium.net.NetworkChangeNotifierAutoDetect.register(NetworkChangeNotifierAutoDetect.java:1165)] [android.net.http.internal.org.chromium.net.NetworkChangeNotifierAutoDetect$RegistrationPolicy.register(NetworkChangeNotifierAutoDetect.java:932)] [android.net.http.internal.org.chromium.net.RegistrationPolicyAlwaysRegister.init(RegistrationPolicyAlwaysRegister.java:16)] [android.net.http.internal.org.chromium.net.NetworkChangeNotifierAutoDetect.<init>(NetworkChangeNotifierAutoDetect.java:1087)] [android.net.http.internal.org.chromium.net.NetworkChangeNotifier.setAutoDetectConnectivityStateInternal(NetworkChangeNotifier.java:223)] [android.net.http.internal.org.chromium.net.NetworkChangeNotifier.setAutoDetectConnectivityState(NetworkChangeNotifier.java:198)] [android.net.http.internal.org.chromium.net.impl.CronetLibraryLoader.initializeOnInitThread(CronetLibraryLoader.java:263)] [android.net.http.internal.org.chromium.net.impl.CronetLibraryLoader.lambda$ensureInitialized$0(CronetLibraryLoader.java:127)] [android.net.http.internal.org.chromium.net.impl.CronetLibraryLoader$$ExternalSyntheticLambda0.run(D8$$SyntheticClass:0)]
05-12 21:29:45.034  1216  1260 W ActivityManager: Slow operation: 99ms so far, now at startProcess: done updating battery stats
05-12 21:29:45.035  1216  1260 W ActivityManager: Slow operation: 99ms so far, now at startProcess: building log message
05-12 21:29:45.035  1216  1260 I ActivityManager: Start proc 13165:com.google.process.gapps/u0a193 for content provider {com.google.android.gsf/com.google.android.gsf.settings.GoogleSettingsProvider}
05-12 21:29:45.035  1216  1260 W ActivityManager: Slow operation: 99ms so far, now at startProcess: starting to update pids map
05-12 21:29:45.037  1216  1260 W ActivityManager: Slow operation: 101ms so far, now at startProcess: done updating pids map
05-12 21:29:45.037   899   899 D SurfaceFlinger: Display 0 HWC layers:
05-12 21:29:45.037   899   899 D SurfaceFlinger:      DEVICE | 0xb400007dab056e80 | 0100 | RGBx_8888    |  330.0    0.0  870.0 1200.0 |    0    0  720 1600 | Wallpaper BBQ wrapper#89
05-12 21:29:45.037   899   899 D SurfaceFlinger:      DEVICE | 0xb400007daab55180 | 0100 | RGBA_8888    |    0.0    0.0  720.0 1600.0 |    0    0  720 1600 | com.sec.android.app.launcher/com.sec[...]ivities.LauncherActivity$_2335#27952
05-12 21:29:45.037   899   899 D SurfaceFlinger:      DEVICE | 0xb400007dab054a80 | 0100 | RGBA_8888    |    0.0    0.0  720.0   45.0 |    0    0  720   45 | StatusBar$_1902#97
05-12 21:29:45.037   899   899 D SurfaceFlinger:      DEVICE | 0xb400007dab055980 | 0100 | RGBA_8888    |    0.0    0.0  720.0   90.0 |    0 1510  720 1600 | NavigationBar0$_1902#91
05-12 21:29:45.037   899   899 D SurfaceFlinger:      DEVICE | 0xb400007dab056280 | 0108 | RGBA_8888    |    0.0    0.0  720.0 1600.0 |    0    0  720 1600 | $_1902#93
05-12 21:29:45.037   899   899 D SurfaceFlinger: 
05-12 21:29:45.037  1216  1260 W ActivityManager: Slow operation: 78ms so far, now at startProcess: asking zygote to start proc
05-12 21:29:45.037 13165 13165 I e.process.gapps: Using CollectorTypeCC GC.
05-12 21:29:45.052   899   899 D SurfaceFlinger: Display 0 HWC layers:
05-12 21:29:45.052   899   899 D SurfaceFlinger:      DEVICE | 0xb400007dab056e80 | 0100 | RGBx_8888    |  330.0    0.0  870.0 1200.0 |    0    0  720 1600 | Wallpaper BBQ wrapper#89
05-12 21:29:45.052   899   899 D SurfaceFlinger:      DEVICE | 0xb400007daab55000 | 0100 | RGBA_8888    |    0.0    0.0  720.0 1600.0 |    0    0  720 1600 | com.sec.android.app.launcher/com.sec[...]ivities.LauncherActivity$_2335#27952
05-12 21:29:45.052   899   899 D SurfaceFlinger:      DEVICE | 0xb400007dab054a80 | 0100 | RGBA_8888    |    0.0    0.0  720.0   45.0 |    0    0  720   45 | StatusBar$_1902#97
05-12 21:29:45.052   899   899 D SurfaceFlinger:      DEVICE | 0xb400007dab055980 | 0100 | RGBA_8888    |    0.0    0.0  720.0   90.0 |    0 1510  720 1600 | NavigationBar0$_1902#91
05-12 21:29:45.052   899   899 D SurfaceFlinger:      DEVICE | 0xb400007dab056280 | 0108 | RGBA_8888    |    0.0    0.0  720.0 1600.0 |    0    0  720 1600 | $_1902#93
05-12 21:29:45.052   899   899 D SurfaceFlinger: 
05-12 21:29:45.056 13070 13100 I cn_CronetLibraryLoader: Cronet version: 144.0.7500.8, arch: aarch64
05-12 21:29:45.056 13165 13165 D nativeloader: Load libframework-connectivity-tiramisu-jni.so using APEX ns com_android_tethering for caller /apex/com.android.tethering/javalib/framework-connectivity-t.jar: ok
05-12 21:29:45.063 13165 13165 D ActivityThread: setConscryptValidator
05-12 21:29:45.063 13165 13165 D ActivityThread: setConscryptValidator - put
05-12 21:29:45.069   899   899 D SurfaceFlinger: Display 0 HWC layers:
05-12 21:29:45.069   899   899 D SurfaceFlinger:      DEVICE | 0xb400007dab056e80 | 0100 | RGBx_8888    |  330.0    0.0  870.0 1200.0 |    0    0  720 1600 | Wallpaper BBQ wrapper#89
05-12 21:29:45.069   899   899 D SurfaceFlinger:      DEVICE | 0xb400007dab282180 | 0100 | RGBA_8888    |    0.0    0.0  720.0 1600.0 |    0    0  720 1600 | com.sec.android.app.launcher/com.sec[...]ivities.LauncherActivity$_2335#27952
05-12 21:29:45.069   899   899 D SurfaceFlinger:      DEVICE | 0xb400007dab054a80 | 0100 | RGBA_8888    |    0.0    0.0  720.0   45.0 |    0    0  720   45 | StatusBar$_1902#97
05-12 21:29:45.069   899   899 D SurfaceFlinger:      DEVICE | 0xb400007dab055980 | 0100 | RGBA_8888    |    0.0    0.0  720.0   90.0 |    0 1510  720 1600 | NavigationBar0$_1902#91
05-12 21:29:45.069   899   899 D SurfaceFlinger:      DEVICE | 0xb400007dab056280 | 0108 | RGBA_8888    |    0.0    0.0  720.0 1600.0 |    0    0  720 1600 | $_1902#93
05-12 21:29:45.069   899   899 D SurfaceFlinger: 
05-12 21:29:45.083  1216  3618 D PackageManager: setEnabledSetting : userId = 0 packageName = com.android.vending cmp = com.google.android.finsky.systemupdateactivity.SystemUpdateActivity newState = 1 callingPackage = 10192/com.android.vending
05-12 21:29:45.086  1216  3618 D ApplicationPolicy: getApplicationStateEnabled : pkg = com.android.vending userId : 0
05-12 21:29:45.086   899   899 D SurfaceFlinger: Display 0 HWC layers:
05-12 21:29:45.086   899   899 D SurfaceFlinger:      DEVICE | 0xb400007dab056e80 | 0100 | RGBx_8888    |  330.0    0.0  870.0 1200.0 |    0    0  720 1600 | Wallpaper BBQ wrapper#89
05-12 21:29:45.086   899   899 D SurfaceFlinger:      DEVICE | 0xb400007daab55180 | 0100 | RGBA_8888    |    0.0    0.0  720.0 1600.0 |    0    0  720 1600 | com.sec.android.app.launcher/com.sec[...]ivities.LauncherActivity$_2335#27952
05-12 21:29:45.086   899   899 D SurfaceFlinger:      DEVICE | 0xb400007dab054a80 | 0100 | RGBA_8888    |    0.0    0.0  720.0   45.0 |    0    0  720   45 | StatusBar$_1902#97
05-12 21:29:45.086   899   899 D SurfaceFlinger:      DEVICE | 0xb400007dab055980 | 0100 | RGBA_8888    |    0.0    0.0  720.0   90.0 |    0 1510  720 1600 | NavigationBar0$_1902#91
05-12 21:29:45.086   899   899 D SurfaceFlinger:      DEVICE | 0xb400007dab056280 | 0108 | RGBA_8888    |    0.0    0.0  720.0 1600.0 |    0    0  720 1600 | $_1902#93
05-12 21:29:45.086   899   899 D SurfaceFlinger: 
05-12 21:29:45.087  1216  1985 I ActivityManager: DSS OFF for com.google.android.gsf
05-12 21:29:45.091  1216  3618 D ApplicationPolicy: getApplicationComponentState : pkg = com.android.vending userId : 0
05-12 21:29:45.092  1216  4029 D ConnectivityService: requestNetwork for uid/pid:10192/13070 activeRequest: null callbackRequest: 41096 [NetworkRequest [ REQUEST id=41097, [ Capabilities: INTERNET&NOT_RESTRICTED&TRUSTED&NOT_VCN_MANAGED Uid: 10192 RequestorUid: 10192 RequestorPkg: com.android.vending UnderlyingNetworks: Null] ]] callback flags: 0 order: 2147483647 isUidTracked: false declaredMethods: AVAIL|LOST|NC|LP
05-12 21:29:45.100 13070 13133 I Finsky  : [1883] SysUA: Set SystemUpdateActivity enabled state to 1
05-12 21:29:45.100   899   899 D SurfaceFlinger: Display 0 HWC layers:
05-12 21:29:45.100   899   899 D SurfaceFlinger:      DEVICE | 0xb400007dab056e80 | 0100 | RGBx_8888    |  330.0    0.0  870.0 1200.0 |    0    0  720 1600 | Wallpaper BBQ wrapper#89
05-12 21:29:45.100   899   899 D SurfaceFlinger:      DEVICE | 0xb400007daab55000 | 0100 | RGBA_8888    |    0.0    0.0  720.0 1600.0 |    0    0  720 1600 | com.sec.android.app.launcher/com.sec[...]ivities.LauncherActivity$_2335#27952
05-12 21:29:45.100   899   899 D SurfaceFlinger:      DEVICE | 0xb400007dab054a80 | 0100 | RGBA_8888    |    0.0    0.0  720.0   45.0 |    0    0  720   45 | StatusBar$_1902#97
05-12 21:29:45.100   899   899 D SurfaceFlinger:      DEVICE | 0xb400007dab055980 | 0100 | RGBA_8888    |    0.0    0.0  720.0   90.0 |    0 1510  720 1600 | NavigationBar0$_1902#91
05-12 21:29:45.100   899   899 D SurfaceFlinger:      DEVICE | 0xb400007dab056280 | 0108 | RGBA_8888    |    0.0    0.0  720.0 1600.0 |    0    0  720 1600 | $_1902#93
05-12 21:29:45.100   899   899 D SurfaceFlinger: 
05-12 21:29:45.103   824   824 D Zygote  : Forked child process 13184
05-12 21:29:45.103  1216  1260 W ActivityManager: Slow operation: 145ms so far, now at startProcess: returned from zygote!
05-12 21:29:45.108  1216  1730 D ConnectivityService:    accepting network in place of null for NetworkRequest [ REQUEST id=41097, [ Capabilities: INTERNET&NOT_RESTRICTED&TRUSTED&NOT_VCN_MANAGED Uid: 10192 RequestorUid: 10192 RequestorPkg: com.android.vending UnderlyingNetworks: Null] ]
05-12 21:29:45.111  1216  1260 W ActivityManager: Slow operation: 152ms so far, now at startProcess: done updating battery stats
05-12 21:29:45.112  1216  1260 W ActivityManager: Slow operation: 153ms so far, now at startProcess: building log message
05-12 21:29:45.112  1216  1260 I ActivityManager: Start proc 13184:com.android.keychain/1000 for service {com.android.keychain/com.android.keychain.KeyChainService}
05-12 21:29:45.112  1216  1260 W ActivityManager: Slow operation: 153ms so far, now at startProcess: starting to update pids map
05-12 21:29:45.112  1216  1260 W ActivityManager: Slow operation: 153ms so far, now at startProcess: done updating pids map
05-12 21:29:45.116  1216  3618 D CompatibilityChangeReporter: Compat change id reported: 161252188; UID 10208; state: DISABLED
05-12 21:29:45.118   899   899 D SurfaceFlinger: Display 0 HWC layers:
05-12 21:29:45.118   899   899 D SurfaceFlinger:      DEVICE | 0xb400007dab056e80 | 0100 | RGBx_8888    |  330.0    0.0  870.0 1200.0 |    0    0  720 1600 | Wallpaper BBQ wrapper#89
05-12 21:29:45.118   899   899 D SurfaceFlinger:      DEVICE | 0xb400007dab282180 | 0100 | RGBA_8888    |    0.0    0.0  720.0 1600.0 |    0    0  720 1600 | com.sec.android.app.launcher/com.sec[...]ivities.LauncherActivity$_2335#27952
05-12 21:29:45.118   899   899 D SurfaceFlinger:      DEVICE | 0xb400007dab054a80 | 0100 | RGBA_8888    |    0.0    0.0  720.0   45.0 |    0    0  720   45 | StatusBar$_1902#97
05-12 21:29:45.118   899   899 D SurfaceFlinger:      DEVICE | 0xb400007dab055980 | 0100 | RGBA_8888    |    0.0    0.0  720.0   90.0 |    0 1510  720 1600 | NavigationBar0$_1902#91
05-12 21:29:45.118   899   899 D SurfaceFlinger:      DEVICE | 0xb400007dab056280 | 0108 | RGBA_8888    |    0.0    0.0  720.0 1600.0 |    0    0  720 1600 | $_1902#93
05-12 21:29:45.118   899   899 D SurfaceFlinger: 
05-12 21:29:45.124   359   359 I lmkd    : 1(delay), 0(swap), 0(freelimit), 0(reentrymode) memory pressure events were skipped after a kill!
05-12 21:29:45.124 13070 13101 I Finsky  : [1869] VerifyApps: Setup app restrictions monitor
05-12 21:29:45.124   359   359 I lmkd    : cached 1, sandbox(not0) 0
05-12 21:29:45.125 13165 13165 D CompatibilityChangeReporter: Compat change id reported: 171979766; UID 10193; state: ENABLED
05-12 21:29:45.134   899   899 D SurfaceFlinger: Display 0 HWC layers:
05-12 21:29:45.134   899   899 D SurfaceFlinger:      DEVICE | 0xb400007dab056e80 | 0100 | RGBx_8888    |  330.0    0.0  870.0 1200.0 |    0    0  720 1600 | Wallpaper BBQ wrapper#89
05-12 21:29:45.134   899   899 D SurfaceFlinger:      DEVICE | 0xb400007daab55180 | 0100 | RGBA_8888    |    0.0    0.0  720.0 1600.0 |    0    0  720 1600 | com.sec.android.app.launcher/com.sec[...]ivities.LauncherActivity$_2335#27952
05-12 21:29:45.134   899   899 D SurfaceFlinger:      DEVICE | 0xb400007dab054a80 | 0100 | RGBA_8888    |    0.0    0.0  720.0   45.0 |    0    0  720   45 | StatusBar$_1902#97
05-12 21:29:45.134   899   899 D SurfaceFlinger:      DEVICE | 0xb400007dab055980 | 0100 | RGBA_8888    |    0.0    0.0  720.0   90.0 |    0 1510  720 1600 | NavigationBar0$_1902#91
05-12 21:29:45.134   899   899 D SurfaceFlinger:      DEVICE | 0xb400007dab056280 | 0108 | RGBA_8888    |    0.0    0.0  720.0 1600.0 |    0    0  720 1600 | $_1902#93
05-12 21:29:45.134   899   899 D SurfaceFlinger: 
05-12 21:29:45.135  1852  1852 D BoundBrokerSvc: onBind: Intent { act=com.google.android.gms.safetynet.service.START pkg=com.google.android.gms }
05-12 21:29:45.135  1852  1852 D BoundBrokerSvc: Loading bound service for intent: Intent { act=com.google.android.gms.safetynet.service.START pkg=com.google.android.gms }
05-12 21:29:45.146  1216  3618 D CompatibilityChangeReporter: Compat change id reported: 161252188; UID 10192; state: DISABLED
05-12 21:29:45.152   899   899 D SurfaceFlinger: Display 0 HWC layers:
05-12 21:29:45.152   899   899 D SurfaceFlinger:      DEVICE | 0xb400007dab056e80 | 0100 | RGBx_8888    |  330.0    0.0  870.0 1200.0 |    0    0  720 1600 | Wallpaper BBQ wrapper#89
05-12 21:29:45.152   899   899 D SurfaceFlinger:      DEVICE | 0xb400007daab55000 | 0100 | RGBA_8888    |    0.0    0.0  720.0 1600.0 |    0    0  720 1600 | com.sec.android.app.launcher/com.sec[...]ivities.LauncherActivity$_2335#27952
05-12 21:29:45.152   899   899 D SurfaceFlinger:      DEVICE | 0xb400007dab054a80 | 0100 | RGBA_8888    |    0.0    0.0  720.0   45.0 |    0    0  720   45 | StatusBar$_1902#97
05-12 21:29:45.152   899   899 D SurfaceFlinger:      DEVICE | 0xb400007dab055980 | 0100 | RGBA_8888    |    0.0    0.0  720.0   90.0 |    0 1510  720 1600 | NavigationBar0$_1902#91
05-12 21:29:45.152   899   899 D SurfaceFlinger:      DEVICE | 0xb400007dab056280 | 0108 | RGBA_8888    |    0.0    0.0  720.0 1600.0 |    0    0  720 1600 | $_1902#93
05-12 21:29:45.152   899   899 D SurfaceFlinger: 
05-12 21:29:45.157  1216  1709 D WifiNetworkFactory: got request NetworkRequest [ REQUEST id=41097, [ Capabilities: INTERNET&NOT_RESTRICTED&TRUSTED&NOT_VCN_MANAGED Uid: 10192 RequestorUid: 10192 RequestorPkg: com.android.vending UnderlyingNetworks: Null] ]
05-12 21:29:45.164  1216  1709 D UntrustedWifiNetworkFactory: got request NetworkRequest [ REQUEST id=41097, [ Capabilities: INTERNET&NOT_RESTRICTED&TRUSTED&NOT_VCN_MANAGED Uid: 10192 RequestorUid: 10192 RequestorPkg: com.android.vending UnderlyingNetworks: Null] ]
05-12 21:29:45.165  1216  1709 D OemPaidWifiNetworkFactory: got request NetworkRequest [ REQUEST id=41097, [ Capabilities: INTERNET&NOT_RESTRICTED&TRUSTED&NOT_VCN_MANAGED Uid: 10192 RequestorUid: 10192 RequestorPkg: com.android.vending UnderlyingNetworks: Null] ]
05-12 21:29:45.165  1216  1709 D MultiInternetWifiNetworkFactory: got request NetworkRequest [ REQUEST id=41097, [ Capabilities: INTERNET&NOT_RESTRICTED&TRUSTED&NOT_VCN_MANAGED Uid: 10192 RequestorUid: 10192 RequestorPkg: com.android.vending UnderlyingNetworks: Null] ]
05-12 21:29:45.168   899   899 D SurfaceFlinger: Display 0 HWC layers:
05-12 21:29:45.168   899   899 D SurfaceFlinger:      DEVICE | 0xb400007dab056e80 | 0100 | RGBx_8888    |  330.0    0.0  870.0 1200.0 |    0    0  720 1600 | Wallpaper BBQ wrapper#89
05-12 21:29:45.168   899   899 D SurfaceFlinger:      DEVICE | 0xb400007dab282180 | 0100 | RGBA_8888    |    0.0    0.0  720.0 1600.0 |    0    0  720 1600 | com.sec.android.app.launcher/com.sec[...]ivities.LauncherActivity$_2335#27952
