05-12 21:28:06.074  1216  3608 I WindowManager: Cancelling animation restarting=true, leash=Surface(name=Surface(name=164c1a4 NavigationBar0)/@0xccfb9d1 - animation-leash of insets_animation)/@0xa6f143b
05-12 21:28:06.074  1216  3608 I WindowManager: Reparenting to original parent: Surface(name=WindowToken{e7d9837 type=2019 android.os.BinderProxy@973a2d1})/@0x7b5fc36, destroy=false, surface=Surface(name=164c1a4 NavigationBar0)/@0xccfb9d1
05-12 21:28:06.075  1216  3608 I WindowManager: Reparenting to leash, surface=Surface(name=164c1a4 NavigationBar0)/@0xccfb9d1, leashParent=Surface(name=WindowToken{e7d9837 type=2019 android.os.BinderProxy@973a2d1})/@0x7b5fc36
05-12 21:28:06.075   899  1452 I SurfaceFlinger: id=27918 createSurf flag=24000, Surface(name=164c1a4 NavigationBar0)/@0xccfb9d1 - animation-leash of insets_animation#27918
05-12 21:28:06.075  1216  3608 D WindowManager: makeSurface duration=1 leash=Surface(name=Surface(name=164c1a4 NavigationBar0)/@0xccfb9d1 - animation-leash of insets_animation)/@0xd21b3d7
05-12 21:28:06.076  1216  3608 D WindowManager: updateSystemBarAttributes: displayId=0, win=Window{7abd475 u0 com.sirma.mobile.bible.android/youversion.bible.app.MainActivity}, navColorWin=null, focusedCanBeNavColorWin=false, behavior=1, appearance=0, statusBarAppearanceRegions=[], requestedVisibilities=, from=com.android.server.wm.DisplayPolicy.focusChangedLw:3247 com.android.server.wm.DisplayContent.updateFocusedWindowLocked:4632 com.android.server.wm.RootWindowContainer.updateFocusedWindowLocked:595 
05-12 21:28:06.077  1216  3608 D StatusBarManagerService: notifyRequestedSystemKey recent=false home=false
05-12 21:28:06.079  1216  3608 V WindowManager: Relayout hash=7abd475, pid=3121, syncId=-1: mAttrs={(0,0)(fillxfill) sim={adjust=resize forwardNavigation} ty=BASE_APPLICATION fmt=TRANSLUCENT wanim=0x1030001
05-12 21:28:06.079  1216  3608 V WindowManager:   fl=81810180
05-12 21:28:06.079  1216  3608 V WindowManager:   pfl=16020040
05-12 21:28:06.079  1216  3608 V WindowManager:   vsysui=700
05-12 21:28:06.079  1216  3608 V WindowManager:   bhv=DEFAULT
05-12 21:28:06.079  1216  3608 V WindowManager:   fitSides= naviIconColor=0}
05-12 21:28:06.079  1902  1902 D SamsungLightBarControlHelper: onStatusBarAppearanceChanged() -  sbModeChanged:false, statusBarMode:MODE_TRANSPARENT, barState:SHADE, isKeyguardShowing:false, navbarColorManagedByIme:false, stackAppearancesChanged:true, (), packageName:com.sirma.mobile.bible.android
05-12 21:28:06.081  3121  3129 I e.bible.android: Background concurrent copying GC freed 3809KB AllocSpace bytes, 9(1252KB) LOS objects, 49% free, 9955KB/19MB, paused 2.431ms,2.327ms total 174.186ms
05-12 21:28:06.085   899   899 D SurfaceFlinger: Display 0 HWC layers:
05-12 21:28:06.085   899   899 D SurfaceFlinger:      DEVICE | 0xb400007dab054a80 | 0100 | RGBA_8888    |    0.0    0.0  720.0   45.0 |    0    0  720   45 | StatusBar$_1902#97
05-12 21:28:06.085   899   899 D SurfaceFlinger:      DEVICE | 0xb400007dab054c00 | 0100 | RGBA_8888    |    0.0    0.0  720.0   90.0 |    0 1510  720 1600 | NavigationBar0$_1902#91
05-12 21:28:06.085   899   899 D SurfaceFlinger:      DEVICE | 0xb400007dab056280 | 0108 | RGBA_8888    |    0.0    0.0  720.0 1600.0 |    0    0  720 1600 | $_1902#93
05-12 21:28:06.085   899   899 D SurfaceFlinger: 
05-12 21:28:06.085  3121  3235 I Braze v40.0.2 .d: Event was published, but no subscribers were found. Saving event for later publishing to a matching subscriber. Event class: class com.braze.events.internal.d0 this com.braze.events.d@2c722a3
05-12 21:28:06.086  3121  3235 I Braze v40.0.2 .d: Event was published, but no subscribers were found. Saving event for later publishing to a matching subscriber. Event class: class com.braze.events.SessionStateChangedEvent this com.braze.events.d@3855959
05-12 21:28:06.098   899   899 I Layer   : id=27910 removeFromCurrentState Surface(name=36f295d StatusBar)/@0x965b2a0 - animation-leash of insets_animation#27910 (121)
05-12 21:28:06.099   899   899 I Layer   : id=27911 removeFromCurrentState Surface(name=164c1a4 NavigationBar0)/@0xccfb9d1 - animation-leash of insets_animation#27911 (121)
05-12 21:28:06.099   899   899 D SurfaceFlinger: [input] inputWindowCommands.focusRequests size is 1
05-12 21:28:06.099   899   899 I SurfaceFlinger: id=27910 Removed Surface(name=36f295d StatusBar)/@0x965b2a0 - animation-leash of insets_animation#27910 (121)
05-12 21:28:06.099   899   899 I SurfaceFlinger: id=27911 Removed Surface(name=164c1a4 NavigationBar0)/@0xccfb9d1 - animation-leash of insets_animation#27911 (121)
05-12 21:28:06.099   899   899 I Layer   : id=27910 Destroyed Surface(name=36f295d StatusBar)/@0x965b2a0 - animation-leash of insets_animation#27910
05-12 21:28:06.100   899   899 I Layer   : id=27911 Destroyed Surface(name=164c1a4 NavigationBar0)/@0xccfb9d1 - animation-leash of insets_animation#27911
05-12 21:28:06.101   899  1055 D SurfaceFlinger: [input] setFocusedWindow: 7abd475 com.sirma.mobile.bible.android/youversion.bible.app.MainActivity
05-12 21:28:06.102  1216  2970 D InputDispatcher: Focus request (0): 7abd475 com.sirma.mobile.bible.android/youversion.bible.app.MainActivity but waiting because NOT_VISIBLE
05-12 21:28:06.108   899   899 D SurfaceFlinger: Display 0 HWC layers:
05-12 21:28:06.108   899   899 D SurfaceFlinger:      DEVICE | 0xb400007dab054a80 | 0100 | RGBA_8888    |    0.0    0.0  720.0   45.0 |    0    0  720   45 | StatusBar$_1902#97
05-12 21:28:06.108   899   899 D SurfaceFlinger:      DEVICE | 0xb400007dab054c00 | 0100 | RGBA_8888    |    0.0    0.0  720.0   90.0 |    0 1510  720 1600 | NavigationBar0$_1902#91
05-12 21:28:06.108   899   899 D SurfaceFlinger:      DEVICE | 0xb400007dab056280 | 0108 | RGBA_8888    |    0.0    0.0  720.0 1600.0 |    0    0  720 1600 | $_1902#93
05-12 21:28:06.108   899   899 D SurfaceFlinger: 
05-12 21:28:06.136  1216  2201 D MdnieScenarioControlService:  packageName : com.sirma.mobile.bible.android    className : youversion.bible.app.MainActivity
05-12 21:28:06.136  1216  2201 V MdnieScenarioControlService: setUIMode from UI function(3)
05-12 21:28:06.208   853   853 E sehhealth-service: Could not open /sys/class/power_supply/battery/lrp
05-12 21:28:06.237  1216  2201 V MdnieScenarioControlService: mAclOffEnabled : false mAclPreviewState : false mAclCompensationState : false
05-12 21:28:06.241  1216  2370 D BatteryService: Sending ACTION_BATTERY_CHANGED: level:100, status:5, health:2, ac:false, usb:true, wireless:false, pogo:false, misc:0x10000, charge_type:1, charger_type:0, voltage:4294, temperature:399, online:19, current_avg:391, ps:false, hvc:false, capacity:280000, current_event:0x8000, current_now:395, mcc:0, mcv:0, cc:5000000, present:true, scale:100, technology:Li-ion
05-12 21:28:06.241  1216  1299 W Looper  : Slow dispatch took 176ms pm.handler2 h=android.os.Handler c=com.android.server.pm.Settings$RuntimePermissionPersistence$$ExternalSyntheticLambda0@ca63a2d m=0
05-12 21:28:06.250  1216  2526 D ActivityManagerPerformance: AMP_release() ACT_RESUME
05-12 21:28:06.251   848   910 I HYPER-HAL: [RequestManager.cpp]releaseLocked(): Released ID : 780658
05-12 21:28:06.268  1216  1302 W PackageSettings: Skipping PackageSetting{8011a13 com.sec.android.emergencymode.service.en/10393} due to missing metadata
05-12 21:28:06.271  1216  1302 W PackageSettings: Skipping PackageSetting{c1c1450 com.samsung.android.privacydashboard.en/10400} due to missing metadata
05-12 21:28:06.272  1216  1302 W PackageSettings: Skipping PackageSetting{c053649 com.sec.android.app.myfiles.en/10406} due to missing metadata
05-12 21:28:06.283  1216  1302 W PackageSettings: Skipping PackageSetting{a388b4e com.samsung.android.messaging.en/10464} due to missing metadata
05-12 21:28:06.285  1216  1302 W PackageSettings: Skipping PackageSetting{d9446f com.samsung.android.aware.service.en/10403} due to missing metadata
05-12 21:28:06.287  1216  1302 W PackageSettings: Skipping PackageSetting{c36257c com.android.settings.en/10404} due to missing metadata
05-12 21:28:06.343   413  8588 I keystore2: keystore2::maintenance: clear_namespace : Domain(0), 10558
05-12 21:28:06.347  1216  1239 W system_server: Long monitor contention with owner PackageManager (1302) at void com.android.server.pm.permission.LegacyPermissionSettings.writePermissionTrees(android.util.TypedXmlSerializer)(LegacyPermissionSettings.java:150) waiters=0 in void com.android.server.pm.PackageManagerService$PackageManagerInternalImpl.notifyPackageUse(java.lang.String, int) for 272ms
05-12 21:28:06.350  1216  3608 W system_server: Long monitor contention with owner android.fg (1247) at com.android.server.pm.Computer com.android.server.pm.PackageManagerService.snapshotComputer()(PackageManagerService.java:1366) waiters=1 in com.android.server.pm.Computer com.android.server.pm.PackageManagerService.snapshotComputer() for 270ms
05-12 21:28:06.352  3121  3121 I ViewRootImpl@28fe587[MainActivity]: updateBlastSurfaceIfNeeded mBlastBufferQueue=null isSameSurfaceControl=false
05-12 21:28:06.354  3121  3121 I BLASTBufferQueue: new BLASTBufferQueue, mName= ViewRootImpl@28fe587[MainActivity] mNativeObject= 0xb400007a7d1c2200 sc.mNativeObject= 0xb400007ca5f944e0 caller= android.view.ViewRootImpl.updateBlastSurfaceIfNeeded:2909 android.view.ViewRootImpl.relayoutWindow:9847 android.view.ViewRootImpl.performTraversals:3884 android.view.ViewRootImpl.doTraversal:3116 android.view.ViewRootImpl$TraversalRunnable.run:10885 android.view.Choreographer$CallbackRecord.run:1301 android.view.Choreographer$CallbackRecord.run:1309 android.view.Choreographer.doCallbacks:923 android.view.Choreographer.doFrame:852 android.view.Choreographer$FrameDisplayEventReceiver.run:1283 
05-12 21:28:06.354  3121  3121 I BLASTBufferQueue: update, w= 720 h= 1600 mName = ViewRootImpl@28fe587[MainActivity] mNativeObject= 0xb400007a7d1c2200 sc.mNativeObject= 0xb400007ca5f944e0 format= -3 caller= android.graphics.BLASTBufferQueue.<init>:84 android.view.ViewRootImpl.updateBlastSurfaceIfNeeded:2909 android.view.ViewRootImpl.relayoutWindow:9847 android.view.ViewRootImpl.performTraversals:3884 android.view.ViewRootImpl.doTraversal:3116 android.view.ViewRootImpl$TraversalRunnable.run:10885 
05-12 21:28:06.355  3121  3121 I ViewRootImpl@28fe587[MainActivity]: Relayout returned: old=(0,0,720,1600) new=(0,0,720,1600) req=(720,1600)0 dur=290 res=0x3 s={true 0xb400007adcef9800} ch=true seqId=0
05-12 21:28:06.356  1216  1823 D NetdEventListenerService: DNS Requested by : 142, 10278
05-12 21:28:06.357  3121  3121 I ViewRootImpl@28fe587[MainActivity]: mThreadedRenderer.initialize() mSurface={isValid=true 0xb400007adcef9800} hwInitialized=true
05-12 21:28:06.357  3121  3121 I SurfaceView@7c99a24: Changes: creating=false format=false size=false visible=false alpha=false hint=false mUseAlpha=false visible=false left=false top=false
05-12 21:28:06.358  3121  3176 D OpenGLRenderer: eglCreateWindowSurface
05-12 21:28:06.358  3121  3121 I SurfaceView@7c99a24: windowStopped(false) true io.flutter.embedding.android.FlutterSurfaceView{7c99a24 V.E...... ......ID 0,0-720,1600} of ViewRootImpl@28fe587[MainActivity]
05-12 21:28:06.358  3121  3121 I SurfaceView@7c99a24: Changes: creating=true format=false size=false visible=true alpha=false hint=false mUseAlpha=false visible=true left=false top=false
05-12 21:28:06.358   413 10822 I keystore2: keystore2::legacy_blob: In list_keystore_entries_for_uid: 0
05-12 21:28:06.358   899  1078 I SurfaceFlinger: id=27919 createSurf flag=20004, Bounds for - com.sirma.mobile.bible.android/youversion.bible.app.MainActivity@5#27919
05-12 21:28:06.360   899  1078 I SurfaceFlinger: id=27920 createSurf flag=80004, SurfaceView[com.sirma.mobile.bible.android/youversion.bible.app.MainActivity]@0#27920
05-12 21:28:06.360   899  1077 I SurfaceFlinger: id=27921 createSurf flag=40400, SurfaceView[com.sirma.mobile.bible.android/youversion.bible.app.MainActivity]@0(BLAST)#27921
05-12 21:28:06.361   899  1452 I SurfaceFlinger: id=27922 createSurf flag=20404, Background for SurfaceView[com.sirma.mobile.bible.android/youversion.bible.app.MainActivity]@0#27922
05-12 21:28:06.362  3121  3121 I BLASTBufferQueue: update, w= 720 h= 1600 mName = null mNativeObject= 0xb400007a7d1c2b00 sc.mNativeObject= 0xb400007ca5f95fc0 format= 4 caller= android.view.SurfaceView.createBlastSurfaceControls:1383 android.view.SurfaceView.updateSurface:1079 android.view.SurfaceView.setWindowStopped:335 android.view.SurfaceView.surfaceCreated:1853 android.view.ViewRootImpl.notifySurfaceCreated:2820 android.view.ViewRootImpl.performTraversals:4293 
05-12 21:28:06.362  3121  3121 I SurfaceView@7c99a24: 130652708 Cur surface: Surface(name=null)/@0xfdd5272
05-12 21:28:06.362  3121  3121 I SurfaceView@7c99a24: pST: sr = Rect(0, 0 - 720, 1600) sw = 720 sh = 1600
05-12 21:28:06.362  3121  3121 D SurfaceView@7c99a24: performSurfaceTransaction RenderWorker position = [0, 0, 720, 1600] surfaceSize = 720x1600
05-12 21:28:06.363  3121  3121 I SurfaceView@7c99a24: applyTransactionOnVriDraw: vri = ViewRootImpl@28fe587[MainActivity] fRS = false t = 0xb400007cb56f2200 android.view.SurfaceView.performSurfaceTransaction:959 android.view.SurfaceView.updateSurface:1105 android.view.SurfaceView.setWindowStopped:335 
05-12 21:28:06.363  3121  3121 I ViewRootImpl@28fe587[MainActivity]: applyTransactionOnDraw: mRemoved = false isHardwareEnabled = true t = 0xb400007cb56f2200android.view.SurfaceView.applyTransactionOnVriDraw:2048 android.view.SurfaceView.performSurfaceTransaction:959 android.view.SurfaceView.updateSurface:1105 android.view.SurfaceView.setWindowStopped:335 android.view.SurfaceView.surfaceCreated:1853 
05-12 21:28:06.363  3121  3121 I SurfaceView@7c99a24: updateSurface: mVisible = true mSurface.isValid() = true
05-12 21:28:06.363  3121  3121 I SurfaceView@7c99a24: updateSurface: mSurfaceCreated = false surfaceChanged = true visibleChanged = true
05-12 21:28:06.363  3121  3121 I SurfaceView@7c99a24: visibleChanged -- surfaceCreated
05-12 21:28:06.363  3121  3121 I SurfaceView@7c99a24: surfaceCreated 1 #1 io.flutter.embedding.android.FlutterSurfaceView{7c99a24 V.E...... ......ID 0,0-720,1600}
05-12 21:28:06.364  1216  1247 W Looper  : Slow dispatch took 318ms android.fg h=android.os.Handler c=<recycled PooledLambda@55ae61> m=0
05-12 21:28:06.370   899   899 D SurfaceFlinger: Display 0 HWC layers:
05-12 21:28:06.370   899   899 D SurfaceFlinger:      DEVICE | 0xb400007dab054a80 | 0100 | RGBA_8888    |    0.0    0.0  720.0   45.0 |    0    0  720   45 | StatusBar$_1902#97
05-12 21:28:06.370   899   899 D SurfaceFlinger:      DEVICE | 0xb400007dab054c00 | 0100 | RGBA_8888    |    0.0    0.0  720.0   90.0 |    0 1510  720 1600 | NavigationBar0$_1902#91
05-12 21:28:06.370   899   899 D SurfaceFlinger:      DEVICE | 0xb400007dab056280 | 0108 | RGBA_8888    |    0.0    0.0  720.0 1600.0 |    0    0  720 1600 | $_1902#93
05-12 21:28:06.370   899   899 D SurfaceFlinger: 
05-12 21:28:06.373  1902  1902 D KeyguardUpdateMonitor: received broadcast android.intent.action.BATTERY_CHANGED
05-12 21:28:06.374  1887  1887 D SemBigDataInfoController: Intent: android.intent.action.BATTERY_CHANGED
05-12 21:28:06.375  1887  1887 D SemBigDataInfoController: Intent: android.intent.action.BATTERY_CHANGED
05-12 21:28:06.368  1216  1216 W Looper  : Slow dispatch took 127ms main h=android.os.Handler c=com.android.server.BatteryService$$ExternalSyntheticLambda0@d48f647 m=0
05-12 21:28:06.376  1216  1396 D MotionRecognitionService: [SAR]  onReceive : ACTION_BATTERY_CHANGED, Plugged: 2
05-12 21:28:06.377  1216  1820 I DeviceBatteryInfoService: action: android.intent.action.BATTERY_CHANGED
05-12 21:28:06.378  1216  1820 I DeviceBatteryInfoService: phone battery level: 100
05-12 21:28:06.378  1216  1820 I DeviceBatteryInfoService: phone battery status: 5
05-12 21:28:06.378  1216  1216 D PhoneWindowManagerExt: ACTION_BATTERY_CHANGED - Level=100, status=5
05-12 21:28:06.381  1216  1239 D CompatibilityChangeReporter: Compat change id reported: 161145287; UID 10193; state: DISABLED
05-12 21:28:06.383  3549  3549 I SDHMS:BatteryStatsDBProvider: BarTender DB Provider Call Start
05-12 21:28:06.384  1902  1902 D SamsungBatteryMeterDrawable: onBatteryLevelChanged isSomethingChanged: false
05-12 21:28:06.384  1902  1902 D SamsungBatteryMeterDrawable: onBatteryLevelChanged isSomethingChanged: false
05-12 21:28:06.385  1902  1902 D SamsungBatteryMeterDrawable: onBatteryLevelChanged isSomethingChanged: false
05-12 21:28:06.385  1902  1902 D SamsungBatteryMeterDrawable: onBatteryLevelChanged isSomethingChanged: false
05-12 21:28:06.387  1902  1902 I PowerUI : mBootCompleted = true |  mFullyConnected = true
05-12 21:28:06.387  1216  1216 D SemWifiApBroadcastReceiver: Received : android.intent.action.BATTERY_CHANGED
05-12 21:28:06.387  1902  1902 I PowerUI : BATTERY_HEALTH_CHECK extraHealth=2 mBatteryMiscEvent=65536
05-12 21:28:06.390  1216  2970 E JavaBinder: *** Uncaught remote exception!  (Exceptions are not yet supported across processes.)
05-12 21:28:06.390  1216  2970 E JavaBinder: java.lang.RuntimeException: android.os.RemoteException: No packages for uid
05-12 21:28:06.390  1216  2970 E JavaBinder: 	at android.os.Parcel.writeException(Parcel.java:2808)
05-12 21:28:06.390  1216  2970 E JavaBinder: 	at android.os.Binder.execTransactInternal(Binder.java:1340)
05-12 21:28:06.390  1216  2970 E JavaBinder: 	at android.os.Binder.execTransact(Binder.java:1280)
05-12 21:28:06.390  1216  2970 E JavaBinder: Caused by: android.os.RemoteException: No packages for uid
05-12 21:28:06.390  1216  2970 E JavaBinder: 	at com.android.server.security.KeyAttestationApplicationIdProviderService.getKeyAttestationApplicationId(KeyAttestationApplicationIdProviderService.java:59)
05-12 21:28:06.390  1216  2970 E JavaBinder: 	at android.security.keymaster.IKeyAttestationApplicationIdProvider$Stub.onTransact(IKeyAttestationApplicationIdProvider.java:94)
05-12 21:28:06.390  1216  2970 E JavaBinder: 	at android.os.Binder.execTransactInternal(Binder.java:1321)
05-12 21:28:06.390  1216  2970 E JavaBinder: 	... 1 more
05-12 21:28:06.390  1902  1902 W PowerUI : Plug reason
05-12 21:28:06.390  1902  1902 W PowerUI : Skip charging animation - by plug status
05-12 21:28:06.390  1902  1902 D PowerUI : priorPlugType = 2 mPlugType = 2 priorBatteryStatus = 5 mBatteryStatus = 5
05-12 21:28:06.390  1902  1902 W PowerUI : Plug reason
05-12 21:28:06.390  1902  1902 W PowerUI : Skip charging sound - by plug status
05-12 21:28:06.390  1902  1902 I PowerUI : oldMisalign : false, curMisalign : false
05-12 21:28:06.391   413 10822 W keystore_att_id: get_package_name : 10558, status is Status(-129, EX_TRANSACTION_FAILED): 'UNKNOWN_TRANSACTION: ', exception=-129
05-12 21:28:06.391   413 10822 D keystore_att_id: mpm == null
05-12 21:28:06.392  3121  3235 I Braze v40.0.2 .q: Completed the openSession call. Starting or continuing session f4c9173e-1be0-4166-9fdd-878adcdddfbc
05-12 21:28:06.392  1902  1902 D SecPowerUI.Notification: dismissSlowByChargerConnectionInfoPopUp()
05-12 21:28:06.392  1902  1902 D SecPowerUI.Notification: dismissChargingNotification()
05-12 21:28:06.393  1902  1902 D SecPowerUI.Notification: SecBatteryStatsSnapshot{batteryLevel=100, currentBatteryMode=0, chargingTime=0, chargingType=0, batteryHealth=2, automaticTestMode=false, isHiccupState=false}
05-12 21:28:06.393  1902 16847 D SecPowerUI.Notification: dismissing low battery warning: level=100
05-12 21:28:06.393  1902 16847 D SecPowerUI.Notification: updateNotification mWarning=false mPlaySound=false
05-12 21:28:06.393  1902 16847 D SecPowerUI.Notification: SecBatteryStatsSnapshot{batteryLevel=100, currentBatteryMode=0, chargingTime=0, chargingType=0, batteryHealth=2, automaticTestMode=false, isHiccupState=false}
05-12 21:28:06.393  1216  2970 E JavaBinder: *** Uncaught remote exception!  (Exceptions are not yet supported across processes.)
05-12 21:28:06.393  1216  2970 E JavaBinder: java.lang.RuntimeException: android.os.RemoteException: No packages for uid
05-12 21:28:06.393  1216  2970 E JavaBinder: 	at android.os.Parcel.writeException(Parcel.java:2808)
05-12 21:28:06.393  1216  2970 E JavaBinder: 	at android.os.Binder.execTransactInternal(Binder.java:1340)
05-12 21:28:06.393  1216  2970 E JavaBinder: 	at android.os.Binder.execTransact(Binder.java:1280)
05-12 21:28:06.393  1216  2970 E JavaBinder: Caused by: android.os.RemoteException: No packages for uid
05-12 21:28:06.393  1216  2970 E JavaBinder: 	at com.android.server.security.KeyAttestationApplicationIdProviderService.getKeyAttestationApplicationId(KeyAttestationApplicationIdProviderService.java:59)
05-12 21:28:06.393  1216  2970 E JavaBinder: 	at android.security.keymaster.IKeyAttestationApplicationIdProvider$Stub.onTransact(IKeyAttestationApplicationIdProvider.java:94)
05-12 21:28:06.393  1216  2970 E JavaBinder: 	at android.os.Binder.execTransactInternal(Binder.java:1321)
05-12 21:28:06.393  1216  2970 E JavaBinder: 	... 1 more
05-12 21:28:06.394   413 10822 W keystore_att_id: package manager request for key attestation ID failed with:  -129
05-12 21:28:06.394   413 10822 I keystore2: keystore2::legacy_blob: In list_knox_entries_for_uid: 0
05-12 21:28:06.397  1902  1902 D PowerUI : Battery swelling mode - priorBatterySwellingMode = 0 mBatterySwellingMode = 0 mBatteryStatus = 5
05-12 21:28:06.397  3121  3121 I SurfaceView@7c99a24: surfaceChanged -- format=4 w=720 h=1600
05-12 21:28:06.397  3121  3121 I SurfaceView@7c99a24: surfaceChanged (720,1600) 1 #1 io.flutter.embedding.android.FlutterSurfaceView{7c99a24 V.E...... ......ID 0,0-720,1600}
05-12 21:28:06.397  1902 16847 D SecPowerUI.Notification: 1. restoreScreenTimeOut - saved_value : :
05-12 21:28:06.397  1902  1902 I PowerUI : mBatteryMiscEvent = 65536
05-12 21:28:06.397  1902 16847 E SecPowerUI.Notification: no saved value, so we do nothing !!
05-12 21:28:06.397  3121  3121 I SurfaceView@7c99a24: surfaceRedrawNeeded
05-12 21:28:06.398  3121  3121 V SurfaceView@7c99a24: Layout: x=0 y=0 w=720 h=1600, frame=Rect(0, 0 - 720, 1600)
05-12 21:28:06.398  3121  3121 I ViewRootImpl@28fe587[MainActivity]: reportNextDraw android.view.ViewRootImpl.performTraversals:4438 android.view.ViewRootImpl.doTraversal:3116 android.view.ViewRootImpl$TraversalRunnable.run:10885 android.view.Choreographer$CallbackRecord.run:1301 android.view.Choreographer$CallbackRecord.run:1309 
05-12 21:28:06.398  3121  3121 I ViewRootImpl@28fe587[MainActivity]: Setup new sync id=5
05-12 21:28:06.398  3121  3121 I ViewRootImpl@28fe587[MainActivity]: Setting syncFrameCallback
05-12 21:28:06.398  3121  3121 I ViewRootImpl@28fe587[MainActivity]: registerCallbacksForSync syncBuffer=false
05-12 21:28:06.399  1902  1902 D KeyguardUpdateMonitor: handleBatteryUpdate
05-12 21:28:06.400  3121  3476 D SurfaceView@7c99a24: updateSurfacePosition RenderWorker, frameNr = 1, position = [0, 0, 720, 1600] surfaceSize = 720x1600
05-12 21:28:06.400  3121  3476 I SurfaceView@7c99a24: uSP: rtp = Rect(0, 0 - 720, 1600) rtsw = 720 rtsh = 1600
05-12 21:28:06.400  3121  3476 I SurfaceView@7c99a24: onSSPAndSRT: pl = 0 pt = 0 sx = 1.0 sy = 1.0
05-12 21:28:06.404  1902  1902 I AODBatteryManager: updateBatteryData: ACTION_BATTERY_CHANGED
05-12 21:28:06.404  1902  1902 I AODBatteryManager: getChargeEstimateTime: not charging
05-12 21:28:06.404  1902  1902 I AODBatteryManager: saveBatteryData : AOD BatteryData [mBatteryLevel=100, mBatteryStatus=FULL, mBatteryPlugType=USB, mBatteryPlugged=true, mRemainingChargeTime=0, mBatteryChargingType=0, mBatteryChargerType=NORMAL, mBatteryOnline=NOT_DEFINED, mBatterySwellingMode=NONE, mBatteryProtectMode=false]
05-12 21:28:06.407  3121  3476 I SurfaceView@7c99a24: aOrMT: ViewRootImpl@28fe587[MainActivity] t = android.view.SurfaceControl$Transaction@ca19700 fN = 1 android.view.SurfaceView.-$$Nest$mapplyOrMergeTransaction:0 android.view.SurfaceView$SurfaceViewPositionUpdateListener.positionChanged:1537 android.graphics.RenderNode$CompositePositionUpdateListener.positionChanged:373 
05-12 21:28:06.408  3121  3476 I ViewRootImpl@28fe587[MainActivity]: mWNT: t=0xb400007cb56f2400 mBlastBufferQueue=0xb400007a7d1c2200 fn= 1 caller= android.view.SurfaceView.applyOrMergeTransaction:1455 android.view.SurfaceView.-$$Nest$mapplyOrMergeTransaction:0 android.view.SurfaceView$SurfaceViewPositionUpdateListener.positionChanged:1537 
05-12 21:28:06.408  3121  3476 I ViewRootImpl@28fe587[MainActivity]: mWNT: t=0xb400007c261a3e00 mBlastBufferQueue=0xb400007a7d1c2200 fn= 1 caller= android.view.ViewRootImpl.lambda$applyTransactionOnDraw$11$android-view-ViewRootImpl:12865 android.view.ViewRootImpl$$ExternalSyntheticLambda1.onFrameDraw:4 android.graphics.HardwareRenderer$FrameDrawingCallback.onFrameDraw:924 
05-12 21:28:06.408  3121  3476 I ViewRootImpl@28fe587[MainActivity]: mWNT: t=0xb400007cb56f2200 mBlastBufferQueue=0xb400007a7d1c2200 fn= 1 caller= android.view.ViewRootImpl.lambda$applyTransactionOnDraw$11$android-view-ViewRootImpl:12865 android.view.ViewRootImpl$$ExternalSyntheticLambda1.onFrameDraw:4 android.graphics.HardwareRenderer$FrameDrawingCallback.onFrameDraw:924 
05-12 21:28:06.409  3121  3476 I ViewRootImpl@28fe587[MainActivity]: Received frameDrawingCallback syncResult=0 frameNum=1.
05-12 21:28:06.409  3121  3476 I ViewRootImpl@28fe587[MainActivity]: Setting up sync and frameCommitCallback
05-12 21:28:06.410  3121  3176 I BLASTBufferQueue: [ViewRootImpl@28fe587[MainActivity]#10](f:0,a:0) onFrameAvailable the first frame is available
05-12 21:28:06.412  3121  3176 I ViewRootImpl@28fe587[MainActivity]: Received frameCommittedCallback lastAttemptedDrawFrameNum=1 didProduceBuffer=true
05-12 21:28:06.423   899   899 D SurfaceFlinger: Display 0 HWC layers:
05-12 21:28:06.423   899   899 D SurfaceFlinger:      DEVICE | 0xb400007dab054a80 | 0100 | RGBA_8888    |    0.0    0.0  720.0   45.0 |    0    0  720   45 | StatusBar$_1902#97
05-12 21:28:06.423   899   899 D SurfaceFlinger:      DEVICE | 0xb400007dab054c00 | 0100 | RGBA_8888    |    0.0    0.0  720.0   90.0 |    0 1510  720 1600 | NavigationBar0$_1902#91
05-12 21:28:06.423   899   899 D SurfaceFlinger:      DEVICE | 0xb400007dab056280 | 0108 | RGBA_8888    |    0.0    0.0  720.0 1600.0 |    0    0  720 1600 | $_1902#93
05-12 21:28:06.423   899   899 D SurfaceFlinger: 
05-12 21:28:06.424   899  1452 I SurfaceFlinger: id=27884 Removed SurfaceView[com.sirma.mobile.bible.android/youversion.bible.app.MainActivity]@0#27884 (123)
05-12 21:28:06.424   899  1452 I SurfaceFlinger: id=27886 Removed Background for SurfaceView[com.sirma.mobile.bible.android/youversion.bible.app.MainActivity]@0#27886 (123)
05-12 21:28:06.431   899   899 I Layer   : id=27884 Destroyed SurfaceView[com.sirma.mobile.bible.android/youversion.bible.app.MainActivity]@0#27884
05-12 21:28:06.432   899   899 I Layer   : id=27886 Destroyed Background for SurfaceView[com.sirma.mobile.bible.android/youversion.bible.app.MainActivity]@0#27886
05-12 21:28:06.434   899   899 D SurfaceFlinger: Display 0 HWC layers:
05-12 21:28:06.434   899   899 D SurfaceFlinger:      DEVICE | 0xb400007dab054a80 | 0100 | RGBA_8888    |    0.0    0.0  720.0   45.0 |    0    0  720   45 | StatusBar$_1902#97
05-12 21:28:06.434   899   899 D SurfaceFlinger:      DEVICE | 0xb400007dab054c00 | 0100 | RGBA_8888    |    0.0    0.0  720.0   90.0 |    0 1510  720 1600 | NavigationBar0$_1902#91
05-12 21:28:06.434   899   899 D SurfaceFlinger:      DEVICE | 0xb400007dab056280 | 0108 | RGBA_8888    |    0.0    0.0  720.0 1600.0 |    0    0  720 1600 | $_1902#93
05-12 21:28:06.434   899   899 D SurfaceFlinger: 
05-12 21:28:06.471  1216  1302 D AASA_PackageManager_RESTRICTED: Uninstall : userId = 0, info.mRemovedAppId = 10558, info.uid = 10558, packageName = com.example.audioanalyser
05-12 21:28:06.676  1216  1302 D PackageManager: result of delete: 1{5415497}
05-12 21:28:06.677  1216  1302 I ActivityManager: Force stopping com.example.audioanalyser appid=10558 user=0: pkg removed
05-12 21:28:06.679  1216  1299 D PackageSettings: ++ writeStateForUserSyncLPr(0)
05-12 21:28:06.680  1216  1299 W PackageSettings: -- writeStateForUserSyncLPr(0)
05-12 21:28:06.690  3549  3549 I SDHMS:BatteryStatsDBProvider: BarTender DB Provider Call End
05-12 21:28:06.700  1216  1302 W WindowManager: Execute app transition: mNextAppTransitionRequests=[TRANSIT_OPEN], mNextAppTransitionFlags=, displayId: 0 Callers=com.android.server.wm.Task.executeAppTransition:7870 com.android.server.wm.RootWindowContainer.lambda$resumeFocusedTasksTopActivities$20:2750 com.android.server.wm.RootWindowContainer.$r8$lambda$T5O2b-2Pin2YrxYnsz1zP_DLpiQ:0 com.android.server.wm.RootWindowContainer$$ExternalSyntheticLambda17.accept:13 com.android.server.wm.Task.forAllRootTasks:4097 
05-12 21:28:06.702  1216  1302 W WindowManager: Execute app transition: mNextAppTransitionRequests=[TRANSIT_OPEN], mNextAppTransitionFlags=, displayId: 0 Callers=com.android.server.wm.Task.executeAppTransition:7870 com.android.server.wm.TaskFragment.resumeTopActivity:1354 com.android.server.wm.TaskFragment.resumeTopActivity:1307 com.android.server.wm.Task.resumeTopActivityInnerLocked:6451 com.android.server.wm.Task.resumeTopActivityUncheckedLocked:6352 
05-12 21:28:06.733  3121 30534 I Braze v40.0.2 .d: Event was published, but no subscribers were found. But not saving event for publishing later. Event class: class com.braze.events.NoMatchingTriggerEvent com.braze.events.d@3855959
05-12 21:28:06.745  3121  5560 I Braze v40.0.2 .l: Updating offline Content Cards for user with id: 2515983
05-12 21:28:06.825  2335  3186 I RecentModel: onTaskStackChangedBackground
05-12 21:28:06.870  3121  3189 I BLASTBufferQueue: [SurfaceView[com.sirma.mobile.bible.android/youversion.bible.app.MainActivity]@0#11](f:0,a:0) onFrameAvailable the first frame is available
05-12 21:28:06.878  3121  3121 I ViewRootImpl@28fe587[MainActivity]: onSyncComplete
05-12 21:28:06.885  3121  3121 I ViewRootImpl@28fe587[MainActivity]: setupSync seqId=0 mSyncId=-1 fn=1 caller=android.view.ViewRootImpl$$ExternalSyntheticLambda11.accept:6 android.window.SurfaceSyncer.lambda$setupSync$1$android-window-SurfaceSyncer:128 android.window.SurfaceSyncer$$ExternalSyntheticLambda1.accept:8 android.window.SurfaceSyncer$SyncSet.checkIfSyncIsComplete:382 android.window.SurfaceSyncer$SyncSet.lambda$merge$1$android-window-SurfaceSyncer$SyncSet:435 android.window.SurfaceSyncer$SyncSet$$ExternalSyntheticLambda0.accept:6 android.window.SurfaceSyncer$SyncSet.lambda$updateCallback$0:407 
05-12 21:28:06.886  3121  3121 I ViewRootImpl@28fe587[MainActivity]: reportDrawFinished seqId=0 mSyncId=-1 fn=1 mSurfaceChangedTransaction=0xb400007c1c062400
05-12 21:28:06.892 22877 22877 I abb     : StartCommandInProcess(73657474696e67730067657400676c6f settings.get.glo [truncated])
05-12 21:28:06.894   899   899 D SurfaceFlinger: Display 0 HWC layers:
05-12 21:28:06.894   899   899 D SurfaceFlinger:      DEVICE | 0xb400007dab054a80 | 0100 | RGBA_8888    |    0.0    0.0  720.0   45.0 |    0    0  720   45 | StatusBar$_1902#97
05-12 21:28:06.894   899   899 D SurfaceFlinger:      DEVICE | 0xb400007dab054c00 | 0100 | RGBA_8888    |    0.0    0.0  720.0   90.0 |    0 1510  720 1600 | NavigationBar0$_1902#91
05-12 21:28:06.894   899   899 D SurfaceFlinger:      DEVICE | 0xb400007dab056280 | 0108 | RGBA_8888    |    0.0    0.0  720.0 1600.0 |    0    0  720 1600 | $_1902#93
05-12 21:28:06.894   899   899 D SurfaceFlinger: 
05-12 21:28:06.894  1216  2970 D WindowManager: finishDrawingWindow: Window{7abd475 u0 com.sirma.mobile.bible.android/youversion.bible.app.MainActivity} mDrawState=DRAW_PENDING seqId=0
05-12 21:28:06.901  1216  1251 D WindowManager: Loading animation for app transition. transit=TRANSIT_OLD_TASK_OPEN enter=true frame=Rect(0, 0 - 720, 1600) insets=Rect(0, 45 - 0, 90) surfaceInsets=Rect(0, 0 - 0, 0)
05-12 21:28:06.903   899  1452 I SurfaceFlinger: id=27923 createSurf flag=20004, DimAnimationLayer for Task=362#27923
05-12 21:28:06.904  1216  1251 I WindowManager: Reparenting to leash, surface=Surface(name=Task=362)/@0xbfe6dde, leashParent=Surface(name=DefaultTaskDisplayArea)/@0x8137a89
05-12 21:28:06.905   899  1078 I SurfaceFlinger: id=27924 createSurf flag=24004, Surface(name=Task=362)/@0xbfe6dde - animation-leash of app_transition#27924
05-12 21:28:06.905  1216  1251 D WindowManager: makeSurface duration=1 leash=Surface(name=Surface(name=Task=362)/@0xbfe6dde - animation-leash of app_transition)/@0x46a9ca4
05-12 21:28:06.907  1216  1251 D ActivityTaskManager: mStartingWindow and mStartingData is null for token=ActivityRecord{4ceba39 u0 com.sirma.mobile.bible.android/youversion.bible.app.MainActivity} t362}
05-12 21:28:06.907  1216  1251 V WindowManager: performShowLocked: mDrawState=HAS_DRAWN in Window{7abd475 u0 com.sirma.mobile.bible.android/youversion.bible.app.MainActivity}
05-12 21:28:06.910  1216  1251 D WindowManager: updateSystemBarAttributes: displayId=0, win=Window{7abd475 u0 com.sirma.mobile.bible.android/youversion.bible.app.MainActivity}, navColorWin=Window{7abd475 u0 com.sirma.mobile.bible.android/youversion.bible.app.MainActivity}, focusedCanBeNavColorWin=false, behavior=1, appearance=0, statusBarAppearanceRegions=[AppearanceRegion{ bounds=[0,0][720,1600]}], requestedVisibilities=, from=com.android.server.wm.DisplayPolicy.finishPostLayoutPolicyLw:2527 com.android.server.wm.DisplayContent.applySurfaceChangesTransaction:5713 com.android.server.wm.RootWindowContainer.applySurfaceChangesTransaction:1234 
05-12 21:28:06.911  1902  1902 D SamsungLightBarControlHelper: onStatusBarAppearanceChanged() -  sbModeChanged:false, statusBarMode:MODE_TRANSPARENT, barState:SHADE, isKeyguardShowing:false, navbarColorManagedByIme:false, stackAppearancesChanged:true, (AppearanceRegion{ bounds=[0,0][720,1600]}, ), packageName:com.sirma.mobile.bible.android
05-12 21:28:06.915   899   899 I Layer   : Layer [com.sirma.mobile.bible.android/youversion.bible.app.MainActivity$_3121#27916] hidden!! flag(0)
05-12 21:28:06.917  1216  1251 D PowerManagerService: [api] acquire WakeLock SCREEN_BRIGHT_WAKE_LOCK        'WindowManager' ON_AFTER_RELEASE (uid=1000 pid=1216 ws=WorkSource{10278} displayId=-1 lock=b10fbe8)
05-12 21:28:06.918  2335  2352 I id.app.launcher: Background concurrent copying GC freed 6641KB AllocSpace bytes, 16(816KB) LOS objects, 49% free, 13MB/26MB, paused 456us,117us total 214.140ms
05-12 21:28:06.925  1216  1251 D ActivityTaskManager: mStartingWindow and mStartingData is null for token=ActivityRecord{4ceba39 u0 com.sirma.mobile.bible.android/youversion.bible.app.MainActivity} t362}
05-12 21:28:06.931   899   899 D SurfaceFlinger: Display 0 HWC layers:
05-12 21:28:06.931   899   899 D SurfaceFlinger:      DEVICE | 0xb400007dab054a80 | 0100 | RGBA_8888    |    0.0    0.0  720.0   45.0 |    0    0  720   45 | StatusBar$_1902#97
05-12 21:28:06.931   899   899 D SurfaceFlinger:      DEVICE | 0xb400007dab054c00 | 0100 | RGBA_8888    |    0.0    0.0  720.0   90.0 |    0 1510  720 1600 | NavigationBar0$_1902#91
05-12 21:28:06.931   899   899 D SurfaceFlinger:      DEVICE | 0xb400007dab056280 | 0108 | RGBA_8888    |    0.0    0.0  720.0 1600.0 |    0    0  720 1600 | $_1902#93
05-12 21:28:06.931   899   899 D SurfaceFlinger: 
05-12 21:28:06.941   899   899 D SurfaceFlinger: Display 0 HWC layers:
05-12 21:28:06.941   899   899 D SurfaceFlinger:      DEVICE | 0xb400007dab054a80 | 0100 | RGBA_8888    |    0.0    0.0  720.0   45.0 |    0    0  720   45 | StatusBar$_1902#97
05-12 21:28:06.941   899   899 D SurfaceFlinger:      DEVICE | 0xb400007dab054c00 | 0100 | RGBA_8888    |    0.0    0.0  720.0   90.0 |    0 1510  720 1600 | NavigationBar0$_1902#91
05-12 21:28:06.941   899   899 D SurfaceFlinger:      DEVICE | 0xb400007dab056280 | 0108 | RGBA_8888    |    0.0    0.0  720.0 1600.0 |    0    0  720 1600 | $_1902#93
05-12 21:28:06.941   899   899 D SurfaceFlinger: 
05-12 21:28:06.942  3121  1908 D AdvertisingIdClient: AdvertisingIdClient is bounded
05-12 21:28:06.954   899   899 I Layer   : id=27925 Destroyed Screenshot Parent#27925
05-12 21:28:06.956  3121  3226 I DatabaseWorker: transaction is slow
05-12 21:28:06.956  3121  3226 I DatabaseHost: 	&&&&&&&&& TYPE: Database Worker #2 -> EXECUTE
05-12 21:28:06.956  3121  3226 I DatabaseHost: 		 select r.id, r.processor, r.page, r.method, r.content_id, r.content_type, r.parent_id, r.parent_type, r.last_try_at, r.will_retry, r.created_at, r.view_content_url, r.edit_content_url, r.errors, r.attributes, ss.state, r.lock_name from sync_requests as r left join sync_states as ss on (r.content_type = ss.content_type and r.content_id = ss.content_id) order by r.created_at asc
05-12 21:28:06.958  3121  1908 I AdvertisingIdClient: shouldSendLog 376504457
05-12 21:28:06.958  3121  3121 I SurfaceView@7c99a24: finishedDrawing
05-12 21:28:06.959  3121  3121 I DecorView: notifyKeepScreenOnChanged: keepScreenOn=false
05-12 21:28:06.962  3121  1908 I AdvertisingIdClient: GetInfoInternal elapse 919ms
05-12 21:28:06.971   899   924 I SurfaceFlinger: id=27926 createSurf flag=40404, Top Edge Extension#27926
05-12 21:28:06.974   899   924 I SurfaceFlinger: id=27927 createSurf flag=400, bbq-wrapper#27927
05-12 21:28:06.974   899   899 D SurfaceFlinger: Display 0 HWC layers:
05-12 21:28:06.974   899   899 D SurfaceFlinger:      DEVICE | 0xb400007dab054a80 | 0100 | RGBA_8888    |    0.0    0.0  720.0   45.0 |    0    0  720   45 | StatusBar$_1902#97
05-12 21:28:06.974   899   899 D SurfaceFlinger:      DEVICE | 0xb400007dab054c00 | 0100 | RGBA_8888    |    0.0    0.0  720.0   90.0 |    0 1510  720 1600 | NavigationBar0$_1902#91
05-12 21:28:06.974   899   899 D SurfaceFlinger:      DEVICE | 0xb400007dab056280 | 0108 | RGBA_8888    |    0.0    0.0  720.0 1600.0 |    0    0  720 1600 | $_1902#93
05-12 21:28:06.974   899   899 D SurfaceFlinger: 
05-12 21:28:06.977  4179  4185 I hbox:interactor: Background concurrent copying GC freed 727KB AllocSpace bytes, 0(0B) LOS objects, 49% free, 10MB/20MB, paused 171us,77us total 260.730ms
05-12 21:28:06.978  1216 25110 I BLASTBufferQueue: [bbq-adapter#1126](f:0,a:0) onFrameAvailable the first frame is available
05-12 21:28:06.980  1852  1862 I gle.android.gms: Background concurrent copying GC freed 2544KB AllocSpace bytes, 6(248KB) LOS objects, 49% free, 13MB/27MB, paused 242us,103us total 274.724ms
05-12 21:28:06.983   899   899 D SurfaceFlinger: Display 0 HWC layers:
05-12 21:28:06.983   899   899 D SurfaceFlinger:      DEVICE | 0xb400007dab054a80 | 0100 | RGBA_8888    |    0.0    0.0  720.0   45.0 |    0    0  720   45 | StatusBar$_1902#97
05-12 21:28:06.983   899   899 D SurfaceFlinger:      DEVICE | 0xb400007dab054c00 | 0100 | RGBA_8888    |    0.0    0.0  720.0   90.0 |    0 1510  720 1600 | NavigationBar0$_1902#91
05-12 21:28:06.983   899   899 D SurfaceFlinger:      DEVICE | 0xb400007dab056280 | 0108 | RGBA_8888    |    0.0    0.0  720.0 1600.0 |    0    0  720 1600 | $_1902#93
05-12 21:28:06.983   899   899 D SurfaceFlinger: 
05-12 21:28:06.985  1216  1986 D CoreBackPreview: Window{7abd475 u0 com.sirma.mobile.bible.android/youversion.bible.app.MainActivity}: Setting back callback OnBackInvokedCallbackInfo{mCallback=android.window.IOnBackInvokedCallback$Stub$Proxy@6440a09, mPriority=-1}
05-12 21:28:06.986  1216  1986 D CoreBackPreview: Window{7abd475 u0 com.sirma.mobile.bible.android/youversion.bible.app.MainActivity}: Setting back callback OnBackInvokedCallbackInfo{mCallback=android.window.IOnBackInvokedCallback$Stub$Proxy@1fd340e, mPriority=0}
05-12 21:28:06.990  1216  2730 I MediaSessionMonitor: Media session stopped : not playing state
05-12 21:28:06.990  1216  1986 D CoreBackPreview: Window{7abd475 u0 com.sirma.mobile.bible.android/youversion.bible.app.MainActivity}: Setting back callback OnBackInvokedCallbackInfo{mCallback=android.window.IOnBackInvokedCallback$Stub$Proxy@f7f9e2f, mPriority=-1}
05-12 21:28:06.990  1216  1986 D CoreBackPreview: Window{7abd475 u0 com.sirma.mobile.bible.android/youversion.bible.app.MainActivity}: Setting back callback OnBackInvokedCallbackInfo{mCallback=android.window.IOnBackInvokedCallback$Stub$Proxy@2e2dc3c, mPriority=0}
05-12 21:28:07.010  1216  1801 D SemWifiSwitchForIndividualAppsService: isSkipNetworkCondition - result:2
05-12 21:28:07.016  1216  1985 D InputDispatcher: Focus entered window (0): 7abd475 com.sirma.mobile.bible.android/youversion.bible.app.MainActivity
05-12 21:28:07.023  1216  1823 D NetdEventListenerService: DNS Requested by : 142, 10278
05-12 21:28:07.038   899   899 D SurfaceFlinger: Display 0 HWC layers:
05-12 21:28:07.038   899   899 D SurfaceFlinger:      CLIENT | 0xb400007dab055c80 | 0102 | RGBA_8888    |    0.0    0.0  720.0    1.0 |    0    0  720  269 | bbq-wrapper#27927
05-12 21:28:07.038   899   899 D SurfaceFlinger:      CLIENT |              | 0002 |  Unknown  |    0.0    0.0    0.0    0.0 |    0  269  720 1600 | Background for SurfaceView[com.sirma[...]sion.bible.app.MainActivity]@0#27922
05-12 21:28:07.038   899   899 D SurfaceFlinger:      CLIENT | 0xb400007daaa71c80 | 0102 | RGBA_8888    |    0.0    0.0  720.0 1331.0 |    0  269  720 1600 | SurfaceView[com.sirma.mobile.bible.a[...]ble.app.MainActivity]@0(BLAST)#27921
05-12 21:28:07.038   899   899 D SurfaceFlinger:      CLIENT | 0xb400007daab56800 | 0100 | RGBA_8888    |    0.0    0.0  720.0 1331.0 |    0  269  720 1600 | com.sirma.mobile.bible.android/youversion.bible.app.MainActivity$_3121#27916
05-12 21:28:07.038   899   899 D SurfaceFlinger:      DEVICE | 0xb400007dab054a80 | 0100 | RGBA_8888    |    0.0    0.0  720.0   45.0 |    0    0  720   45 | StatusBar$_1902#97
05-12 21:28:07.038   899   899 D SurfaceFlinger:      DEVICE | 0xb400007dab054c00 | 0100 | RGBA_8888    |    0.0    0.0  720.0   90.0 |    0 1510  720 1600 | NavigationBar0$_1902#91
05-12 21:28:07.038   899   899 D SurfaceFlinger:      DEVICE | 0xb400007dab056280 | 0108 | RGBA_8888    |    0.
05-12 21:28:07.038   899   899 D SurfaceFlinger: 0    0.0  720.0 1600.0 |    0    0  720 1600 | $_1902#93
05-12 21:28:07.038   899   899 D SurfaceFlinger: 
05-12 21:28:07.054  3121  3121 I ViewRootImpl@28fe587[MainActivity]: performTraversals params={(0,0)(fillxfill) sim={adjust=resize} ty=BASE_APPLICATION wanim=0x1030001
05-12 21:28:07.054  3121  3121 I ViewRootImpl@28fe587[MainActivity]:   fl=81810100
05-12 21:28:07.054  3121  3121 I ViewRootImpl@28fe587[MainActivity]:   pfl=16020040
05-12 21:28:07.054  3121  3121 I ViewRootImpl@28fe587[MainActivity]:   vsysui=700
05-12 21:28:07.054  3121  3121 I ViewRootImpl@28fe587[MainActivity]:   bhv=DEFAULT
05-12 21:28:07.054  3121  3121 I ViewRootImpl@28fe587[MainActivity]:   fitSides= naviIconColor=0}
05-12 21:28:07.056  3121  3121 I ViewRootImpl@28fe587[MainActivity]: performTraversals mFirst=false windowShouldResize=false viewVisibilityChanged=false mForceNextWindowRelayout=false params={(0,0)(fillxfill) sim={adjust=resize} ty=BASE_APPLICATION fmt=TRANSLUCENT wanim=0x1030001
05-12 21:28:07.056  3121  3121 I ViewRootImpl@28fe587[MainActivity]:   fl=81810100
05-12 21:28:07.056  3121  3121 I ViewRootImpl@28fe587[MainActivity]:   pfl=16020040
05-12 21:28:07.056  3121  3121 I ViewRootImpl@28fe587[MainActivity]:   vsysui=700
05-12 21:28:07.056  3121  3121 I ViewRootImpl@28fe587[MainActivity]:   bhv=DEFAULT
05-12 21:28:07.056  3121  3121 I ViewRootImpl@28fe587[MainActivity]:   fitSides= naviIconColor=0}
05-12 21:28:07.057  1216  1985 V WindowManager: Relayout Window{7abd475 u0 com.sirma.mobile.bible.android/youversion.bible.app.MainActivity}: viewVisibility=0 req=720x1600 d0
05-12 21:28:07.060   899   899 D SurfaceFlinger: Display 0 HWC layers:
05-12 21:28:07.060   899   899 D SurfaceFlinger:      CLIENT | 0xb400007dab055c80 | 0102 | RGBA_8888    |    0.0    0.0  720.0    1.0 |    0    0  720  222 | bbq-wrapper#27927
05-12 21:28:07.060   899   899 D SurfaceFlinger:      CLIENT |              | 0000 |  Unknown  |    0.0    0.0    0.0    0.0 |    0    0  720 1600 | DimAnimationLayer for Task=362#27923
05-12 21:28:07.060   899   899 D SurfaceFlinger:      CLIENT |              | 0002 |  Unknown  |    0.0    0.0    0.0    0.0 |    0  222  720 1600 | Background for SurfaceView[com.sirma[...]sion.bible.app.MainActivity]@0#27922
05-12 21:28:07.060   899   899 D SurfaceFlinger:      CLIENT | 0xb400007daaa71c80 | 0102 | RGBA_8888    |    0.0    0.0  720.0 1378.0 |    0  222  720 1600 | SurfaceView[com.sirma.mobile.bible.a[...]ble.app.MainActivity]@0(BLAST)#27921
05-12 21:28:07.060   899   899 D SurfaceFlinger:      CLIENT | 0xb400007daab56800 | 0100 | RGBA_8888    |    0.0    0.0  720.0 1378.0 |    0  222  720 1600 | com.sirma.mobile.bible.android/youversion.bible.app.MainActivity$_3121#27916
05-12 21:28:07.060   899   899 D SurfaceFlinger:      DEVICE | 0xb400007dab054a80 | 0100 | RGBA_8888    |    0.0    0.0  720.0   45.0 |    0    0  720   45 | StatusBar$_1902#97
05-12 21:28:07.060   899   899 D SurfaceFlinger:      DEVICE | 0xb400007dab054c00 | 0100 | RGBA_8888    |  
05-12 21:28:07.060   899   899 D SurfaceFlinger:   0.0    0.0  720.0   90.0 |    0 1510  720 1600 | NavigationBar0$_1902#91
05-12 21:28:07.060   899   899 D SurfaceFlinger:      DEVICE | 0xb400007dab056280 | 0108 | RGBA_8888    |    0.0    0.0  720.0 1600.0 |    0    0  720 1600 | $_1902#93
05-12 21:28:07.060   899   899 D SurfaceFlinger: 
05-12 21:28:07.062  1216  1985 D PowerManagerService: [api] release WakeLock SCREEN_BRIGHT_WAKE_LOCK        'WindowManager' ON_AFTER_RELEASE ACQ=-139ms (uid=1000 pid=1216 ws=WorkSource{10278} displayId=-1 lock=b10fbe8)
05-12 21:28:07.064  1216  1985 D EdgeLightingManager: hideForWakeLock packageName=android
05-12 21:28:07.065  1216  1985 D EdgeLightingManager: hideForWakeLock is no more used
05-12 21:28:07.065  1216  1985 D PowerManagerService: [api] applyWakeLockFlagsOnReleaseLocked : userActivityNoUpdateLocked is called : SCREEN_BRIGHT_WAKE_LOCK        'WindowManager' ON_AFTER_RELEASE DISABLED (uid=1000 pid=1216 ws=WorkSource{10278} displayId=-1 lock=b10fbe8)
05-12 21:28:07.069  1216  1985 V WindowManager: Relayout hash=7abd475, pid=3121, syncId=-1: mAttrs={(0,0)(fillxfill) sim={adjust=resize} ty=BASE_APPLICATION fmt=TRANSLUCENT wanim=0x1030001
05-12 21:28:07.069  1216  1985 V WindowManager:   fl=81810100
05-12 21:28:07.069  1216  1985 V WindowManager:   pfl=16020040
05-12 21:28:07.069  1216  1985 V WindowManager:   vsysui=700
05-12 21:28:07.069  1216  1985 V WindowManager:   bhv=DEFAULT
05-12 21:28:07.069  1216  1985 V WindowManager:   fitSides= naviIconColor=0}
05-12 21:28:07.071  3121  3121 I ViewRootImpl@28fe587[MainActivity]: updateBlastSurfaceIfNeeded mBlastBufferQueue=0xb400007a7d1c2200 isSameSurfaceControl=true
05-12 21:28:07.072  3121  3121 I BLASTBufferQueue: update, w= 720 h= 1600 mName = ViewRootImpl@28fe587[MainActivity] mNativeObject= 0xb400007a7d1c2200 sc.mNativeObject= 0xb400007a990e3380 format= -3 caller= android.view.ViewRootImpl.updateBlastSurfaceIfNeeded:2898 android.view.ViewRootImpl.relayoutWindow:9847 android.view.ViewRootImpl.performTraversals:3884 android.view.ViewRootImpl.doTraversal:3116 android.view.ViewRootImpl$TraversalRunnable.run:10885 android.view.Choreographer$CallbackRecord.run:1301 
05-12 21:28:07.072  3121  3121 I ViewRootImpl@28fe587[MainActivity]: Relayout returned: old=(0,0,720,1600) new=(0,0,720,1600) req=(720,1600)0 dur=15 res=0x0 s={true 0xb400007adcef9800} ch=false seqId=0
05-12 21:28:07.072 22877 22877 I abb     : StartCommandInProcess(7061636b61676500696e7374616c6c00 package.install. [truncated])
05-12 21:28:07.072  3121  3121 I ViewRootImpl@28fe587[MainActivity]: updateBoundsLayer: t = android.view.SurfaceControl$Transaction@9099898 sc = Surface(name=Bounds for - com.sirma.mobile.bible.android/youversion.bible.app.MainActivity@5)/@0xf970a19 frame = 2
05-12 21:28:07.073  3121  3121 I ViewRootImpl@28fe587[MainActivity]: mWNT: t=0xb400007c1c062b00 mBlastBufferQueue=0xb400007a7d1c2200 fn= 2 caller= android.view.ViewRootImpl.prepareSurfaces:2985 android.view.ViewRootImpl.performTraversals:4233 android.view.ViewRootImpl.doTraversal:3116 
05-12 21:28:07.087   899   899 D SurfaceFlinger: Display 0 HWC layers:
05-12 21:28:07.087   899   899 D SurfaceFlinger:      CLIENT | 0xb400007dab055c80 | 0102 | RGBA_8888    |    0.0    0.0  720.0    1.0 |    0    0  720  168 | bbq-wrapper#27927
05-12 21:28:07.087   899   899 D SurfaceFlinger:      CLIENT |              | 0000 |  Unknown  |    0.0    0.0    0.0    0.0 |    0    0  720 1600 | DimAnimationLayer for Task=362#27923
05-12 21:28:07.087   899   899 D SurfaceFlinger:      CLIENT |              | 0002 |  Unknown  |    0.0    0.0    0.0    0.0 |    0  168  720 1600 | Background for SurfaceView[com.sirma[...]sion.bible.app.MainActivity]@0#27922
05-12 21:28:07.087   899   899 D SurfaceFlinger:      CLIENT | 0xb400007daaa71c80 | 0102 | RGBA_8888    |    0.0    0.0  720.0 1432.0 |    0  168  720 1600 | SurfaceView[com.sirma.mobile.bible.a[...]ble.app.MainActivity]@0(BLAST)#27921
05-12 21:28:07.087   899   899 D SurfaceFlinger:      CLIENT | 0xb400007daab56800 | 0100 | RGBA_8888    |    0.0    0.0  720.0 1432.0 |    0  168  720 1600 | com.sirma.mobile.bible.android/youversion.bible.app.MainActivity$_3121#27916
05-12 21:28:07.087   899   899 D SurfaceFlinger:      DEVICE | 0xb400007dab054a80 | 0100 | RGBA_8888    |    0.0    0.0  720.0   45.0 |    0    0  720   45 | StatusBar$_1902#97
05-12 21:28:07.087   899   899 D SurfaceFlinger:      DEVICE | 0xb400007dab054c00 | 0100 | RGBA_8888    |  
05-12 21:28:07.087   899   899 D SurfaceFlinger:   0.0    0.0  720.0   90.0 |    0 1510  720 1600 | NavigationBar0$_1902#91
05-12 21:28:07.087   899   899 D SurfaceFlinger:      DEVICE | 0xb400007dab056280 | 0108 | RGBA_8888    |    0.0    0.0  720.0 1600.0 |    0    0  720 1600 | $_1902#93
05-12 21:28:07.087   899   899 D SurfaceFlinger: 
05-12 21:28:07.097  3121  3121 I ViewRootImpl@28fe587[MainActivity]: MSG_WINDOW_FOCUS_CHANGED 1 0
05-12 21:28:07.097  3121  3121 I ViewRootImpl@28fe587[MainActivity]: mThreadedRenderer.initializeIfNeeded()#2 mSurface={isValid=true 0xb400007adcef9800}
