05-12 21:28:08.925  1852 10881 W Blockstore: [DataStoreImpl] The data was not a restore credential [CONTEXT service_id=258 ]
05-12 21:28:08.925  1852 10881 W Blockstore: isxs: Protocol message contained an invalid tag (zero).
05-12 21:28:08.925  1852 10881 W Blockstore: 	at isun.l(:com.google.android.gms@261631029@26.16.31 (190400-900800821):39)
05-12 21:28:08.925  1852 10881 W Blockstore: 	at isym.c(:com.google.android.gms@261631029@26.16.31 (190400-900800821):396)
05-12 21:28:08.925  1852 10881 W Blockstore: 	at isym.i(:com.google.android.gms@261631029@26.16.31 (190400-900800821):8)
05-12 21:28:08.925  1852 10881 W Blockstore: 	at iswt.y(:com.google.android.gms@261631029@26.16.31 (190400-900800821):23)
05-12 21:28:08.925  1852 10881 W Blockstore: 	at amkf.p(:com.google.android.gms@261631029@26.16.31 (190400-900800821):72)
05-12 21:28:08.925  1852 10881 W Blockstore: 	at amjf.apply(:com.google.android.gms@261631029@26.16.31 (190400-900800821):46)
05-12 21:28:08.925  1852 10881 W Blockstore: 	at gksr.a(:com.google.android.gms@261631029@26.16.31 (190400-900800821):3)
05-12 21:28:08.925  1852 10881 W Blockstore: 	at gzlb.a(:com.google.android.gms@261631029@26.16.31 (190400-900800821):17)
05-12 21:28:08.925  1852 10881 W Blockstore: 	at hihg.d(:com.google.android.gms@261631029@26.16.31 (190400-900800821):3)
05-12 21:28:08.925  1852 10881 W Blockstore: 	at hihi.run(:com.google.android.gms@261631029@26.16.31 (190400-900800821):47)
05-12 21:28:08.925  1852 10881 W Blockstore: 	at hiiv.execute(:com.google.android.gms@261631029@26.16.31 (190400-900800821):1)
05-12 21:28:08.925  1852 10881 W Blockstore: 	at higv.f(:com.google.android.gms@261631029@26.16.31 (190400-900800821):1)
05-12 21:28:08.925  1852 10881 W Blockstore: 	at higv.hB(:com.google.android.gms@261631029@26.16.31 (190400-900800821):38)
05-12 21:28:08.925  1852 10881 W Blockstore: 	at gksj.a(:com.google.android.gms@261631029@26.16.31 (190400-900800821):39)
05-12 21:28:08.925  1852 10881 W Blockstore: 	at gzla.a(:com.google.android.gms@261631029@26.16.31 (190400-900800821):17)
05-12 21:28:08.925  1852 10881 W Blockstore: 	at hijc.a(:com.google.android.gms@261631029@26.16.31 (190400-900800821):20)
05-12 21:28:08.925  1852 10881 W Blockstore: 	at hilf.a(:com.google.android.gms@261631029@26.16.31 (190400-900800821):3)
05-12 21:28:08.925  1852 10881 W Blockstore: 	at hikg.run(:com.google.android.gms@261631029@26.16.31 (190400-900800821):19)
05-12 21:28:08.925  1852 10881 W Blockstore: 	at hilh.run(:com.google.android.gms@261631029@26.16.31 (190400-900800821):5)
05-12 21:28:08.925  1852 10881 W Blockstore: 	at hije.run(:com.google.android.gms@261631029@26.16.31 (190400-900800821):53)
05-12 21:28:08.925  1852 10881 W Blockstore: 	at hiiv.execute(:com.google.android.gms@261631029@26.16.31 (190400-900800821):1)
05-12 21:28:08.925  1852 10881 W Blockstore: 	at hije.execute(:com.google.android.gms@261631029@26.16.31 (190400-900800821):76)
05-12 21:28:08.925  1852 10881 W Blockstore: 	at higv.f(:com.google.android.gms@261631029@26.16.31 (190400-900800821):1)
05-12 21:28:08.925  1852 10881 W Blockstore: 	at higv.hB(:com.google.android.gms@261631029@26.16.31 (190400-900800821):38)
05-12 21:28:08.925  1852 10881 W Blockstore: 	at hijg.b(:com.google.android.gms@261631029@26.16.31 (190400-900800821):33)
05-12 21:28:08.925  1852 10881 W Blockstore: 	at gksn.i(:com.google.android.gms@261631029@26.16.31 (190400-900800821):26)
05-12 21:28:08.925  1852 10881 W Blockstore: 	at gksv.a(:com.google.android.gms@261631029@26.16.31 (190400-900800821):10)
05-12 21:28:08.925  1852 10881 W Blockstore: 	at gzlb.a(:com.google.android.gms@261631029@26.16.31 (190400-900800821):17)
05-12 21:28:08.925  1852 10881 W Blockstore: 	at hihg.d(:com.google.android.gms@261631029@26.16.31 (190400-900800821):3)
05-12 21:28:08.925  1852 10881 W Blockstore: 	at hihi.run(:com.google.android.gms@261631029@26.16.31 (190400-900800821):47)
05-12 21:28:08.925  1852 10881 W Blockstore: 	at hiiv.execute(:com.google.android.gms@261631029@26.16.31 (190400-900800821):1)
05-12 21:28:08.925  1852 10881 W Blockstore: 	at higv.f(:com.google.android.gms@261631029@26.16.31 (190400-900800821):1)
05-12 21:28:08.925  1852 10881 W Blockstore: 	at higv.hB(:com.google.android.gms@261631029@26.16.31 (190400-900800821):38)
05-12 21:28:08.925  1852 10881 W Blockstore: 	at gkst.a(:com.google.android.gms@261631029@26.16.31 (190400-900800821):39)
05-12 21:28:08.925  1852 10881 W Blockstore: 	at gzla.a(:com.google.android.gms@261631029@26.16.31 (190400-900800821):17)
05-12 21:28:08.925  1852 10881 W Blockstore: 	at hijc.a(:com.google.android.gms@261631029@26.16.31 (190400-900800821):20)
05-12 21:28:08.925  1852 10881 W Blockstore: 	at hilf.a(:com.google.android.gms@261631029@26.16.31 (190400-900800821):3)
05-12 21:28:08.925  1852 10881 W Blockstore: 	at hikg.run(:com.google.android.gms@261631029@26.16.31 (190400-900800821):19)
05-12 21:28:08.925  1852 10881 W Blockstore: 	at hilh.run(:com.google.android.gms@261631029@26.16.31 (190400-900800821):5)
05-12 21:28:08.925  1852 10881 W Blockstore: 	at hije.run(:com.google.android.gms@261631029@26.16.31 (190400-900800821):53)
05-12 21:28:08.925  1852 10881 W Blockstore: 	at hiiv.execute(:com.google.android.gms@261631029@26.16.31 (190400-900800821):1)
05-12 21:28:08.925  1852 10881 W Blockstore: 	at hije.execute(:com.google.android.gms@261631029@26.16.31 (190400-900800821):76)
05-12 21:28:08.925  1852 10881 W Blockstore: 	at higv.f(:com.google.android.gms@261631029@26.16.31 (190400-900800821):1)
05-12 21:28:08.925  1852 10881 W Blockstore: 	at higv.hB(:com.google.android.gms@261631029@26.16.31 (190400-900800821):38)
05-12 21:28:08.925  1852 10881 W Blockstore: 	at hijg.b(:com.google.android.gms@261631029@26.16.31 (190400-900800821):33)
05-12 21:28:08.925  1852 10881 W Blockstore: 	at gktb.c(:com.google.android.gms@261631029@26.16.31 (190400-900800821):62)
05-12 21:28:08.925  1852 10881 W Blockstore: 	at gktb.b(:com.google.android.gms@261631029@26.16.31 (190400-900800821):18)
05-12 21:28:08.925  1852 10881 W Blockstore: 	at com.google.android.gms.auth.blockstore.service.PackageIntentOperation.onHandleIntent(:com.google.android.gms@261631029@26.16.31 (190400-900800821):395)
05-12 21:28:08.926  1852 10881 W Blockstore: 	at com.google.android.chimera.IntentOperation.onHandleIntent(:com.google.android.gms@261631029@26.16.31 (190400-900800821):1)
05-12 21:28:08.926  1852 10881 W Blockstore: 	at bcfx.onHandleIntent(:com.google.android.gms@261631029@26.16.31 (190400-900800821):88)
05-12 21:28:08.926  1852 10881 W Blockstore: 	at aasf.run(:com.google.android.gms@261631029@26.16.31 (190400-900800821):58)
05-12 21:28:08.926  1852 10881 W Blockstore: 	at aase.run(:com.google.android.gms@261631029@26.16.31 (190400-900800821):132)
05-12 21:28:08.926  1852 10881 W Blockstore: 	at gzlf.run(:com.google.android.gms@261631029@26.16.31 (190400-900800821):23)
05-12 21:28:08.926  1852 10881 W Blockstore: 	at java.util.concurrent.ThreadPoolExecutor.runWorker(ThreadPoolExecutor.java:1154)
05-12 21:28:08.926  1852 10881 W Blockstore: 	at java.util.concurrent.ThreadPoolExecutor$Worker.run(ThreadPoolExecutor.java:652)
05-12 21:28:08.926  1852 10881 W Blockstore: 	at java.lang.Thread.run(Thread.java:1564)
05-12 21:28:08.927  3121  3227 I DatabaseHost: SQL (Database Worker #3): select state from sync_states where content_type = ? and content_id = ?
05-12 21:28:08.928   899   899 D SurfaceFlinger: Display 0 HWC layers:
05-12 21:28:08.928   899   899 D SurfaceFlinger:      DEVICE | 0xb400007daaa71c80 | 0102 | RGBA_8888    |    0.0    0.0  720.0 1600.0 |    0    0  720 1600 | SurfaceView[com.sirma.mobile.bible.a[...]ble.app.MainActivity]@0(BLAST)#27921
05-12 21:28:08.928   899   899 D SurfaceFlinger:      DEVICE | 0xb400007daab55600 | 0100 | RGBA_8888    |    0.0    0.0  720.0 1600.0 |    0    0  720 1600 | com.sirma.mobile.bible.android/youversion.bible.app.MainActivity$_3121#27916
05-12 21:28:08.928   899   899 D SurfaceFlinger:      DEVICE | 0xb400007dab054a80 | 0100 | RGBA_8888    |    0.0    0.0  720.0   45.0 |    0    0  720   45 | StatusBar$_1902#97
05-12 21:28:08.928   899   899 D SurfaceFlinger:      DEVICE | 0xb400007dab054c00 | 0100 | RGBA_8888    |    0.0    0.0  720.0   90.0 |    0 1510  720 1600 | NavigationBar0$_1902#91
05-12 21:28:08.928   899   899 D SurfaceFlinger:      DEVICE | 0xb400007dab056280 | 0108 | RGBA_8888    |    0.0    0.0  720.0 1600.0 |    0    0  720 1600 | $_1902#93
05-12 21:28:08.928   899   899 D SurfaceFlinger: 
05-12 21:28:08.938  6715 10877 W SignedPackage: Package doesn't have required signing certificate: com.google.android.apps.work.clouddpc
05-12 21:28:08.945  1216  1709 D WifiConfigStore: Writing to stores completed in 87 ms.
05-12 21:28:08.945  1216  1709 I PasspointManager: No app ops listener found for com.example.audioanalyser
05-12 21:28:08.953   899   899 D SurfaceFlinger: Display 0 HWC layers:
05-12 21:28:08.953   899   899 D SurfaceFlinger:      DEVICE | 0xb400007daab55d80 | 0102 | RGBA_8888    |    0.0    0.0  720.0 1600.0 |    0    0  720 1600 | SurfaceView[com.sirma.mobile.bible.a[...]ble.app.MainActivity]@0(BLAST)#27921
05-12 21:28:08.953   899   899 D SurfaceFlinger:      DEVICE | 0xb400007daab55600 | 0100 | RGBA_8888    |    0.0    0.0  720.0 1600.0 |    0    0  720 1600 | com.sirma.mobile.bible.android/youversion.bible.app.MainActivity$_3121#27916
05-12 21:28:08.953   899   899 D SurfaceFlinger:      DEVICE | 0xb400007dab054a80 | 0100 | RGBA_8888    |    0.0    0.0  720.0   45.0 |    0    0  720   45 | StatusBar$_1902#97
05-12 21:28:08.953   899   899 D SurfaceFlinger:      DEVICE | 0xb400007dab054c00 | 0100 | RGBA_8888    |    0.0    0.0  720.0   90.0 |    0 1510  720 1600 | NavigationBar0$_1902#91
05-12 21:28:08.953   899   899 D SurfaceFlinger:      DEVICE | 0xb400007dab056280 | 0108 | RGBA_8888    |    0.0    0.0  720.0 1600.0 |    0    0  720 1600 | $_1902#93
05-12 21:28:08.953   899   899 D SurfaceFlinger: 
05-12 21:28:08.957  1852 10881 I Blockstore: (REDACTED) [PackageIntentOperation] Deleted restore credential for package %s is successful: %s
05-12 21:28:08.965   899   899 D SurfaceFlinger: Display 0 HWC layers:
05-12 21:28:08.965   899   899 D SurfaceFlinger:      DEVICE | 0xb400007dd5e2bf80 | 0102 | RGBA_8888    |    0.0    0.0  720.0 1600.0 |    0    0  720 1600 | SurfaceView[com.sirma.mobile.bible.a[...]ble.app.MainActivity]@0(BLAST)#27921
05-12 21:28:08.965   899   899 D SurfaceFlinger:      DEVICE | 0xb400007daab55600 | 0100 | RGBA_8888    |    0.0    0.0  720.0 1600.0 |    0    0  720 1600 | com.sirma.mobile.bible.android/youversion.bible.app.MainActivity$_3121#27916
05-12 21:28:08.965   899   899 D SurfaceFlinger:      DEVICE | 0xb400007dab054a80 | 0100 | RGBA_8888    |    0.0    0.0  720.0   45.0 |    0    0  720   45 | StatusBar$_1902#97
05-12 21:28:08.965   899   899 D SurfaceFlinger:      DEVICE | 0xb400007dab054c00 | 0100 | RGBA_8888    |    0.0    0.0  720.0   90.0 |    0 1510  720 1600 | NavigationBar0$_1902#91
05-12 21:28:08.965   899   899 D SurfaceFlinger:      DEVICE | 0xb400007dab056280 | 0108 | RGBA_8888    |    0.0    0.0  720.0 1600.0 |    0    0  720 1600 | $_1902#93
05-12 21:28:08.965   899   899 D SurfaceFlinger: 
05-12 21:28:08.969  1852 10881 I Blockstore: (REDACTED) [DataStoreImpl] Setting IsLastInstallationDataPerPackage bit to %s for package %s
05-12 21:28:08.979  1216  1216 E SQLiteDatabase: Error inserting rightsObject=null
05-12 21:28:08.979  1216  1216 E SQLiteDatabase: android.database.sqlite.SQLiteConstraintException: NOT NULL constraint failed: LICENSE.instanceId (code 1299 SQLITE_CONSTRAINT_NOTNULL[1299])
05-12 21:28:08.979  1216  1216 E SQLiteDatabase: 	at android.database.sqlite.SQLiteConnection.nativeExecuteForLastInsertedRowId(Native Method)
05-12 21:28:08.979  1216  1216 E SQLiteDatabase: 	at android.database.sqlite.SQLiteConnection.executeForLastInsertedRowId(SQLiteConnection.java:1275)
05-12 21:28:08.979  1216  1216 E SQLiteDatabase: 	at android.database.sqlite.SQLiteSession.executeForLastInsertedRowId(SQLiteSession.java:790)
05-12 21:28:08.979  1216  1216 E SQLiteDatabase: 	at android.database.sqlite.SQLiteStatement.executeInsert(SQLiteStatement.java:89)
05-12 21:28:08.979  1216  1216 E SQLiteDatabase: 	at android.database.sqlite.SQLiteDatabase.insertWithOnConflict(SQLiteDatabase.java:2410)
05-12 21:28:08.979  1216  1216 E SQLiteDatabase: 	at android.database.sqlite.SQLiteDatabase.insert(SQLiteDatabase.java:2279)
05-12 21:28:08.979  1216  1216 E SQLiteDatabase: 	at com.android.server.enterprise.storage.EdmStorageProviderBase.insert(EdmStorageProviderBase.java:611)
05-12 21:28:08.979  1216  1216 E SQLiteDatabase: 	at com.android.server.enterprise.storage.EdmStorageProviderBase.putValues(EdmStorageProviderBase.java:1192)
05-12 21:28:08.979  1216  1216 E SQLiteDatabase: 	at com.android.server.enterprise.storage.EdmStorageProvider.putValues(EdmStorageProvider.java:356)
05-12 21:28:08.979  1216  1216 E SQLiteDatabase: 	at com.android.server.enterprise.license.EnterpriseLicenseService.resetELMInfo(EnterpriseLicenseService.java:1933)
05-12 21:28:08.979  1216  1216 E SQLiteDatabase: 	at com.android.server.enterprise.license.EnterpriseLicenseService.resetLicenseByAdmin(EnterpriseLicenseService.java:1739)
05-12 21:28:08.979  1216  1216 E SQLiteDatabase: 	at com.android.server.enterprise.license.EnterpriseLicenseService$1.onReceive(EnterpriseLicenseService.java:182)
05-12 21:28:08.979  1216  1216 E SQLiteDatabase: 	at android.app.LoadedApk$ReceiverDispatcher$Args.lambda$getRunnable$0$android-app-LoadedApk$ReceiverDispatcher$Args(LoadedApk.java:1919)
05-12 21:28:08.979  1216  1216 E SQLiteDatabase: 	at android.app.LoadedApk$ReceiverDispatcher$Args$$ExternalSyntheticLambda0.run(Unknown Source:2)
05-12 21:28:08.979  1216  1216 E SQLiteDatabase: 	at android.os.Handler.handleCallback(Handler.java:942)
05-12 21:28:08.979  1216  1216 E SQLiteDatabase: 	at android.os.Handler.dispatchMessage(Handler.java:99)
05-12 21:28:08.979  1216  1216 E SQLiteDatabase: 	at android.os.Looper.loopOnce(Looper.java:226)
05-12 21:28:08.979  1216  1216 E SQLiteDatabase: 	at android.os.Looper.loop(Looper.java:313)
05-12 21:28:08.979  1216  1216 E SQLiteDatabase: 	at com.android.server.SystemServer.run(SystemServer.java:1346)
05-12 21:28:08.979  1216  1216 E SQLiteDatabase: 	at com.android.server.SystemServer.main(SystemServer.java:989)
05-12 21:28:08.979  1216  1216 E SQLiteDatabase: 	at java.lang.reflect.Method.invoke(Native Method)
05-12 21:28:08.979  1216  1216 E SQLiteDatabase: 	at com.android.internal.os.RuntimeInit$MethodAndArgsCaller.run(RuntimeInit.java:604)
05-12 21:28:08.979  1216  1216 E SQLiteDatabase: 	at com.android.internal.os.ZygoteInit.main(ZygoteInit.java:1045)
05-12 21:28:08.980  1216  1216 W LoadedApk: Slow system_server main thread handled for android.intent.action.PACKAGE_FULLY_REMOVED took 211 ms, Receiver = com.android.server.enterprise.license.EnterpriseLicenseService$1@cade22d
05-12 21:28:08.980  1216  1216 W Looper  : Slow dispatch took 211ms main h=android.app.ActivityThread$H c=android.app.LoadedApk$ReceiverDispatcher$Args$$ExternalSyntheticLambda0@2e1327f m=0
05-12 21:28:08.983  1216 10910 D EnterpriseLicenseService: callLicenseAgent() - packageRemovedInternal
05-12 21:28:08.985  1216  1216 D AppSearchAppsIndexerManagerS: userid in package receiver: 10558
05-12 21:28:08.987   807   807 E audit   : type=1400 audit(1778635688.981:136699): avc:  denied  { read } for  pid=1216 comm="pool-38-thread-" name="u:object_r:build_bootimage_prop:s0" dev="tmpfs" ino=7363 scontext=u:r:system_server:s0 tcontext=u:object_r:build_bootimage_prop:s0 tclass=file permissive=0 SEPF_SM-A127M_13_0001 audit_filtered
05-12 21:28:08.987  1216  3533 W libc    : Access denied finding property "ro.bootimage.build.fingerprint"
05-12 21:28:08.987   807   807 E audit   : type=1300 audit(1778635688.981:136699): arch=c00000b7 syscall=56 success=no exit=-13 a0=ffffff9c a1=7b86f740b8 a2=88000 a3=0 items=1 ppid=824 pid=1216 auid=4294967295 uid=1000 gid=1000 euid=1000 suid=1000 fsuid=1000 egid=1000 sgid=1000 fsgid=1000 tty=(none) ses=4294967295 comm="pool-38-thread-" exe="/system/bin/app_process64" subj=u:r:system_server:s0 key=(null)
05-12 21:28:08.987   807   807 E audit   : type=1302 audit(1778635688.981:136699): item=0 name="/dev/__properties__/u:object_r:build_bootimage_prop:s0" inode=7363 dev=00:10 mode=0100444 ouid=0 ogid=0 rdev=00:00 obj=u:object_r:build_bootimage_prop:s0 nametype=NORMAL cap_fp=0000000000000000 cap_fi=0000000000000000 cap_fe=0 cap_fver=0
05-12 21:28:08.987   807   807 E audit   : type=1327 audit(1778635688.981:136699): proctitle="system_server"
05-12 21:28:08.994 10870 10870 D nativeloader: Configuring clns-shared-4 for other apk /system/framework/knoxsdk.jar. target_sdk_version=33, uses_libraries=ALL, library_path=/system/app/KeyChain/lib/arm64:/system/app/KeyChain/KeyChain.apk!/lib/arm64-v8a:/system/lib64:/system/system_ext/lib64, permitted_path=/data:/mnt/expand:/data/user/0/com.android.keychain:/system/app/KeyChain:/system/lib64:/system/system_ext/lib64
05-12 21:28:08.994 10870 10870 D nativeloader: Extending system_exposed_libraries: libhigh_dynamic_range.arcsoft.so:libBeauty_v4.camera.samsung.so:libexifa.camera.samsung.so:libjpega.camera.samsung.so:libOpenCv.camera.samsung.so:libImageScreener.camera.samsung.so:libHpr_RecGAE_cvFeature_v1.0.camera.samsung.so:libHprFace_GAE_api.camera.samsung.so:libFace_Landmark_API.camera.samsung.so:libHprFace_GAE_jni.camera.samsung.so:libObjectAndSceneClassification_2.5_OD.camera.samsung.so:libQREngine.camera.samsung.so:libFood.camera.samsung.so:libFoodDetector.camera.samsung.so:libPortraitSolution.camera.samsung.so:libsrib_CNNInterface.camera.samsung.so:libsrib_humanaware_engine.camera.samsung.so:libInteractiveSegmentation.camera.samsung.so:libsmart_cropping.camera.samsung.so:libStride.camera.samsung.so:libStrideTensorflowLite.camera.samsung.so:libMultiFrameProcessing10.camera.samsung.so:libFacePreProcessing_jni.camera.samsung.so:libFacePreProcessing_jni.camera.samsung.so:libhumantracking_util.camera.samsung.so:libsecjpeginterface.camera.samsung.so:libMyFilterPlugin.c
05-12 21:28:09.009  1216 10910 D CompatibilityChangeReporter: Compat change id reported: 135634846; UID 10094; state: DISABLED
05-12 21:28:09.010  1216 10910 D CompatibilityChangeReporter: Compat change id reported: 177438394; UID 10094; state: DISABLED
05-12 21:28:09.010  1216 10910 D CompatibilityChangeReporter: Compat change id reported: 135772972; UID 10094; state: DISABLED
05-12 21:28:09.010  1216 10910 D CompatibilityChangeReporter: Compat change id reported: 135754954; UID 10094; state: ENABLED
05-12 21:28:09.012  1216  1260 D CompatibilityChangeReporter: Compat change id reported: 143937733; UID 10094; state: ENABLED
05-12 21:28:09.025   899   899 D SurfaceFlinger: Display 0 HWC layers:
05-12 21:28:09.025   899   899 D SurfaceFlinger:      DEVICE | 0xb400007daaa72100 | 0102 | RGBA_8888    |    0.0    0.0  720.0 1600.0 |    0    0  720 1600 | SurfaceView[com.sirma.mobile.bible.a[...]ble.app.MainActivity]@0(BLAST)#27921
05-12 21:28:09.025   899   899 D SurfaceFlinger:      DEVICE | 0xb400007daab55600 | 0100 | RGBA_8888    |    0.0    0.0  720.0 1600.0 |    0    0  720 1600 | com.sirma.mobile.bible.android/youversion.bible.app.MainActivity$_3121#27916
05-12 21:28:09.025   899   899 D SurfaceFlinger:      DEVICE | 0xb400007dab054a80 | 0100 | RGBA_8888    |    0.0    0.0  720.0   45.0 |    0    0  720   45 | StatusBar$_1902#97
05-12 21:28:09.025   899   899 D SurfaceFlinger:      DEVICE | 0xb400007dab054c00 | 0100 | RGBA_8888    |    0.0    0.0  720.0   90.0 |    0 1510  720 1600 | NavigationBar0$_1902#91
05-12 21:28:09.025   899   899 D SurfaceFlinger:      DEVICE | 0xb400007dab056280 | 0108 | RGBA_8888    |    0.0    0.0  720.0 1600.0 |    0    0  720 1600 | $_1902#93
05-12 21:28:09.025   899   899 D SurfaceFlinger: 
05-12 21:28:09.029  1852 10882 W SQLiteLog: (28) double-quoted string literal: "com.example.audioanalyser"
05-12 21:28:09.031   824   824 D Zygote  : Forked child process 10912
05-12 21:28:09.032  1216  1260 I ActivityManager: Start proc 10912:com.samsung.klmsagent/u0a94 for content provider {com.samsung.klmsagent/com.samsung.klmsagent.database.LicenseAgentProvider}
05-12 21:28:09.049  1216  1403 D InputReader: Btn_touch(10): value=1 when=236021.172372
05-12 21:28:09.049  1216  1403 I InputReader: Touch event's action is 0x0 (id=2, t=0) [pCnt=1, s=0.19691 ] when=236021.172372
05-12 21:28:09.049  1216  1402 I InputDispatcher: Delivering touch to (1902): action: 0x4, f=0x0, d=0, '164c1a4', t=1 
05-12 21:28:09.050  1216  1402 I InputDispatcher: Delivering touch to (3121): action: 0x0, f=0x0, d=0, '7abd475', t=1 
05-12 21:28:09.051  1216  1216 I ConditionProviders: Disallowing condition provider com.example.audioanalyser (userSet: true)
05-12 21:28:09.051  1216  1248 I GestureDetector: obtain mCurrentDownEvent. id: 871427871 caller: com.android.server.wm.SystemGesturesPointerEventListener.onPointerEvent:203 com.android.server.wm.PointerEventDispatcher.onInputEvent:53 android.view.InputEventReceiver.dispatchInputEvent:285 
05-12 21:28:09.052  1216  1248 I GestureDetector: obtain mCurrentDownEvent. id: 871427871 caller: com.android.server.wm.SystemPerformancePointerEventListener.onPointerEvent:89 com.android.server.wm.PointerEventDispatcher.onInputEvent:53 android.view.InputEventReceiver.dispatchInputEvent:285 
05-12 21:28:09.064  1216  1801 D SemWifiSwitchForIndividualAppsService: isSkipNetworkCondition - result:1
05-12 21:28:09.075  1216  1216 D SettingsProvider: isChangeAllowed() : name = zen_mode_config_etag
05-12 21:28:09.078  1216  1216 D SettingsProvider: isChangeAllowed() : name = zen_mode
05-12 21:28:09.078  1216  1248 I GestureDetector: obtain mCurrentMotionEventRaw. action: 2 id: 303862408
05-12 21:28:09.078  1216  1248 I GestureDetector: obtain mCurrentMotionEventRaw. action: 2 id: 303862408
05-12 21:28:09.083  3121  3121 I ViewRootImpl@28fe587[MainActivity]: ViewPostIme pointer 0
05-12 21:28:09.084  3121  3121 I GestureDetector: obtain mCurrentDownEvent. id: 871427871 caller: androidx.core.view.GestureDetectorCompat.a:3 io.sentry.android.core.internal.gestures.SentryWindowCallback.handleTouchEvent:3 io.sentry.android.core.internal.gestures.SentryWindowCallback.dispatchTouchEvent:9 
05-12 21:28:09.085  3121  3121 I GestureDetector: obtain mCurrentMotionEventRaw. action: 2 id: 303862408
05-12 21:28:09.090  3121  3224 I DatabaseHost: SQL (Database Worker #1): insert into sync_requests (id, processor, method, page, content_id, content_type, parent_id, parent_type, last_try_at, will_retry, created_at, view_content_url, edit_content_url, errors, attributes, payload, lock_name) values (?, ?, ?, ?, ?, ?, ?, ?, ?, ?, ?, ?, ?, ?, ?, ?, ?)
05-12 21:28:09.091   875  2581 D AF::TrackHandle: OpPlayAudio: track:1449 usage:13 not muted
05-12 21:28:09.092   875  2581 D AF::TrackHandle: OpPlayAudio: track:1449 usage:13 not muted
05-12 21:28:09.091  1216  1216 D ConditionProviders.SCP: onScheduleEnabled : true
05-12 21:28:09.093   875  2581 D AF::TrackHandle: OpPlayAudio: track:1449 usage:13 not muted
05-12 21:28:09.093   875 28960 D AF::TrackHandle: OpPlayAudio: track:1460 usage:1 not muted
05-12 21:28:09.093   875  7596 D AF::TrackHandle: OpPlayAudio: track:666 usage:2 not muted
05-12 21:28:09.093   875  2581 D AF::TrackHandle: OpPlayAudio: track:1449 usage:13 not muted
05-12 21:28:09.094   875  2581 D AF::TrackHandle: OpPlayAudio: track:1449 usage:13 not muted
05-12 21:28:09.094  1216  1216 D ConditionProviders.SCP: onScheduleEnabled : true
05-12 21:28:09.095   875  2581 D AF::TrackHandle: OpPlayAudio: track:1449 usage:13 not muted
05-12 21:28:09.095  1216  1216 D ConditionProviders.SCP: onScheduleEnabled : true
05-12 21:28:09.095   875  2581 D AF::TrackHandle: OpPlayAudio: track:1449 usage:13 not muted
05-12 21:28:09.096   875  2581 D AF::TrackHandle: OpPlayAudio: track:1449 usage:13 not muted
05-12 21:28:09.096   875  2581 D AF::TrackHandle: OpPlayAudio: track:1449 usage:13 not muted
05-12 21:28:09.097   875 28960 D AF::TrackHandle: OpPlayAudio: track:1460 usage:1 not muted
05-12 21:28:09.097   875  2581 D AF::TrackHandle: OpPlayAudio: track:1449 usage:13 not muted
05-12 21:28:09.097   875 28960 D AF::TrackHandle: OpPlayAudio: track:1460 usage:1 not muted
05-12 21:28:09.098   875  1906 D AF::TrackHandle: OpPlayAudio: track:1311 usage:13 not muted
05-12 21:28:09.098   875  1906 D AF::TrackHandle: OpPlayAudio: track:1311 usage:13 not muted
05-12 21:28:09.098   875   875 D AF::TrackHandle: OpPlayAudio: track:453 usage:3 not muted
05-12 21:28:09.099   875  2581 D AF::TrackHandle: OpPlayAudio: track:1449 usage:13 not muted
05-12 21:28:09.099   875   875 D AF::TrackHandle: OpPlayAudio: track:453 usage:3 not muted
05-12 21:28:09.099   875  2581 D AF::TrackHandle: OpPlayAudio: track:1449 usage:13 not muted
05-12 21:28:09.100   875   875 D AF::TrackHandle: OpPlayAudio: track:453 usage:3 not muted
05-12 21:28:09.100   875  2581 D AF::TrackHandle: OpPlayAudio: track:1449 usage:13 not muted
05-12 21:28:09.100   875  2581 D AF::TrackHandle: OpPlayAudio: track:1449 usage:13 not muted
05-12 21:28:09.101   875 14054 D AF::TrackHandle: OpPlayAudio: track:1227 usage:13 not muted
05-12 21:28:09.101   875   875 D AF::TrackHandle: OpPlayAudio: track:453 usage:3 not muted
05-12 21:28:09.102   875  1906 D AF::TrackHandle: OpPlayAudio: track:1311 usage:13 not muted
05-12 21:28:09.102   875   875 D AF::TrackHandle: OpPlayAudio: track:453 usage:3 not muted
05-12 21:28:09.102   875 14054 D AF::TrackHandle: OpPlayAudio: track:1227 usage:13 not muted
05-12 21:28:09.103   875   875 D AF::TrackHandle: OpPlayAudio: track:453 usage:3 not muted
05-12 21:28:09.103   875  1906 D AF::TrackHandle: OpPlayAudio: track:1311 usage:13 not muted
05-12 21:28:09.103   875 23508 D AF::TrackHandle: OpPlayAudio: track:454 usage:2 not muted
05-12 21:28:09.104   875  1051 D AF::TrackHandle: OpPlayAudio: track:1323 usage:13 not muted
05-12 21:28:09.104   875 23508 D AF::TrackHandle: OpPlayAudio: track:454 usage:2 not muted
05-12 21:28:09.104   875 20093 D AF::TrackHandle: OpPlayAudio: track:1443 usage:13 not muted
05-12 21:28:09.105   875 23508 D AF::TrackHandle: OpPlayAudio: track:454 usage:2 not muted
05-12 21:28:09.105   875  1051 D AF::TrackHandle: OpPlayAudio: track:1323 usage:13 not muted
05-12 21:28:09.105   875  1906 D AF::TrackHandle: OpPlayAudio: track:1311 usage:13 not muted
05-12 21:28:09.105   875 23508 D AF::TrackHandle: OpPlayAudio: track:454 usage:2 not muted
05-12 21:28:09.105   875  1906 D AF::TrackHandle: OpPlayAudio: track:1311 usage:13 not muted
05-12 21:28:09.106   875  4829 D AF::TrackHandle: OpPlayAudio: track:1113 usage:5 not muted
05-12 21:28:09.106   875  2583 D AF::TrackHandle: OpPlayAudio: track:1227 usage:13 not muted
05-12 21:28:09.106   875  1906 D AF::TrackHandle: OpPlayAudio: track:1311 usage:13 not muted
05-12 21:28:09.107   899   899 D SurfaceFlinger: Display 0 HWC layers:
05-12 21:28:09.107   899   899 D SurfaceFlinger:      DEVICE | 0xb400007daaa71c80 | 0102 | RGBA_8888    |    0.0    0.0  720.0 1600.0 |    0    0  720 1600 | SurfaceView[com.sirma.mobile.bible.a[...]ble.app.MainActivity]@0(BLAST)#27921
05-12 21:28:09.107   899   899 D SurfaceFlinger:      DEVICE | 0xb400007daab55600 | 0100 | RGBA_8888    |    0.0    0.0  720.0 1600.0 |    0    0  720 1600 | com.sirma.mobile.bible.android/youversion.bible.app.MainActivity$_3121#27916
05-12 21:28:09.107   899   899 D SurfaceFlinger:      DEVICE | 0xb400007dab054a80 | 0100 | RGBA_8888    |    0.0    0.0  720.0   45.0 |    0    0  720   45 | StatusBar$_1902#97
05-12 21:28:09.107   899   899 D SurfaceFlinger:      DEVICE | 0xb400007dab054c00 | 0100 | RGBA_8888    |    0.0    0.0  720.0   90.0 |    0 1510  720 1600 | NavigationBar0$_1902#91
05-12 21:28:09.107   899   899 D SurfaceFlinger:      DEVICE | 0xb400007dab056280 | 0108 | RGBA_8888    |    0.0    0.0  720.0 1600.0 |    0    0  720 1600 | $_1902#93
05-12 21:28:09.107   899   899 D SurfaceFlinger: 
05-12 21:28:09.107   875  1050 D AF::TrackHandle: OpPlayAudio: track:1047 usage:6 not muted
05-12 21:28:09.107   875  1906 D AF::TrackHandle: OpPlayAudio: track:1311 usage:13 not muted
05-12 21:28:09.107   875 23508 D AF::TrackHandle: OpPlayAudio: track:454 usage:2 not muted
05-12 21:28:09.107   875  1050 D AF::TrackHandle: OpPlayAudio: track:1047 usage:6 not muted
05-12 21:28:09.108   875  1051 D AF::TrackHandle: OpPlayAudio: track:1323 usage:13 not muted
05-12 21:28:09.107   875  2583 D AF::TrackHandle: OpPlayAudio: track:1227 usage:13 not muted
05-12 21:28:09.108   875  1051 D AF::TrackHandle: OpPlayAudio: track:1323 usage:13 not muted
05-12 21:28:09.109   875  1050 D AF::TrackHandle: OpPlayAudio: track:1047 usage:6 not muted
05-12 21:28:09.109   875  1051 D AF::TrackHandle: OpPlayAudio: track:1323 usage:13 not muted
05-12 21:28:09.110  3121  3227 I DatabaseHost: SQL (Database Worker #3): select obj from dataman_events2 where (isResolved = ?) order by created asc limit 50
05-12 21:28:09.110   875  1051 D AF::TrackHandle: OpPlayAudio: track:1047 usage:6 not muted
05-12 21:28:09.111   875  1906 D AF::TrackHandle: OpPlayAudio: track:1311 usage:13 not muted
05-12 21:28:09.112   875  9298 D AF::TrackHandle: OpPlayAudio: track:1323 usage:13 not muted
05-12 21:28:09.112  3121  8394 V DatabaseHost: All database workers are busy, queuing transaction (4/4).
05-12 21:28:09.112  3121  8394 V DatabaseHost: 	******* TYPE: Database Worker #0 -> EXECUTE
05-12 21:28:09.112  3121  8394 V DatabaseHost: 		 select r.id, r.processor, r.page, r.method, r.content_id, r.content_type, r.parent_id, r.parent_type, r.last_try_at, r.will_retry, r.created_at, r.view_content_url, r.edit_content_url, r.errors, r.attributes, ss.state, r.lock_name from sync_requests as r left join sync_states as ss on (r.content_type = ss.content_type and r.content_id = ss.content_id) order by r.created_at asc
05-12 21:28:09.112  3121  8394 V DatabaseHost: 	******* TYPE: Database Worker #1 -> EXECUTE
05-12 21:28:09.112  3121  8394 V DatabaseHost: 		 insert into sync_requests (id, processor, method, page, content_id, content_type, parent_id, parent_type, last_try_at, will_retry, created_at, view_content_url, edit_content_url, errors, attributes, payload, lock_name) values (?, ?, ?, ?, ?, ?, ?, ?, ?, ?, ?, ?, ?, ?, ?, ?, ?)
05-12 21:28:09.112   875  1906 D AF::TrackHandle: OpPlayAudio: track:1311 usage:13 not muted
05-12 21:28:09.112  3121  8394 V DatabaseHost: 	******* TYPE: Database Worker #2 -> COMMIT
05-12 21:28:09.112  3121  8394 V DatabaseHost: 	******* TYPE: Database Worker #3 -> EXECUTE
05-12 21:28:09.112  3121  8394 V DatabaseHost: 		 select obj from dataman_events2 where (isResolved = ?) order by created asc limit 50
05-12 21:28:09.113   875  1906 D AF::TrackHandle: OpPlayAudio: track:1311 usage:13 not muted
05-12 21:28:09.113   875  1051 D AF::TrackHandle: OpPlayAudio: track:1047 usage:6 not muted
05-12 21:28:09.113   875  1906 D AF::TrackHandle: OpPlayAudio: track:1311 usage:13 not muted
05-12 21:28:09.113   875  1051 D AF::TrackHandle: OpPlayAudio: track:1047 usage:6 not muted
05-12 21:28:09.113   875  1906 D AF::TrackHandle: OpPlayAudio: track:1311 usage:13 not muted
05-12 21:28:09.114   875  1051 D AF::TrackHandle: OpPlayAudio: track:1047 usage:6 not muted
05-12 21:28:09.114   875  1051 D AF::TrackHandle: OpPlayAudio: track:1047 usage:6 not muted
05-12 21:28:09.114   875  1050 D AF::TrackHandle: OpPlayAudio: track:1311 usage:13 not muted
05-12 21:28:09.114  3121  8420 V DatabaseHost: All database workers are busy, queuing transaction (4/4).
05-12 21:28:09.114  3121  8420 V DatabaseHost: 	******* TYPE: Database Worker #0 -> EXECUTE
05-12 21:28:09.114  3121  8420 V DatabaseHost: 		 select r.id, r.processor, r.page, r.method, r.content_id, r.content_type, r.parent_id, r.parent_type, r.last_try_at, r.will_retry, r.created_at, r.view_content_url, r.edit_content_url, r.errors, r.attributes, ss.state, r.lock_name from sync_requests as r left join sync_states as ss on (r.content_type = ss.content_type and r.content_id = ss.content_id) order by r.created_at asc
05-12 21:28:09.114  3121  8420 V DatabaseHost: 	******* TYPE: Database Worker #1 -> EXECUTE
05-12 21:28:09.114  3121  8420 V DatabaseHost: 		 insert into sync_requests (id, processor, method, page, content_id, content_type, parent_id, parent_type, last_try_at, will_retry, created_at, view_content_url, edit_content_url, errors, attributes, payload, lock_name) values (?, ?, ?, ?, ?, ?, ?, ?, ?, ?, ?, ?, ?, ?, ?, ?, ?)
05-12 21:28:09.114  3121  8420 V DatabaseHost: 	******* TYPE: Database Worker #2 -> COMMIT
05-12 21:28:09.114  3121  8420 V DatabaseHost: 	******* TYPE: Database Worker #3 -> EXECUTE
05-12 21:28:09.114  3121  8420 V DatabaseHost: 		 select obj from dataman_events2 where (isResolved = ?) order by created asc limit 50
05-12 21:28:09.114   875  9298 D AF::TrackHandle: OpPlayAudio: track:1323 usage:13 not muted
05-12 21:28:09.115   875  4829 D AF::TrackHandle: OpPlayAudio: track:1113 usage:5 not muted
05-12 21:28:09.115   875  9298 D AF::TrackHandle: OpPlayAudio: track:1323 usage:13 not muted
05-12 21:28:09.115   875  4829 D AF::TrackHandle: OpPlayAudio: track:1113 usage:5 not muted
05-12 21:28:09.115   875  9298 D AF::TrackHandle: OpPlayAudio: track:1323 usage:13 not muted
05-12 21:28:09.116   875  4829 D AF::TrackHandle: OpPlayAudio: track:1113 usage:5 not muted
05-12 21:28:09.116   875  9298 D AF::TrackHandle: OpPlayAudio: track:1323 usage:13 not muted
05-12 21:28:09.116   875  4829 D AF::TrackHandle: OpPlayAudio: track:1113 usage:5 not muted
05-12 21:28:09.117   875  9298 D AF::TrackHandle: OpPlayAudio: track:1323 usage:13 not muted
05-12 21:28:09.117   875  4829 D AF::TrackHandle: OpPlayAudio: track:1113 usage:5 not muted
05-12 21:28:09.117  3121  8420 V DatabaseHost: All database workers are busy, queuing transaction (4/4).
05-12 21:28:09.117  3121  8420 V DatabaseHost: 	******* TYPE: Database Worker #0 -> EXECUTE
05-12 21:28:09.117  3121  8420 V DatabaseHost: 		 select r.id, r.processor, r.page, r.method, r.content_id, r.content_type, r.parent_id, r.parent_type, r.last_try_at, r.will_retry, r.created_at, r.view_content_url, r.edit_content_url, r.errors, r.attributes, ss.state, r.lock_name from sync_requests as r left join sync_states as ss on (r.content_type = ss.content_type and r.content_id = ss.content_id) order by r.created_at asc
05-12 21:28:09.117  3121  8420 V DatabaseHost: 	******* TYPE: Database Worker #1 -> EXECUTE
05-12 21:28:09.117  3121  8420 V DatabaseHost: 		 insert into sync_requests (id, processor, method, page, content_id, content_type, parent_id, parent_type, last_try_at, will_retry, created_at, view_content_url, edit_content_url, errors, attributes, payload, lock_name) values (?, ?, ?, ?, ?, ?, ?, ?, ?, ?, ?, ?, ?, ?, ?, ?, ?)
05-12 21:28:09.117  3121  8420 V DatabaseHost: 	******* TYPE: Database Worker #2 -> COMMIT
05-12 21:28:09.117  3121  8420 V DatabaseHost: 	******* TYPE: Database Worker #3 -> EXECUTE
05-12 21:28:09.117  3121  8420 V DatabaseHost: 		 select obj from dataman_events2 where (isResolved = ?) order by created asc limit 50
05-12 21:28:09.117 10912 10912 I msung.klmsagent: Using CollectorTypeCC GC.
05-12 21:28:09.118   875  9298 D AF::TrackHandle: OpPlayAudio: track:1113 usage:5 not muted
05-12 21:28:09.118   875  1050 D AF::TrackHandle: OpPlayAudio: track:1323 usage:13 not muted
05-12 21:28:09.119   875  9298 D AF::TrackHandle: OpPlayAudio: track:1113 usage:5 not muted
05-12 21:28:09.119   875  1051 D AF::TrackHandle: OpPlayAudio: track:1047 usage:6 not muted
05-12 21:28:09.119   875  9298 D AF::TrackHandle: OpPlayAudio: track:1113 usage:5 not muted
05-12 21:28:09.119   875  2583 D AF::TrackHandle: OpPlayAudio: track:1227 usage:13 not muted
05-12 21:28:09.119   875 23508 D AF::TrackHandle: OpPlayAudio: track:454 usage:2 not muted
05-12 21:28:09.121   875  9298 D AF::TrackHandle: OpPlayAudio: track:1113 usage:5 not muted
05-12 21:28:09.121   875 16970 D AF::TrackHandle: OpPlayAudio: track:1323 usage:13 not muted
05-12 21:28:09.121   875  1051 D AF::TrackHandle: OpPlayAudio: track:1047 usage:6 not muted
05-12 21:28:09.122   875 20093 D AF::TrackHandle: OpPlayAudio: track:1443 usage:13 not muted
05-12 21:28:09.122   875 28960 D AF::TrackHandle: OpPlayAudio: track:1460 usage:1 not muted
05-12 21:28:09.123   875 20093 D AF::TrackHandle: OpPlayAudio: track:1443 usage:13 not muted
05-12 21:28:09.123   875 20093 D AF::TrackHandle: OpPlayAudio: track:1443 usage:13 not muted
05-12 21:28:09.123   875 28960 D AF::TrackHandle: OpPlayAudio: track:1460 usage:1 not muted
05-12 21:28:09.124   875 20093 D AF::TrackHandle: OpPlayAudio: track:1443 usage:13 not muted
05-12 21:28:09.124   875  9298 D AF::TrackHandle: OpPlayAudio: track:1460 usage:1 not muted
05-12 21:28:09.124   875  9298 D AF::TrackHandle: OpPlayAudio: track:1460 usage:1 not muted
05-12 21:28:09.124   875 20093 D AF::TrackHandle: OpPlayAudio: track:1443 usage:13 not muted
05-12 21:28:09.125   899   899 D SurfaceFlinger: Display 0 HWC layers:
05-12 21:28:09.125   899   899 D SurfaceFlinger:      DEVICE | 0xb400007daab55d80 | 0102 | RGBA_8888    |    0.0    0.0  720.0 1600.0 |    0    0  720 1600 | SurfaceView[com.sirma.mobile.bible.a[...]ble.app.MainActivity]@0(BLAST)#27921
05-12 21:28:09.125   899   899 D SurfaceFlinger:      DEVICE | 0xb400007daab55600 | 0100 | RGBA_8888    |    0.0    0.0  720.0 1600.0 |    0    0  720 1600 | com.sirma.mobile.bible.android/youversion.bible.app.MainActivity$_3121#27916
05-12 21:28:09.125   899   899 D SurfaceFlinger:      DEVICE | 0xb400007dab054a80 | 0100 | RGBA_8888    |    0.0    0.0  720.0   45.0 |    0    0  720   45 | StatusBar$_1902#97
05-12 21:28:09.125   899   899 D SurfaceFlinger:      DEVICE | 0xb400007dab054c00 | 0100 | RGBA_8888    |    0.0    0.0  720.0   90.0 |    0 1510  720 1600 | NavigationBar0$_1902#91
05-12 21:28:09.125   899   899 D SurfaceFlinger:      DEVICE | 0xb400007dab056280 | 0108 | RGBA_8888    |    0.0    0.0  720.0 1600.0 |    0    0  720 1600 | $_1902#93
05-12 21:28:09.125   899   899 D SurfaceFlinger: 
05-12 21:28:09.125   875  7596 D AF::TrackHandle: OpPlayAudio: track:666 usage:2 not muted
05-12 21:28:09.125   875 20093 D AF::TrackHandle: OpPlayAudio: track:1443 usage:13 not muted
05-12 21:28:09.125   875  7596 D AF::TrackHandle: OpPlayAudio: track:666 usage:2 not muted
05-12 21:28:09.125   875 20094 D AF::TrackHandle: OpPlayAudio: track:1323 usage:13 not muted
05-12 21:28:09.125   875  4829 D AF::TrackHandle: OpPlayAudio: track:1311 usage:13 not muted
05-12 21:28:09.126   875  9298 D AF::TrackHandle: OpPlayAudio: track:1460 usage:1 not muted
05-12 21:28:09.126   875   875 D AF::TrackHandle: OpPlayAudio: track:453 usage:3 not muted
05-12 21:28:09.127   875  9298 D AF::TrackHandle: OpPlayAudio: track:1460 usage:1 not muted
05-12 21:28:09.127   875  7596 D AF::TrackHandle: OpPlayAudio: track:666 usage:2 not muted
05-12 21:28:09.127   875  4829 D AF::TrackHandle: OpPlayAudio: track:453 usage:3 not muted
05-12 21:28:09.127   875 20093 D AF::TrackHandle: OpPlayAudio: track:1443 usage:13 not muted
05-12 21:28:09.127   875  9298 D AF::TrackHandle: OpPlayAudio: track:1460 usage:1 not muted
05-12 21:28:09.127   875  1051 D AF::TrackHandle: OpPlayAudio: track:1047 usage:6 not muted
05-12 21:28:09.127   875 20093 D AF::TrackHandle: OpPlayAudio: track:1443 usage:13 not muted
05-12 21:28:09.128   875  9298 D AF::TrackHandle: OpPlayAudio: track:1460 usage:1 not muted
05-12 21:28:09.128   875 20093 D AF::TrackHandle: OpPlayAudio: track:1047 usage:6 not muted
05-12 21:28:09.128   875  9298 D AF::TrackHandle: OpPlayAudio: track:1460 usage:1 not muted
05-12 21:28:09.128   875 19126 D AF::TrackHandle: OpPlayAudio: track:1443 usage:13 not muted
05-12 21:28:09.128   875 20093 D AF::TrackHandle: OpPlayAudio: track:1047 usage:6 not muted
05-12 21:28:09.129   875  9298 D AF::TrackHandle: OpPlayAudio: track:1460 usage:1 not muted
05-12 21:28:09.129   875 20093 D AF::TrackHandle: OpPlayAudio: track:1047 usage:6 not muted
05-12 21:28:09.129   875  9298 D AF::TrackHandle: OpPlayAudio: track:1460 usage:1 not muted
05-12 21:28:09.129   875 19126 D AF::TrackHandle: OpPlayAudio: track:1443 usage:13 not muted
05-12 21:28:09.129   875  4829 D AF::TrackHandle: OpPlayAudio: track:453 usage:3 not muted
05-12 21:28:09.130   875  4829 D AF::TrackHandle: OpPlayAudio: track:453 usage:3 not muted
05-12 21:28:09.130   875 23508 D AF::TrackHandle: OpPlayAudio: track:454 usage:2 not muted
05-12 21:28:09.130   875  4829 D AF::TrackHandle: OpPlayAudio: track:453 usage:3 not muted
05-12 21:28:09.130   875 23508 D AF::TrackHandle: OpPlayAudio: track:454 usage:2 not muted
05-12 21:28:09.131   875  4829 D AF::TrackHandle: OpPlayAudio: track:453 usage:3 not muted
05-12 21:28:09.131   875 14054 D AF::TrackHandle: OpPlayAudio: track:1449 usage:13 not muted
05-12 21:28:09.131   875  4829 D AF::TrackHandle: OpPlayAudio: track:453 usage:3 not muted
05-12 21:28:09.132   875  7596 D AF::TrackHandle: OpPlayAudio: track:666 usage:2 not muted
05-12 21:28:09.132  1216  1403 D InputReader: Btn_touch(10): value=0 when=236021.255456
05-12 21:28:09.132  1216  1403 I InputReader: Touch event's action is 0x1 (id=2, t=0) [pCnt=1, s=] when=236021.255456
05-12 21:28:09.132   875  4829 D AF::TrackHandle: OpPlayAudio: track:453 usage:3 not muted
05-12 21:28:09.132   875  2583 D AF::TrackHandle: OpPlayAudio: track:1227 usage:13 not muted
05-12 21:28:09.132   875 19126 D AF::TrackHandle: OpPlayAudio: track:1443 usage:13 not muted
05-12 21:28:09.132  1216  1402 I InputDispatcher: Delivering touch to (3121): action: 0x1, f=0x0, d=0, '7abd475', t=1 
05-12 21:28:09.133   875 16970 D AF::TrackHandle: OpPlayAudio: track:1113 usage:5 not muted
05-12 21:28:09.133   875  1906 D AF::TrackHandle: OpPlayAudio: track:454 usage:2 not muted
05-12 21:28:09.134   875  1906 D AF::TrackHandle: OpPlayAudio: track:454 usage:2 not muted
05-12 21:28:09.134   875 16970 D AF::TrackHandle: OpPlayAudio: track:1113 usage:5 not muted
05-12 21:28:09.134   875   875 D AF::TrackHandle: OpPlayAudio: track:1323 usage:13 not muted
05-12 21:28:09.134   875  1906 D AF::TrackHandle: OpPlayAudio: track:454 usage:2 not muted
05-12 21:28:09.135   875 14054 D AF::TrackHandle: OpPlayAudio: track:1460 usage:1 not muted
05-12 21:28:09.135   875 16970 D AF::TrackHandle: OpPlayAudio: track:1113 usage:5 not muted
05-12 21:28:09.135   875   875 D AF::TrackHandle: OpPlayAudio: track:454 usage:2 not muted
05-12 21:28:09.135   875  4829 D AF::TrackHandle: OpPlayAudio: track:1047 usage:6 not muted
05-12 21:28:09.135   875 16970 D AF::TrackHandle: OpPlayAudio: track:1113 usage:5 not muted
05-12 21:28:09.135   875  1906 D AF::TrackHandle: OpPlayAudio: track:1449 usage:13 not muted
05-12 21:28:09.135   875  7596 D AF::TrackHandle: OpPlayAudio: track:666 usage:2 not muted
05-12 21:28:09.136   875  9298 D AF::TrackHandle: OpPlayAudio: track:1311 usage:13 not muted
05-12 21:28:09.136   875 16970 D AF::TrackHandle: OpPlayAudio: track:1113 usage:5 not muted
05-12 21:28:09.136   875 14054 D AF::TrackHandle: OpPlayAudio: track:454 usage:2 not muted
05-12 21:28:09.136   875  4829 D AF::TrackHandle: OpPlayAudio: track:1460 usage:1 not muted
05-12 21:28:09.136   875 19126 D AF::TrackHandle: OpPlayAudio: track:1443 usage:13 not muted
05-12 21:28:09.136   875  2583 D AF::TrackHandle: OpPlayAudio: track:1227 usage:13 not muted
05-12 21:28:09.136   875  2581 D AF::TrackHandle: OpPlayAudio: track:453 usage:3 not muted
05-12 21:28:09.137   875 14054 D AF::TrackHandle: OpPlayAudio: track:454 usage:2 not muted
05-12 21:28:09.138   875 14054 D AF::TrackHandle: OpPlayAudio: track:454 usage:2 not muted
05-12 21:28:09.138   875 14054 D AF::TrackHandle: OpPlayAudio: track:454 usage:2 not muted
05-12 21:28:09.139  3121  3121 I ViewRootImpl@28fe587[MainActivity]: ViewPostIme pointer 1
05-12 21:28:09.139   875 19126 D AF::TrackHandle: OpPlayAudio: track:1443 usage:13 not muted
05-12 21:28:09.140   875 19126 D AF::TrackHandle: OpPlayAudio: track:1443 usage:13 not muted
05-12 21:28:09.141   875  1051 D AF::TrackHandle: OpPlayAudio: track:1227 usage:13 not muted
05-12 21:28:09.142  1216  1247 W Looper  : Slow dispatch took 197ms android.fg h=android.os.Handler c=<recycled PooledLambda@a596349> m=0
05-12 21:28:09.142   875  1051 D AF::TrackHandle: OpPlayAudio: track:1227 usage:13 not muted
05-12 21:28:09.142   875  2581 D AF::TrackHandle: OpPlayAudio: track:453 usage:3 not muted
05-12 21:28:09.142   875 19126 D AF::TrackHandle: OpPlayAudio: track:1443 usage:13 not muted
05-12 21:28:09.143   875  1051 D AF::TrackHandle: OpPlayAudio: track:1227 usage:13 not muted
05-12 21:28:09.144   875  1906 D AF::TrackHandle: OpPlayAudio: track:1047 usage:6 not muted
05-12 21:28:09.144   875  1051 D AF::TrackHandle: OpPlayAudio: track:1227 usage:13 not muted
05-12 21:28:09.145   875  1051 D AF::TrackHandle: OpPlayAudio: track:1227 usage:13 not muted
05-12 21:28:09.145   875  1051 D AF::TrackHandle: OpPlayAudio: track:1227 usage:13 not muted
05-12 21:28:09.146   875  1051 D AF::TrackHandle: OpPlayAudio: track:1227 usage:13 not muted
05-12 21:28:09.146   875  7596 D AF::TrackHandle: OpPlayAudio: track:666 usage:2 not muted
05-12 21:28:09.146  1216  1216 W Looper  : Drained
05-12 21:28:09.146   875  1051 D AF::TrackHandle: OpPlayAudio: track:1227 usage:13 not muted
05-12 21:28:09.147   875 16970 D AF::TrackHandle: OpPlayAudio: track:1113 usage:5 not muted
05-12 21:28:09.148   875  1051 D AF::TrackHandle: OpPlayAudio: track:1227 usage:13 not muted
05-12 21:28:09.152   875  7596 D AF::TrackHandle: OpPlayAudio: track:666 usage:2 not muted
05-12 21:28:09.152 10912 10912 D nativeloader: Load libframework-connectivity-tiramisu-jni.so using APEX ns com_android_tethering for caller /apex/com.android.tethering/javalib/framework-connectivity-t.jar: ok
05-12 21:28:09.148   875  9298 D AF::TrackHandle: OpPlayAudio: track:1323 usage:13 not muted
05-12 21:28:09.152   875  7596 D AF::TrackHandle: OpPlayAudio: track:666 usage:2 not muted
05-12 21:28:09.153   875  7596 D AF::TrackHandle: OpPlayAudio: track:666 usage:2 not muted
05-12 21:28:09.153 10870 10870 D nativeloader: Configuring clns-shared-5 for other apk /system/app/KeyChain/KeyChain.apk. target_sdk_version=33, uses_libraries=, library_path=/system/app/KeyChain/lib/arm64:/system/app/KeyChain/KeyChain.apk!/lib/arm64-v8a:/system/lib64:/system/system_ext/lib64, permitted_path=/data:/mnt/expand:/data/user/0/com.android.keychain:/system/app/KeyChain:/system/lib64:/system/system_ext/lib64
05-12 21:28:09.154   875  7596 D AF::TrackHandle: OpPlayAudio: track:666 usage:2 not muted
05-12 21:28:09.156  3121  3226 I DatabaseHost: SQL (Database Worker #2): select r.id, r.processor, r.page, r.method, r.content_id, r.content_type, r.parent_id, r.parent_type, r.last_try_at, r.will_retry, r.created_at, r.view_content_url, r.edit_content_url, r.errors, r.attributes, ss.state, r.lock_name from sync_requests as r left join sync_states as ss on (r.content_type = ss.content_type and r.content_id = ss.content_id) order by r.created_at asc
05-12 21:28:09.159   875  7596 D AF::TrackHandle: OpPlayAudio: track:666 usage:2 not muted
05-12 21:28:09.160 10912 10912 D ActivityThread: setConscryptValidator
05-12 21:28:09.161 10912 10912 D ActivityThread: setConscryptValidator - put
05-12 21:28:09.161   875  7596 D AF::TrackHandle: OpPlayAudio: track:666 usage:2 not muted
05-12 21:28:09.164  1216  1234 I system_server: Background young concurrent copying GC freed 23MB AllocSpace bytes, 23(1232KB) LOS objects, 4% free, 151MB/158MB, paused 3.946ms,3.873ms total 660.509ms
05-12 21:28:09.164   875  7596 D AF::TrackHandle: OpPlayAudio: track:666 usage:2 not muted
05-12 21:28:09.164  3121  3223 I DatabaseHost: SQL (Database Worker #0): select obj from plan_subscriptions where (subscription_id = ?)
05-12 21:28:09.165   875  7596 D AF::TrackHandle: OpPlayAudio: track:666 usage:2 not muted
05-12 21:28:09.165   875  7596 D AF::TrackHandle: OpPlayAudio: track:666 usage:2 not muted
05-12 21:28:09.170 10870 10870 D nativeloader: Load libframework-connectivity-jni.so using APEX ns com_android_tethering for caller /apex/com.android.tethering/javalib/framework-connectivity.jar: ok
05-12 21:28:09.171  3121  3224 I DatabaseHost: SQL (Database Worker #1): select obj from plan_subscriptions where (subscription_id = ?)
05-12 21:28:09.174  3121  8420 V DatabaseHost: All database workers are busy, queuing transaction (4/4).
05-12 21:28:09.174  3121  8420 V DatabaseHost: 	******* TYPE: Database Worker #0 -> EXECUTE
05-12 21:28:09.174  3121  8420 V DatabaseHost: 		 select obj from plan_subscriptions where (subscription_id = ?)
05-12 21:28:09.174  3121  8420 V DatabaseHost: 	******* TYPE: Database Worker #1 -> EXECUTE
05-12 21:28:09.174  3121  8420 V DatabaseHost: 		 select obj from plan_subscriptions where (subscription_id = ?)
05-12 21:28:09.174  3121  8420 V DatabaseHost: 	******* TYPE: Database Worker #2 -> EXECUTE
05-12 21:28:09.174  3121  8420 V DatabaseHost: 		 select r.id, r.processor, r.page, r.method, r.content_id, r.content_type, r.parent_id, r.parent_type, r.last_try_at, r.will_retry, r.created_at, r.view_content_url, r.edit_content_url, r.errors, r.attributes, ss.state, r.lock_name from sync_requests as r left join sync_states as ss on (r.content_type = ss.content_type and r.content_id = ss.content_id) order by r.created_at asc
05-12 21:28:09.174  3121  8420 V DatabaseHost: 	******* TYPE: Database Worker #3 -> EXECUTE
05-12 21:28:09.174  3121  8420 V DatabaseHost: 		 select obj from dataman_events2 where (isResolved = ?) order by created asc limit 50
05-12 21:28:09.175  3121  3227 I DatabaseHost: SQL (Database Worker #3): select obj from plan_subscriptions order by api_order asc
05-12 21:28:09.178   899   899 D SurfaceFlinger: Display 0 HWC layers:
