05-12 21:29:40.455  1216  1238 V WindowManager:   fitSides= screenDimDuration=200000 naviIconColor=0}
05-12 21:29:40.457  2335  2335 I ViewRootImpl@6dc6262[LauncherActivity]: updateBlastSurfaceIfNeeded mBlastBufferQueue=null isSameSurfaceControl=false
05-12 21:29:40.458  2335  2335 I BLASTBufferQueue: new BLASTBufferQueue, mName= ViewRootImpl@6dc6262[LauncherActivity] mNativeObject= 0xb400007becf1ba00 sc.mNativeObject= 0xb400007bf32c6640 caller= android.view.ViewRootImpl.updateBlastSurfaceIfNeeded:2909 android.view.ViewRootImpl.relayoutWindow:9847 android.view.ViewRootImpl.performTraversals:3884 android.view.ViewRootImpl.doTraversal:3116 android.view.ViewRootImpl$TraversalRunnable.run:10885 android.view.Choreographer$CallbackRecord.run:1301 android.view.Choreographer$CallbackRecord.run:1309 android.view.Choreographer.doCallbacks:923 android.view.Choreographer.doFrame:852 android.view.Choreographer$FrameDisplayEventReceiver.run:1283 
05-12 21:29:40.458  2335  2335 I BLASTBufferQueue: update, w= 720 h= 1600 mName = ViewRootImpl@6dc6262[LauncherActivity] mNativeObject= 0xb400007becf1ba00 sc.mNativeObject= 0xb400007bf32c6640 format= -2 caller= android.graphics.BLASTBufferQueue.<init>:84 android.view.ViewRootImpl.updateBlastSurfaceIfNeeded:2909 android.view.ViewRootImpl.relayoutWindow:9847 android.view.ViewRootImpl.performTraversals:3884 android.view.ViewRootImpl.doTraversal:3116 android.view.ViewRootImpl$TraversalRunnable.run:10885 
05-12 21:29:40.459  2335  2335 I ViewRootImpl@6dc6262[LauncherActivity]: Relayout returned: old=(0,0,720,1600) new=(0,0,720,1600) req=(720,1600)0 dur=15 res=0x3 s={true 0xb400007becae2000} ch=true seqId=0
05-12 21:29:40.459  2335  2335 I ViewRootImpl@6dc6262[LauncherActivity]: mThreadedRenderer.initialize() mSurface={isValid=true 0xb400007becae2000} hwInitialized=true
05-12 21:29:40.460  2335  2335 I ViewRootImpl@6dc6262[LauncherActivity]: reportNextDraw android.view.ViewRootImpl.performTraversals:4438 android.view.ViewRootImpl.doTraversal:3116 android.view.ViewRootImpl$TraversalRunnable.run:10885 android.view.Choreographer$CallbackRecord.run:1301 android.view.Choreographer$CallbackRecord.run:1309 
05-12 21:29:40.460  2335  2335 I ViewRootImpl@6dc6262[LauncherActivity]: Setup new sync id=487
05-12 21:29:40.460  2335  2335 I ViewRootImpl@6dc6262[LauncherActivity]: Setting syncFrameCallback
05-12 21:29:40.460  2335  2335 I ViewRootImpl@6dc6262[LauncherActivity]: registerCallbacksForSync syncBuffer=false
05-12 21:29:40.461   899   899 I Layer   : id=27946 removeFromCurrentState Surface(name=36f295d StatusBar)/@0x965b2a0 - animation-leash of insets_animation#27946 (121)
05-12 21:29:40.461   899   899 I Layer   : id=85 removeFromCurrentState 36f295d StatusBar#85 (121)
05-12 21:29:40.461   899   899 I Layer   : id=97 removeFromCurrentState StatusBar$_1902#97 (121)
05-12 21:29:40.462   899   899 I Layer   : id=85 addToCurrentState 36f295d StatusBar#85 (121)
05-12 21:29:40.462   899   899 I Layer   : id=97 addToCurrentState StatusBar$_1902#97 (121)
05-12 21:29:40.462   899   899 I Layer   : id=27947 removeFromCurrentState Surface(name=164c1a4 NavigationBar0)/@0xccfb9d1 - animation-leash of insets_animation#27947 (121)
05-12 21:29:40.462   899   899 I SurfaceFlinger: id=27946 Removed Surface(name=36f295d StatusBar)/@0x965b2a0 - animation-leash of insets_animation#27946 (121)
05-12 21:29:40.462   899   899 I SurfaceFlinger: id=27947 Removed Surface(name=164c1a4 NavigationBar0)/@0xccfb9d1 - animation-leash of insets_animation#27947 (121)
05-12 21:29:40.462   899   899 I Layer   : id=27946 Destroyed Surface(name=36f295d StatusBar)/@0x965b2a0 - animation-leash of insets_animation#27946
05-12 21:29:40.462   899   899 I Layer   : id=27947 Destroyed Surface(name=164c1a4 NavigationBar0)/@0xccfb9d1 - animation-leash of insets_animation#27947
05-12 21:29:40.465  1216  2724 D SGM:GameManager: identifyGamePackage. com.sec.android.app.launcher, mCurrentUserId: 0, callerUserId: 0, callingMethodInfo: com.samsung.android.game.IGameManagerService$Stub.onTransact(IGameManagerService.java:233)
05-12 21:29:40.466  1216  2724 D SGM:PkgDataHelper: getGamePkgData(). com.sec.android.app.launcher
05-12 21:29:40.467  8957  9246 I Rubin   : [1886] ga.e.m(SourceFile:6) : isSatisfiedByCmh is false
05-12 21:29:40.469   899   899 D SurfaceFlinger: Display 0 HWC layers:
05-12 21:29:40.469   899   899 D SurfaceFlinger:      DEVICE | 0xb400007dab054a80 | 0100 | RGBA_8888    |    0.0    0.0  720.0   45.0 |    0    0  720   45 | StatusBar$_1902#97
05-12 21:29:40.469   899   899 D SurfaceFlinger:      DEVICE | 0xb400007dab055b00 | 0100 | RGBA_8888    |    0.0    0.0  720.0   90.0 |    0 1510  720 1600 | NavigationBar0$_1902#91
05-12 21:29:40.469   899   899 D SurfaceFlinger:      DEVICE | 0xb400007dab056280 | 0108 | RGBA_8888    |    0.0    0.0  720.0 1600.0 |    0    0  720 1600 | $_1902#93
05-12 21:29:40.469   899   899 D SurfaceFlinger: 
05-12 21:29:40.471  1216  3612 D CompatibilityChangeReporter: Compat change id reported: 135634846; UID 10194; state: DISABLED
05-12 21:29:40.471  1216  3612 D CompatibilityChangeReporter: Compat change id reported: 177438394; UID 10194; state: DISABLED
05-12 21:29:40.471  1216  3612 D CompatibilityChangeReporter: Compat change id reported: 135772972; UID 10194; state: DISABLED
05-12 21:29:40.471  1216  3612 D CompatibilityChangeReporter: Compat change id reported: 135754954; UID 10194; state: ENABLED
05-12 21:29:40.472  1216  1260 D CompatibilityChangeReporter: Compat change id reported: 143937733; UID 10194; state: ENABLED
05-12 21:29:40.473  1216  1250 W ActivityManager: setHasOverlayUi called on unknown pid: 12200
05-12 21:29:40.473  1216  1250 D PowerManagerService: [api] setScreenDimDurationOverrideFromWindowManagerInternal: timeoutMillis: 200000
05-12 21:29:40.476  2335  2652 I LiveIconUpdateEventHandler: cancelMinuteChangeAlarm
05-12 21:29:40.478   899   899 D SurfaceFlinger: [input] inputWindowCommands.focusRequests size is 1
05-12 21:29:40.479   899  1055 D SurfaceFlinger: [input] setFocusedWindow: 174032b com.sec.android.app.launcher/com.sec.android.app.launcher.activities.LauncherActivity
05-12 21:29:40.479  1216  2724 D InputDispatcher: Focus request (0): 174032b com.sec.android.app.launcher/com.sec.android.app.launcher.activities.LauncherActivity but waiting because NO_WINDOW
05-12 21:29:40.480   899   899 D SurfaceFlinger: Display 0 HWC layers:
05-12 21:29:40.480   899   899 D SurfaceFlinger:      DEVICE | 0xb400007dab054a80 | 0100 | RGBA_8888    |    0.0    0.0  720.0   45.0 |    0    0  720   45 | StatusBar$_1902#97
05-12 21:29:40.480   899   899 D SurfaceFlinger:      DEVICE | 0xb400007dab055b00 | 0100 | RGBA_8888    |    0.0    0.0  720.0   90.0 |    0 1510  720 1600 | NavigationBar0$_1902#91
05-12 21:29:40.480   899   899 D SurfaceFlinger:      DEVICE | 0xb400007dab056280 | 0108 | RGBA_8888    |    0.0    0.0  720.0 1600.0 |    0    0  720 1600 | $_1902#93
05-12 21:29:40.480   899   899 D SurfaceFlinger: 
05-12 21:29:40.480  2335  2652 I LiveIconUpdateEventHandler: setMinuteChangeAlarm Tue May 12 21:30:00 EDT 2026
05-12 21:29:40.483  2335  2652 I LiveIconViewUpdater: onUpdateLiveIcon - id : 136, itemType : 0
05-12 21:29:40.484  2335  2652 I LiveIconUpdateEventHandler: cancelDateChangeAlarm
05-12 21:29:40.486   824   824 D Zygote  : Forked child process 12927
05-12 21:29:40.487  1216  1260 I ActivityManager: Start proc 12927:com.google.android.googlequicksearchbox:googleapp/u0a194 for service {com.google.android.googlequicksearchbox/com.google.android.apps.gsa.nowoverlayservice.DrawerOverlayService}
05-12 21:29:40.498  2335  4220 I ViewRootImpl@6dc6262[LauncherActivity]: Received frameDrawingCallback syncResult=0 frameNum=1.
05-12 21:29:40.498  2335  4220 I ViewRootImpl@6dc6262[LauncherActivity]: Setting up sync and frameCommitCallback
05-12 21:29:40.503  2335  3940 I BLASTBufferQueue: [ViewRootImpl@6dc6262[LauncherActivity]#451](f:0,a:0) onFrameAvailable the first frame is available
05-12 21:29:40.504  2335  3940 I ViewRootImpl@6dc6262[LauncherActivity]: Received frameCommittedCallback lastAttemptedDrawFrameNum=1 didProduceBuffer=true
05-12 21:29:40.505  2335  2335 I ViewRootImpl@6dc6262[LauncherActivity]: onSyncComplete
05-12 21:29:40.505  2335  2335 I ViewRootImpl@6dc6262[LauncherActivity]: setupSync seqId=0 mSyncId=487 fn=1 caller=android.view.ViewRootImpl$$ExternalSyntheticLambda11.accept:6 android.window.SurfaceSyncer.lambda$setupSync$1$android-window-SurfaceSyncer:128 android.window.SurfaceSyncer$$ExternalSyntheticLambda1.accept:8 android.window.SurfaceSyncer$SyncSet.checkIfSyncIsComplete:382 android.window.SurfaceSyncer$SyncSet.markSyncReady:359 android.window.SurfaceSyncer.markSyncReady:151 android.view.ViewRootImpl.performTraversals:4503 
05-12 21:29:40.506  2335  2335 I ViewRootImpl@6dc6262[LauncherActivity]: reportDrawFinished seqId=0 mSyncId=-1 fn=1 mSurfaceChangedTransaction=0xb400007caa245200
05-12 21:29:40.507  1216  3612 D WindowManager: finishDrawingWindow: Window{174032b u0 com.sec.android.app.launcher/com.sec.android.app.launcher.activities.LauncherActivity} mDrawState=DRAW_PENDING seqId=0
05-12 21:29:40.507  2335  2335 I RecentsView: onTaskRemoved() taskId : 393
05-12 21:29:40.507  2335  2335 I TopTaskTracker: onTaskRemoved : taskId = 393
05-12 21:29:40.507  2335  2335 I RecentsView: onTaskRemoved() taskId : 393
05-12 21:29:40.507  1216  1251 V WindowManager: Setting visibility of Window{782b1f7 u0 com.android.systemui.ImageWallpaper}: true, caller=com.android.server.wm.WindowContainer.sendAppVisibilityToClients:1246 com.android.server.wm.WindowToken.setClientVisible:431 com.android.server.wm.WallpaperWindowToken.setVisible:160 com.android.server.wm.WallpaperWindowToken.commitVisibility:202 com.android.server.wm.WallpaperWindowToken.setVisibility:187 
05-12 21:29:40.507  2335  2335 I TopTaskTracker: onTaskRemoved : taskId = 393
05-12 21:29:40.508  2335  2335 I BaseActivity: addActivityFlags, flags : 4
05-12 21:29:40.508  2335  2335 I Launcher: onDeferredResumed
05-12 21:29:40.508  1902  3185 D WallpaperService: dispatchAppVisibility onVisibilityChanged(): true
05-12 21:29:40.508  2335  2335 I InstallShortcutReceiver: flushInstallQueue 0
05-12 21:29:40.508  2335  2335 I Launcher.NotificationListener: registerObserver this is not notificationService!!
05-12 21:29:40.508  2335  2335 I Launcher.NotificationListener: onNotificationFullRefresh
05-12 21:29:40.508  2335  2335 I BadgeCountUpdaterImpl: onNotificationsChangedConnected
05-12 21:29:40.508  2335  2335 W LauncherAppWidgetHost: setShouldListenFlag, mFlags:6 flag:resume on:true isFront:false
05-12 21:29:40.509 12927 12927 I chbox:googleapp: Using CollectorTypeCC GC.
05-12 21:29:40.510  1902  1902 D WallpaperService: updateSurface forceRelayout=true forceReport=false redrawNeeded=false myWidth=1200 myHeight=1200 fixedSize=true x = 0 y = 0 mWidth=1200 mHeight=1200 mIsSleepMode=false
05-12 21:29:40.511  2335  2651 I InstallShortcutReceiver: flushQueueInBackground 0
05-12 21:29:40.511  1902  1902 D WallpaperService: mDeviceHeight : 1600, mDeviceWidth : 720,mDeviceRotation  : 0
05-12 21:29:40.513  1216  1251 D WindowManager: Loading animation for app transition. transit=TRANSIT_OLD_WALLPAPER_OPEN enter=true frame=Rect(0, 0 - 720, 1600) insets=Rect(0, 45 - 0, 90) surfaceInsets=Rect(0, 0 - 0, 0)
05-12 21:29:40.516  1216  1251 I WindowManager: Reparenting to leash, surface=Surface(name=Task=1)/@0x8a3c190, leashParent=Surface(name=DefaultTaskDisplayArea)/@0x8137a89
05-12 21:29:40.516   899  1077 I SurfaceFlinger: id=27955 createSurf flag=24004, Surface(name=Task=1)/@0x8a3c190 - animation-leash of app_transition#27955
05-12 21:29:40.517  1216  1251 D WindowManager: makeSurface duration=1 leash=Surface(name=Surface(name=Task=1)/@0x8a3c190 - animation-leash of app_transition)/@0x5601432
05-12 21:29:40.518  1216  1251 D ActivityTaskManager: mStartingWindow and mStartingData is null for token=ActivityRecord{632da01 u0 com.sec.android.app.launcher/.activities.LauncherActivity} t7}
05-12 21:29:40.518  1216  1251 V WindowManager: performShowLocked: mDrawState=HAS_DRAWN in Window{174032b u0 com.sec.android.app.launcher/com.sec.android.app.launcher.activities.LauncherActivity}
05-12 21:29:40.519   899   899 D SurfaceFlinger: Display 0 HWC layers:
05-12 21:29:40.519   899   899 D SurfaceFlinger:      DEVICE | 0xb400007dab054a80 | 0100 | RGBA_8888    |    0.0    0.0  720.0   45.0 |    0    0  720   45 | StatusBar$_1902#97
05-12 21:29:40.519   899   899 D SurfaceFlinger:      DEVICE | 0xb400007dab055b00 | 0100 | RGBA_8888    |    0.0    0.0  720.0   90.0 |    0 1510  720 1600 | NavigationBar0$_1902#91
05-12 21:29:40.519   899   899 D SurfaceFlinger:      DEVICE | 0xb400007dab056280 | 0108 | RGBA_8888    |    0.0    0.0  720.0 1600.0 |    0    0  720 1600 | $_1902#93
05-12 21:29:40.519   899   899 D SurfaceFlinger: 
05-12 21:29:40.520  3121  3223 I DatabaseWorker: ***** Database is idle *****
05-12 21:29:40.521  1216  1251 D WindowManager: updateSystemBarAttributes: displayId=0, win=Window{174032b u0 com.sec.android.app.launcher/com.sec.android.app.launcher.activities.LauncherActivity}, navColorWin=Window{174032b u0 com.sec.android.app.launcher/com.sec.android.app.launcher.activities.LauncherActivity}, focusedCanBeNavColorWin=false, behavior=2, appearance=0, statusBarAppearanceRegions=[AppearanceRegion{ bounds=[0,0][720,1600]}], requestedVisibilities=, from=com.android.server.wm.DisplayPolicy.finishPostLayoutPolicyLw:2527 com.android.server.wm.DisplayContent.applySurfaceChangesTransaction:5713 com.android.server.wm.RootWindowContainer.applySurfaceChangesTransaction:1234 
05-12 21:29:40.524  1216  1238 V WindowManager: Relayout Window{782b1f7 u0 com.android.systemui.ImageWallpaper}: viewVisibility=0 req=1200x1200 d0
05-12 21:29:40.524  1902  1939 D Bubbles : onLocusVisibilityChanged: LocusId[17_chars] visible=true
05-12 21:29:40.526 12927 12927 D nativeloader: Load libframework-connectivity-tiramisu-jni.so using APEX ns com_android_tethering for caller /apex/com.android.tethering/javalib/framework-connectivity-t.jar: ok
05-12 21:29:40.528  1216  1251 D ActivityTaskManager: mStartingWindow and mStartingData is null for token=ActivityRecord{632da01 u0 com.sec.android.app.launcher/.activities.LauncherActivity} t7}
05-12 21:29:40.528   899   899 I Layer   : Layer [com.sec.android.app.launcher/com.sec.android.app.launcher.activities.LauncherActivity$_2335#27952] hidden!! flag(0)
05-12 21:29:40.528  1216  1238 V WindowManager: Relayout hash=782b1f7, pid=1902, syncId=-1: mAttrs={(0,0)(1600x1600) gr=TOP START CENTER layoutInDisplayCutoutMode=always ty=WALLPAPER fmt=RGBX_8888 wanim=0x103031a
05-12 21:29:40.528  1216  1238 V WindowManager:   fl=14318
05-12 21:29:40.528  1216  1238 V WindowManager:   pfl=2000014
05-12 21:29:40.528  1216  1238 V WindowManager:   bhv=DEFAULT naviIconColor=0
05-12 21:29:40.528  1216  1238 V WindowManager:   sfl=8}
05-12 21:29:40.529  3121  3224 I DatabaseWorker: ***** Database is NOT idle *****
05-12 21:29:40.532  3121  3224 I DatabaseHost: SQL (Database Worker #1): select r.id, r.processor, r.page, r.method, r.content_id, r.content_type, r.parent_id, r.parent_type, r.last_try_at, r.will_retry, r.created_at, r.view_content_url, r.edit_content_url, r.errors, r.attributes, ss.state, r.lock_name from sync_requests as r left join sync_states as ss on (r.content_type = ss.content_type and r.content_id = ss.content_id) order by r.created_at asc
05-12 21:29:40.533 12927 12927 D ActivityThread: setConscryptValidator
05-12 21:29:40.533 12927 12927 D ActivityThread: setConscryptValidator - put
05-12 21:29:40.598   899   899 D SurfaceFlinger: Display 0 HWC layers:
05-12 21:29:40.598   899   899 D SurfaceFlinger:      DEVICE | 0xb400007dab056e80 | 0100 | RGBx_8888    |  330.0    0.0  870.0 1200.0 |    0    0  720 1600 | Wallpaper BBQ wrapper#89
05-12 21:29:40.598   899   899 D SurfaceFlinger:      DEVICE | 0xb400007dab054a80 | 0100 | RGBA_8888    |    0.0    0.0  720.0   45.0 |    0    0  720   45 | StatusBar$_1902#97
05-12 21:29:40.598   899   899 D SurfaceFlinger:      DEVICE | 0xb400007dab055b00 | 0100 | RGBA_8888    |    0.0    0.0  720.0   90.0 |    0 1510  720 1600 | NavigationBar0$_1902#91
05-12 21:29:40.598   899   899 D SurfaceFlinger:      DEVICE | 0xb400007dab056280 | 0108 | RGBA_8888    |    0.0    0.0  720.0 1600.0 |    0    0  720 1600 | $_1902#93
05-12 21:29:40.598   899   899 D SurfaceFlinger: 
05-12 21:29:40.600  1216  2482 D InputDispatcher: Focus entered window (0): 174032b com.sec.android.app.launcher/com.sec.android.app.launcher.activities.LauncherActivity
05-12 21:29:40.611  3121  3224 I DatabaseWorker: ***** Database is idle *****
05-12 21:29:40.615   899   899 D SurfaceFlinger: Display 0 HWC layers:
05-12 21:29:40.615   899   899 D SurfaceFlinger:      DEVICE | 0xb400007dab056e80 | 0100 | RGBx_8888    |  330.0    0.0  870.0 1200.0 |    0    0  720 1600 | Wallpaper BBQ wrapper#89
05-12 21:29:40.615   899   899 D SurfaceFlinger:      CLIENT | 0xb400007daab55000 | 0100 | RGBA_8888    |  178.0  396.0  542.0 1204.0 |    0    0  720 1600 | com.sec.android.app.launcher/com.sec[...]ivities.LauncherActivity$_2335#27952
05-12 21:29:40.615   899   899 D SurfaceFlinger:      CLIENT | 0xb400007dab054a80 | 0100 | RGBA_8888    |    0.0    0.0  720.0   45.0 |    0    0  720   45 | StatusBar$_1902#97
05-12 21:29:40.615   899   899 D SurfaceFlinger:      DEVICE | 0xb400007dab055b00 | 0100 | RGBA_8888    |    0.0    0.0  720.0   90.0 |    0 1510  720 1600 | NavigationBar0$_1902#91
05-12 21:29:40.615   899   899 D SurfaceFlinger:      DEVICE | 0xb400007dab056280 | 0108 | RGBA_8888    |    0.0    0.0  720.0 1600.0 |    0    0  720 1600 | $_1902#93
05-12 21:29:40.615   899   899 D SurfaceFlinger: 
05-12 21:29:40.616  1216  2808 D SemWifiUsabilityStatsMonitor: onWifiUsabilityStats - seqNum 23304, isSameBssidAndFreq true
05-12 21:29:40.620  3121  3227 I DatabaseWorker: ***** Database is NOT idle *****
05-12 21:29:40.621  3121  3227 I DatabaseHost: SQL (Database Worker #3): select r.id, r.processor, r.page, r.method, r.content_id, r.content_type, r.parent_id, r.parent_type, r.last_try_at, r.will_retry, r.created_at, r.view_content_url, r.edit_content_url, r.errors, r.attributes, ss.state, r.lock_name from sync_requests as r left join sync_states as ss on (r.content_type = ss.content_type and r.content_id = ss.content_id) order by r.created_at asc
05-12 21:29:40.641   899   899 D SurfaceFlinger: Display 0 HWC layers:
05-12 21:29:40.641   899   899 D SurfaceFlinger:      DEVICE | 0xb400007dab056e80 | 0100 | RGBx_8888    |  330.0    0.0  870.0 1200.0 |    0    0  720 1600 | Wallpaper BBQ wrapper#89
05-12 21:29:40.641   899   899 D SurfaceFlinger:      CLIENT | 0xb400007daab55000 | 0100 | RGBA_8888    |  175.0  389.0  545.0 1211.0 |    0    0  720 1600 | com.sec.android.app.launcher/com.sec[...]ivities.LauncherActivity$_2335#27952
05-12 21:29:40.641   899   899 D SurfaceFlinger:      CLIENT | 0xb400007dab054a80 | 0100 | RGBA_8888    |    0.0    0.0  720.0   45.0 |    0    0  720   45 | StatusBar$_1902#97
05-12 21:29:40.641   899   899 D SurfaceFlinger:      DEVICE | 0xb400007dab055b00 | 0100 | RGBA_8888    |    0.0    0.0  720.0   90.0 |    0 1510  720 1600 | NavigationBar0$_1902#91
05-12 21:29:40.641   899   899 D SurfaceFlinger:      DEVICE | 0xb400007dab056280 | 0108 | RGBA_8888    |    0.0    0.0  720.0 1600.0 |    0    0  720 1600 | $_1902#93
05-12 21:29:40.641   899   899 D SurfaceFlinger: 
05-12 21:29:40.654   899   899 D SurfaceFlinger: Display 0 HWC layers:
05-12 21:29:40.654   899   899 D SurfaceFlinger:      DEVICE | 0xb400007dab056e80 | 0100 | RGBx_8888    |  330.0    0.0  870.0 1200.0 |    0    0  720 1600 | Wallpaper BBQ wrapper#89
05-12 21:29:40.654   899   899 D SurfaceFlinger:      CLIENT | 0xb400007daab55000 | 0100 | RGBA_8888    |  169.0  377.0  551.0 1223.0 |    0    0  720 1600 | com.sec.android.app.launcher/com.sec[...]ivities.LauncherActivity$_2335#27952
05-12 21:29:40.654   899   899 D SurfaceFlinger:      CLIENT | 0xb400007dab054a80 | 0100 | RGBA_8888    |    0.0    0.0  720.0   45.0 |    0    0  720   45 | StatusBar$_1902#97
05-12 21:29:40.654   899   899 D SurfaceFlinger:      DEVICE | 0xb400007dab055b00 | 0100 | RGBA_8888    |    0.0    0.0  720.0   90.0 |    0 1510  720 1600 | NavigationBar0$_1902#91
05-12 21:29:40.654   899   899 D SurfaceFlinger:      DEVICE | 0xb400007dab056280 | 0108 | RGBA_8888    |    0.0    0.0  720.0 1600.0 |    0    0  720 1600 | $_1902#93
05-12 21:29:40.654   899   899 D SurfaceFlinger: 
05-12 21:29:40.671   899   899 D SurfaceFlinger: Display 0 HWC layers:
05-12 21:29:40.671   899   899 D SurfaceFlinger:      DEVICE | 0xb400007dab056e80 | 0100 | RGBx_8888    |  330.0    0.0  870.0 1200.0 |    0    0  720 1600 | Wallpaper BBQ wrapper#89
05-12 21:29:40.671   899   899 D SurfaceFlinger:      CLIENT | 0xb400007daab55000 | 0100 | RGBA_8888    |  161.0  357.0  559.0 1243.0 |    0    0  720 1600 | com.sec.android.app.launcher/com.sec[...]ivities.LauncherActivity$_2335#27952
05-12 21:29:40.671   899   899 D SurfaceFlinger:      CLIENT | 0xb400007dab054a80 | 0100 | RGBA_8888    |    0.0    0.0  720.0   45.0 |    0    0  720   45 | StatusBar$_1902#97
05-12 21:29:40.671   899   899 D SurfaceFlinger:      DEVICE | 0xb400007dab055b00 | 0100 | RGBA_8888    |    0.0    0.0  720.0   90.0 |    0 1510  720 1600 | NavigationBar0$_1902#91
05-12 21:29:40.671   899   899 D SurfaceFlinger:      DEVICE | 0xb400007dab056280 | 0108 | RGBA_8888    |    0.0    0.0  720.0 1600.0 |    0    0  720 1600 | $_1902#93
05-12 21:29:40.671   899   899 D SurfaceFlinger: 
05-12 21:29:40.686  3121  3227 I DatabaseWorker: ***** Database is idle *****
05-12 21:29:40.688   899   899 D SurfaceFlinger: Display 0 HWC layers:
05-12 21:29:40.688   899   899 D SurfaceFlinger:      DEVICE | 0xb400007dab056e80 | 0100 | RGBx_8888    |  330.0    0.0  870.0 1200.0 |    0    0  720 1600 | Wallpaper BBQ wrapper#89
05-12 21:29:40.688   899   899 D SurfaceFlinger:      CLIENT | 0xb400007daab55000 | 0100 | RGBA_8888    |  148.0  328.0  572.0 1272.0 |    0    0  720 1600 | com.sec.android.app.launcher/com.sec[...]ivities.LauncherActivity$_2335#27952
05-12 21:29:40.688   899   899 D SurfaceFlinger:      CLIENT | 0xb400007dab054a80 | 0100 | RGBA_8888    |    0.0    0.0  720.0   45.0 |    0    0  720   45 | StatusBar$_1902#97
05-12 21:29:40.688   899   899 D SurfaceFlinger:      DEVICE | 0xb400007dab055b00 | 0100 | RGBA_8888    |    0.0    0.0  720.0   90.0 |    0 1510  720 1600 | NavigationBar0$_1902#91
05-12 21:29:40.688   899   899 D SurfaceFlinger:      DEVICE | 0xb400007dab056280 | 0108 | RGBA_8888    |    0.0    0.0  720.0 1600.0 |    0    0  720 1600 | $_1902#93
05-12 21:29:40.688   899   899 D SurfaceFlinger: 
05-12 21:29:40.693  3121  3226 I DatabaseWorker: ***** Database is NOT idle *****
05-12 21:29:40.694  3121  3226 I DatabaseHost: SQL (Database Worker #2): select r.id, r.processor, r.page, r.method, r.content_id, r.content_type, r.parent_id, r.parent_type, r.last_try_at, r.will_retry, r.created_at, r.view_content_url, r.edit_content_url, r.errors, r.attributes, ss.state, r.lock_name from sync_requests as r left join sync_states as ss on (r.content_type = ss.content_type and r.content_id = ss.content_id) order by r.created_at asc
05-12 21:29:40.705   899   899 D SurfaceFlinger: Display 0 HWC layers:
05-12 21:29:40.705   899   899 D SurfaceFlinger:      DEVICE | 0xb400007dab056e80 | 0100 | RGBx_8888    |  330.0    0.0  870.0 1200.0 |    0    0  720 1600 | Wallpaper BBQ wrapper#89
05-12 21:29:40.705   899   899 D SurfaceFlinger:      CLIENT | 0xb400007daab55000 | 0100 | RGBA_8888    |  132.0  294.0  588.0 1306.0 |    0    0  720 1600 | com.sec.android.app.launcher/com.sec[...]ivities.LauncherActivity$_2335#27952
05-12 21:29:40.705   899   899 D SurfaceFlinger:      CLIENT | 0xb400007dab054a80 | 0100 | RGBA_8888    |    0.0    0.0  720.0   45.0 |    0    0  720   45 | StatusBar$_1902#97
05-12 21:29:40.705   899   899 D SurfaceFlinger:      DEVICE | 0xb400007dab055b00 | 0100 | RGBA_8888    |    0.0    0.0  720.0   90.0 |    0 1510  720 1600 | NavigationBar0$_1902#91
05-12 21:29:40.705   899   899 D SurfaceFlinger:      DEVICE | 0xb400007dab056280 | 0108 | RGBA_8888    |    0.0    0.0  720.0 1600.0 |    0    0  720 1600 | $_1902#93
05-12 21:29:40.705   899   899 D SurfaceFlinger: 
05-12 21:29:40.722   899   899 D SurfaceFlinger: Display 0 HWC layers:
05-12 21:29:40.722   899   899 D SurfaceFlinger:      DEVICE | 0xb400007dab056e80 | 0100 | RGBx_8888    |  330.0    0.0  870.0 1200.0 |    0    0  720 1600 | Wallpaper BBQ wrapper#89
05-12 21:29:40.722   899   899 D SurfaceFlinger:      CLIENT | 0xb400007daab55000 | 0100 | RGBA_8888    |  117.0  261.0  603.0 1339.0 |    0    0  720 1600 | com.sec.android.app.launcher/com.sec[...]ivities.LauncherActivity$_2335#27952
05-12 21:29:40.722   899   899 D SurfaceFlinger:      CLIENT | 0xb400007dab054a80 | 0100 | RGBA_8888    |    0.0    0.0  720.0   45.0 |    0    0  720   45 | StatusBar$_1902#97
05-12 21:29:40.722   899   899 D SurfaceFlinger:      DEVICE | 0xb400007dab055b00 | 0100 | RGBA_8888    |    0.0    0.0  720.0   90.0 |    0 1510  720 1600 | NavigationBar0$_1902#91
05-12 21:29:40.722   899   899 D SurfaceFlinger:      DEVICE | 0xb400007dab056280 | 0108 | RGBA_8888    |    0.0    0.0  720.0 1600.0 |    0    0  720 1600 | $_1902#93
05-12 21:29:40.722   899   899 D SurfaceFlinger: 
05-12 21:29:40.739   899   899 D SurfaceFlinger: Display 0 HWC layers:
05-12 21:29:40.739   899   899 D SurfaceFlinger:      DEVICE | 0xb400007dab056e80 | 0100 | RGBx_8888    |  330.0    0.0  870.0 1200.0 |    0    0  720 1600 | Wallpaper BBQ wrapper#89
05-12 21:29:40.739   899   899 D SurfaceFlinger:      CLIENT | 0xb400007daab55000 | 0100 | RGBA_8888    |  102.0  228.0  618.0 1372.0 |    0    0  720 1600 | com.sec.android.app.launcher/com.sec[...]ivities.LauncherActivity$_2335#27952
05-12 21:29:40.739   899   899 D SurfaceFlinger:      CLIENT | 0xb400007dab054a80 | 0100 | RGBA_8888    |    0.0    0.0  720.0   45.0 |    0    0  720   45 | StatusBar$_1902#97
05-12 21:29:40.739   899   899 D SurfaceFlinger:      DEVICE | 0xb400007dab055b00 | 0100 | RGBA_8888    |    0.0    0.0  720.0   90.0 |    0 1510  720 1600 | NavigationBar0$_1902#91
05-12 21:29:40.739   899   899 D SurfaceFlinger:      DEVICE | 0xb400007dab056280 | 0108 | RGBA_8888    |    0.0    0.0  720.0 1600.0 |    0    0  720 1600 | $_1902#93
05-12 21:29:40.739   899   899 D SurfaceFlinger: 
05-12 21:29:40.747  1216  1299 W Looper  : Slow dispatch took 262ms pm.handler2 h=android.os.Handler c=com.android.server.pm.Settings$RuntimePermissionPersistence$$ExternalSyntheticLambda0@ece38ea m=0
05-12 21:29:40.756   899   899 D SurfaceFlinger: Display 0 HWC layers:
05-12 21:29:40.756   899   899 D SurfaceFlinger:      DEVICE | 0xb400007dab056e80 | 0100 | RGBx_8888    |  330.0    0.0  870.0 1200.0 |    0    0  720 1600 | Wallpaper BBQ wrapper#89
05-12 21:29:40.756   899   899 D SurfaceFlinger:      CLIENT | 0xb400007daab55000 | 0100 | RGBA_8888    |   89.0  198.0  631.0 1402.0 |    0    0  720 1600 | com.sec.android.app.launcher/com.sec[...]ivities.LauncherActivity$_2335#27952
05-12 21:29:40.756   899   899 D SurfaceFlinger:      CLIENT | 0xb400007dab054a80 | 0100 | RGBA_8888    |    0.0    0.0  720.0   45.0 |    0    0  720   45 | StatusBar$_1902#97
05-12 21:29:40.756   899   899 D SurfaceFlinger:      DEVICE | 0xb400007dab055b00 | 0100 | RGBA_8888    |    0.0    0.0  720.0   90.0 |    0 1510  720 1600 | NavigationBar0$_1902#91
05-12 21:29:40.756   899   899 D SurfaceFlinger:      DEVICE | 0xb400007dab056280 | 0108 | RGBA_8888    |    0.0    0.0  720.0 1600.0 |    0    0  720 1600 | $_1902#93
05-12 21:29:40.756   899   899 D SurfaceFlinger: 
05-12 21:29:40.761  1216  1302 W PackageSettings: Skipping PackageSetting{8011a13 com.sec.android.emergencymode.service.en/10393} due to missing metadata
05-12 21:29:40.764  1216  1302 W PackageSettings: Skipping PackageSetting{c1c1450 com.samsung.android.privacydashboard.en/10400} due to missing metadata
05-12 21:29:40.764  1216  1302 W PackageSettings: Skipping PackageSetting{c053649 com.sec.android.app.myfiles.en/10406} due to missing metadata
05-12 21:29:40.772   899   899 D SurfaceFlinger: Display 0 HWC layers:
05-12 21:29:40.772   899   899 D SurfaceFlinger:      DEVICE | 0xb400007dab056e80 | 0100 | RGBx_8888    |  330.0    0.0  870.0 1200.0 |    0    0  720 1600 | Wallpaper BBQ wrapper#89
05-12 21:29:40.772   899   899 D SurfaceFlinger:      CLIENT | 0xb400007daab55000 | 0100 | RGBA_8888    |   78.0  173.0  642.0 1427.0 |    0    0  720 1600 | com.sec.android.app.launcher/com.sec[...]ivities.LauncherActivity$_2335#27952
05-12 21:29:40.772   899   899 D SurfaceFlinger:      CLIENT | 0xb400007dab054a80 | 0100 | RGBA_8888    |    0.0    0.0  720.0   45.0 |    0    0  720   45 | StatusBar$_1902#97
05-12 21:29:40.772   899   899 D SurfaceFlinger:      DEVICE | 0xb400007dab055b00 | 0100 | RGBA_8888    |    0.0    0.0  720.0   90.0 |    0 1510  720 1600 | NavigationBar0$_1902#91
05-12 21:29:40.772   899   899 D SurfaceFlinger:      DEVICE | 0xb400007dab056280 | 0108 | RGBA_8888    |    0.0    0.0  720.0 1600.0 |    0    0  720 1600 | $_1902#93
05-12 21:29:40.772   899   899 D SurfaceFlinger: 
05-12 21:29:40.774  3121  3226 I DatabaseWorker: ***** Database is idle *****
05-12 21:29:40.776  1216  1302 W PackageSettings: Skipping PackageSetting{a388b4e com.samsung.android.messaging.en/10464} due to missing metadata
05-12 21:29:40.777  1216  1302 W PackageSettings: Skipping PackageSetting{d9446f com.samsung.android.aware.service.en/10403} due to missing metadata
05-12 21:29:40.781  1216  1302 W PackageSettings: Skipping PackageSetting{c36257c com.android.settings.en/10404} due to missing metadata
05-12 21:29:40.782  3121  3223 I DatabaseWorker: ***** Database is NOT idle *****
05-12 21:29:40.785  3121  3223 I DatabaseHost: SQL (Database Worker #0): select r.id, r.processor, r.page, r.method, r.content_id, r.content_type, r.parent_id, r.parent_type, r.last_try_at, r.will_retry, r.created_at, r.view_content_url, r.edit_content_url, r.errors, r.attributes, ss.state, r.lock_name from sync_requests as r left join sync_states as ss on (r.content_type = ss.content_type and r.content_id = ss.content_id) order by r.created_at asc
05-12 21:29:40.789   899   899 D SurfaceFlinger: Display 0 HWC layers:
05-12 21:29:40.789   899   899 D SurfaceFlinger:      DEVICE | 0xb400007dab056e80 | 0100 | RGBx_8888    |  330.0    0.0  870.0 1200.0 |    0    0  720 1600 | Wallpaper BBQ wrapper#89
05-12 21:29:40.789   899   899 D SurfaceFlinger:      CLIENT | 0xb400007daab55000 | 0100 | RGBA_8888    |   66.0  147.0  654.0 1453.0 |    0    0  720 1600 | com.sec.android.app.launcher/com.sec[...]ivities.LauncherActivity$_2335#27952
05-12 21:29:40.789   899   899 D SurfaceFlinger:      CLIENT | 0xb400007dab054a80 | 0100 | RGBA_8888    |    0.0    0.0  720.0   45.0 |    0    0  720   45 | StatusBar$_1902#97
05-12 21:29:40.789   899   899 D SurfaceFlinger:      DEVICE | 0xb400007dab055b00 | 0100 | RGBA_8888    |    0.0    0.0  720.0   90.0 |    0 1510  720 1600 | NavigationBar0$_1902#91
05-12 21:29:40.789   899   899 D SurfaceFlinger:      DEVICE | 0xb400007dab056280 | 0108 | RGBA_8888    |    0.0    0.0  720.0 1600.0 |    0    0  720 1600 | $_1902#93
05-12 21:29:40.789   899   899 D SurfaceFlinger: 
05-12 21:29:40.804   899   899 D SurfaceFlinger: Display 0 HWC layers:
05-12 21:29:40.804   899   899 D SurfaceFlinger:      DEVICE | 0xb400007dab056e80 | 0100 | RGBx_8888    |  330.0    0.0  870.0 1200.0 |    0    0  720 1600 | Wallpaper BBQ wrapper#89
05-12 21:29:40.804   899   899 D SurfaceFlinger:      CLIENT | 0xb400007daab55000 | 0100 | RGBA_8888    |   56.0  125.0  664.0 1475.0 |    0    0  720 1600 | com.sec.android.app.launcher/com.sec[...]ivities.LauncherActivity$_2335#27952
05-12 21:29:40.804   899   899 D SurfaceFlinger:      CLIENT | 0xb400007dab054a80 | 0100 | RGBA_8888    |    0.0    0.0  720.0   45.0 |    0    0  720   45 | StatusBar$_1902#97
05-12 21:29:40.804   899   899 D SurfaceFlinger:      DEVICE | 0xb400007dab055b00 | 0100 | RGBA_8888    |    0.0    0.0  720.0   90.0 |    0 1510  720 1600 | NavigationBar0$_1902#91
05-12 21:29:40.804   899   899 D SurfaceFlinger:      DEVICE | 0xb400007dab056280 | 0108 | RGBA_8888    |    0.0    0.0  720.0 1600.0 |    0    0  720 1600 | $_1902#93
05-12 21:29:40.804   899   899 D SurfaceFlinger: 
05-12 21:29:40.821   899   899 D SurfaceFlinger: Display 0 HWC layers:
05-12 21:29:40.821   899   899 D SurfaceFlinger:      DEVICE | 0xb400007dab056e80 | 0100 | RGBx_8888    |  330.0    0.0  870.0 1200.0 |    0    0  720 1600 | Wallpaper BBQ wrapper#89
05-12 21:29:40.821   899   899 D SurfaceFlinger:      CLIENT | 0xb400007daab55000 | 0100 | RGBA_8888    |   48.0  106.0  672.0 1494.0 |    0    0  720 1600 | com.sec.android.app.launcher/com.sec[...]ivities.LauncherActivity$_2335#27952
05-12 21:29:40.821   899   899 D SurfaceFlinger:      CLIENT | 0xb400007dab054a80 | 0100 | RGBA_8888    |    0.0    0.0  720.0   45.0 |    0    0  720   45 | StatusBar$_1902#97
05-12 21:29:40.821   899   899 D SurfaceFlinger:      DEVICE | 0xb400007dab055b00 | 0100 | RGBA_8888    |    0.0    0.0  720.0   90.0 |    0 1510  720 1600 | NavigationBar0$_1902#91
05-12 21:29:40.821   899   899 D SurfaceFlinger:      DEVICE | 0xb400007dab056280 | 0108 | RGBA_8888    |    0.0    0.0  720.0 1600.0 |    0    0  720 1600 | $_1902#93
05-12 21:29:40.821   899   899 D SurfaceFlinger: 
05-12 21:29:40.838   899   899 D SurfaceFlinger: Display 0 HWC layers:
05-12 21:29:40.838   899   899 D SurfaceFlinger:      DEVICE | 0xb400007dab056e80 | 0100 | RGBx_8888    |  330.0    0.0  870.0 1200.0 |    0    0  720 1600 | Wallpaper BBQ wrapper#89
05-12 21:29:40.838   899   899 D SurfaceFlinger:      CLIENT | 0xb400007daab55000 | 0100 | RGBA_8888    |   39.0   88.0  681.0 1512.0 |    0    0  720 1600 | com.sec.android.app.launcher/com.sec[...]ivities.LauncherActivity$_2335#27952
05-12 21:29:40.838   899   899 D SurfaceFlinger:      CLIENT | 0xb400007dab054a80 | 0100 | RGBA_8888    |    0.0    0.0  720.0   45.0 |    0    0  720   45 | StatusBar$_1902#97
05-12 21:29:40.838   899   899 D SurfaceFlinger:      DEVICE | 0xb400007dab055b00 | 0100 | RGBA_8888    |    0.0    0.0  720.0   90.0 |    0 1510  720 1600 | NavigationBar0$_1902#91
05-12 21:29:40.838   899   899 D SurfaceFlinger:      DEVICE | 0xb400007dab056280 | 0108 | RGBA_8888    |    0.0    0.0  720.0 1600.0 |    0    0  720 1600 | $_1902#93
05-12 21:29:40.838   899   899 D SurfaceFlinger: 
05-12 21:29:40.855   899   899 D SurfaceFlinger: Display 0 HWC layers:
05-12 21:29:40.855   899   899 D SurfaceFlinger:      DEVICE | 0xb400007dab056e80 | 0100 | RGBx_8888    |  330.0    0.0  870.0 1200.0 |    0    0  720 1600 | Wallpaper BBQ wrapper#89
05-12 21:29:40.855   899   899 D SurfaceFlinger:      CLIENT | 0xb400007daab55000 | 0100 | RGBA_8888    |   32.0   72.0  688.0 1528.0 |    0    0  720 1600 | com.sec.android.app.launcher/com.sec[...]ivities.LauncherActivity$_2335#27952
05-12 21:29:40.855   899   899 D SurfaceFlinger:      CLIENT | 0xb400007dab054a80 | 0100 | RGBA_8888    |    0.0    0.0  720.0   45.0 |    0    0  720   45 | StatusBar$_1902#97
05-12 21:29:40.855   899   899 D SurfaceFlinger:      DEVICE | 0xb400007dab055b00 | 0100 | RGBA_8888    |    0.0    0.0  720.0   90.0 |    0 1510  720 1600 | NavigationBar0$_1902#91
05-12 21:29:40.855   899   899 D SurfaceFlinger:      DEVICE | 0xb400007dab056280 | 0108 | RGBA_8888    |    0.0    0.0  720.0 1600.0 |    0    0  720 1600 | $_1902#93
05-12 21:29:40.855   899   899 D SurfaceFlinger: 
05-12 21:29:40.858  3121  3223 I DatabaseWorker: ***** Database is idle *****
05-12 21:29:40.860  1216  1785 D SemNscXgbMsL1: Probability - Cloud gaming: [0.008334789]
05-12 21:29:40.860  1216  1785 D SemNscXgbMsL1: Probability - Real time: [0.0285091]
05-12 21:29:40.860  1216  1785 D SemNscXgbMsL1: Probability - Non real time: [0.8944094]
05-12 21:29:40.860  1216  1785 D SemNscXgbMsL1: 1 sample inference time: 0.538115 msecs
05-12 21:29:40.861  1216  1785 D SemNscXgbL2Rt: L2 RT 1 sample inference time: 0.883346 msecs
05-12 21:29:40.862  1216  1785 D SemNscXgbL2Nrt: L2 NRT 1 sample inference time: 0.707115 msecs
05-12 21:29:40.864  3121  3224 I DatabaseWorker: ***** Database is NOT idle *****
05-12 21:29:40.865   413  8439 I keystore2: keystore2::maintenance: clear_namespace : Domain(0), 10559
05-12 21:29:40.866  1216  1247 W system_server: Long monitor contention with owner PackageManager (1302) at void com.android.server.pm.permission.LegacyPermissionSettings.writePermissionTrees(android.util.TypedXmlSerializer)(LegacyPermissionSettings.java:150) waiters=0 in com.android.server.pm.Computer com.android.server.pm.PackageManagerService.snapshotComputer() for 370ms
05-12 21:29:40.868  1216  3612 W system_server: Long monitor contention with owner android.fg (1247) at com.android.server.pm.Computer com.android.server.pm.PackageManagerService.snapshotComputer()(PackageManagerService.java:1366) waiters=1 in com.android.server.pm.Computer com.android.server.pm.PackageManagerService.snapshotComputer() for 359ms
05-12 21:29:40.869  3121  3224 I DatabaseHost: SQL (Database Worker #1): select r.id, r.processor, r.page, r.method, r.content_id, r.content_type, r.parent_id, r.parent_type, r.last_try_at, r.will_retry, r.created_at, r.view_content_url, r.edit_content_url, r.errors, r.attributes, ss.state, r.lock_name from sync_requests as r left join sync_states as ss on (r.content_type = ss.content_type and r.content_id = ss.content_id) order by r.created_at asc
05-12 21:29:40.869  1216  3608 W system_server: Long monitor contention with owner android.fg (1247) at com.android.server.pm.Computer com.android.server.pm.PackageManagerService.snapshotComputer()(PackageManagerService.java:1366) waiters=2 in com.android.server.pm.Computer com.android.server.pm.PackageManagerService.snapshotComputer() for 356ms
05-12 21:29:40.869  1216  3612 I AppWidgetServiceImpl: startListening callbacks : com.android.internal.appwidget.IAppWidgetHost$Stub$Proxy@29b2f44
05-12 21:29:40.869  1216  1247 W Looper  : Slow dispatch took 381ms android.fg h=android.os.Handler c=<recycled PooledLambda@712082d> m=0
05-12 21:29:40.870  2335  2652 I LiveIconUpdateEventHandler: setDateChangeAlarm Wed May 13 00:00:00 EDT 2026
05-12 21:29:40.870  2335  2335 W LauncherAppWidgetHost: startListening, mFlags:15 isFront:false
05-12 21:29:40.871  2335  2335 I Launcher.AppsViewCellLayout: com.android.homescreen.apptray.AppsViewCellLayout{d4e6f99 V.ED..... .......D 721,45-1391,1441}[a=1.0,v=0,sId=1] setAlpha : 1.0
05-12 21:29:40.872  1216  1247 W Looper  : Slow delivery took 442ms android.fg h=android.os.Handler c=<recycled PooledLambda@f96162> m=0
05-12 21:29:40.872  2335  2335 I AppsSearchBar: mCurrentCellLayouts onAnimationEnd
05-12 21:29:40.872  1216  1238 W system_server: Long monitor contention with owner android.fg (1247) at com.android.server.pm.Computer com.android.server.pm.PackageManagerService.snapshotComputer()(PackageManagerService.java:1366) waiters=3 in com.android.server.pm.Computer com.android.server.pm.PackageManagerService.snapshotComputer() for 343ms
05-12 21:29:40.872  2335  2335 I Launcher.AppsViewCellLayout: com.android.homescreen.apptray.AppsViewCellLayout{d4e6f99 V.ED..... .......D 721,45-1391,1441}[a=1.0,v=0,sId=1] setAlpha : 1.0
05-12 21:29:40.873  2335  2335 I RecentsAnimationDeviceState: setSystemUiFlags, stateFlags : 0
05-12 21:29:40.873  1216  5128 W system_server: Long monitor contention with owner android.fg (1247) at com.android.server.pm.Computer com.android.server.pm.PackageManagerService.snapshotComputer()(PackageManagerService.java:1366) waiters=4 in com.android.server.pm.Computer com.android.server.pm.PackageManagerService.snapshotComputer() for 336ms
05-12 21:29:40.874  1216  5128 D CompatibilityChangeReporter: Compat change id reported: 168419799; UID 10194; state: DISABLED
05-12 21:29:40.874   899   899 D SurfaceFlinger: Display 0 HWC layers:
05-12 21:29:40.874   899   899 D SurfaceFlinger:      DEVICE | 0xb400007dab056e80 | 0100 | RGBx_8888    |  330.0    0.0  870.0 1200.0 |    0    0  720 1600 | Wallpaper BBQ wrapper#89
05-12 21:29:40.874   899   899 D SurfaceFlinger:      CLIENT | 0xb400007daab55000 | 0100 | RGBA_8888    |   27.0   59.0  693.0 1541.0 |    0    0  720 1600 | com.sec.android.app.launcher/com.sec[...]ivities.LauncherActivity$_2335#27952
05-12 21:29:40.874   899   899 D SurfaceFlinger:      CLIENT | 0xb400007dab054a80 | 0100 | RGBA_8888    |    0.0    0.0  720.0   45.0 |    0    0  720   45 | StatusBar$_1902#97
05-12 21:29:40.874   899   899 D SurfaceFlinger:      DEVICE | 0xb400007dab055b00 | 0100 | RGBA_8888    |    0.0    0.0  720.0   90.0 |    0 1510  720 1600 | NavigationBar0$_1902#91
05-12 21:29:40.874   899   899 D SurfaceFlinger:      DEVICE | 0xb400007dab056280 | 0108 | RGBA_8888    |    0.0    0.0  720.0 1600.0 |    0    0  720 1600 | $_1902#93
05-12 21:29:40.874   899   899 D SurfaceFlinger: 
05-12 21:29:40.875  1216  1787 I SemWifiLinkQualityMonitor: Link Qos Query: 0.184 ms / 43.500 Mbps (58 / 0.000 / 1.333)
05-12 21:29:40.875  2335  2335 I TouchInteractionService: onSystemUiFlagsChanged, lastSysUIFlags : 131072
05-12 21:29:40.875  1216  1251 W system_server: Long monitor contention with owner binder:1216_1D (5128) at android.content.res.CompatibilityInfo com.android.server.wm.ActivityTaskManagerService$LocalService.compatibilityInfoForPackage(android.content.pm.ApplicationInfo)(ActivityTaskManagerService.java:7265) waiters=0 in void com.android.server.wm.WindowAnimator.lambda$new$1(long) for 330ms
05-12 21:29:40.875  1216  5128 I ActivityManager: DSS OFF for com.google.android.googlequicksearchbox
05-12 21:29:40.879  2335  2651 I Launcher.NotificationListener: Full refresh isConnected : true active size : 0
05-12 21:29:40.879   413 12938 I keystore2: keystore2::legacy_blob: In list_keystore_entries_for_uid: 0
05-12 21:29:40.880  1902  1902 I BLASTBufferQueue: update, w= 1200 h= 1200 mName = Wallpaper mNativeObject= 0xb400007c3b2b9000 sc.mNativeObject= 0xb400007c3b47c3c0 format= 2 caller= android.service.wallpaper.WallpaperService$Engine.getOrCreateBLASTSurface:2575 android.service.wallpaper.WallpaperService$Engine.updateSurface:1527 android.service.wallpaper.WallpaperService$Engine.reportVisibility:1902 android.service.wallpaper.WallpaperService$Engine.doVisibilityChanged:1872 android.service.wallpaper.WallpaperService$IWallpaperEngineWrapper.executeMessage:2842 com.android.internal.os.HandlerCaller$MyHandler.handleMessage:44 
05-12 21:29:40.880  1902  1902 D WallpaperService: reportVisibility onVisibilityChanged visible: true
05-12 21:29:40.880  2335  2335 I ViewRootImpl@6dc6262[LauncherActivity]: MSG_WINDOW_FOCUS_CHANGED 1 0
05-12 21:29:40.880  2335  2335 I ViewRootImpl@6dc6262[LauncherActivity]: mThreadedRenderer.initializeIfNeeded()#2 mSurface={isValid=true 0xb400007becae2000}
05-12 21:29:40.881  2335  2335 I BaseActivity: addActivityFlags, flags : 8
05-12 21:29:40.881  1902  2045 I ImageWallpaper[GLEngine]:  onVisibilityChanged true , 0
05-12 21:29:40.882  1216  2201 D MdnieScenarioControlService:  packageName : com.sec.android.app.launcher    className : com.android.launcher3.uioverrides.QuickstepLauncher
05-12 21:29:40.883  1216  2201 V MdnieScenarioControlService: setUIMode from UI function(3)
05-12 21:29:40.884  2335  2335 I InputMethodManager: startInputInner - mService.startInputOrWindowGainedFocus
05-12 21:29:40.885  1216  1238 V InputMethodManagerService: Unspecified window will hide input
05-12 21:29:40.886  1216  1238 V InputMethodManagerService: hideCurrentInputLocked : canceled, shouldHideSoftInput=false, mInputShown=false, mImeWindowVis=0
05-12 21:29:40.886  1216  1238 I InputMethodBindingController: setCurrentMethodNotVisible: mVisibleBound=false, mHasConnection=true, caller = com.android.server.inputmethod.InputMethodManagerService.hideCurrentInputLocked:4356 com.android.server.inputmethod.InputMethodManagerService.startInputOrWindowGainedFocusInternalLocked:4662 com.android.server.inputmethod.InputMethodManagerService.startInputOrWindowGainedFocusInternal:4440 com.android.server.inputmethod.InputMethodManagerService.startInputOrWindowGainedFocus:4379 com.android.internal.view.IInputMethodManager$Stub.onTransact:518 com.android.server.inputmethod.InputMethodManagerService.onTransact:2302 android.os.Binder.execTransactInternal:1316 android.os.Binder.execTransact:1280 <bottom of call stack> <bottom of call stack> 
05-12 21:29:40.886  1216  1238 D InputMethodManagerService: mDesktopModeManager null!
05-12 21:29:40.886  1216  1238 V InputMethodManagerService: getDisplayIdOfInputMethodWindowToBeAdded: displayId=0
05-12 21:29:40.887  1216  1238 D InputMethodManagerService: isImeSwitcherDisabledPackage : false
05-12 21:29:40.887  1902  1902 D SamsungLightBarControlHelper: onStatusBarAppearanceChanged() -  sbModeChanged:false, statusBarMode:MODE_TRANSPARENT, barState:SHADE, isKeyguardShowing:false, navbarColorManagedByIme:false, stackAppearancesChanged:true, (AppearanceRegion{ bounds=[0,0][720,1600]}, ), packageName:com.sec.android.app.launcher
05-12 21:29:40.887  1216  1238 D InputMethodManagerService: shouldShowImeSwitcherLocked : checking vis : 3
05-12 21:29:40.887  1216  5128 W ActivityManager: Slow operation: 350ms so far, now at attachApplicationLocked: before bindApplication
05-12 21:29:40.888  1216  1238 D InputMethodManagerService: checkDisplayOfStartInputAndUpdateKeyboard: displayId=0, mFocusedDisplayId=0
05-12 21:29:40.888  1216  1238 D InputTransport: Input channel constructed: 'ClientS', fd=766
05-12 21:29:40.888  1216  1238 D InputTransport: Input channel destroyed: 'ClientS', fd=766
05-12 21:29:40.889  1216  5128 W ActivityManager: Slow operation: 352ms so far, now at attachApplicationLocked: immediately before bindApplication
05-12 21:29:40.890  2335  2335 I PopupDataProvider: onNotificationFullRefresh prev dotInfoSize : 0
05-12 21:29:40.891   899   899 D SurfaceFlinger: Display 0 HWC layers:
05-12 21:29:40.891   899   899 D SurfaceFlinger:      DEVICE | 0xb400007dab056e80 | 0100 | RGBx_8888    |  330.0    0.0  870.0 1200.0 |    0    0  720 1600 | Wallpaper BBQ wrapper#89
05-12 21:29:40.891   899   899 D SurfaceFlinger:      CLIENT | 0xb400007daab55000 | 0100 | RGBA_8888    |   21.0   46.0  699.0 1554.0 |    0    0  720 1600 | com.sec.android.app.launcher/com.sec[...]ivities.LauncherActivity$_2335#27952
05-12 21:29:40.891   899   899 D SurfaceFlinger:      CLIENT | 0xb400007dab054a80 | 0100 | RGBA_8888    |    0.0    0.0  720.0   45.0 |    0    0  720   45 | StatusBar$_1902#97
05-12 21:29:40.891   899   899 D SurfaceFlinger:      DEVICE | 0xb400007dab055b00 | 0100 | RGBA_8888    |    0.0    0.0  720.0   90.0 |    0 1510  720 1600 | NavigationBar0$_1902#91
05-12 21:29:40.891   899   899 D SurfaceFlinger:      DEVICE | 0xb400007dab056280 | 0108 | RGBA_8888    |    0.0    0.0  720.0 1600.0 |    0    0  720 1600 | $_1902#93
05-12 21:29:40.891   899   899 D SurfaceFlinger: 
05-12 21:29:40.892  4139  4139 I HBD     : HoneyBoardService onFinishInput 
05-12 21:29:40.892  4139  4139 I HBD     : a IC have been unbinding,  RemoteInputConnection{idHash=#6665d69}
05-12 21:29:40.892  4139  4139 I HBD     : HoneyBoardService [PF_CL][onFinishInput]  0 ms 
05-12 21:29:40.892  4139  4139 I HBD     : HoneyBoardService [IMI] onStartInput - caller pid : 2335 , caller uid : 10066 
05-12 21:29:40.893  4139  4139 I HBD     : j updateConfigs 
05-12 21:29:40.893  4139  4139 I HBD     : j isEnabledNightMode : true 
05-12 21:29:40.893  4139  4139 I HBD     : a IC have been binding, RemoteInputConnection{idHash=#241f3ee} 
05-12 21:29:40.893  4139  4139 I HBD     : h [EditorInputType]setPrivateImeOptionsToTable privateImeOptions ( null )
05-12 21:29:40.893  4139  4139 I HBD     : b incognitoMode : false 
05-12 21:29:40.893  4139  4139 I HBD     : b needOff = true , isForceOff = false, isNullInputClass : true 
05-12 21:29:40.893  4139  4139 I HBD     : h getDefaultInputRange : UNKNOWN 
05-12 21:29:40.893  4139  4139 I HBD     : h getDefaultInputRange : UNKNOWN 
05-12 21:29:40.893  4139  4139 I HBD     : h getDefaultInputRange : UNKNOWN 
05-12 21:29:40.894  1216  5128 W ActivityManager: Slow operation: 357ms so far, now at attachApplicationLocked: immediately after bindApplication
05-12 21:29:40.894  1216  5128 W ActivityManager: Slow operation: 358ms so far, now at attachApplicationLocked: after updateLruProcessLocked
05-12 21:29:40.895  4139  4139 I HBD     : b needOff = true , isForceOff = false, isNullInputClass : true 
05-12 21:29:40.895  4139  4139 I HBD     : b update cached prediction status : false 
05-12 21:29:40.895  4139  4139 I HBD     : h getDefaultInputRange : UNKNOWN 
05-12 21:29:40.895  4139  4139 I HBD     : a currentState : 0 
05-12 21:29:40.895  2335  2651 I LauncherActivityInfo: Trying to load live icon for com.sec.android.app.clockpackage
05-12 21:29:40.895  4139  4139 I HBD     : a [UpdatePolicy] [post] a: 0 cl: 65537 kit: [0/0] vt: 0 ir: 1 
05-12 21:29:40.896  4139  4139 I HBD     : a [NRIC] resetNoResponseState 
05-12 21:29:40.896  4139  4139 I HBD     : b needOff = true , isForceOff = false, isNullInputClass : true 
05-12 21:29:40.896  4139  4139 I HBD     : b update cached prediction status : false 
05-12 21:29:40.896  1216  2724 D RestrictionPolicy: isScreenCaptureEnabled : ret=true userId=0
05-12 21:29:40.897  1216  2724 I WindowManager: Cancelling animation restarting=true, leash=Surface(name=Surface(name=1ea96fa InputMethod)/@0x196b2aa - animation-leash of insets_animation)/@0x4ccc60f
05-12 21:29:40.897  1216  2724 I WindowManager: Reparenting to original parent: Surface(name=WindowToken{99bf435 type=2011 android.os.Binder@e386be})/@0x1160e9b, destroy=false, surface=Surface(name=1ea96fa InputMethod)/@0x196b2aa
