05-12 21:28:08.215  3121  3121 I GestureDetector: obtain mCurrentMotionEventRaw. action: 2 id: 467291193
05-12 21:28:08.215  1216  1259 D CompatibilityChangeReporter: Compat change id reported: 135772972; UID 1000; state: DISABLED
05-12 21:28:08.215  1216  1259 D CompatibilityChangeReporter: Compat change id reported: 135754954; UID 1000; state: ENABLED
05-12 21:28:08.215  4139  4139 I InputMethodService: removeImeSurface
05-12 21:28:08.216  4139  4139 I MSHandlerLifeCycle: check: return. pkg=com.samsung.android.honeyboard isActivity=false callers=com.android.internal.policy.DecorView.setVisibility:4412 android.app.Dialog.hide:767 android.inputmethodservice.InputMethodService.removeImeSurface:1290 android.inputmethodservice.InputMethodService.scheduleImeSurfaceRemoval:1279 android.inputmethodservice.InputMethodService.-$$Nest$mscheduleImeSurfaceRemoval:0 
05-12 21:28:08.216  4139  4139 I MSHandlerLifeCycle: removeMultiSplitHandler: no exist. decor=DecorView@f2289c7[InputMethod]
05-12 21:28:08.217  1216  1248 I GestureDetector: obtain mCurrentMotionEventRaw. action: 2 id: 467291193
05-12 21:28:08.217  6664  3800 I Fitness : (REDACTED) Package %s removed.  Unregistering all recording listeners
05-12 21:28:08.217  1216  1248 I GestureDetector: obtain mCurrentMotionEventRaw. action: 2 id: 467291193
05-12 21:28:08.222  4179  4210 I dsal    : (REDACTED) maybeUpdateCacheDataForRemovedPackage %s
05-12 21:28:08.223  1216  1708 D UrspService: uid(10558) removed
05-12 21:28:08.224  1216  1356 I RollbackManager: broadcast=ACTION_PACKAGE_FULLY_REMOVED pkg=com.example.audioanalyser
05-12 21:28:08.226  1216  1424 V StorageManagerService: Package com.example.audioanalyser does not have legacy storage
05-12 21:28:08.229  3549  3549 I SDHMS:BatteryStatsDBProvider: BarTender DB Provider Delete Start
05-12 21:28:08.230   875  1906 D AF::TrackHandle: OpPlayAudio: track:454 usage:2 not muted
05-12 21:28:08.231   875  1906 D AF::TrackHandle: OpPlayAudio: track:454 usage:2 not muted
05-12 21:28:08.231   875  1906 D AF::TrackHandle: OpPlayAudio: track:454 usage:2 not muted
05-12 21:28:08.232   875  1906 D AF::TrackHandle: OpPlayAudio: track:454 usage:2 not muted
05-12 21:28:08.232   875  1906 D AF::TrackHandle: OpPlayAudio: track:454 usage:2 not muted
05-12 21:28:08.238  1887  1887 D CarrierSvcBindHelper: No carrier app for: 0
05-12 21:28:08.243  6664  3800 I Fitness : (REDACTED) Package %s removed.  Unregistering all recording listeners
05-12 21:28:08.243  1887  1887 D CarrierSvcBindHelper: No carrier app for: 1
05-12 21:28:08.247   899   899 D SurfaceFlinger: Display 0 HWC layers:
05-12 21:28:08.247   899   899 D SurfaceFlinger:      DEVICE | 0xb400007daaa72100 | 0102 | RGBA_8888    |    0.0    0.0  720.0 1600.0 |    0    0  720 1600 | SurfaceView[com.sirma.mobile.bible.a[...]ble.app.MainActivity]@0(BLAST)#27921
05-12 21:28:08.247   899   899 D SurfaceFlinger:      DEVICE | 0xb400007daab55600 | 0100 | RGBA_8888    |    0.0    0.0  720.0 1600.0 |    0    0  720 1600 | com.sirma.mobile.bible.android/youversion.bible.app.MainActivity$_3121#27916
05-12 21:28:08.247   899   899 D SurfaceFlinger:      DEVICE | 0xb400007dab054a80 | 0100 | RGBA_8888    |    0.0    0.0  720.0   45.0 |    0    0  720   45 | StatusBar$_1902#97
05-12 21:28:08.247   899   899 D SurfaceFlinger:      DEVICE | 0xb400007dab054c00 | 0100 | RGBA_8888    |    0.0    0.0  720.0   90.0 |    0 1510  720 1600 | NavigationBar0$_1902#91
05-12 21:28:08.247   899   899 D SurfaceFlinger:      DEVICE | 0xb400007dab056280 | 0108 | RGBA_8888    |    0.0    0.0  720.0 1600.0 |    0    0  720 1600 | $_1902#93
05-12 21:28:08.247   899   899 D SurfaceFlinger: 
05-12 21:28:08.253  3121  3224 I DatabaseHost: SQL (Database Worker #1): select r.id, r.processor, r.page, r.method, r.content_id, r.content_type, r.parent_id, r.parent_type, r.last_try_at, r.will_retry, r.created_at, r.view_content_url, r.edit_content_url, r.errors, r.attributes, ss.state, r.lock_name from sync_requests as r left join sync_states as ss on (r.content_type = ss.content_type and r.content_id = ss.content_id) order by r.created_at asc
05-12 21:28:08.256  1887  1887 I VvmPkgInstalledRcvr: onReceive(): android.intent.action.PACKAGE_REMOVED
05-12 21:28:08.257  3121  3223 I DatabaseHost: SQL (Database Worker #0): insert into dataman_events2 (obj, id, created, isResolved) values (?, ?, ?, ?) on conflict (id) do update set obj = excluded.obj, created = excluded.created, isResolved = excluded.isResolved
05-12 21:28:08.258  1902  1902 D TileServices: mUninstallReceiver onReceive = Intent { act=android.intent.action.PACKAGE_REMOVED dat=package: flg=0x4000010 (has extras) }
05-12 21:28:08.259  1216  1986 I Telecom:SamsungTelecomServiceImpl: getSystemDialerPackage - callingPid : 1887 / processName : sts
05-12 21:28:08.260  1887  1887 I VvmPkgInstalledRcvr: packageName: com.example.audioanalyser, systemDialer: com.samsung.android.dialer
05-12 21:28:08.263  3549  3549 E SQLiteLog: (1) no such table: 10558 in "DELETE FROM [10558]"
05-12 21:28:08.263  3549  3549 I SDHMS:BatteryStatsDBProvider: delete Exception : no such table: 10558 (code 1 SQLITE_ERROR[1]): , while compiling: DELETE FROM [10558]
05-12 21:28:08.264  3549  3549 I SDHMS:BatteryStatsDBProvider: BarTender DB Provider Delete End
05-12 21:28:08.266  3121  3226 I DatabaseHost: SQL (Database Worker #2): select object_bytes from appwidgets order by object_pk asc
05-12 21:28:08.269  1216  1373 D ActivityManager: Received BROADCAST intent 0x836c16a Key{broadcastIntent pkg=com.android.systemui intent=act=com.samsung.android.app.edgelighting.PACKAGE_REMOVED cmp=com.android.systemui/.edgelighting.EdgeLightingReceiver$1 flags=0x2000000 u=0} requestCode=0 sent=0 from uid 1000
05-12 21:28:08.269  1216  1373 D SEP_UNION_SemDeviceInfoManagerService: sendIntentAction() action = android.intent.action.PACKAGE_REMOVED, tag =  
05-12 21:28:08.270  1216  1373 D ActivityTaskManager: SafeActivityOptions created, mOriginalCallingPid=1216, mOriginalCallingUid=1000, options=null, caller=com.android.server.am.PendingIntentRecord.sendInner:486 com.android.server.am.ActivityManagerService.sendIntentSender:6624 com.android.server.am.ActivityManagerService.sendIntentSender:6613 android.app.PendingIntent.sendAndReturnResult:1029 android.app.PendingIntent.send:1000 android.app.PendingIntent.send:908 com.android.server.sepunion.SemDeviceInfoManagerService.sendIntentAction:197 
05-12 21:28:08.276  1216  1373 D ActivityManager: Received BROADCAST intent 0xbbf2ef8 Key{broadcastIntent pkg=com.samsung.android.provider.filterprovider intent=act=com.samsung.android.provider.filterprovider.INTENT_PACKAGE_REMOVED cmp=com.samsung.android.provider.filterprovider/.PackageIntentReceiver flags=0x2000000 u=0} requestCode=0 sent=0 from uid 1000
05-12 21:28:08.276  1216  1373 D SEP_UNION_SemDeviceInfoManagerService: sendIntentAction() action = android.intent.action.PACKAGE_REMOVED, tag =  
05-12 21:28:08.277  1216  1373 D ActivityTaskManager: SafeActivityOptions created, mOriginalCallingPid=1216, mOriginalCallingUid=1000, options=null, caller=com.android.server.am.PendingIntentRecord.sendInner:486 com.android.server.am.ActivityManagerService.sendIntentSender:6624 com.android.server.am.ActivityManagerService.sendIntentSender:6613 android.app.PendingIntent.sendAndReturnResult:1029 android.app.PendingIntent.send:1000 android.app.PendingIntent.send:908 com.android.server.sepunion.SemDeviceInfoManagerService.sendIntentAction:197 
05-12 21:28:08.278  3121  3227 I DatabaseHost: SQL (Database Worker #3): select obj from dataman_events2 where (isResolved = ?)
05-12 21:28:08.278  1216  1216 W LoadedApk: Slow system_server main thread handled for android.intent.action.PACKAGE_REMOVED took 109 ms, Receiver = com.android.server.compat.PlatformCompat$1@4793fd6
05-12 21:28:08.278  1216  1216 W Looper  : Slow dispatch took 110ms main h=android.app.ActivityThread$H c=android.app.LoadedApk$ReceiverDispatcher$Args$$ExternalSyntheticLambda0@a645e0b m=0
05-12 21:28:08.283  1216  1247 W Looper  : Slow dispatch took 120ms android.fg h=android.os.Handler c=<recycled PooledLambda@8e594e8> m=0
05-12 21:28:08.286  3121  3226 I DatabaseHost: SQL (Database Worker #2): select obj from dataman_events2 where (isResolved = ?) order by created asc limit 50
05-12 21:28:08.299  1216  1403 D InputReader: Btn_touch(10): value=0 when=236020.422656
05-12 21:28:08.299  1216  1403 I InputReader: Touch event's action is 0x1 (id=2, t=0) [pCnt=1, s=] when=236020.422656
05-12 21:28:08.300  1216  1402 I InputDispatcher: Delivering touch to (3121): action: 0x1, f=0x0, d=0, '7abd475', t=1 
05-12 21:28:08.305  1902  1902 D FaceWidgetMusicViewModel: onPackageRemoved() pkg = com.example.audioanalyser, r = false
05-12 21:28:08.305  1902  1902 D FaceWidgetMusicViewModel: resetDataAndClear()
05-12 21:28:08.305  1902  1902 D FaceWidgetMetadataParser: removePackage() key = com.example.audioanalyser
05-12 21:28:08.310  1887  1887 I VvmPkgInstalledRcvr: capablePhoneAccounts : [ComponentInfo{com.android.phone/com.android.services.telephony.TelephonyConnectionService}, 1, UserHandle{0}]
05-12 21:28:08.310  1887  1887 I VvmPkgInstalledRcvr: capablePhoneAccounts.size : 1
05-12 21:28:08.311  1216  1373 I ActivityManager: com.samsung.android.app.galaxyfinder is exempt from freezer by list
05-12 21:28:08.311  1216  1373 D CompatibilityChangeReporter: Compat change id reported: 135634846; UID 10063; state: DISABLED
05-12 21:28:08.311  1216  1373 D CompatibilityChangeReporter: Compat change id reported: 177438394; UID 10063; state: DISABLED
05-12 21:28:08.311  1216  1373 D CompatibilityChangeReporter: Compat change id reported: 135772972; UID 10063; state: DISABLED
05-12 21:28:08.311  1887  1887 I VvmPkgInstalledRcvr: phoneAccountHandle : ComponentInfo{com.android.phone/com.android.services.telephony.TelephonyConnectionService}, 1, UserHandle{0}
05-12 21:28:08.311  1216  1373 D CompatibilityChangeReporter: Compat change id reported: 135754954; UID 10063; state: ENABLED
05-12 21:28:08.312  1887  1887 I VvmPkgInstalledRcvr: pinnedTelephonyManager : android.telephony.TelephonyManager@c53a723
05-12 21:28:08.312  1216  1373 D ActivityManager: Received SERVICE intent 0x8f699af Key{startService pkg=com.samsung.android.app.galaxyfinder intent=act=package_changed cmp=com.samsung.android.app.galaxyfinder/.acceleration.AppCoreService flags=0x2000000 u=0} requestCode=0 from uid 1000
05-12 21:28:08.312  1216  1373 D SEP_UNION_SemDeviceInfoManagerService: sendIntentAction() action = android.intent.action.PACKAGE_REMOVED, tag =  
05-12 21:28:08.313  1216  1373 D SEP_UNION_SemDeviceInfoManagerService: onReceive : android.intent.action.PACKAGE_FULLY_REMOVED, userId = 0 
05-12 21:28:08.313  1216  1373 D ActivityTaskManager: SafeActivityOptions created, mOriginalCallingPid=1216, mOriginalCallingUid=1000, options=null, caller=com.android.server.am.PendingIntentRecord.sendInner:486 com.android.server.am.ActivityManagerService.sendIntentSender:6624 com.android.server.am.ActivityManagerService.sendIntentSender:6613 android.app.PendingIntent.sendAndReturnResult:1029 android.app.PendingIntent.send:1000 android.app.PendingIntent.send:908 com.android.server.sepunion.SemDeviceInfoManagerService.sendIntentAction:197 
05-12 21:28:08.315  1216  1373 D ActivityManager: Received BROADCAST intent 0xe58986e Key{broadcastIntent pkg=com.sec.android.diagmonagent intent=act=com.sec.android.diagmonagent.intent.PACKAGE_FULLY_REMOVED pkg=com.sec.android.diagmonagent cmp=com.sec.android.diagmonagent/.sa.datalogging.monitor.AppInstallationMonitor$AppInstallationBroadcastReceiver flags=0x2000000 u=0} requestCode=0 sent=0 from uid 1000
05-12 21:28:08.315  1216  1373 D SEP_UNION_SemDeviceInfoManagerService: sendIntentAction() action = android.intent.action.PACKAGE_FULLY_REMOVED, tag =  
05-12 21:28:08.316  1216  1373 D ActivityTaskManager: SafeActivityOptions created, mOriginalCallingPid=1216, mOriginalCallingUid=1000, options=null, caller=com.android.server.am.PendingIntentRecord.sendInner:486 com.android.server.am.ActivityManagerService.sendIntentSender:6624 com.android.server.am.ActivityManagerService.sendIntentSender:6613 android.app.PendingIntent.sendAndReturnResult:1029 android.app.PendingIntent.send:1000 android.app.PendingIntent.send:908 com.android.server.sepunion.SemDeviceInfoManagerService.sendIntentAction:197 
05-12 21:28:08.317   824   824 D Zygote  : Forked child process 10849
05-12 21:28:08.319  1887  1887 I VvmPkgInstalledRcvr: pinnedTelephonyManager : subscriberId: 310*********914
05-12 21:28:08.319  1216  1260 W ActivityManager: Slow operation: 136ms so far, now at startProcess: returned from zygote!
05-12 21:28:08.322  1216  1373 D ActivityManager: Received BROADCAST intent 0x380c79c Key{broadcastIntent pkg=com.samsung.android.rubin.app intent=act=com.samsung.android.rubin.inferenceengine.datalogging.action.PACKAGE_FULLY_REMOVED pkg=com.samsung.android.rubin.app cmp=com.samsung.android.rubin.app/com.samsung.android.rubin.inferenceengine.contextanalytics.engine.loggers.AppInstallationLogger$AppInstallationBroadcastReceiver flags=0x2000000 u=0} requestCode=0 sent=0 from uid 1000
05-12 21:28:08.322  1216  1373 D SEP_UNION_SemDeviceInfoManagerService: sendIntentAction() action = android.intent.action.PACKAGE_FULLY_REMOVED, tag =  
05-12 21:28:08.325  1216  1275 D FASDataManager: getFASDataFromDB fasEntityList size : 143
05-12 21:28:08.326  1216  1260 W ActivityManager: Slow operation: 143ms so far, now at startProcess: done updating battery stats
05-12 21:28:08.326  1216  1260 W ActivityManager: Slow operation: 144ms so far, now at startProcess: building log message
05-12 21:28:08.326  1216  1260 I ActivityManager: Start proc 10849:com.samsung.android.bbc.bbcagent/1000 for broadcast {com.samsung.android.bbc.bbcagent/com.samsung.android.bbc.bbcagent.bbccontroller.receiver.PackageEventReceiver}
05-12 21:28:08.326  1216  1260 W ActivityManager: Slow operation: 144ms so far, now at startProcess: starting to update pids map
05-12 21:28:08.330  1216  1260 W ActivityManager: Slow operation: 147ms so far, now at startProcess: done updating pids map
05-12 21:28:08.330  1216  1260 D CompatibilityChangeReporter: Compat change id reported: 143937733; UID 10063; state: ENABLED
05-12 21:28:08.343  1216  1985 W system_server: Long monitor contention with owner android.io (1249) at java.lang.Boolean com.android.server.pm.PackageInstallerService.lambda$new$0()(PackageInstallerService.java:292) waiters=1 in android.content.pm.IPackageInstallerSession com.android.server.pm.PackageInstallerService.openSessionInternal(int) for 148ms
05-12 21:28:08.347  1887  1887 I VvmPkgInstalledRcvr: getCarrierVvmPackages : config: PersistableBundle[{imsvoice.voice_on_default_bearer_supported_bool=false, imsss.ut_transport_type_int=1, carrier_volte_provisioned_bool=false, support_cdma_1x_voice_calls_bool=true, support_ss_over_cdma_bool=false, disable_charge_indication_bool=false, ims.sip_timer_t4_millis_int=17000, support_tdscdma_bool=false, httpSocketTimeout=60000, allowed_initial_attach_apn_types_string_array=[ia, default], disable_supplementary_services_in_airplane_mode_bool=false, call_barring_default_service_class_int=1, call_redirection_service_component_name_string=null, carrier_wfc_supports_wifi_only_bool=false, carrier_default_actions_on_default_network_available_string_array=[false: 7, true: 8], imsvoice.minimum_session_expires_timer_sec_int=90, iwlan_handover_policy_string_array=[source=GERAN|UTRAN|EUTRAN|NGRAN|IWLAN, target=GERAN|UTRAN|EUTRAN|NGRAN|IWLAN, type=allowed], operator_selection_expand_bool=true, disable_cdma_activation_code_bool=false, simplified_network_settings_bool=false, imsemergency.emergency_registration_timer_millis_int=10000, call_forwarding_when_unanswered_supported_bool=true, imsvt.h264_payload_description_bundle=PersistableBundle[{99=PersistableBundle[{}], 100=PersistableBundle[{imsvt.video_codec_attribute_packetization_mode_int=0}]}], support_tdscdma_roaming_networks_string_array=null, opportunistic.5g_data_switch_hysteresis_time_long=2000, ims.sip_timer_d_millis_int=130000, gps.lpp_profile=2, call_barring_visibility_bool=false, gba_mode_int=1, ims.registration_subscribe_expiry_timer_sec_int=600000, gps.es_extension_sec=0, enable_apps_string_array=null, 5g_icon_display_secondary_grace_period_string=, carrier_default_wfc_ims_roaming_enabled_bool=false, cdma_nonroaming_networks_string_array=null, imsss.ut_as_server_fqdn_string=, signal_strength_nr_nsa_use_lte_as_primary_bool=true, aliasMinChars=2, fdn_number_length_limit_int=20, support_ims_call_forwarding_while_roaming_bool=true, wfc_data_spn_format_idx_int=0, hide_sim_lock_settings_bool=false, drop_video_call_when_answering_audio_call_bool=false, data_stall_recovery_timers_long_array=[180000, 180000, 180000, 180000], opportunistic_esim_download_via_wifi_only_bool=false, imsss.xcap_over_ut_supported_rats_int_array=[3, 5], ci_action_on_sys_update_bool=false, carrier_certificate_string_array=[], convert_cdma_caller_id_mmi_codes_while_roaming_on_3gpp_bool=false, support_enhanced_call_blocking_bool=true, iwlan.ike_rekey_hard_timer_in_sec=14400, vvm_port_number_int=0, carrier_default_wfc_ims_enabled_bool=false, iwlan.ike_session_encryption_aes_ctr_key_size_int_array=[128, 192, 256], dial_string_replace_string_array=null, opportunistic_network_entry_threshold_bandwidth_int=1024, opportunistic_network_data_switch_exit_hysteresis_time_long=3000, imsss.use_csfb_on_xcap_over_ut_failure_bool=true, gsm_nonroaming_networks_string_array=null, imsserviceentitlement.ims_provisioning_bool=false, wifi.avoid_5ghz_softap_for_laa_bool=false, hide_ims_apn_bool=false, vvm_destination_number_string=, unmetered_nr_sa_mmwave_bool=false, ims.ipsec_encryption_algorithms_int_array=[0, 1, 2], opportunistic.5g_backoff_time_long=10000, enable_cross_sim_calling_on_opportunistic_data_bool=false, vonr_setting_visibility_bool=true, imssms.sms_over_ims_supported_bool=true, dtmf_type_enabled_bool=false, ims.sip_timer_f_millis_int=128000, allow_video_calling_fallback_bool=true, nr_advanced_threshold_bandwidth_khz_int=50000, opportunistic.5g_ping_pong_time_long=60000, config_ims_package_override_string=com.google.android.ims, data_stall_recovery_should_skip_bool_array=[false, false, true, false, false], only_auto_select_in_home_network=false, iwlan.supported_prf_algorithms_int_array=[2, 4, 5, 6, 7], show_data_connected_roaming_notification=false, gps.es_supl_data_plane_only_roaming_plmn_string_array=null, imsserviceentitlement.fcm_sender_id_string=, smsToMmsTextThreshold=3, imsvt.video_as_bandwidth_kbps_int=960, opportunistic.exit_threshold_ss_rsrp_int_bundle=PersistableBundle[{}], inflate_signal_strength_bool=true, force_h
05-12 21:28:08.347  1887  1887 I VvmPkgInstalledRcvr: getCarrierVvmPackages : singlePackage: 
05-12 21:28:08.347  1887  1887 I VvmPkgInstalledRcvr: getCarrierVvmPackages : arrayPackages: null
05-12 21:28:08.347  1887  1887 I VvmPkgInstalledRcvr:  NOT contains : com.example.audioanalyser
05-12 21:28:08.347   824   824 D Zygote  : Forked child process 10850
05-12 21:28:08.346  1216  1275 D MARsPolicyManager: deletePkgInfoInMARs size = 143
05-12 21:28:08.350 10849 10849 I id.bbc.bbcagent: Using CollectorTypeCC GC.
05-12 21:28:08.358  6664 10847 I ProximityAuth: [RecentAppsMediator] Package removed: (user=UserHandle{0}) com.example.audioanalyser
05-12 21:28:08.385  6664  3800 E LoadedApk: Exception : java.lang.NullPointerException: Attempt to invoke virtual method 'boolean android.os.Looper.isPerfLogEnable()' on a null object reference
05-12 21:28:08.394  1216  1275 D MARsPolicyManager: updateMARsTargetPackages mMARsTargetPackages.size-144
05-12 21:28:08.395  1887  1887 I Telephony: SamsungTuiRelayReceiver: registerWhoWhoPackageRemovedEvents
05-12 21:28:08.397  1887  1887 I Telephony: SamsungTuiRelayReceiver: registerCallBGProviderPackageRemovedEvents
05-12 21:28:08.397  1887  1887 I Telephony: SamsungTuiRelayReceiver: sendRelayIntentForCallBG
05-12 21:28:08.398  3121  3121 I ViewRootImpl@28fe587[MainActivity]: ViewPostIme pointer 1
05-12 21:28:08.399  1216  1216 I ActivityManager: com.android.keychain is exempt from freezer
05-12 21:28:08.401  1216  1260 W ActivityManager: Slow operation: 91ms so far, now at startProcess: done updating battery stats
05-12 21:28:08.402  1216  1260 W ActivityManager: Slow operation: 91ms so far, now at startProcess: building log message
05-12 21:28:08.402  1216  1260 I ActivityManager: Start proc 10850:com.samsung.android.app.galaxyfinder:appservice/u0a63 for service {com.samsung.android.app.galaxyfinder/com.samsung.android.app.galaxyfinder.acceleration.AppCoreService}
05-12 21:28:08.402  1216  1260 W ActivityManager: Slow operation: 91ms so far, now at startProcess: starting to update pids map
05-12 21:28:08.402 10850 10850 I nder:appservice: Using CollectorTypeCC GC.
05-12 21:28:08.407  3121  3224 I DatabaseWorker: ***** Database is idle *****
05-12 21:28:08.405  1216  1260 W ActivityManager: Slow operation: 94ms so far, now at startProcess: done updating pids map
05-12 21:28:08.413  3121  3223 I DatabaseWorker: ***** Database is NOT idle *****
05-12 21:28:08.428  6664 10847 I Fitness : (REDACTED) FitCleanupIntentOperation received Intent %s
05-12 21:28:08.428  6664 10847 I Fitness : (REDACTED) Clearing all cached OAuth tokens for: %s
05-12 21:28:08.430  1216  1216 W LoadedApk: Slow system_server main thread handled for android.intent.action.PACKAGE_REMOVED took 150 ms, Receiver = com.android.server.security.KeyChainSystemService$1@68c61c8
05-12 21:28:08.430  1216  1216 W Looper  : Slow dispatch took 152ms main h=android.app.ActivityThread$H c=android.app.LoadedApk$ReceiverDispatcher$Args$$ExternalSyntheticLambda0@d15373 m=0
05-12 21:28:08.433  1216  1216 W Looper  : Slow delivery took 268ms main h=android.app.ActivityThread$H c=android.app.LoadedApk$ReceiverDispatcher$Args$$ExternalSyntheticLambda0@e7fc230 m=0
05-12 21:28:08.433  3549  3727 I SDHMS:m : Event handlePackageRemovedLocked will starts.
05-12 21:28:08.434 10849 10849 D nativeloader: Load libframework-connectivity-tiramisu-jni.so using APEX ns com_android_tethering for caller /apex/com.android.tethering/javalib/framework-connectivity-t.jar: ok
05-12 21:28:08.436  3121  3227 I DatabaseHost: SQL (Database Worker #3): insert into dataman_events2 (obj, id, created, isResolved) values (?, ?, ?, ?) on conflict (id) do update set obj = excluded.obj, created = excluded.created, isResolved = excluded.isResolved
05-12 21:28:08.438  3121  3223 I DatabaseHost: SQL (Database Worker #0): select obj from plan_subscriptions where (contentId = ?)
05-12 21:28:08.439  3549  3727 I SDHMS:m : Event handlePackageRemovedLocked finished.
05-12 21:28:08.439  3121  3226 I DatabaseHost: SQL (Database Worker #2): select r.id, r.processor, r.page, r.method, r.content_id, r.content_type, r.parent_id, r.parent_type, r.last_try_at, r.will_retry, r.created_at, r.view_content_url, r.edit_content_url, r.errors, r.attributes, ss.state, r.lock_name from sync_requests as r left join sync_states as ss on (r.content_type = ss.content_type and r.content_id = ss.content_id) order by r.created_at asc
05-12 21:28:08.441  1216  1216 D AS.AudioService: com.example.audioanalyser(10558) is removed
05-12 21:28:08.442  6664 10847 I Fitness : (REDACTED) Removing all subscriptions for: %s
05-12 21:28:08.458  1216  1371 I RoleService: Granting default roles...
05-12 21:28:08.462   824   824 D Zygote  : Forked child process 10870
05-12 21:28:08.462  3121  3224 I DatabaseHost: SQL (Database Worker #1): select obj from plan_subscriptions where contentId = ?
05-12 21:28:08.462  1216  1260 W ActivityManager: Slow operation: 67ms so far, now at startProcess: returned from zygote!
05-12 21:28:08.464  1216  1260 W ActivityManager: Slow operation: 68ms so far, now at startProcess: done updating battery stats
05-12 21:28:08.464  1216  1260 W ActivityManager: Slow operation: 69ms so far, now at startProcess: building log message
05-12 21:28:08.464  1216  1260 I ActivityManager: Start proc 10870:com.android.keychain/1000 for service {com.android.keychain/com.android.keychain.KeyChainService}
05-12 21:28:08.464  1216  1260 W ActivityManager: Slow operation: 69ms so far, now at startProcess: starting to update pids map
05-12 21:28:08.465  1216  1260 W ActivityManager: Slow operation: 69ms so far, now at startProcess: done updating pids map
05-12 21:28:08.466  6664 10847 I Fitness : (REDACTED) Clearing all cached OAuth tokens for: %s
05-12 21:28:08.467  6664 10847 I Fitness : (REDACTED) Removing all subscriptions for: %s
05-12 21:28:08.479   899   899 D SurfaceFlinger: Display 0 HWC layers:
05-12 21:28:08.479   899   899 D SurfaceFlinger:      DEVICE | 0xb400007daaa71c80 | 0102 | RGBA_8888    |    0.0    0.0  720.0 1600.0 |    0    0  720 1600 | SurfaceView[com.sirma.mobile.bible.a[...]ble.app.MainActivity]@0(BLAST)#27921
05-12 21:28:08.479   899   899 D SurfaceFlinger:      DEVICE | 0xb400007daab55600 | 0100 | RGBA_8888    |    0.0    0.0  720.0 1600.0 |    0    0  720 1600 | com.sirma.mobile.bible.android/youversion.bible.app.MainActivity$_3121#27916
05-12 21:28:08.479   899   899 D SurfaceFlinger:      DEVICE | 0xb400007dab054a80 | 0100 | RGBA_8888    |    0.0    0.0  720.0   45.0 |    0    0  720   45 | StatusBar$_1902#97
05-12 21:28:08.479   899   899 D SurfaceFlinger:      DEVICE | 0xb400007dab054c00 | 0100 | RGBA_8888    |    0.0    0.0  720.0   90.0 |    0 1510  720 1600 | NavigationBar0$_1902#91
05-12 21:28:08.479   899   899 D SurfaceFlinger:      DEVICE | 0xb400007dab056280 | 0108 | RGBA_8888    |    0.0    0.0  720.0 1600.0 |    0    0  720 1600 | $_1902#93
05-12 21:28:08.479   899   899 D SurfaceFlinger: 
05-12 21:28:08.493  3121  3224 I DatabaseHost: SQL (Database Worker #1): insert into plan_subscriptions (obj, contentId, subscription_id, together_id, api_order, subscription_planId, subscription_languageTag, subscription_planId) values (?, ?, ?, ?, ?, ?, ?, ?) on conflict (contentId) do update set obj = excluded.obj, subscription_id = excluded.subscription_id, together_id = excluded.together_id, api_order = excluded.api_order, subscription_planId = excluded.subscription_planId, subscription_languageTag = excluded.subscription_languageTag, subscription_planId = excluded.subscription_planId
05-12 21:28:08.494  1216  1248 I GestureDetector: handleMessage TAP
05-12 21:28:08.502  1216  1216 D SGM:GameManager: identifyGamePackage. com.example.audioanalyser, mCurrentUserId: 0, callerUserId: 0, callingMethodInfo: com.samsung.android.game.SemGameManager.isGamePackage(SemGameManager.java:104)
05-12 21:28:08.502  1216  1216 D SGM:PkgDataHelper: getGamePkgData(). com.example.audioanalyser
05-12 21:28:08.502  1216  1216 D SGM:SemGameManager: isGamePackage(), pkgName=com.example.audioanalyser, ret=false
05-12 21:28:08.504 10849 10849 D ActivityThread: setConscryptValidator
05-12 21:28:08.504   899   899 D SurfaceFlinger: Display 0 HWC layers:
05-12 21:28:08.504   899   899 D SurfaceFlinger:      DEVICE | 0xb400007daab55d80 | 0102 | RGBA_8888    |    0.0    0.0  720.0 1600.0 |    0    0  720 1600 | SurfaceView[com.sirma.mobile.bible.a[...]ble.app.MainActivity]@0(BLAST)#27921
05-12 21:28:08.504   899   899 D SurfaceFlinger:      DEVICE | 0xb400007daab55600 | 0100 | RGBA_8888    |    0.0    0.0  720.0 1600.0 |    0    0  720 1600 | com.sirma.mobile.bible.android/youversion.bible.app.MainActivity$_3121#27916
05-12 21:28:08.504   899   899 D SurfaceFlinger:      DEVICE | 0xb400007dab054a80 | 0100 | RGBA_8888    |    0.0    0.0  720.0   45.0 |    0    0  720   45 | StatusBar$_1902#97
05-12 21:28:08.504   899   899 D SurfaceFlinger:      DEVICE | 0xb400007dab054c00 | 0100 | RGBA_8888    |    0.0    0.0  720.0   90.0 |    0 1510  720 1600 | NavigationBar0$_1902#91
05-12 21:28:08.504   899   899 D SurfaceFlinger:      DEVICE | 0xb400007dab056280 | 0108 | RGBA_8888    |    0.0    0.0  720.0 1600.0 |    0    0  720 1600 | $_1902#93
05-12 21:28:08.504   899   899 D SurfaceFlinger: 
05-12 21:28:08.504 10849 10849 D ActivityThread: setConscryptValidator - put
05-12 21:28:08.507  1216  1799 D SemWifiTransportLayerMonitor.TcpMonitorHandler: MSG_SAVE_PACKAGE_INFO
05-12 21:28:08.507  1216  1799 D SemWifiTransportLayerFileManager: saveWifiPackageInfoToFile
05-12 21:28:08.507  1216  1799 D SemWifiTransportLayerFileManager: writeWifiPackageInfoList
05-12 21:28:08.509 10850 10850 D nativeloader: Load libframework-connectivity-tiramisu-jni.so using APEX ns com_android_tethering for caller /apex/com.android.tethering/javalib/framework-connectivity-t.jar: ok
05-12 21:28:08.519   899   899 D SurfaceFlinger: Display 0 HWC layers:
05-12 21:28:08.519   899   899 D SurfaceFlinger:      DEVICE | 0xb400007dd5e2bf80 | 0102 | RGBA_8888    |    0.0    0.0  720.0 1600.0 |    0    0  720 1600 | SurfaceView[com.sirma.mobile.bible.a[...]ble.app.MainActivity]@0(BLAST)#27921
05-12 21:28:08.519   899   899 D SurfaceFlinger:      DEVICE | 0xb400007daab55600 | 0100 | RGBA_8888    |    0.0    0.0  720.0 1600.0 |    0    0  720 1600 | com.sirma.mobile.bible.android/youversion.bible.app.MainActivity$_3121#27916
05-12 21:28:08.519   899   899 D SurfaceFlinger:      DEVICE | 0xb400007dab054a80 | 0100 | RGBA_8888    |    0.0    0.0  720.0   45.0 |    0    0  720   45 | StatusBar$_1902#97
05-12 21:28:08.519   899   899 D SurfaceFlinger:      DEVICE | 0xb400007dab054c00 | 0100 | RGBA_8888    |    0.0    0.0  720.0   90.0 |    0 1510  720 1600 | NavigationBar0$_1902#91
05-12 21:28:08.519   899   899 D SurfaceFlinger:      DEVICE | 0xb400007dab056280 | 0108 | RGBA_8888    |    0.0    0.0  720.0 1600.0 |    0    0  720 1600 | $_1902#93
05-12 21:28:08.519   899   899 D SurfaceFlinger: 
05-12 21:28:08.530  1216  1216 I GameManagerService: Disabling downscale for com.example.audioanalyser
05-12 21:28:08.534   899   899 D SurfaceFlinger: Display 0 HWC layers:
05-12 21:28:08.534   899   899 D SurfaceFlinger:      DEVICE | 0xb400007daaa72100 | 0102 | RGBA_8888    |    0.0    0.0  720.0 1600.0 |    0    0  720 1600 | SurfaceView[com.sirma.mobile.bible.a[...]ble.app.MainActivity]@0(BLAST)#27921
05-12 21:28:08.534   899   899 D SurfaceFlinger:      DEVICE | 0xb400007daab55600 | 0100 | RGBA_8888    |    0.0    0.0  720.0 1600.0 |    0    0  720 1600 | com.sirma.mobile.bible.android/youversion.bible.app.MainActivity$_3121#27916
05-12 21:28:08.534   899   899 D SurfaceFlinger:      DEVICE | 0xb400007dab054a80 | 0100 | RGBA_8888    |    0.0    0.0  720.0   45.0 |    0    0  720   45 | StatusBar$_1902#97
05-12 21:28:08.534   899   899 D SurfaceFlinger:      DEVICE | 0xb400007dab054c00 | 0100 | RGBA_8888    |    0.0    0.0  720.0   90.0 |    0 1510  720 1600 | NavigationBar0$_1902#91
05-12 21:28:08.534   899   899 D SurfaceFlinger:      DEVICE | 0xb400007dab056280 | 0108 | RGBA_8888    |    0.0    0.0  720.0 1600.0 |    0    0  720 1600 | $_1902#93
05-12 21:28:08.534   899   899 D SurfaceFlinger: 
05-12 21:28:08.543  1216  5129 D CompatibilityChangeReporter: Compat change id reported: 168419799; UID 1000; state: DISABLED
05-12 21:28:08.548  1216  1823 D NetdEventListenerService: DNS Requested by : 142, 10278
05-12 21:28:08.550  1216  5129 I ActivityManager: DSS OFF for com.samsung.android.bbc.bbcagent
05-12 21:28:08.565 10850 10850 D ActivityThread: setConscryptValidator
05-12 21:28:08.565  1216  1823 D NetdEventListenerService: DNS Requested by : 142, 10278
05-12 21:28:08.565 10850 10850 D ActivityThread: setConscryptValidator - put
05-12 21:28:08.598 10870 10870 I ndroid.keychain: Using CollectorTypeCC GC.
05-12 21:28:08.608   899   899 D SurfaceFlinger: Display 0 HWC layers:
05-12 21:28:08.608   899   899 D SurfaceFlinger:      DEVICE | 0xb400007daaa71c80 | 0102 | RGBA_8888    |    0.0    0.0  720.0 1600.0 |    0    0  720 1600 | SurfaceView[com.sirma.mobile.bible.a[...]ble.app.MainActivity]@0(BLAST)#27921
05-12 21:28:08.608   899   899 D SurfaceFlinger:      DEVICE | 0xb400007daab55600 | 0100 | RGBA_8888    |    0.0    0.0  720.0 1600.0 |    0    0  720 1600 | com.sirma.mobile.bible.android/youversion.bible.app.MainActivity$_3121#27916
05-12 21:28:08.608   899   899 D SurfaceFlinger:      DEVICE | 0xb400007dab054a80 | 0100 | RGBA_8888    |    0.0    0.0  720.0   45.0 |    0    0  720   45 | StatusBar$_1902#97
05-12 21:28:08.608   899   899 D SurfaceFlinger:      DEVICE | 0xb400007dab054c00 | 0100 | RGBA_8888    |    0.0    0.0  720.0   90.0 |    0 1510  720 1600 | NavigationBar0$_1902#91
05-12 21:28:08.608   899   899 D SurfaceFlinger:      DEVICE | 0xb400007dab056280 | 0108 | RGBA_8888    |    0.0    0.0  720.0 1600.0 |    0    0  720 1600 | $_1902#93
05-12 21:28:08.608   899   899 D SurfaceFlinger: 
05-12 21:28:08.610  1216  5129 W ActivityManager: Slow operation: 68ms so far, now at attachApplicationLocked: before bindApplication
05-12 21:28:08.611  3121  3223 I DatabaseHost: SQL (Database Worker #0): select obj from plan_subscriptions where contentId = ?
05-12 21:28:08.613  1216  5129 W ActivityManager: Slow operation: 71ms so far, now at attachApplicationLocked: immediately before bindApplication
05-12 21:28:08.614  3121  3227 I DatabaseHost: SQL (Database Worker #3): delete from dataman_events2 where id = ?
05-12 21:28:08.615  1216  5129 W ActivityManager: Slow operation: 73ms so far, now at attachApplicationLocked: immediately after bindApplication
05-12 21:28:08.616  1216  5129 W ActivityManager: Slow operation: 74ms so far, now at attachApplicationLocked: after updateLruProcessLocked
05-12 21:28:08.618  1216  5129 W ActivityManager: Slow operation: 76ms so far, now at attachApplicationLocked: after mServices.attachApplicationLocked
05-12 21:28:08.622  1216  5129 W ActivityManager: Slow operation: 80ms so far, now at attachApplicationLocked: after sendPendingBroadcastsLocked
05-12 21:28:08.626  1216  5433 D CompatibilityChangeReporter: Compat change id reported: 168419799; UID 10063; state: DISABLED
05-12 21:28:08.627  1852 10876 I AppBackupStateCleanupIO: Backup state cleanup on uninstall is disabled. [CONTEXT service_id=229 ]
05-12 21:28:08.628  1216  5433 I ActivityManager: DSS OFF for com.samsung.android.app.galaxyfinder
05-12 21:28:08.629   899   899 D SurfaceFlinger: Display 0 HWC layers:
05-12 21:28:08.629   899   899 D SurfaceFlinger:      DEVICE | 0xb400007daab55d80 | 0102 | RGBA_8888    |    0.0    0.0  720.0 1600.0 |    0    0  720 1600 | SurfaceView[com.sirma.mobile.bible.a[...]ble.app.MainActivity]@0(BLAST)#27921
05-12 21:28:08.629   899   899 D SurfaceFlinger:      DEVICE | 0xb400007daab55600 | 0100 | RGBA_8888    |    0.0    0.0  720.0 1600.0 |    0    0  720 1600 | com.sirma.mobile.bible.android/youversion.bible.app.MainActivity$_3121#27916
05-12 21:28:08.629   899   899 D SurfaceFlinger:      DEVICE | 0xb400007dab054a80 | 0100 | RGBA_8888    |    0.0    0.0  720.0   45.0 |    0    0  720   45 | StatusBar$_1902#97
05-12 21:28:08.629   899   899 D SurfaceFlinger:      DEVICE | 0xb400007dab054c00 | 0100 | RGBA_8888    |    0.0    0.0  720.0   90.0 |    0 1510  720 1600 | NavigationBar0$_1902#91
05-12 21:28:08.629   899   899 D SurfaceFlinger:      DEVICE | 0xb400007dab056280 | 0108 | RGBA_8888    |    0.0    0.0  720.0 1600.0 |    0    0  720 1600 | $_1902#93
05-12 21:28:08.629   899   899 D SurfaceFlinger: 
05-12 21:28:08.631  3121  3224 I DatabaseHost: SQL (Database Worker #1): select r.id, r.processor, r.page, r.method, r.content_id, r.content_type, r.parent_id, r.parent_type, r.last_try_at, r.will_retry, r.created_at, r.view_content_url, r.edit_content_url, r.errors, r.attributes, ss.state, r.lock_name from sync_requests as r left join sync_states as ss on (r.content_type = ss.content_type and r.content_id = ss.content_id) order by r.created_at asc
05-12 21:28:08.649   899   899 D SurfaceFlinger: Display 0 HWC layers:
05-12 21:28:08.649   899   899 D SurfaceFlinger:      DEVICE | 0xb400007dd5e2bf80 | 0102 | RGBA_8888    |    0.0    0.0  720.0 1600.0 |    0    0  720 1600 | SurfaceView[com.sirma.mobile.bible.a[...]ble.app.MainActivity]@0(BLAST)#27921
05-12 21:28:08.649   899   899 D SurfaceFlinger:      DEVICE | 0xb400007daab55600 | 0100 | RGBA_8888    |    0.0    0.0  720.0 1600.0 |    0    0  720 1600 | com.sirma.mobile.bible.android/youversion.bible.app.MainActivity$_3121#27916
05-12 21:28:08.649   899   899 D SurfaceFlinger:      DEVICE | 0xb400007dab054a80 | 0100 | RGBA_8888    |    0.0    0.0  720.0   45.0 |    0    0  720   45 | StatusBar$_1902#97
05-12 21:28:08.649   899   899 D SurfaceFlinger:      DEVICE | 0xb400007dab054c00 | 0100 | RGBA_8888    |    0.0    0.0  720.0   90.0 |    0 1510  720 1600 | NavigationBar0$_1902#91
05-12 21:28:08.649   899   899 D SurfaceFlinger:      DEVICE | 0xb400007dab056280 | 0108 | RGBA_8888    |    0.0    0.0  720.0 1600.0 |    0    0  720 1600 | $_1902#93
05-12 21:28:08.649   899   899 D SurfaceFlinger: 
05-12 21:28:08.658  1852 10883 I PackageInstalledIntentO: Test flag v2 is disabled [CONTEXT service_id=469 ]
05-12 21:28:08.666  1216  1216 I Telecom : CarModeTracker: Package com.example.audioanalyser is not tracked.: SSH.oR@Z10
05-12 21:28:08.667  1852 10881 I Blockstore: (REDACTED) [DataStoreImpl] Clearing all the restore credential for %s packages
05-12 21:28:08.671 10850 10850 D CompatibilityChangeReporter: Compat change id reported: 171979766; UID 10063; state: ENABLED
05-12 21:28:08.676  3121  3226 I DatabaseHost: SQL (Database Worker #2): update sync_states set state = (state | ?) where content_type = ? and content_id = ?
05-12 21:28:08.677  3121  3223 I DatabaseHost: SQL (Database Worker #0): select obj from dataman_events2 where (isResolved = ?) order by created asc limit 50
05-12 21:28:08.689 10849 10849 D CompatibilityChangeReporter: Compat change id reported: 171979766; UID 1000; state: ENABLED
05-12 21:28:08.693 10870 10870 D nativeloader: Load libframework-connectivity-tiramisu-jni.so using APEX ns com_android_tethering for caller /apex/com.android.tethering/javalib/framework-connectivity-t.jar: ok
05-12 21:28:08.698 10870 10870 D ActivityThread: setConscryptValidator
05-12 21:28:08.699 10870 10870 D ActivityThread: setConscryptValidator - put
05-12 21:28:08.710  1216  5129 D CompatibilityChangeReporter: Compat change id reported: 168419799; UID 1000; state: DISABLED
05-12 21:28:08.711  1216  5129 I ActivityManager: DSS OFF for com.android.keychain
05-12 21:28:08.719  1216  1785 I SemWifiServiceDetector: Traff. tracking started
05-12 21:28:08.733  1216  1247 W Looper  : Slow dispatch took 192ms android.fg h=android.os.Handler c=<recycled PooledLambda@2581890> m=0
05-12 21:28:08.738  1216  1216 I Telecom : InCallController: updateCarModeForConnections: car mode apps: : SSH.oR@Z10
05-12 21:28:08.739  1216  1216 W LoadedApk: Slow system_server main thread handled for android.intent.action.PACKAGE_REMOVED took 142 ms, Receiver = com.android.server.telecom.SystemStateHelper$1@17737da
05-12 21:28:08.739  1216  1216 W Looper  : Slow dispatch took 143ms main h=android.app.ActivityThread$H c=android.app.LoadedApk$ReceiverDispatcher$Args$$ExternalSyntheticLambda0@3e4c98e m=0
05-12 21:28:08.767  1216  1216 I AppSearchManagerService: Handling android.intent.action.PACKAGE_FULLY_REMOVED broadcast on package: com.example.audioanalyser
05-12 21:28:08.771  1216  1888 I Pageboost: remove app @ runtime : com.example.audioanalyser
05-12 21:28:08.774 10870 10870 D CompatibilityChangeReporter: Compat change id reported: 171979766; UID 1000; state: ENABLED
05-12 21:28:08.776  1216  1216 D EnterpriseLicenseService: isPackageInstalled()
05-12 21:28:08.780  1216  1709 D WifiConfigStore: Writing to stores completed in 116 ms.
05-12 21:28:08.784  1216  1216 D EnterpriseLicenseService: isPackageInstalled() - com.example.audioanalyser not found in user 0
05-12 21:28:08.791  1216  1709 I PasspointManager: No app ops listener found for com.example.audioanalyser
05-12 21:28:08.792  1216  1709 W WifiService: Couldn't get PackageInfo for package:com.example.audioanalyser
05-12 21:28:08.792  1216  1709 D WifiService: Remove settings for package:com.example.audioanalyser
05-12 21:28:08.792  1216  1709 D WifiConfigManager: Remove all networks for app ApplicationInfo{d1903fd com.example.audioanalyser}
05-12 21:28:08.809   899   899 D SurfaceFlinger: Display 0 HWC layers:
05-12 21:28:08.809   899   899 D SurfaceFlinger:      DEVICE | 0xb400007daaa72100 | 0102 | RGBA_8888    |    0.0    0.0  720.0 1600.0 |    0    0  720 1600 | SurfaceView[com.sirma.mobile.bible.a[...]ble.app.MainActivity]@0(BLAST)#27921
05-12 21:28:08.809   899   899 D SurfaceFlinger:      DEVICE | 0xb400007daab55600 | 0100 | RGBA_8888    |    0.0    0.0  720.0 1600.0 |    0    0  720 1600 | com.sirma.mobile.bible.android/youversion.bible.app.MainActivity$_3121#27916
05-12 21:28:08.809   899   899 D SurfaceFlinger:      DEVICE | 0xb400007dab054a80 | 0100 | RGBA_8888    |    0.0    0.0  720.0   45.0 |    0    0  720   45 | StatusBar$_1902#97
05-12 21:28:08.809   899   899 D SurfaceFlinger:      DEVICE | 0xb400007dab054c00 | 0100 | RGBA_8888    |    0.0    0.0  720.0   90.0 |    0 1510  720 1600 | NavigationBar0$_1902#91
05-12 21:28:08.809   899   899 D SurfaceFlinger:      DEVICE | 0xb400007dab056280 | 0108 | RGBA_8888    |    0.0    0.0  720.0 1600.0 |    0    0  720 1600 | $_1902#93
05-12 21:28:08.809   899   899 D SurfaceFlinger: 
05-12 21:28:08.815  1852  9924 I Icing   : doRemovePackageData com.example.audioanalyser
05-12 21:28:08.826   899   899 D SurfaceFlinger: Display 0 HWC layers:
05-12 21:28:08.826   899   899 D SurfaceFlinger:      DEVICE | 0xb400007daaa71c80 | 0102 | RGBA_8888    |    0.0    0.0  720.0 1600.0 |    0    0  720 1600 | SurfaceView[com.sirma.mobile.bible.a[...]ble.app.MainActivity]@0(BLAST)#27921
05-12 21:28:08.826   899   899 D SurfaceFlinger:      DEVICE | 0xb400007daab55600 | 0100 | RGBA_8888    |    0.0    0.0  720.0 1600.0 |    0    0  720 1600 | com.sirma.mobile.bible.android/youversion.bible.app.MainActivity$_3121#27916
05-12 21:28:08.826   899   899 D SurfaceFlinger:      DEVICE | 0xb400007dab054a80 | 0100 | RGBA_8888    |    0.0    0.0  720.0   45.0 |    0    0  720   45 | StatusBar$_1902#97
05-12 21:28:08.826   899   899 D SurfaceFlinger:      DEVICE | 0xb400007dab054c00 | 0100 | RGBA_8888    |    0.0    0.0  720.0   90.0 |    0 1510  720 1600 | NavigationBar0$_1902#91
05-12 21:28:08.826   899   899 D SurfaceFlinger:      DEVICE | 0xb400007dab056280 | 0108 | RGBA_8888    |    0.0    0.0  720.0 1600.0 |    0    0  720 1600 | $_1902#93
05-12 21:28:08.826   899   899 D SurfaceFlinger: 
05-12 21:28:08.827   899  1455 D NativeSemDvfsManager: acquire:: timeout = 2000 mIsAcquired = 1  mTagName : SurfaceFlinger 
05-12 21:28:08.829   899  1455 E NativeCustomFrequencyManager: [NativeCFMS] BpCustomFrequencyManager::acquire()
05-12 21:28:08.830   848   910 I HYPER-HAL: [RequestManager.cpp]acquire(): Acquired ID : 1805050  [899 / 1000]    HINT : SF_GPU_MINLOCK    list : [TIMEOUT / 2000] 
05-12 21:28:08.830  1852 10883 W RWIPackageIntentOps: Registries cleared for package: com.example.audioanalyser
05-12 21:28:08.842  3121  3227 I DatabaseHost: SQL (Database Worker #3): insert into plan_subscriptions (obj, contentId, subscription_id, together_id, api_order, subscription_planId, subscription_languageTag, subscription_planId) values (?, ?, ?, ?, ?, ?, ?, ?) on conflict (contentId) do update set obj = excluded.obj, subscription_id = excluded.subscription_id, together_id = excluded.together_id, api_order = excluded.api_order, subscription_planId = excluded.subscription_planId, subscription_languageTag = excluded.subscription_languageTag, subscription_planId = excluded.subscription_planId
05-12 21:28:08.859  3121  3223 I DatabaseHost: SQL (Database Worker #0): select obj from plan_subscriptions order by api_order asc
05-12 21:28:08.863  3121  3224 I DatabaseHost: SQL (Database Worker #1): select obj from plan_subscriptions where (subscription_id = ?)
05-12 21:28:08.864  3121  3226 I DatabaseHost: SQL (Database Worker #2): select obj from plan_subscriptions where (subscription_id = ?)
05-12 21:28:08.878   899   899 D SurfaceFlinger: Display 0 HWC layers:
05-12 21:28:08.878   899   899 D SurfaceFlinger:      DEVICE | 0xb400007daab55d80 | 0102 | RGBA_8888    |    0.0    0.0  720.0 1600.0 |    0    0  720 1600 | SurfaceView[com.sirma.mobile.bible.a[...]ble.app.MainActivity]@0(BLAST)#27921
05-12 21:28:08.878   899   899 D SurfaceFlinger:      DEVICE | 0xb400007daab55600 | 0100 | RGBA_8888    |    0.0    0.0  720.0 1600.0 |    0    0  720 1600 | com.sirma.mobile.bible.android/youversion.bible.app.MainActivity$_3121#27916
05-12 21:28:08.878   899   899 D SurfaceFlinger:      DEVICE | 0xb400007dab054a80 | 0100 | RGBA_8888    |    0.0    0.0  720.0   45.0 |    0    0  720   45 | StatusBar$_1902#97
05-12 21:28:08.878   899   899 D SurfaceFlinger:      DEVICE | 0xb400007dab054c00 | 0100 | RGBA_8888    |    0.0    0.0  720.0   90.0 |    0 1510  720 1600 | NavigationBar0$_1902#91
05-12 21:28:08.878   899   899 D SurfaceFlinger:      DEVICE | 0xb400007dab056280 | 0108 | RGBA_8888    |    0.0    0.0  720.0 1600.0 |    0    0  720 1600 | $_1902#93
05-12 21:28:08.878   899   899 D SurfaceFlinger: 
05-12 21:28:08.881  3121 10903 V DatabaseHost: All database workers are busy, queuing transaction (4/4).
05-12 21:28:08.881  3121 10903 V DatabaseHost: 	******* TYPE: Database Worker #0 -> EXECUTE
05-12 21:28:08.881  3121 10903 V DatabaseHost: 		 select obj from plan_subscriptions order by api_order asc
05-12 21:28:08.881  3121 10903 V DatabaseHost: 	******* TYPE: Database Worker #1 -> EXECUTE
05-12 21:28:08.881  6715 10877 E RoleControllerServiceImpl: Default/fallback role holder package doesn't qualify for the role, package: com.google.android.gms.supervision, role: android.app.role.SYSTEM_SUPERVISION, user: 0
05-12 21:28:08.881  3121 10903 V DatabaseHost: 		 select obj from plan_subscriptions where (subscription_id = ?)
05-12 21:28:08.881  3121 10903 V DatabaseHost: 	******* TYPE: Database Worker #2 -> EXECUTE
05-12 21:28:08.881  3121 10903 V DatabaseHost: 		 select obj from plan_subscriptions where (subscription_id = ?)
05-12 21:28:08.881  3121 10903 V DatabaseHost: 	******* TYPE: Database Worker #3 -> EXECUTE
05-12 21:28:08.881  3121 10903 V DatabaseHost: 		 select obj from plan_subscriptions where (subscription_id = ?)
05-12 21:28:08.888  3121  3227 I DatabaseHost: SQL (Database Worker #3): select obj from plan_subscriptions where (subscription_id = ?)
05-12 21:28:08.893   899   899 D SurfaceFlinger: Display 0 HWC layers:
05-12 21:28:08.893   899   899 D SurfaceFlinger:      DEVICE | 0xb400007dd5e2bf80 | 0102 | RGBA_8888    |    0.0    0.0  720.0 1600.0 |    0    0  720 1600 | SurfaceView[com.sirma.mobile.bible.a[...]ble.app.MainActivity]@0(BLAST)#27921
05-12 21:28:08.893   899   899 D SurfaceFlinger:      DEVICE | 0xb400007daab55600 | 0100 | RGBA_8888    |    0.0    0.0  720.0 1600.0 |    0    0  720 1600 | com.sirma.mobile.bible.android/youversion.bible.app.MainActivity$_3121#27916
05-12 21:28:08.893   899   899 D SurfaceFlinger:      DEVICE | 0xb400007dab054a80 | 0100 | RGBA_8888    |    0.0    0.0  720.0   45.0 |    0    0  720   45 | StatusBar$_1902#97
05-12 21:28:08.893   899   899 D SurfaceFlinger:      DEVICE | 0xb400007dab054c00 | 0100 | RGBA_8888    |    0.0    0.0  720.0   90.0 |    0 1510  720 1600 | NavigationBar0$_1902#91
05-12 21:28:08.893   899   899 D SurfaceFlinger:      DEVICE | 0xb400007dab056280 | 0108 | RGBA_8888    |    0.0    0.0  720.0 1600.0 |    0    0  720 1600 | $_1902#93
05-12 21:28:08.893   899   899 D SurfaceFlinger: 
05-12 21:28:08.906  3121  8417 V DatabaseHost: All database workers are busy, queuing transaction (4/4).
05-12 21:28:08.906  3121  8417 V DatabaseHost: 	******* TYPE: Database Worker #0 -> EXECUTE
05-12 21:28:08.906  3121  8417 V DatabaseHost: 		 select obj from plan_subscriptions order by api_order asc
05-12 21:28:08.906  3121  8417 V DatabaseHost: 	******* TYPE: Database Worker #1 -> EXECUTE
05-12 21:28:08.906  3121  8417 V DatabaseHost: 		 select obj from plan_subscriptions where (subscription_id = ?)
05-12 21:28:08.906  3121  8417 V DatabaseHost: 	******* TYPE: Database Worker #2 -> BEGIN
05-12 21:28:08.906  3121  8417 V DatabaseHost: 	******* TYPE: Database Worker #3 -> EXECUTE
05-12 21:28:08.906  3121  8417 V DatabaseHost: 		 select obj from plan_subscriptions where (subscription_id = ?)
05-12 21:28:08.908  3121  3223 I DatabaseHost: SQL (Database Worker #0): select r.id, r.processor, r.page, r.method, r.content_id, r.content_type, r.parent_id, r.parent_type, r.last_try_at, r.will_retry, r.created_at, r.view_content_url, r.edit_content_url, r.errors, r.attributes, ss.state, r.lock_name from sync_requests as r left join sync_states as ss on (r.content_type = ss.content_type and r.content_id = ss.content_id) order by r.created_at asc
05-12 21:28:08.909   899   899 D SurfaceFlinger: Display 0 HWC layers:
05-12 21:28:08.909   899   899 D SurfaceFlinger:      DEVICE | 0xb400007daaa72100 | 0102 | RGBA_8888    |    0.0    0.0  720.0 1600.0 |    0    0  720 1600 | SurfaceView[com.sirma.mobile.bible.a[...]ble.app.MainActivity]@0(BLAST)#27921
05-12 21:28:08.909   899   899 D SurfaceFlinger:      DEVICE | 0xb400007daab55600 | 0100 | RGBA_8888    |    0.0    0.0  720.0 1600.0 |    0    0  720 1600 | com.sirma.mobile.bible.android/youversion.bible.app.MainActivity$_3121#27916
05-12 21:28:08.909   899   899 D SurfaceFlinger:      DEVICE | 0xb400007dab054a80 | 0100 | RGBA_8888    |    0.0    0.0  720.0   45.0 |    0    0  720   45 | StatusBar$_1902#97
05-12 21:28:08.909   899   899 D SurfaceFlinger:      DEVICE | 0xb400007dab054c00 | 0100 | RGBA_8888    |    0.0    0.0  720.0   90.0 |    0 1510  720 1600 | NavigationBar0$_1902#91
05-12 21:28:08.909   899   899 D SurfaceFlinger:      DEVICE | 0xb400007dab056280 | 0108 | RGBA_8888    |    0.0    0.0  720.0 1600.0 |    0    0  720 1600 | $_1902#93
05-12 21:28:08.909   899   899 D SurfaceFlinger: 
05-12 21:28:08.911  3121  3226 I DatabaseHost: SQL (Database Worker #2): delete from dataman_events2 where id = ?
