05-12 21:29:53.386 13070 13130 I Finsky  : [1880] SCH: Scheduling phonesky job Id: 26-1414141414, CT: 1778616218518, Constraints: [{ L: 43200000, D: 44100000, C: CHARGING_NONE, I: IDLE_NONE, N: NET_NONE, B: BATTERY_ANY }]
05-12 21:29:53.433  3121  3224 I DatabaseWorker: transaction is slow
05-12 21:29:53.433  3121  3224 I DatabaseHost: 	&&&&&&&&& TYPE: Database Worker #1 -> EXECUTE
05-12 21:29:53.433  3121  3224 I DatabaseHost: 		 select r.id, r.processor, r.page, r.method, r.content_id, r.content_type, r.parent_id, r.parent_type, r.last_try_at, r.will_retry, r.created_at, r.view_content_url, r.edit_content_url, r.errors, r.attributes, ss.state, r.lock_name from sync_requests as r left join sync_states as ss on (r.content_type = ss.content_type and r.content_id = ss.content_id) order by r.created_at asc
05-12 21:29:53.433  3121  3224 I DatabaseWorker: ***** Database is idle *****
05-12 21:29:53.441 13459 13459 D nativeloader: Load libframework-connectivity-tiramisu-jni.so using APEX ns com_android_tethering for caller /apex/com.android.tethering/javalib/framework-connectivity-t.jar: ok
05-12 21:29:53.445 13351 13400 D ConnectivityManager: StackLog: [android.net.ConnectivityManager.sendRequestForNetwork(ConnectivityManager.java:4740)] [android.net.ConnectivityManager.registerDefaultNetworkCallbackForUid(ConnectivityManager.java:5465)] [android.net.ConnectivityManager.registerDefaultNetworkCallback(ConnectivityManager.java:5432)] [android.net.ConnectivityManager.registerDefaultNetworkCallback(ConnectivityManager.java:5406)] [dkd.<init>(PG:27)] [dke.a(PG:11)] [aqj.a(PG:18)] [aqk.b(PG:457)] [dbr.d(PG:12)] [dbr.b(PG:7)] [aqk.b(PG:439)] [dbr.d(PG:12)] [dbr.b(PG:7)] [aue.a(PG:60)] [vo.a(PG:19)] [aij.b(PG:4)] [aku.a(PG:292)] [abi.aN(PG:99)] [abi.a(PG:66)] [eau.P(PG:14)] [eau.H(PG:52)] [akr.aN(PG:42)] [akr.a(PG:13)] [ahk.aN(PG:25)] [dyo.bs(PG:11)] [edo.run(PG:107)] [ajk.run(PG:27)] [java.util.concurrent.ThreadPoolExecutor.runWorker(ThreadPoolExecutor.java:1154)] [java.util.concurrent.ThreadPoolExecutor$Worker.run(ThreadPoolExecutor.java:652)] [java.lang.Thread.run(Thread.java:1564)]
05-12 21:29:53.449  1216  1988 D ConnectivityService: requestNetwork for uid/pid:10187/13351 activeRequest: null callbackRequest: 41104 [NetworkRequest [ REQUEST id=41105, [ Capabilities: INTERNET&NOT_RESTRICTED&TRUSTED&NOT_VCN_MANAGED Uid: 10187 RequestorUid: 10187 RequestorPkg: com.google.android.apps.carrier.carrierwifi UnderlyingNetworks: Null] ]] callback flags: 0 order: 2147483647 isUidTracked: false declaredMethods: AVAIL|BLK
05-12 21:29:53.452  1216  1730 D ConnectivityService:    accepting network in place of null for NetworkRequest [ REQUEST id=41105, [ Capabilities: INTERNET&NOT_RESTRICTED&TRUSTED&NOT_VCN_MANAGED Uid: 10187 RequestorUid: 10187 RequestorPkg: com.google.android.apps.carrier.carrierwifi UnderlyingNetworks: Null] ]
05-12 21:29:53.455 13459 13459 D ActivityThread: setConscryptValidator
05-12 21:29:53.455 13459 13459 D ActivityThread: setConscryptValidator - put
05-12 21:29:53.459  1216  1709 D WifiNetworkFactory: got request NetworkRequest [ REQUEST id=41105, [ Capabilities: INTERNET&NOT_RESTRICTED&TRUSTED&NOT_VCN_MANAGED Uid: 10187 RequestorUid: 10187 RequestorPkg: com.google.android.apps.carrier.carrierwifi UnderlyingNetworks: Null] ]
05-12 21:29:53.460  1216  1709 D UntrustedWifiNetworkFactory: got request NetworkRequest [ REQUEST id=41105, [ Capabilities: INTERNET&NOT_RESTRICTED&TRUSTED&NOT_VCN_MANAGED Uid: 10187 RequestorUid: 10187 RequestorPkg: com.google.android.apps.carrier.carrierwifi UnderlyingNetworks: Null] ]
05-12 21:29:53.461  1216  1709 D OemPaidWifiNetworkFactory: got request NetworkRequest [ REQUEST id=41105, [ Capabilities: INTERNET&NOT_RESTRICTED&TRUSTED&NOT_VCN_MANAGED Uid: 10187 RequestorUid: 10187 RequestorPkg: com.google.android.apps.carrier.carrierwifi UnderlyingNetworks: Null] ]
05-12 21:29:53.461  1216  1709 D MultiInternetWifiNetworkFactory: got request NetworkRequest [ REQUEST id=41105, [ Capabilities: INTERNET&NOT_RESTRICTED&TRUSTED&NOT_VCN_MANAGED Uid: 10187 RequestorUid: 10187 RequestorPkg: com.google.android.apps.carrier.carrierwifi UnderlyingNetworks: Null] ]
05-12 21:29:53.463  1216  1988 I ActivityManager: DSS OFF for com.samsung.android.forest
05-12 21:29:53.464  1216  1730 D ConnectivityService: Rematched networks [computed 2ms] [applied 5ms] [issued 7]
05-12 21:29:53.464  1216  1730 D ConnectivityService: NetworkReassignment :
05-12 21:29:53.464  1216  1730 D ConnectivityService:   41105 : null → 142
05-12 21:29:53.467  3505  3931 D WM-SystemJobScheduler: Scheduling work ID 87715648-185c-48be-adc8-85de79857218Job ID 8503
05-12 21:29:53.481  3121  3226 I DatabaseWorker: ***** Database is NOT idle *****
05-12 21:29:53.483  3505  3505 D WM-SystemJobService: onStartJob for WorkGenerationalId(workSpecId=87715648-185c-48be-adc8-85de79857218, generation=0)
05-12 21:29:53.483 13459 13459 D CompatibilityChangeReporter: Compat change id reported: 171979766; UID 1000; state: ENABLED
05-12 21:29:53.484  3505  3931 D WM-GreedyScheduler: Ignoring {WorkSpec: 0de453e0-a6e6-4858-939f-d1fa608972a6}. Requires device idle.
05-12 21:29:53.484  3505  3931 D WM-GreedyScheduler: Ignoring {WorkSpec: 85f5b498-c0a3-4a8c-921e-721b74736d15}. Requires device idle.
05-12 21:29:53.485  3121  3226 I DatabaseHost: SQL (Database Worker #2): select r.id, r.processor, r.page, r.method, r.content_id, r.content_type, r.parent_id, r.parent_type, r.last_try_at, r.will_retry, r.created_at, r.view_content_url, r.edit_content_url, r.errors, r.attributes, ss.state, r.lock_name from sync_requests as r left join sync_states as ss on (r.content_type = ss.content_type and r.content_id = ss.content_id) order by r.created_at asc
05-12 21:29:53.485  3505  3931 D WM-GreedyScheduler: Ignoring {WorkSpec: 1e463da9-449d-4816-80f0-f9a54254299e}. Requires device idle.
05-12 21:29:53.485  3505  3931 D WM-GreedyScheduler: Starting work for 87715648-185c-48be-adc8-85de79857218
05-12 21:29:53.495  3505  3933 D WM-Processor: Processor: processing WorkGenerationalId(workSpecId=87715648-185c-48be-adc8-85de79857218, generation=0)
05-12 21:29:53.499  3505  3933 D WM-Processor: Work WorkGenerationalId(workSpecId=87715648-185c-48be-adc8-85de79857218, generation=0) is already enqueued for processing
05-12 21:29:53.506   359   359 I lmkd    : 1(delay), 0(swap), 0(freelimit), 0(reentrymode) memory pressure events were skipped after a kill!
05-12 21:29:53.506   359   359 I lmkd    : cached 1, sandbox(not0) 0
05-12 21:29:53.525 13070 13130 I Finsky  : [1880] Not an active Cubes user. Ignoring package install/uninstall event.
05-12 21:29:53.543  3505  3505 D WM-WorkerWrapper: Starting work for com.android.providers.media.MediaServiceV2
05-12 21:29:53.545  3505 13474 I MediaServiceV2: Work initiated for action [ android.intent.action.PACKAGE_FULLY_REMOVED ]
05-12 21:29:53.548 13070 13133 I Finsky  : [1883] SCH: Scheduling 1 system job(s)
05-12 21:29:53.549 13070 13133 I Finsky  : [1883] SCH: Scheduling system job Id: 9567, L: 23624969, D: 24524969, C: false, I: false, N: 0
05-12 21:29:53.553  3505 13474 D MediaProvider: Deleted 0 Android/media items belonging to com.example.audioanalyser on /data/user/0/com.google.android.providers.media.module/databases/external.db
05-12 21:29:53.562  1216  3676 D CompatibilityChangeReporter: Compat change id reported: 161145287; UID 10187; state: DISABLED
05-12 21:29:53.564  3505 13474 I FuseDaemon: Successfully deleted rows in leveldb for owner_id:  and ownerPackageIdentifier: com.example.audioanalyser::0
05-12 21:29:53.565 13277 13309 I Finsky:background: [1875] SCH: Scheduling phonesky job Id: 3-140228, CT: 1778635792860, Constraints: [{ L: 0, D: 86400000, C: CHARGING_REQUIRED, I: IDLE_REQUIRED, N: NET_UNMETERED, B: BATTERY_ANY }]
05-12 21:29:53.566 13277 13309 I Finsky:background: [1875] SCH: Scheduling phonesky job Id: 3-140229, CT: 1778635792963, Constraints: [{ L: 12607145, D: 23407145, C: CHARGING_NONE, I: IDLE_REQUIRED, N: NET_UNMETERED, B: BATTERY_ANY }]
05-12 21:29:53.566  3505 13474 I MediaServiceV2: Work ended for action [ android.intent.action.PACKAGE_FULLY_REMOVED ]
05-12 21:29:53.566 13277 13309 I Finsky:background: [1875] SCH: Scheduling phonesky job Id: 3-140230, CT: 1778635792964, Constraints: [{ L: 12607144, D: 23407144, C: CHARGING_NONE, I: IDLE_REQUIRED, N: NET_UNMETERED, B: BATTERY_ANY }]
05-12 21:29:53.566 13277 13309 I Finsky:background: [1875] SCH: Scheduling phonesky job Id: 3-140231, CT: 1778635792965, Constraints: [{ L: 0, D: 86400000, C: CHARGING_REQUIRED, I: IDLE_REQUIRED, N: NET_UNMETERED, B: BATTERY_ANY }]
05-12 21:29:53.567 13277 13309 I Finsky:background: [1875] SCH: Scheduling phonesky job Id: 3-140232, CT: 1778635792966, Constraints: [{ L: 0, D: 86400000, C: CHARGING_REQUIRED, I: IDLE_REQUIRED, N: NET_UNMETERED, B: BATTERY_ANY }]
05-12 21:29:53.569  3505  3927 I WM-WorkerWrapper: Worker result SUCCESS for Work [ id=87715648-185c-48be-adc8-85de79857218, tags={ com.android.providers.media.MediaServiceV2 } ]
05-12 21:29:53.577 13277 13299 I Finsky:background: [1870] SCH: Scheduling 1 system job(s)
05-12 21:29:53.577  3505  3505 D WM-Processor: Processor 87715648-185c-48be-adc8-85de79857218 executed; reschedule = false
05-12 21:29:53.577  3505  3505 D WM-SystemJobService: 87715648-185c-48be-adc8-85de79857218 executed on JobScheduler
05-12 21:29:53.578 13277 13299 D CompatibilityChangeReporter: Compat change id reported: 194532703; UID 10192; state: ENABLED
05-12 21:29:53.578 13277 13299 I Finsky:background: [1870] SCH: Scheduling system job Id: 10032, L: 12606531, D: 23406531, C: false, I: true, N: 2
05-12 21:29:53.585  3505  3927 D WM-GreedyScheduler: Cancelling work ID 87715648-185c-48be-adc8-85de79857218
05-12 21:29:53.594  3505  3927 D WM-GreedyScheduler: Ignoring {WorkSpec: 0de453e0-a6e6-4858-939f-d1fa608972a6}. Requires device idle.
05-12 21:29:53.594  3505  3927 D WM-GreedyScheduler: Ignoring {WorkSpec: 85f5b498-c0a3-4a8c-921e-721b74736d15}. Requires device idle.
05-12 21:29:53.594  3505  3927 D WM-GreedyScheduler: Ignoring {WorkSpec: 1e463da9-449d-4816-80f0-f9a54254299e}. Requires device idle.
05-12 21:29:53.617   359   359 I lmkd    : 1(delay), 0(swap), 0(freelimit), 0(reentrymode) memory pressure events were skipped after a kill!
05-12 21:29:53.618   359   359 I lmkd    : cached 1, sandbox(not0) 0
05-12 21:29:53.625   359   359 I lmkd    : Reclaim 'com.google.android.documentsui' (13370), uid 10128, oom_score_adj 905, state 19 to free 49552kB rss, 38364kB swap; reason: low watermark is breached and swap is low (2131040kB < 2474636kB)
05-12 21:29:53.669 13070 13384 I Finsky  : [1940] SCH: job service finished with id 9548.
05-12 21:29:53.676  1216  1988 I ActivityManager: Changes in 10192 8 to 10, 8 to 0
05-12 21:29:53.684   824   824 I Zygote  : Process 13370 exited due to signal 9 (Killed)
05-12 21:29:53.684  1216  1344 I ActivityManager: Process com.google.android.documentsui (pid 13370) has died: cch+5 CEM (71,784)
05-12 21:29:53.685   398   398 D io_stats: !@ 179,0 r 110393913 1485838351 w 11414065 94045336 d 413471 20552612 f 0 0 iot 26492500 0 th 0 0 0 pt 0 inp 0 3 236125.808
05-12 21:29:53.685  1216  1261 I libprocessgroup: Successfully killed process cgroup uid 10128 pid 13370 in 0ms
05-12 21:29:53.695 13277 13277 I Finsky:background: [2] Memory trim requested to level 15
05-12 21:29:53.723  1216  1801 D SemWifiSwitchForIndividualAppsService: isSkipNetworkCondition - result:2
05-12 21:29:53.728 13351 13475 I GWP-ProfilesProvisioner: ----- handleProvisioning() -----
05-12 21:29:53.729 13351 13475 I GWP-ProfilesProvisioner: ----- generateHashMapsForActiveSubIds -----
05-12 21:29:53.729 13277 13302 D CompatibilityChangeReporter: Compat change id reported: 160794467; UID 10192; state: ENABLED
05-12 21:29:53.733 13351 13475 I GWP-ProfilesProvisioner: generateHashMapsForActiveSubIds(): Active subId=2, carrierId=-1
05-12 21:29:53.744 13351 13475 W GWP-ProfilesProvisioner: generateHashMapsForActiveSubIds(): SIM application not loaded. Exit.
05-12 21:29:53.754   359   359 I lmkd    : cached 1, sandbox(not0) 0
05-12 21:29:53.756  1216  4029 I ActivityManager: Changes in 10187 8 to 10, 8 to 0
05-12 21:29:53.839  1216  1808 D WifiConnectivityMonitor: start WCM Poll.
05-12 21:29:53.867   359   359 I lmkd    : 1(delay), 0(swap), 0(freelimit), 0(reentrymode) memory pressure events were skipped after a kill!
05-12 21:29:53.868   359   359 I lmkd    : cached 1, sandbox(not0) 0
05-12 21:29:53.871   359   359 I lmkd    : Reclaim 'com.google.android.apps.carrier.carrierwifi' (13351), uid 10187, oom_score_adj 905, state 19 to free 47372kB rss, 38128kB swap; reason: low watermark is breached and swap is low (2131040kB < 2474636kB)
05-12 21:29:53.892  3121  3226 I DatabaseWorker: transaction is slow
05-12 21:29:53.893  3121  3226 I DatabaseHost: 	&&&&&&&&& TYPE: Database Worker #2 -> EXECUTE
05-12 21:29:53.893  3121  3226 I DatabaseHost: 		 select r.id, r.processor, r.page, r.method, r.content_id, r.content_type, r.parent_id, r.parent_type, r.last_try_at, r.will_retry, r.created_at, r.view_content_url, r.edit_content_url, r.errors, r.attributes, ss.state, r.lock_name from sync_requests as r left join sync_states as ss on (r.content_type = ss.content_type and r.content_id = ss.content_id) order by r.created_at asc
05-12 21:29:53.893  3121  3226 I DatabaseWorker: ***** Database is idle *****
05-12 21:29:53.900  1216  1730 D ConnectivityService: releasing NetworkRequest [ REQUEST id=41105, [ Capabilities: INTERNET&NOT_RESTRICTED&TRUSTED&NOT_VCN_MANAGED Uid: 10187 RequestorUid: 10187 RequestorPkg: com.google.android.apps.carrier.carrierwifi UnderlyingNetworks: Null] ] (release request)
05-12 21:29:53.900  1216  4029 I ActivityManager: Process com.google.android.apps.carrier.carrierwifi (pid 13351) has died: cch+5 CEM (73,779)
05-12 21:29:53.900  1216  1261 I libprocessgroup: Successfully killed process cgroup uid 10187 pid 13351 in 0ms
05-12 21:29:53.901  1216  1730 D ConnectivityService:  Removing from current network [142 WIFI], leaving 162 requests.
05-12 21:29:53.902   824   824 I Zygote  : Process 13351 exited due to signal 9 (Killed)
05-12 21:29:53.917  3121  3223 I DatabaseWorker: ***** Database is NOT idle *****
05-12 21:29:53.917  3121  3223 I DatabaseHost: SQL (Database Worker #0): select r.id, r.processor, r.page, r.method, r.content_id, r.content_type, r.parent_id, r.parent_type, r.last_try_at, r.will_retry, r.created_at, r.view_content_url, r.edit_content_url, r.errors, r.attributes, ss.state, r.lock_name from sync_requests as r left join sync_states as ss on (r.content_type = ss.content_type and r.content_id = ss.content_id) order by r.created_at asc
05-12 21:29:53.934 13459 13459 I DWBy    : all 16 persistence tables built.
05-12 21:29:53.934 13459 13459 I DWBContentProvider: onCreate
05-12 21:29:53.961  1216  1785 I SemWifiServiceDetector: Traff. tracking started
05-12 21:29:53.962  1216  4029 I GenerationRegistry: mBackingStore.isClosed() : false
05-12 21:29:53.992  3121  3129 W e.bible.android: Suspending all threads took: 19.928ms
05-12 21:29:54.096  1216  1402 D PowerManagerService: [api] userActivityFromNative :  (event: 0 flags: 8192 displayId: 0) eventTime = 236126217
05-12 21:29:54.116 13459 13459 I DWBq    : when(FIRST_DAY_OF_WEEK=7, day=2026-05-17)
05-12 21:29:54.119 13459 13459 I DWBq    : com.samsung.android.forest.promovence.NOTIFY_WEEKLY_REPORT: shouldWeNotify=true
05-12 21:29:54.131 13459 13459 I DWBb    : when(FIRST_DAY_OF_WEEK=7, day=2026-05-17T09:00-04:00[America/New_York])
05-12 21:29:54.141 13459 13459 I DWBg    : changeLocale to US
05-12 21:29:54.143 13459 13459 I DWBm    : ComponentInfo{com.samsung.android.forest/com.samsung.android.forest.launcher.LauncherActivity} is 0
05-12 21:29:54.146 13459 13459 E DWBr    : App icon disabled, so return addDynamicShortcuts
05-12 21:29:54.180 13459 13459 I DWBSettingsSearchProvider: secQueryGetFingerprint :en_US
05-12 21:29:54.183  3121  3223 I DatabaseWorker: ***** Database is idle *****
05-12 21:29:54.185 13459 13459 I DWBDigitalWellbeingApplication: onCreate called
05-12 21:29:54.204 13277 13302 D WM-PackageManagerHelper: Skipping component enablement for androidx.work.impl.background.systemalarm.RescheduleReceiver
05-12 21:29:54.217  3121  3227 I DatabaseWorker: ***** Database is NOT idle *****
05-12 21:29:54.220  3121  3227 I DatabaseHost: SQL (Database Worker #3): select r.id, r.processor, r.page, r.method, r.content_id, r.content_type, r.parent_id, r.parent_type, r.last_try_at, r.will_retry, r.created_at, r.view_content_url, r.edit_content_url, r.errors, r.attributes, ss.state, r.lock_name from sync_requests as r left join sync_states as ss on (r.content_type = ss.content_type and r.content_id = ss.content_id) order by r.created_at asc
05-12 21:29:54.222 13459 13459 I DIAGMON_SDK[605066]: DiagMonAgent type: 2
05-12 21:29:54.228 13459 13459 I DIAGMON_SDK[605066][g5xty0ulcd] : generated SR object
05-12 21:29:54.242 13459 13459 I DWBAppTimerReceiver: android.intent.action.PACKAGE_FULLY_REMOVED received
05-12 21:29:54.310 13459 13459 I DWBe    : isChild ? false
05-12 21:29:54.322   359   359 I lmkd    : cached 1, sandbox(not0) 0
05-12 21:29:54.326  1216  4029 D CompatibilityChangeReporter: Compat change id reported: 161145287; UID 1000; state: DISABLED
05-12 21:29:54.328   414   414 W keymaster_tee: [WRN]begin req PARAMS: A32 B32 P1 
05-12 21:29:54.376   413  5543 I keystore2: keystore2::security_level: In create_operation. Success to create IKeystoreOperation. 10192, None
05-12 21:29:54.376 13459 13459 I DWBk    : onPackageDeleted : com.example.audioanalyser
05-12 21:29:54.395 13459 13485 E DWBc    : init
05-12 21:29:54.398 13459 13459 E DWBm    : package name can't find
05-12 21:29:54.401 13459 13459 I DWBb    : onTrimMemory(15)
05-12 21:29:54.401  1216  4029 D CompatibilityChangeReporter: Compat change id reported: 135634846; UID 10182; state: DISABLED
05-12 21:29:54.401  1216  4029 D CompatibilityChangeReporter: Compat change id reported: 177438394; UID 10182; state: DISABLED
05-12 21:29:54.402  1216  4029 D CompatibilityChangeReporter: Compat change id reported: 135772972; UID 10182; state: DISABLED
05-12 21:29:54.402  1216  4029 D CompatibilityChangeReporter: Compat change id reported: 135754954; UID 10182; state: ENABLED
05-12 21:29:54.403  1216  1260 D CompatibilityChangeReporter: Compat change id reported: 143937733; UID 10182; state: ENABLED
05-12 21:29:54.406 13459 13459 I DWBg    : Clear Pkg Label Data
05-12 21:29:54.412 13459 13459 W Glide   : Failed to find GeneratedAppGlideModule. You should include an annotationProcessor compile dependency on com.github.bumptech.glide:compiler in your application and a @GlideModule annotated AppGlideModule implementation or LibraryGlideModules will be silently ignored
05-12 21:29:54.418   824   824 D Zygote  : Forked child process 13487
05-12 21:29:54.419  1216  1260 I ActivityManager: Start proc 13487:com.samsung.android.mapsagent/u0a182 for broadcast {com.samsung.android.mapsagent/com.samsung.android.mapsagent.receiver.PackageDeletedReceiver}
05-12 21:29:54.427 13459 13459 I DWBb    : onTrimMemory(80)
05-12 21:29:54.427 13459 13459 E DWBq    : UsageDataManager MemoryTrimmable
05-12 21:29:54.428 13459 13459 I DWBq    : Retrieve CLEAR_CACHED_DATA
05-12 21:29:54.428 13459 13459 I DWBq    : No Request Data
05-12 21:29:54.428 13459 13459 E DWBh    : LocalPackageManager MemoryTrimmable
05-12 21:29:54.433   414   414 W keymaster_tee: [WRN]begin req PARAMS: A32 B32 P1 
05-12 21:29:54.437   359   359 I lmkd    : 1(delay), 0(swap), 14(freelimit), 0(reentrymode) memory pressure events were skipped after a kill!
05-12 21:29:54.438   413  5543 I keystore2: keystore2::security_level: In create_operation. Success to create IKeystoreOperation. 10192, None
05-12 21:29:54.438   359   359 I lmkd    : cached 1, sandbox(not0) 0
05-12 21:29:54.463  1216  1785 D SemNscXgbMsL1: Probability - Cloud gaming: [0.03484317]
05-12 21:29:54.463  1216  1785 D SemNscXgbMsL1: Probability - Real time: [0.066922486]
05-12 21:29:54.463  1216  1785 D SemNscXgbMsL1: Probability - Non real time: [0.8601142]
05-12 21:29:54.463  1216  1785 D SemNscXgbMsL1: 1 sample inference time: 0.722654 msecs
05-12 21:29:54.465  1216  1785 D SemNscXgbL2Rt: L2 RT 1 sample inference time: 1.263192 msecs
05-12 21:29:54.466  1216  1785 D SemNscXgbL2Nrt: L2 NRT 1 sample inference time: 0.851192 msecs
05-12 21:29:54.485 13487 13487 I droid.mapsagent: Using CollectorTypeCC GC.
05-12 21:29:54.503  1216  4029 D InputDispatcher: Inject motion (9226/2000): action=0xa, time=236126626000000, f=0x0, d=0 dsdx=1.000000 dtdx=0.000000
05-12 21:29:54.504  1216  1402 I InputDispatcher: Delivering touch to (2335): action: 0xa, f=0x0, d=0, '174032b', t=1 
05-12 21:29:54.505 13487 13487 D nativeloader: Load libframework-connectivity-tiramisu-jni.so using APEX ns com_android_tethering for caller /apex/com.android.tethering/javalib/framework-connectivity-t.jar: ok
05-12 21:29:54.512 13487 13487 D ActivityThread: setConscryptValidator
05-12 21:29:54.513 13487 13487 D ActivityThread: setConscryptValidator - put
05-12 21:29:54.517  1216  4029 D CompatibilityChangeReporter: Compat change id reported: 168419799; UID 10182; state: DISABLED
05-12 21:29:54.518  2335  2335 I ViewRootImpl: updatePointerIcon pointerType = 1000, calling pid = 2335
05-12 21:29:54.518  1216  4029 I ActivityManager: DSS OFF for com.samsung.android.mapsagent
05-12 21:29:54.519  3121  3227 I DatabaseWorker: transaction is slow
05-12 21:29:54.519  3121  3227 I DatabaseHost: 	&&&&&&&&& TYPE: Database Worker #3 -> EXECUTE
05-12 21:29:54.519  3121  3227 I DatabaseHost: 		 select r.id, r.processor, r.page, r.method, r.content_id, r.content_type, r.parent_id, r.parent_type, r.last_try_at, r.will_retry, r.created_at, r.view_content_url, r.edit_content_url, r.errors, r.attributes, ss.state, r.lock_name from sync_requests as r left join sync_states as ss on (r.content_type = ss.content_type and r.content_id = ss.content_id) order by r.created_at asc
05-12 21:29:54.519  3121  3227 I DatabaseWorker: ***** Database is idle *****
05-12 21:29:54.539 13487 13487 D CompatibilityChangeReporter: Compat change id reported: 171979766; UID 10182; state: ENABLED
05-12 21:29:54.552   359   359 I lmkd    : 1(delay), 0(swap), 0(freelimit), 0(reentrymode) memory pressure events were skipped after a kill!
05-12 21:29:54.553   359   359 I lmkd    : cached 1, sandbox(not0) 0
05-12 21:29:54.555   359   359 I lmkd    : Reclaim 'com.samsung.android.forest' (13459), uid 1000, oom_score_adj 905, state 19 to free 47260kB rss, 38464kB swap; reason: low watermark is breached and swap is low (2130976kB < 2474636kB)
05-12 21:29:54.561  3121  3224 I DatabaseWorker: ***** Database is NOT idle *****
05-12 21:29:54.564  3121  3224 I DatabaseHost: SQL (Database Worker #1): select r.id, r.processor, r.page, r.method, r.content_id, r.content_type, r.parent_id, r.parent_type, r.last_try_at, r.will_retry, r.created_at, r.view_content_url, r.edit_content_url, r.errors, r.attributes, ss.state, r.lock_name from sync_requests as r left join sync_states as ss on (r.content_type = ss.content_type and r.content_id = ss.content_id) order by r.created_at asc
05-12 21:29:54.568  1216  4029 D PackageManager: setEnabledSetting : userId = 0 packageName = com.android.vending cmp = com.android.vending.AssetBrowserActivity newState = 1 callingPackage = 10192/com.android.vending
05-12 21:29:54.570  1216  4029 D ApplicationPolicy: getApplicationStateEnabled : pkg = com.android.vending userId : 0
05-12 21:29:54.571  1216  4029 D ApplicationPolicy: getApplicationComponentState : pkg = com.android.vending userId : 0
05-12 21:29:54.579 13070 13100 I Finsky  : [1868] registerListener
05-12 21:29:54.580   414   414 W keymaster_tee: [WRN]begin req PARAMS: A32 B32 P1 
05-12 21:29:54.582   824   824 I Zygote  : Process 13459 exited due to signal 9 (Killed)
05-12 21:29:54.583  1216  1988 I ActivityManager: Process com.samsung.android.forest (pid 13459) has died: cch+5 CEM (72,786)
05-12 21:29:54.583  1216  1261 I libprocessgroup: Successfully killed process cgroup uid 1000 pid 13459 in 0ms
05-12 21:29:54.583   413  5543 I keystore2: keystore2::security_level: In create_operation. Success to create IKeystoreOperation. 10192, None
05-12 21:29:54.606 13070 13100 I Finsky  : [1868] DFS: Listener added for slc@b4af7b6
05-12 21:29:54.606 13070 13100 I Finsky  : [1868] registerListener
05-12 21:29:54.652   848 13382 I HYPER-HAL: [RequestManager.cpp]releaseLocked(): Released ID : 1805050
05-12 21:29:54.654   359   359 I lmkd    : cached 1, sandbox(not0) 0
05-12 21:29:54.738  1216  1801 D SemWifiSwitchForIndividualAppsService: isSkipNetworkCondition - result:2
05-12 21:29:54.764   359   359 I lmkd    : 1(delay), 0(swap), 0(freelimit), 0(reentrymode) memory pressure events were skipped after a kill!
05-12 21:29:54.765   359   359 I lmkd    : cached 1, sandbox(not0) 0
05-12 21:29:54.828  1852  1852 D BoundBrokerSvc: onBind: Intent { act=com.google.android.gms.potokens.service.START dat=chimera-action:/... cmp=com.google.android.gms/.chimera.GmsApiService }
05-12 21:29:54.829  1852  1852 D BoundBrokerSvc: Loading bound service for intent: Intent { act=com.google.android.gms.potokens.service.START dat=chimera-action:/... cmp=com.google.android.gms/.chimera.GmsApiService }
05-12 21:29:54.856  3121  3224 I DatabaseWorker: ***** Database is idle *****
05-12 21:29:54.869  3505  3912 E MediaProvider: insertFileIfNecessary failed
05-12 21:29:54.869  3505  3912 E MediaProvider: java.lang.IllegalArgumentException: Primary directory null not allowed for content://media/external_primary/file; allowed directories are [Download, Documents]
05-12 21:29:54.869  3505  3912 E MediaProvider: 	at com.android.providers.media.MediaProvider.ensureFileColumns(MediaProvider.java:5196)
05-12 21:29:54.869  3505  3912 E MediaProvider: 	at com.android.providers.media.MediaProvider.ensureUniqueFileColumns(MediaProvider.java:4798)
05-12 21:29:54.869  3505  3912 E MediaProvider: 	at com.android.providers.media.MediaProvider.insertFile(MediaProvider.java:5641)
05-12 21:29:54.869  3505  3912 E MediaProvider: 	at com.android.providers.media.MediaProvider.insertInternal(MediaProvider.java:6245)
05-12 21:29:54.869  3505  3912 E MediaProvider: 	at com.android.providers.media.MediaProvider.insert(MediaProvider.java:5930)
05-12 21:29:54.869  3505  3912 E MediaProvider: 	at com.android.providers.media.MediaProvider.insertFileForFuse(MediaProvider.java:11909)
05-12 21:29:54.869  3505  3912 E MediaProvider: 	at com.android.providers.media.MediaProvider.insertFileIfNecessaryForFuse(MediaProvider.java:12004)
05-12 21:29:54.877   359   359 I lmkd    : 1(delay), 0(swap), 0(freelimit), 0(reentrymode) memory pressure events were skipped after a kill!
05-12 21:29:54.878   359   359 I lmkd    : cached 1, sandbox(not0) 0
05-12 21:29:54.888  3121  3226 I DatabaseWorker: ***** Database is NOT idle *****
05-12 21:29:54.895  3121  3226 I DatabaseHost: SQL (Database Worker #2): select r.id, r.processor, r.page, r.method, r.content_id, r.content_type, r.parent_id, r.parent_type, r.last_try_at, r.will_retry, r.created_at, r.view_content_url, r.edit_content_url, r.errors, r.attributes, ss.state, r.lock_name from sync_requests as r left join sync_states as ss on (r.content_type = ss.content_type and r.content_id = ss.content_id) order by r.created_at asc
05-12 21:29:54.931 13070 13104 I Finsky  : [1870] Triggered update for experiment package com.google.android.finsky.regular.
05-12 21:29:54.949  3505  1089 E MediaProvider: insertFileIfNecessary failed
05-12 21:29:54.949  3505  1089 E MediaProvider: java.lang.IllegalArgumentException: Primary directory null not allowed for content://media/external_primary/file; allowed directories are [Download, Documents]
05-12 21:29:54.949  3505  1089 E MediaProvider: 	at com.android.providers.media.MediaProvider.ensureFileColumns(MediaProvider.java:5196)
05-12 21:29:54.949  3505  1089 E MediaProvider: 	at com.android.providers.media.MediaProvider.ensureUniqueFileColumns(MediaProvider.java:4798)
05-12 21:29:54.949  3505  1089 E MediaProvider: 	at com.android.providers.media.MediaProvider.insertFile(MediaProvider.java:5641)
05-12 21:29:54.949  3505  1089 E MediaProvider: 	at com.android.providers.media.MediaProvider.insertInternal(MediaProvider.java:6245)
05-12 21:29:54.949  3505  1089 E MediaProvider: 	at com.android.providers.media.MediaProvider.insert(MediaProvider.java:5930)
05-12 21:29:54.949  3505  1089 E MediaProvider: 	at com.android.providers.media.MediaProvider.insertFileForFuse(MediaProvider.java:11909)
05-12 21:29:54.949  3505  1089 E MediaProvider: 	at com.android.providers.media.MediaProvider.insertFileIfNecessaryForFuse(MediaProvider.java:12004)
05-12 21:29:54.966  1216  1785 D SemNscXgbMsL1: Probability - Cloud gaming: [0.03408861]
05-12 21:29:54.967  1216  1785 D SemNscXgbMsL1: Probability - Real time: [0.12691979]
05-12 21:29:54.967  1216  1785 D SemNscXgbMsL1: Probability - Non real time: [0.8918351]
05-12 21:29:54.967  1216  1785 D SemNscXgbMsL1: 1 sample inference time: 0.840154 msecs
05-12 21:29:54.968  3505  4230 E MediaProvider: insertFileIfNecessary failed
05-12 21:29:54.968  3505  4230 E MediaProvider: java.lang.IllegalArgumentException: Primary directory null not allowed for content://media/external_primary/file; allowed directories are [Download, Documents]
05-12 21:29:54.968  3505  4230 E MediaProvider: 	at com.android.providers.media.MediaProvider.ensureFileColumns(MediaProvider.java:5196)
05-12 21:29:54.968  3505  4230 E MediaProvider: 	at com.android.providers.media.MediaProvider.ensureUniqueFileColumns(MediaProvider.java:4798)
05-12 21:29:54.968  3505  4230 E MediaProvider: 	at com.android.providers.media.MediaProvider.insertFile(MediaProvider.java:5641)
05-12 21:29:54.968  3505  4230 E MediaProvider: 	at com.android.providers.media.MediaProvider.insertInternal(MediaProvider.java:6245)
05-12 21:29:54.968  3505  4230 E MediaProvider: 	at com.android.providers.media.MediaProvider.insert(MediaProvider.java:5930)
05-12 21:29:54.968  3505  4230 E MediaProvider: 	at com.android.providers.media.MediaProvider.insertFileForFuse(MediaProvider.java:11909)
05-12 21:29:54.968  3505  4230 E MediaProvider: 	at com.android.providers.media.MediaProvider.insertFileIfNecessaryForFuse(MediaProvider.java:12004)
05-12 21:29:54.969  1216  1785 D SemNscXgbL2Rt: L2 RT 1 sample inference time: 1.362115 msecs
05-12 21:29:54.970  1216  1785 D SemNscXgbL2Nrt: L2 NRT 1 sample inference time: 1.053577 msecs
05-12 21:29:54.984  3505  2736 E MediaProvider: insertFileIfNecessary failed
05-12 21:29:54.984  3505  2736 E MediaProvider: java.lang.IllegalArgumentException: Primary directory null not allowed for content://media/external_primary/file; allowed directories are [Download, Documents]
05-12 21:29:54.984  3505  2736 E MediaProvider: 	at com.android.providers.media.MediaProvider.ensureFileColumns(MediaProvider.java:5196)
05-12 21:29:54.984  3505  2736 E MediaProvider: 	at com.android.providers.media.MediaProvider.ensureUniqueFileColumns(MediaProvider.java:4798)
05-12 21:29:54.984  3505  2736 E MediaProvider: 	at com.android.providers.media.MediaProvider.insertFile(MediaProvider.java:5641)
05-12 21:29:54.984  3505  2736 E MediaProvider: 	at com.android.providers.media.MediaProvider.insertInternal(MediaProvider.java:6245)
05-12 21:29:54.984  3505  2736 E MediaProvider: 	at com.android.providers.media.MediaProvider.insert(MediaProvider.java:5930)
05-12 21:29:54.984  3505  2736 E MediaProvider: 	at com.android.providers.media.MediaProvider.insertFileForFuse(MediaProvider.java:11909)
05-12 21:29:54.984  3505  2736 E MediaProvider: 	at com.android.providers.media.MediaProvider.insertFileIfNecessaryForFuse(MediaProvider.java:12004)
05-12 21:29:54.989   359   359 I lmkd    : 1(delay), 0(swap), 0(freelimit), 0(reentrymode) memory pressure events were skipped after a kill!
05-12 21:29:54.989   359   359 I lmkd    : cached 1, sandbox(not0) 0
05-12 21:29:55.001  3505  3915 E MediaProvider: insertFileIfNecessary failed
05-12 21:29:55.001  3505  3915 E MediaProvider: java.lang.IllegalArgumentException: Primary directory null not allowed for content://media/external_primary/file; allowed directories are [Download, Documents]
05-12 21:29:55.001  3505  3915 E MediaProvider: 	at com.android.providers.media.MediaProvider.ensureFileColumns(MediaProvider.java:5196)
05-12 21:29:55.001  3505  3915 E MediaProvider: 	at com.android.providers.media.MediaProvider.ensureUniqueFileColumns(MediaProvider.java:4798)
05-12 21:29:55.001  3505  3915 E MediaProvider: 	at com.android.providers.media.MediaProvider.insertFile(MediaProvider.java:5641)
05-12 21:29:55.001  3505  3915 E MediaProvider: 	at com.android.providers.media.MediaProvider.insertInternal(MediaProvider.java:6245)
05-12 21:29:55.001  3505  3915 E MediaProvider: 	at com.android.providers.media.MediaProvider.insert(MediaProvider.java:5930)
05-12 21:29:55.001  3505  3915 E MediaProvider: 	at com.android.providers.media.MediaProvider.insertFileForFuse(MediaProvider.java:11909)
05-12 21:29:55.001  3505  3915 E MediaProvider: 	at com.android.providers.media.MediaProvider.insertFileIfNecessaryForFuse(MediaProvider.java:12004)
05-12 21:29:55.017  3505  4217 E MediaProvider: insertFileIfNecessary failed
05-12 21:29:55.017  3505  4217 E MediaProvider: java.lang.IllegalArgumentException: Primary directory null not allowed for content://media/external_primary/file; allowed directories are [Download, Documents]
05-12 21:29:55.017  3505  4217 E MediaProvider: 	at com.android.providers.media.MediaProvider.ensureFileColumns(MediaProvider.java:5196)
05-12 21:29:55.017  3505  4217 E MediaProvider: 	at com.android.providers.media.MediaProvider.ensureUniqueFileColumns(MediaProvider.java:4798)
05-12 21:29:55.017  3505  4217 E MediaProvider: 	at com.android.providers.media.MediaProvider.insertFile(MediaProvider.java:5641)
05-12 21:29:55.017  3505  4217 E MediaProvider: 	at com.android.providers.media.MediaProvider.insertInternal(MediaProvider.java:6245)
05-12 21:29:55.017  3505  4217 E MediaProvider: 	at com.android.providers.media.MediaProvider.insert(MediaProvider.java:5930)
05-12 21:29:55.017  3505  4217 E MediaProvider: 	at com.android.providers.media.MediaProvider.insertFileForFuse(MediaProvider.java:11909)
05-12 21:29:55.017  3505  4217 E MediaProvider: 	at com.android.providers.media.MediaProvider.insertFileIfNecessaryForFuse(MediaProvider.java:12004)
05-12 21:29:55.034  3505  2739 E MediaProvider: insertFileIfNecessary failed
05-12 21:29:55.034  3505  2739 E MediaProvider: java.lang.IllegalArgumentException: Primary directory null not allowed for content://media/external_primary/file; allowed directories are [Download, Documents]
05-12 21:29:55.034  3505  2739 E MediaProvider: 	at com.android.providers.media.MediaProvider.ensureFileColumns(MediaProvider.java:5196)
05-12 21:29:55.034  3505  2739 E MediaProvider: 	at com.android.providers.media.MediaProvider.ensureUniqueFileColumns(MediaProvider.java:4798)
05-12 21:29:55.034  3505  2739 E MediaProvider: 	at com.android.providers.media.MediaProvider.insertFile(MediaProvider.java:5641)
05-12 21:29:55.034  3505  2739 E MediaProvider: 	at com.android.providers.media.MediaProvider.insertInternal(MediaProvider.java:6245)
05-12 21:29:55.034  3505  2739 E MediaProvider: 	at com.android.providers.media.MediaProvider.insert(MediaProvider.java:5930)
05-12 21:29:55.034  3505  2739 E MediaProvider: 	at com.android.providers.media.MediaProvider.insertFileForFuse(MediaProvider.java:11909)
05-12 21:29:55.034  3505  2739 E MediaProvider: 	at com.android.providers.media.MediaProvider.insertFileIfNecessaryForFuse(MediaProvider.java:12004)
05-12 21:29:55.055  3505  1090 E MediaProvider: insertFileIfNecessary failed
05-12 21:29:55.055  3505  1090 E MediaProvider: java.lang.IllegalArgumentException: Primary directory null not allowed for content://media/external_primary/file; allowed directories are [Download, Documents]
05-12 21:29:55.055  3505  1090 E MediaProvider: 	at com.android.providers.media.MediaProvider.ensureFileColumns(MediaProvider.java:5196)
05-12 21:29:55.055  3505  1090 E MediaProvider: 	at com.android.providers.media.MediaProvider.ensureUniqueFileColumns(MediaProvider.java:4798)
05-12 21:29:55.055  3505  1090 E MediaProvider: 	at com.android.providers.media.MediaProvider.insertFile(MediaProvider.java:5641)
05-12 21:29:55.055  3505  1090 E MediaProvider: 	at com.android.providers.media.MediaProvider.insertInternal(MediaProvider.java:6245)
05-12 21:29:55.055  3505  1090 E MediaProvider: 	at com.android.providers.media.MediaProvider.insert(MediaProvider.java:5930)
05-12 21:29:55.055  3505  1090 E MediaProvider: 	at com.android.providers.media.MediaProvider.insertFileForFuse(MediaProvider.java:11909)
05-12 21:29:55.055  3505  1090 E MediaProvider: 	at com.android.providers.media.MediaProvider.insertFileIfNecessaryForFuse(MediaProvider.java:12004)
05-12 21:29:55.077  3505  3913 E MediaProvider: insertFileIfNecessary failed
05-12 21:29:55.077  3505  3913 E MediaProvider: java.lang.IllegalArgumentException: Primary directory null not allowed for content://media/external_primary/file; allowed directories are [Download, Documents]
05-12 21:29:55.077  3505  3913 E MediaProvider: 	at com.android.providers.media.MediaProvider.ensureFileColumns(MediaProvider.java:5196)
05-12 21:29:55.077  3505  3913 E MediaProvider: 	at com.android.providers.media.MediaProvider.ensureUniqueFileColumns(MediaProvider.java:4798)
05-12 21:29:55.077  3505  3913 E MediaProvider: 	at com.android.providers.media.MediaProvider.insertFile(MediaProvider.java:5641)
05-12 21:29:55.077  3505  3913 E MediaProvider: 	at com.android.providers.media.MediaProvider.insertInternal(MediaProvider.java:6245)
05-12 21:29:55.077  3505  3913 E MediaProvider: 	at com.android.providers.media.MediaProvider.insert(MediaProvider.java:5930)
05-12 21:29:55.077  3505  3913 E MediaProvider: 	at com.android.providers.media.MediaProvider.insertFileForFuse(MediaProvider.java:11909)
05-12 21:29:55.077  3505  3913 E MediaProvider: 	at com.android.providers.media.MediaProvider.insertFileIfNecessaryForFuse(MediaProvider.java:12004)
05-12 21:29:55.097  3505  2746 E MediaProvider: insertFileIfNecessary failed
05-12 21:29:55.097  3505  2746 E MediaProvider: java.lang.IllegalArgumentException: Primary directory null not allowed for content://media/external_primary/file; allowed directories are [Download, Documents]
05-12 21:29:55.097  3505  2746 E MediaProvider: 	at com.android.providers.media.MediaProvider.ensureFileColumns(MediaProvider.java:5196)
05-12 21:29:55.097  3505  2746 E MediaProvider: 	at com.android.providers.media.MediaProvider.ensureUniqueFileColumns(MediaProvider.java:4798)
05-12 21:29:55.097  3505  2746 E MediaProvider: 	at com.android.providers.media.MediaProvider.insertFile(MediaProvider.java:5641)
05-12 21:29:55.097  3505  2746 E MediaProvider: 	at com.android.providers.media.MediaProvider.insertInternal(MediaProvider.java:6245)
05-12 21:29:55.097  3505  2746 E MediaProvider: 	at com.android.providers.media.MediaProvider.insert(MediaProvider.java:5930)
05-12 21:29:55.097  3505  2746 E MediaProvider: 	at com.android.providers.media.MediaProvider.insertFileForFuse(MediaProvider.java:11909)
05-12 21:29:55.097  3505  2746 E MediaProvider: 	at com.android.providers.media.MediaProvider.insertFileIfNecessaryForFuse(MediaProvider.java:12004)
05-12 21:29:55.101 13487 13487 I MapsAgent: Configs MCC=310 (310), MNC=410 (410), CSC=CHO, MODEL_NAME=SM-A127M, OS=33, COUNTRY_ISO=ENG, LOCALE=en-rUS, COUNTRY=Chile, DETERMINED_COUNTRY=USA, DETERMINED_MCC=, CarrierId=CHO, SingleSKU=false, SINGLE_SKU_ACTIVATED=false, MDC_UNIFIED=false, ACTIVATED_ID=
05-12 21:29:55.102   359   359 I lmkd    : 1(delay), 0(swap), 0(freelimit), 0(reentrymode) memory pressure events were skipped after a kill!
05-12 21:29:55.103   359   359 I lmkd    : cached 1, sandbox(not0) 0
05-12 21:29:55.117   807   807 E audit   : type=1400 audit(1778635795.113:136747): avc:  denied  { write } for  pid=6664 comm="ThreadPoolForeg" name="traced_producer" dev="tmpfs" ino=8986 scontext=u:r:gmscore_app:s0:c512,c768 tcontext=u:object_r:traced_producer_socket:s0 tclass=sock_file permissive=0 SEPF_SM-A127M_13_0001 audit_filtered
05-12 21:29:55.117   807   807 E audit   : type=1300 audit(1778635795.113:136747): arch=c00000b7 syscall=203 success=no exit=-13 a0=115 a1=b400007c30d8d660 a2=1e a3=ffffffff95ffc64c items=1 ppid=824 pid=6664 auid=4294967295 uid=10193 gid=10193 euid=10193 suid=10193 fsuid=10193 egid=10193 sgid=10193 fsgid=10193 tty=(none) ses=4294967295 comm="ThreadPoolForeg" exe="/system/bin/app_process64" subj=u:r:gmscore_app:s0:c512,c768 key=(null)
05-12 21:29:55.117   807   807 E audit   : type=1306 audit(1778635795.113:136747): saddr=01002F6465762F736F636B65742F7472616365645F70726F647563657200
05-12 21:29:55.117   807   807 E audit   : type=1302 audit(1778635795.113:136747): item=0 name="/dev/socket/traced_producer" inode=8986 dev=00:10 mode=0140666 ouid=0 ogid=0 rdev=00:00 obj=u:object_r:traced_producer_socket:s0 nametype=NORMAL cap_fp=0000000000000000 cap_fi=0000000000000000 cap_fe=0 cap_fver=0
05-12 21:29:55.117   807   807 E audit   : type=1327 audit(1778635795.113:136747): proctitle="com.google.android.gms.persistent"
05-12 21:29:55.131  1216  1988 D PackageManager: setEnabledSetting : userId = 0 packageName = com.android.vending cmp = com.google.android.finsky.wearsupport.WearSupportService newState = 2 callingPackage = 10192/com.android.vending
05-12 21:29:55.160  1216  1988 D CompatibilityChangeReporter: Compat change id reported: 135634846; UID 10123; state: DISABLED
05-12 21:29:55.160  1216  1988 D CompatibilityChangeReporter: Compat change id reported: 177438394; UID 10123; state: DISABLED
05-12 21:29:55.160  1216  1988 D CompatibilityChangeReporter: Compat change id reported: 135772972; UID 10123; state: DISABLED
05-12 21:29:55.160  1216  1988 D CompatibilityChangeReporter: Compat change id reported: 135754954; UID 10123; state: ENABLED
05-12 21:29:55.161  1216  1260 D CompatibilityChangeReporter: Compat change id reported: 143937733; UID 10123; state: ENABLED
05-12 21:29:55.168 13070 13132 I Finsky  : [1882] Component class com.google.android.finsky.wearsupport.WearSupportService disabled via PackageManager.
05-12 21:29:55.170  1216  1258 W ActivityManager: Rescheduling restart of crashed service com.android.chrome/org.chromium.chrome.browser.customtabs.CustomTabsConnectionService in 16454482364ms for mem-pressure-event
05-12 21:29:55.171  1216  3676 D PackageManager: setEnabledSetting : userId = 0 packageName = com.android.vending cmp = com.google.android.finsky.wearsupport.WearChangeListenerService newState = 2 callingPackage = 10192/com.android.vending
05-12 21:29:55.177  1216  3676 I GenerationRegistry: mBackingStore.isClosed() : false
05-12 21:29:55.181 13070 13132 I Finsky  : [1882] Component class com.google.android.finsky.wearsupport.WearChangeListenerService disabled via PackageManager.
05-12 21:29:55.181   824   824 D Zygote  : Forked child process 13509
05-12 21:29:55.182  1216  1260 I ActivityManager: Start proc 13509:com.sec.spp.push/u0a123 for broadcast {com.sec.spp.push/com.sec.spp.push.receiver.PackageRemoveReceiver}
05-12 21:29:55.214 13509 13509 I om.sec.spp.push: Using CollectorTypeCC GC.
05-12 21:29:55.215   359   359 I lmkd    : 1(delay), 0(swap), 0(freelimit), 0(reentrymode) memory pressure events were skipped after a kill!
05-12 21:29:55.215   359   359 I lmkd    : cached 1, sandbox(not0) 0
05-12 21:29:55.239 13509 13509 D nativeloader: Load libframework-connectivity-tiramisu-jni.so using APEX ns com_android_tethering for caller /apex/com.android.tethering/javalib/framework-connectivity-t.jar: ok
05-12 21:29:55.262 13509 13509 D ActivityThread: setConscryptValidator
05-12 21:29:55.262 13509 13509 D ActivityThread: setConscryptValidator - put
05-12 21:29:55.272  3121  3226 I DatabaseWorker: transaction is slow
05-12 21:29:55.272  3121  3226 I DatabaseHost: 	&&&&&&&&& TYPE: Database Worker #2 -> EXECUTE
05-12 21:29:55.272  3121  3226 I DatabaseHost: 		 select r.id, r.processor, r.page, r.method, r.content_id, r.content_type, r.parent_id, r.parent_type, r.last_try_at, r.will_retry, r.created_at, r.view_content_url, r.edit_content_url, r.errors, r.attributes, ss.state, r.lock_name from sync_requests as r left join sync_states as ss on (r.content_type = ss.content_type and r.content_id = ss.content_id) order by r.created_at asc
05-12 21:29:55.272  3121  3226 I DatabaseWorker: ***** Database is idle *****
05-12 21:29:55.272  1216  3676 D CompatibilityChangeReporter: Compat change id reported: 168419799; UID 10123; state: DISABLED
05-12 21:29:55.276  1216  3676 I ActivityManager: DSS OFF for com.sec.spp.push
05-12 21:29:55.293 13509 13509 D CompatibilityChangeReporter: Compat change id reported: 171979766; UID 10123; state: ENABLED
05-12 21:29:55.325   359   359 I lmkd    : 1(delay), 0(swap), 0(freelimit), 0(reentrymode) memory pressure events were skipped after a kill!
05-12 21:29:55.326   359   359 I lmkd    : cached 1, sandbox(not0) 0
05-12 21:29:55.337  3121  3223 I DatabaseWorker: ***** Database is NOT idle *****
05-12 21:29:55.347  3121  3223 I DatabaseHost: SQL (Database Worker #0): select r.id, r.processor, r.page, r.method, r.content_id, r.content_type, r.parent_id, r.parent_type, r.last_try_at, r.will_retry, r.created_at, r.view_content_url, r.edit_content_url, r.errors, r.attributes, ss.state, r.lock_name from sync_requests as r left join sync_states as ss on (r.content_type = ss.content_type and r.content_id = ss.content_id) order by r.created_at asc
05-12 21:29:55.438   359   359 I lmkd    : 1(delay), 0(swap), 0(freelimit), 0(reentrymode) memory pressure events were skipped after a kill!
05-12 21:29:55.439   359   359 I lmkd    : cached 1, sandbox(not0) 0
05-12 21:29:55.440  1216  1772 I ChimeraAggressivePolicyHandler: executePolicy() - triggerSource: TRIGGER_SOURCE_LMKD
05-12 21:29:55.442  1216  1772 I ChimeraAggressivePolicyHandler: available memory: 822912, free memory target: 645120, quit chimera
05-12 21:29:55.471  1216  1785 D SemNscXgbMsL1: Probability - Cloud gaming: [0.03121144]
05-12 21:29:55.471  1216  1785 D SemNscXgbMsL1: Probability - Real time: [0.043674916]
05-12 21:29:55.471  1216  1785 D SemNscXgbMsL1: Probability - Non real time: [0.90565956]
05-12 21:29:55.471  1216  1785 D SemNscXgbMsL1: 1 sample inference time: 1.029077 msecs
05-12 21:29:55.473  1216  1785 D SemNscXgbL2Rt: L2 RT 1 sample inference time: 1.784731 msecs
05-12 21:29:55.475  1216  1785 D SemNscXgbL2Nrt: L2 NRT 1 sample inference time: 1.161923 msecs
05-12 21:29:55.512 13070 13078 W android.vending: Suspending all threads took: 80.002ms
05-12 21:29:55.549   359   359 I lmkd    : 1(delay), 0(swap), 0(freelimit), 0(reentrymode) memory pressure events were skipped after a kill!
05-12 21:29:55.550   359   359 I lmkd    : cached 1, sandbox(not0) 0
05-12 21:29:55.552   359   359 I lmkd    : Reclaim 'com.samsung.android.mapsagent' (13487), uid 10182, oom_score_adj 905, state 19 to free 39044kB rss, 38904kB swap; reason: low watermark is breached and swap is low (2135472kB < 2474636kB)
05-12 21:29:55.554 13509 13509 W Ads     : Disabling data collection. Found google_app_id in strings.xml but Google Analytics for Firebase is missing. Remove this value or add Google Analytics for Firebase to resume data collection.
05-12 21:29:55.572  1216  1988 I ActivityManager: Process com.samsung.android.mapsagent (pid 13487) has died: cch+5 CEM (70,761)
05-12 21:29:55.573   824   824 I Zygote  : Process 13487 exited due to signal 9 (Killed)
05-12 21:29:55.575  1216  1261 I libprocessgroup: Successfully killed process cgroup uid 10182 pid 13487 in 0ms
05-12 21:29:55.583 13509 13509 I FirebaseApp: Device unlocked: initializing all Firebase APIs for app [DEFAULT]
05-12 21:29:55.618 13509 13509 I FirebaseInitProvider: FirebaseApp initialization successful
05-12 21:29:55.634  3121  3223 I DatabaseWorker: ***** Database is idle *****
05-12 21:29:55.645   359   359 I lmkd    : cached 1, sandbox(not0) 0
05-12 21:29:55.662  9226  9249 I MediaCode