--------- beginning of main
05-12 20:46:28.852  1216  2808 D SemWifiUsabilityStatsMonitor: onWifiUsabilityStats - seqNum 22446, isSameBssidAndFreq true
05-12 20:46:28.853  1216  1787 I SemWifiLinkQualityMonitor: Link Qos Query: 0.148 ms / 54.000 Mbps (72 / 0.000 / 1.333)
05-12 20:46:28.878  1216  1807 D WifiConnectivityMonitor.NetworkStatsAnalyzer: Backhaul result - RSSI:-67, CE:12, PE:12, TI:22, PTI:22, TW:2, PTW:1, Tx:16, Rx:50, TxS:10, RxS:8, RESULT:true, IC:0, ICT:5, WC:0, WCT:5, R:0, RC:0, IE:0, EC:0
05-12 20:46:28.948  1216  1801 D SemWifiSwitchForIndividualAppsService: isSkipNetworkCondition - result:2
05-12 20:46:28.975  1216  1259 I SemDvfsHyPerManager: acquire hyper - APP_LAUNCH/1216@357, type = -999
05-12 20:46:28.975   848   910 I HYPER-HAL: [RequestManager.cpp]acquire(): Acquired ID : 1238308  [1216 / 357]    HINT : APP_LAUNCH    list : 
05-12 20:46:28.977  3549  3549 I SemDvfsHyPerManager: acquire hyper - APP_START_SHORT/3549@12, type = -999
05-12 20:46:28.978   848   910 I HYPER-HAL: [RequestManager.cpp]acquire(): Acquired ID : 6342153  [3549 / 12]    HINT : APP_START    list : [TIMEOUT / 1500] 
05-12 20:46:28.989  1216  1250 I ChimeraSystemEventListener: appLaunchIntent package name is: com.example.audioanalyser
--------- beginning of system
05-12 20:46:28.989  1216  1465 D CompatibilityChangeReporter: Compat change id reported: 161252188; UID 10551; state: DISABLED
05-12 20:46:28.990  1216  1465 I ActivityTaskManager: START u0 {flg=0x10000000 cmp=com.example.audioanalyser/.MainActivity} from uid 2000
05-12 20:46:28.990  1216  1465 D ActivityTaskManager: TaskLaunchParamsModifier:task=null activity=ActivityRecord{e62e883 u0 com.example.audioanalyser/.MainActivity} display-id=0 display-windowing-mode=1 suggested-display-area=DefaultTaskDisplayArea@41843040
05-12 20:46:28.991  1216  1465 D [secipm]: mSecIpmManager Preload com.example.audioanalyser dex files
05-12 20:46:28.991  1216  1465 D ActivityTaskManager: TaskLaunchParamsModifier:task=null activity=ActivityRecord{e62e883 u0 com.example.audioanalyser/.MainActivity} t-1} display-id=0 display-windowing-mode=1 suggested-display-area=DefaultTaskDisplayArea@41843040 non-freeform-display display-area=DefaultTaskDisplayArea@41843040 maximized-bounds
05-12 20:46:28.991  1216  2526 I SemDvfsHyPerManager: acquire hyper - AMS_APP_SWITCH/1216@31, type = -999
05-12 20:46:28.992   848   910 I HYPER-HAL: [RequestManager.cpp]acquire(): Acquired ID : 778159  [1216 / 31]    HINT : AMS_APP_SWITCH    list : 
05-12 20:46:28.992  1216  2526 D ActivityManagerPerformance: AMP_acquire() APP_SWITCH
05-12 20:46:28.993   899   924 I SurfaceFlinger: id=27256 createSurf flag=24004, Task=380#27256
05-12 20:46:28.993  3549  3549 I SemDvfsHyPerManager: acquire hyper - APP_START_SHORT/3549@12, type = -999
05-12 20:46:28.993   848   910 I HYPER-HAL: [RequestManager.cpp]acquire(): Acquired ID : 6342153  [3549 / 12]    HINT : APP_START    list : [TIMEOUT / 1500] 
05-12 20:46:28.995  1216  1465 D ActivityTaskManager: TaskLaunchParamsModifier:task=Task{b471a00 #380 type=standard A=10551:com.example.audioanalyser U=0 visible=false visibleRequested=false mode=fullscreen translucent=true sz=0} activity=ActivityRecord{e62e883 u0 com.example.audioanalyser/.MainActivity} t-1} display-from-task=0 display-id=0 display-windowing-mode=1 suggested-display-area=DefaultTaskDisplayArea@41843040 non-freeform-display display-area=DefaultTaskDisplayArea@41843040 maximized-bounds
05-12 20:46:28.996   899   924 I SurfaceFlinger: id=27257 createSurf flag=80004, ActivityRecord{e62e883 u0 com.example.audioanalyser/.MainActivity} t380}#27257
05-12 20:46:28.996   899   899 D SurfaceFlinger: Display 0 HWC layers:
05-12 20:46:28.996   899   899 D SurfaceFlinger:      DEVICE | 0xb400007dab056e80 | 0100 | RGBx_8888    |  330.0    0.0  870.0 1200.0 |    0    0  720 1600 | Wallpaper BBQ wrapper#89
05-12 20:46:28.996   899   899 D SurfaceFlinger:      DEVICE | 0xb400007dd5e9e300 | 0100 | RGBA_8888    |    0.0    0.0  720.0 1600.0 |    0    0  720 1600 | com.sec.android.app.launcher/com.sec[...]ivities.LauncherActivity$_2335#27254
05-12 20:46:28.996   899   899 D SurfaceFlinger:      DEVICE | 0xb400007dab054a80 | 0100 | RGBA_8888    |    0.0    0.0  720.0   45.0 |    0    0  720   45 | StatusBar$_1902#97
05-12 20:46:28.996   899   899 D SurfaceFlinger:      DEVICE | 0xb400007dab054c00 | 0100 | RGBA_8888    |    0.0    0.0  720.0   90.0 |    0 1510  720 1600 | NavigationBar0$_1902#91
05-12 20:46:28.996   899   899 D SurfaceFlinger:      DEVICE | 0xb400007dab056280 | 0108 | RGBA_8888    |    0.0    0.0  720.0 1600.0 |    0    0  720 1600 | $_1902#93
05-12 20:46:28.996   899   899 D SurfaceFlinger: 
05-12 20:46:28.996   899  1455 D NativeSemDvfsManager: acquire:: timeout = 2000 mIsAcquired = 1  mTagName : SurfaceFlinger 
05-12 20:46:28.996   899  1455 E NativeCustomFrequencyManager: [NativeCFMS] BpCustomFrequencyManager::acquire()
05-12 20:46:28.996   848   910 I HYPER-HAL: [RequestManager.cpp]acquire(): Acquired ID : 1805050  [899 / 1000]    HINT : SF_GPU_MINLOCK    list : [TIMEOUT / 2000] 
05-12 20:46:29.002  1216  1465 D ActivityTaskManager: scheduleTopResumedActivityChanged, onTop=false r=ActivityRecord{632da01 u0 com.sec.android.app.launcher/.activities.LauncherActivity} t7} caller=com.android.server.wm.ActivityTaskSupervisor.updateTopResumedActivityIfNeeded:2510 com.android.server.wm.TaskDisplayArea.positionChildTaskAt:602 com.android.server.wm.TaskDisplayArea.positionChildAt:537 com.android.server.wm.Task.moveToFrontInner:6053 com.android.server.wm.Task.moveToFront:6019 com.android.server.wm.ActivityStarter.startActivityInner:2924 
05-12 20:46:29.003  1216  1465 W WindowManager: Prepare app transition: mNextAppTransitionRequests=[TRANSIT_OPEN], mNextAppTransitionFlags=, displayId: 0 Callers=com.android.server.wm.DisplayContent.prepareAppTransition:6493 com.android.server.wm.DisplayContent.prepareAppTransition:6484 com.android.server.wm.Task.startActivityLocked:6595 com.android.server.wm.ActivityStarter.startActivityInner:2980 com.android.server.wm.ActivityStarter.startActivityUnchecked:2470 
05-12 20:46:29.003  1216  1465 V WindowManager: Checking theme of starting window: 0x7f0a000a
05-12 20:46:29.003  1216  1465 V WindowManager: Translucent=false Floating=false ShowWallpaper=false Disable=false
05-12 20:46:29.003  1216  1465 V WindowManager: Creating SplashScreenStartingData
05-12 20:46:29.003  1216  1465 D ActivityTaskManager: Add starting com.android.server.wm.ActivityRecord$AddStartingWindow@da9c07e: typeParam=139
05-12 20:46:29.004  1216  1465 V WindowManager: Add starting com.android.server.wm.ActivityRecord$AddStartingWindow@da9c07e: startingData=com.android.server.wm.SplashScreenStartingData@96189df
05-12 20:46:29.004  1216  1465 V WindowManager: Added starting ActivityRecord{e62e883 u0 com.example.audioanalyser/.MainActivity} t380}: startingWindow=null startingView=com.android.server.wm.StartingSurfaceController$StartingSurface@803d62c
05-12 20:46:29.008  1216  1465 I Pageboost: stop alp
05-12 20:46:29.008  1216  1465 I SemDvfsHyPerManager: acquire hyper - AMS_APP_LAUNCH/1216@15, type = -999
05-12 20:46:29.008  2576  2576 E pageboostd: Received HALT command code 2
05-12 20:46:29.008   848   910 I HYPER-HAL: [RequestManager.cpp]acquire(): Acquired ID : 758311  [1216 / 15]    HINT : AMS_APP_LAUNCH    list : 
05-12 20:46:29.009  3549  3549 I SemDvfsHyPerManager: acquire hyper - APP_START/3549@14, type = -999
05-12 20:46:29.010   848   910 I HYPER-HAL: [RequestManager.cpp]acquire(): Acquired ID : 6349280  [3549 / 14]    HINT : APP_START    list : 
05-12 20:46:29.012  1216  3669 I AppOps  : updateUidProcState uid: 10067 procState: 1 capability:15
05-12 20:46:29.013   967  2579 I CameraService: onUidStateChanged: uid=10067, procState is changed. (0 -> 1)
05-12 20:46:29.014  1902  1972 D NativeCustomFrequencyManager: [NativeCFMS] BpCustomFrequencyManager::BpCustomFrequencyManager()
05-12 20:46:29.016  1216  1265 W libprocessgroup: Failed to open /dev/blkio//cgroup.procs: No such file or directory
05-12 20:46:29.019  1902  1970 I AppIconSolution: start to load, pkg=com.example.audioanalyser, bg=90-90, dr=135-135, forDefault=false, density=0
05-12 20:46:29.019   899   899 D SurfaceFlinger: Display 0 HWC layers:
05-12 20:46:29.019   899   899 D SurfaceFlinger:      DEVICE | 0xb400007dab056e80 | 0100 | RGBx_8888    |  330.0    0.0  870.0 1200.0 |    0    0  720 1600 | Wallpaper BBQ wrapper#89
05-12 20:46:29.019   899   899 D SurfaceFlinger:      DEVICE | 0xb400007dd5e9e300 | 0100 | RGBA_8888    |    0.0    0.0  720.0 1600.0 |    0    0  720 1600 | com.sec.android.app.launcher/com.sec[...]ivities.LauncherActivity$_2335#27254
05-12 20:46:29.019   899   899 D SurfaceFlinger:      DEVICE | 0xb400007dab054a80 | 0100 | RGBA_8888    |    0.0    0.0  720.0   45.0 |    0    0  720   45 | StatusBar$_1902#97
05-12 20:46:29.019   899   899 D SurfaceFlinger:      DEVICE | 0xb400007dab054c00 | 0100 | RGBA_8888    |    0.0    0.0  720.0   90.0 |    0 1510  720 1600 | NavigationBar0$_1902#91
05-12 20:46:29.019   899   899 D SurfaceFlinger:      DEVICE | 0xb400007dab056280 | 0108 | RGBA_8888    |    0.0    0.0  720.0 1600.0 |    0    0  720 1600 | $_1902#93
05-12 20:46:29.019   899   899 D SurfaceFlinger: 
05-12 20:46:29.023  1902  1970 I AppIconSolution: getIconScale, pkg=com.example.audioanalyser, size=135, iconScale=IconScale[alpha=1, scale=0.75, isCrop=false]
05-12 20:46:29.023  1902  1970 I AppIconSolution: fromTheme2, pkg=com.example.audioanalyser, bg=90-90, dr=135-135, tarScale=0.75, relScale=0.50751877, mask=false, isCropInTheme = false, isNight = true
05-12 20:46:29.023  2335  2335 I BaseActivity: removeActivityFlags, flags : 16
05-12 20:46:29.024  2335  2335 I BaseActivity: removeActivityFlags, flags : 6
05-12 20:46:29.024  2335  2335 I DragController: endDrag
05-12 20:46:29.024  2335  2335 W LauncherAppWidgetHost: setShouldListenFlag, mFlags:15 flag:resume on:false isFront:false
05-12 20:46:29.024  2335  2335 I SPayUpdater: updateSpayHandler launcher activity is paused false
05-12 20:46:29.024  1216  3676 D InputTransport: Input channel constructed: 'c1d668a', fd=927
05-12 20:46:29.024  1216  3676 D InputTransport: Input channel constructed: 'c1d668a', fd=928
05-12 20:46:29.024  1216  3676 D InputTransport: Input channel constructed: 'c1d668a', fd=932
05-12 20:46:29.024  9226  9249 I MediaCodec: setCodecState state(1), called in 6
05-12 20:46:29.025  1216  3667 V ResourceManagerHelper-JNI: JNIMediaResourceHelper::notify eventType : 3, ext1 : 0, ext2 : 0
05-12 20:46:29.025  1216  3667 V ResourceManagerHelper-JNI: notify eventType : 3, ext1 : 0, ext2 : 0
05-12 20:46:29.025   899   924 I SurfaceFlinger: id=27258 createSurf flag=80004, c1d668a Splash Screen com.example.audioanalyser#27258
05-12 20:46:29.025 29854 29863 V ResourceManagerHelper-JNI: JNIMediaResourceHelper::notify eventType : 3, ext1 : 0, ext2 : 0
05-12 20:46:29.025 29854 29863 V ResourceManagerHelper-JNI: notify eventType : 3, ext1 : 0, ext2 : 0
05-12 20:46:29.025  3549  3549 I SemMediaResourceHelper: onState
05-12 20:46:29.025  1216  1394 I SemMediaResourceHelper: onState
05-12 20:46:29.026 29854 29930 I SemMediaResourceHelper: onState
05-12 20:46:29.026  1216  3676 V WindowManager: addWindow: ActivityRecord{e62e883 u0 com.example.audioanalyser/.MainActivity} t380} startingWindow=Window{c1d668a u0 Splash Screen com.example.audioanalyser}
05-12 20:46:29.026 29854 29930 I DrmMediaResourceHelper: onStateChanged size = 1
05-12 20:46:29.026 29854 29930 I DrmMediaResourceHelper: resource type: 2,,,isSecured :  falseIsEncoder : truegetCodecState : 1getpid : 9226
05-12 20:46:29.027  1216  3676 D InputTransport: Input channel destroyed: 'c1d668a', fd=932
05-12 20:46:29.027  1216  3669 D MARsPolicyManager: onPackageResumedFG pkgName = com.example.audioanalyser, userId = 0
05-12 20:46:29.027  1216  3669 W WindowManager: Prepare app transition: mNextAppTransitionRequests=[TRANSIT_OPEN, TRANSIT_OPEN], mNextAppTransitionFlags=, displayId: 0 Callers=com.android.server.wm.DisplayContent.prepareAppTransition:6493 com.android.server.wm.TaskFragment.resumeTopActivity:1573 com.android.server.wm.TaskFragment.resumeTopActivity:1307 com.android.server.wm.Task.resumeTopActivityInnerLocked:6451 com.android.server.wm.Task.resumeTopActivityUncheckedLocked:6352 
05-12 20:46:29.028  1902  1969 D InsetsController: onStateChanged: InsetsState: {mDisplayFrame=Rect(0, 0 - 720, 1600), mDisplayCutout=DisplayCutout{insets=Rect(0, 43 - 0, 0) waterfall=Insets{left=0, top=0, right=0, bottom=0} boundingRect={Bounds=[Rect(0, 0 - 0, 0), Rect(296, 0 - 424, 43), Rect(0, 0 - 0, 0), Rect(0, 0 - 0, 0)]} cutoutPathParserInfo={CutoutPathParserInfo{displayWidth=720 displayHeight=1600 physicalDisplayWidth=720 physicalDisplayHeight=1600 density={1.875} cutoutSpec={M 0,0 H -34.13333333333333 V 22.93333333333333 H 34.13333333333333 V 0 H 0 Z @dp} rotation={0} scale={1.0} physicalPixelDisplaySizeRatio={1.0}}}}, mRoundedCorners=RoundedCorners{[RoundedCorner{position=TopLeft, radius=60, center=Point(60, 60)}, RoundedCorner{position=TopRight, radius=60, center=Point(660, 60)}, RoundedCorner{position=BottomRight, radius=60, center=Point(660, 1540)}, RoundedCorner{position=BottomLeft, radius=60, center=Point(60, 1540)}]}  mRoundedCornerFrame=Rect(0, 0 - 720, 1600), mPrivacyIndicatorBounds=PrivacyIndicatorBounds {static bounds=Rect(637, 0 - 720, 45) rotation=0}, mSources= { InsetsSource: {mType=ITYPE_STATUS_BAR, mFrame=[0,0][720,45], mVisible=true, mInsetsRoundedCornerFrame=false}, InsetsSource: {mType=ITYPE_NAVIGATION_BAR, mFrame=[0,1510][720,1600], mVisible=true, mInsetsRoundedCornerFrame=false}, InsetsSource: {mType=ITYPE_LEFT_GESTURES, mFrame=[0,0][0,1600], mVisible=true, mInsetsRoundedCornerFrame=false}, InsetsSource: {mType=ITYPE_RIGHT_GESTURES, mFrame=[720,0][720,1600], mVisible=true, mInsetsRoundedCornerFrame=false}, InsetsSource: {mType=ITYPE_TOP_MANDATORY_GESTURES, mFrame=[0,0][720,66], mVisible=true, mInsetsRoundedCornerFrame=false}, InsetsSource: {mType=ITYPE_BOTTOM_MANDATORY_GESTURES, mFrame=[0,1510][720,1600], mVisible=true, mInsetsRoundedCornerFrame=false}, InsetsSource: {mType=ITYPE_LEFT_DISPLAY_CUTOUT, mFrame=[0,0][-100000,1600], mVisible=true, mInsetsRoundedCornerFrame=false}, InsetsSource: {mType=ITYPE_TOP_DISPLAY_CUTOUT, mFrame=[0,0][720,43], mVisible=true, mInsetsRoundedCornerFrame=false}, InsetsSource: {mType=ITYPE_RIGHT_DISPLAY_CUTOUT, mFrame=[100000,0][720,1600], mVisible=true, mInsetsRoundedCornerFrame=false}, InsetsSource: {mType=ITYPE_BOTTOM_DISPLAY_CUTOUT, mFrame=[0,100000][720,1600], mVisible=true, mInsetsRoundedCornerFrame=false}, InsetsSource: {mType=ITYPE_TOP_TAPPABLE_ELEMENT, mFrame=[0,0][720,45], mVisible=true, mInsetsRoundedCornerFrame=false}, InsetsSource: {mType=ITYPE_BOTTOM_TAPPABLE_ELEMENT, mFrame=[0,1510][720,1600], mVisible=true, mInsetsRoundedCornerFrame=false} } host=Splash Screen com.example.audioanalyser from=android.view.ViewRootImpl.setView:1732
05-12 20:46:29.029  1216  3669 D WindowManagerServiceExt: notifyOccludeChangeNotice: cn=ComponentInfo{com.example.audioanalyser/com.example.audioanalyser.MainActivity} occludesParent=true inMultiWindow=false styleFloating=false caller=com.android.server.wm.WindowManagerServiceExt.updateOccludeTargetIfNeeded:1402 com.android.server.wm.DisplayContent.ensureActivitiesVisible:7532 com.android.server.wm.RootWindowContainer.ensureActivitiesVisible:2248 com.android.server.wm.RootWindowContainer.ensureActivitiesVisible:2229 com.android.server.wm.TaskFragment.completePause:2076 
05-12 20:46:29.030  1902  1969 I ViewRootImpl@a87d2ff[audioanalyser]: setView = android.widget.FrameLayout@ad5c60b TM=true
05-12 20:46:29.031   899   899 D SurfaceFlinger: Display 0 HWC layers:
05-12 20:46:29.031   899   899 D SurfaceFlinger:      DEVICE | 0xb400007dab056e80 | 0100 | RGBx_8888    |  330.0    0.0  870.0 1200.0 |    0    0  720 1600 | Wallpaper BBQ wrapper#89
05-12 20:46:29.031   899   899 D SurfaceFlinger:      DEVICE | 0xb400007dd5e9e300 | 0100 | RGBA_8888    |    0.0    0.0  720.0 1600.0 |    0    0  720 1600 | com.sec.android.app.launcher/com.sec[...]ivities.LauncherActivity$_2335#27254
05-12 20:46:29.031   899   899 D SurfaceFlinger:      DEVICE | 0xb400007dab054a80 | 0100 | RGBA_8888    |    0.0    0.0  720.0   45.0 |    0    0  720   45 | StatusBar$_1902#97
05-12 20:46:29.031   899   899 D SurfaceFlinger:      DEVICE | 0xb400007dab054c00 | 0100 | RGBA_8888    |    0.0    0.0  720.0   90.0 |    0 1510  720 1600 | NavigationBar0$_1902#91
05-12 20:46:29.031   899   899 D SurfaceFlinger:      DEVICE | 0xb400007dab056280 | 0108 | RGBA_8888    |    0.0    0.0  720.0 1600.0 |    0    0  720 1600 | $_1902#93
05-12 20:46:29.031   899   899 D SurfaceFlinger: 
05-12 20:46:29.032  2335  2335 I TopTaskTracker: onTaskMovedToFront : taskId = 380
05-12 20:46:29.033  1216  1785 I SemWifiServiceDetector: Traff. tracking stopped
05-12 20:46:29.033  1902  1969 I ViewRootImpl@a87d2ff[audioanalyser]: performTraversals params={(0,0)(fillxfill) sim={adjust=pan} ty=APPLICATION_STARTING fmt=TRANSLUCENT wanim=0x1030309
05-12 20:46:29.033  1902  1969 I ViewRootImpl@a87d2ff[audioanalyser]:   fl=81030118
05-12 20:46:29.033  1902  1969 I ViewRootImpl@a87d2ff[audioanalyser]:   pfl=16000010
05-12 20:46:29.033  1902  1969 I ViewRootImpl@a87d2ff[audioanalyser]:   bhv=DEFAULT
05-12 20:46:29.033  1902  1969 I ViewRootImpl@a87d2ff[audioanalyser]:   fitSides= naviIconColor=0}
05-12 20:46:29.034  1902  1969 I ViewRootImpl@a87d2ff[audioanalyser]: performTraversals mFirst=true windowShouldResize=true viewVisibilityChanged=false mForceNextWindowRelayout=false params={(0,0)(fillxfill) sim={adjust=pan} ty=APPLICATION_STARTING fmt=TRANSLUCENT wanim=0x1030309
05-12 20:46:29.034  1902  1969 I ViewRootImpl@a87d2ff[audioanalyser]:   fl=81030118
05-12 20:46:29.034  1902  1969 I ViewRootImpl@a87d2ff[audioanalyser]:   pfl=16000010
05-12 20:46:29.034  1902  1969 I ViewRootImpl@a87d2ff[audioanalyser]:   bhv=DEFAULT
05-12 20:46:29.034  1902  1969 I ViewRootImpl@a87d2ff[audioanalyser]:   fitSides= naviIconColor=0}
05-12 20:46:29.035  1216  3676 D CoreBackPreview: Window{c1d668a u0 Splash Screen com.example.audioanalyser}: Setting back callback OnBackInvokedCallbackInfo{mCallback=android.window.IOnBackInvokedCallback$Stub$Proxy@d736156, mPriority=0}
05-12 20:46:29.035  1216  3669 V WindowManager: Relayout Window{c1d668a u0 Splash Screen com.example.audioanalyser}: viewVisibility=0 req=720x1600 d0
05-12 20:46:29.035  1216  3669 D RestrictionPolicy: isScreenCaptureEnabled : ret=true userId=0
05-12 20:46:29.035   899   924 I SurfaceFlinger: id=27259 createSurf flag=40004, Splash Screen com.example.audioanalyser$_1902#27259
05-12 20:46:29.036  1216  3669 D WindowManager: makeSurface duration=1 name=Splash Screen com.example.audioanalyser$_1902
05-12 20:46:29.039  1216  3669 V WindowManager: Changing focus from Window{174032b u0 com.sec.android.app.launcher/com.sec.android.app.launcher.activities.LauncherActivity} to null displayId=0 Callers=com.android.server.wm.RootWindowContainer.updateFocusedWindowLocked:595 com.android.server.wm.WindowManagerService.updateFocusedWindowLocked:6810 com.android.server.wm.WindowManagerService.relayoutWindow:2820 com.android.server.wm.Session.relayout:274 
05-12 20:46:29.039  1216  3669 D MARsPolicyManager: onPackageResumedFG pkgName = com.sec.android.app.launcher, userId = 0
05-12 20:46:29.040  1216  3669 D StatusBarManagerService: notifyRequestedSystemKey recent=false home=false
05-12 20:46:29.040  1216  3669 V WindowManager: rotationForOrientation(orient=SCREEN_ORIENTATION_UNSPECIFIED (-1), last=ROTATION_0 (0)); user=ROTATION_0 (0) 
05-12 20:46:29.040  1216  3669 D WindowManager: rotationForOrientation, orientationSource=ActivityRecord{e62e883 u0 com.example.audioanalyser/.MainActivity} t380}
05-12 20:46:29.040  1216  3669 V WindowManager: rotationForOrientation(orient=SCREEN_ORIENTATION_UNSPECIFIED (-1), last=ROTATION_0 (0)); user=ROTATION_0 (0) 
05-12 20:46:29.040  1216  3669 D WindowManager: rotationForOrientation, orientationSource=ActivityRecord{e62e883 u0 com.example.audioanalyser/.MainActivity} t380}
05-12 20:46:29.041  1216  3669 V WindowManager: Computed rotation=ROTATION_0 (0) for display id=0 based on lastOrientation=SCREEN_ORIENTATION_UNSPECIFIED (-1) and oldRotation=ROTATION_0 (0), caller=com.android.server.wm.DisplayRotation.updateOrientation:414 com.android.server.wm.DisplayContent.updateOrientation:1990 com.android.server.wm.DisplayContent.updateOrientation:1872 com.android.server.wm.WindowManagerService.relayoutWindow:2851 com.android.server.wm.Session.relayout:274 android.view.IWindowSession$Stub.onTransact:779 
05-12 20:46:29.041  1216  1250 D CompatibilityChangeReporter: Compat change id reported: 135634846; UID 10551; state: DISABLED
05-12 20:46:29.042  1216  1250 D CompatibilityChangeReporter: Compat change id reported: 177438394; UID 10551; state: DISABLED
05-12 20:46:29.042  1216  3669 V WindowManager: Relayout hash=c1d668a, pid=1902, syncId=-1: mAttrs={(0,0)(fillxfill) sim={adjust=pan} ty=APPLICATION_STARTING fmt=TRANSLUCENT wanim=0x1030309
05-12 20:46:29.042  1216  3669 V WindowManager:   fl=81030118
05-12 20:46:29.042  1216  3669 V WindowManager:   pfl=16000010
05-12 20:46:29.042  1216  3669 V WindowManager:   bhv=DEFAULT
05-12 20:46:29.042  1216  3669 V WindowManager:   fitSides= naviIconColor=0}
05-12 20:46:29.042  1216  1250 D CompatibilityChangeReporter: Compat change id reported: 135772972; UID 10551; state: DISABLED
05-12 20:46:29.042  1216  1250 D CompatibilityChangeReporter: Compat change id reported: 135754954; UID 10551; state: ENABLED
05-12 20:46:29.042  1216  3676 D InputDispatcher: Focus left window (0): 174032b com.sec.android.app.launcher/com.sec.android.app.launcher.activities.LauncherActivity
05-12 20:46:29.043  1216  1260 D CompatibilityChangeReporter: Compat change id reported: 143937733; UID 10551; state: ENABLED
05-12 20:46:29.043  1902  1969 D InsetsController: onStateChanged: InsetsState: {mDisplayFrame=Rect(0, 0 - 720, 1600), mDisplayCutout=DisplayCutout{insets=Rect(0, 43 - 0, 0) waterfall=Insets{left=0, top=0, right=0, bottom=0} boundingRect={Bounds=[Rect(0, 0 - 0, 0), Rect(296, 0 - 424, 43), Rect(0, 0 - 0, 0), Rect(0, 0 - 0, 0)]} cutoutPathParserInfo={CutoutPathParserInfo{displayWidth=720 displayHeight=1600 physicalDisplayWidth=720 physicalDisplayHeight=1600 density={1.875} cutoutSpec={M 0,0 H -34.13333333333333 V 22.93333333333333 H 34.13333333333333 V 0 H 0 Z @dp} rotation={0} scale={1.0} physicalPixelDisplaySizeRatio={1.0}}}}, mRoundedCorners=RoundedCorners{[RoundedCorner{position=TopLeft, radius=60, center=Point(60, 60)}, RoundedCorner{position=TopRight, radius=60, center=Point(660, 60)}, RoundedCorner{position=BottomRight, radius=60, center=Point(660, 1540)}, RoundedCorner{position=BottomLeft, radius=60, center=Point(60, 1540)}]}  mRoundedCornerFrame=Rect(0, 0 - 720, 1600), mPrivacyIndicatorBounds=PrivacyIndicatorBounds {static bounds=Rect(637, 0 - 720, 45) rotation=0}, mSources= { InsetsSource: {mType=ITYPE_STATUS_BAR, mFrame=[0,0][720,45], mVisible=true, mInsetsRoundedCornerFrame=false}, InsetsSource: {mType=ITYPE_NAVIGATION_BAR, mFrame=[0,1510][720,1600], mVisible=true, mInsetsRoundedCornerFrame=false}, InsetsSource: {mType=ITYPE_LEFT_GESTURES, mFrame=[0,0][0,1600], mVisible=true, mInsetsRoundedCornerFrame=false}, InsetsSource: {mType=ITYPE_RIGHT_GESTURES, mFrame=[720,0][720,1600], mVisible=true, mInsetsRoundedCornerFrame=false}, InsetsSource: {mType=ITYPE_TOP_MANDATORY_GESTURES, mFrame=[0,0][720,66], mVisible=true, mInsetsRoundedCornerFrame=false}, InsetsSource: {mType=ITYPE_BOTTOM_MANDATORY_GESTURES, mFrame=[0,1510][720,1600], mVisible=true, mInsetsRoundedCornerFrame=false}, InsetsSource: {mType=ITYPE_LEFT_DISPLAY_CUTOUT, mFrame=[0,0][-100000,1600], mVisible=true, mInsetsRoundedCornerFrame=false}, InsetsSource: {mType=ITYPE_TOP_DISPLAY_CUTOUT, mFrame=[0,0][720,43], mVisible=true, mInsetsRoundedCornerFrame=false}, InsetsSource: {mType=ITYPE_RIGHT_DISPLAY_CUTOUT, mFrame=[100000,0][720,1600], mVisible=true, mInsetsRoundedCornerFrame=false}, InsetsSource: {mType=ITYPE_BOTTOM_DISPLAY_CUTOUT, mFrame=[0,100000][720,1600], mVisible=true, mInsetsRoundedCornerFrame=false}, InsetsSource: {mType=ITYPE_TOP_TAPPABLE_ELEMENT, mFrame=[0,0][720,45], mVisible=true, mInsetsRoundedCornerFrame=false}, InsetsSource: {mType=ITYPE_BOTTOM_TAPPABLE_ELEMENT, mFrame=[0,1510][720,1600], mVisible=true, mInsetsRoundedCornerFrame=false}, InsetsSource: {mType=ITYPE_IME, mFrame=[0,0][0,0], mVisibleFrame=[0,928][720,1600], mVisible=false, mInsetsRoundedCornerFrame=false} } host=Splash Screen com.example.audioanalyser from=android.view.ViewRootImpl.relayoutWindow:9802
05-12 20:46:29.043  2335  2335 I ViewRootImpl@6dc6262[LauncherActivity]: MSG_WINDOW_FOCUS_CHANGED 0 0
05-12 20:46:29.043  2335  2335 I BaseActivity: removeActivityFlags, flags : 8
05-12 20:46:29.044  1216  1216 I CocktailBarManagerServiceContainer: handleMessage: entry what = 6
05-12 20:46:29.044  1216  1250 D SGM:FgCheckThread: notePauseComponent(), received pkgName: com.sec.android.app.launcher, userId: 0
05-12 20:46:29.044  1216  1216 I CocktailBarManagerServiceImpl: notePauseComponent : no active host
05-12 20:46:29.045  1902  1969 I ViewRootImpl@a87d2ff[audioanalyser]: updateBlastSurfaceIfNeeded mBlastBufferQueue=null isSameSurfaceControl=false
05-12 20:46:29.045  1902  1969 I BLASTBufferQueue: new BLASTBufferQueue, mName= ViewRootImpl@a87d2ff[audioanalyser] mNativeObject= 0xb400007c3b9df300 sc.mNativeObject= 0xb400007caa3e0b20 caller= android.view.ViewRootImpl.updateBlastSurfaceIfNeeded:2909 android.view.ViewRootImpl.relayoutWindow:9847 android.view.ViewRootImpl.performTraversals:3884 android.view.ViewRootImpl.doTraversal:3116 android.view.ViewRootImpl$TraversalRunnable.run:10885 android.view.Choreographer$CallbackRecord.run:1301 android.view.Choreographer$CallbackRecord.run:1309 android.view.Choreographer.doCallbacks:923 android.view.Choreographer.doFrame:852 android.view.Choreographer$FrameDisplayEventReceiver.run:1283 
05-12 20:46:29.046  1902  1969 I BLASTBufferQueue: update, w= 720 h= 1600 mName = ViewRootImpl@a87d2ff[audioanalyser] mNativeObject= 0xb400007c3b9df300 sc.mNativeObject= 0xb400007caa3e0b20 format= -3 caller= android.graphics.BLASTBufferQueue.<init>:84 android.view.ViewRootImpl.updateBlastSurfaceIfNeeded:2909 android.view.ViewRootImpl.relayoutWindow:9847 android.view.ViewRootImpl.performTraversals:3884 android.view.ViewRootImpl.doTraversal:3116 android.view.ViewRootImpl$TraversalRunnable.run:10885 
05-12 20:46:29.046   899   899 D SurfaceFlinger: Display 0 HWC layers:
05-12 20:46:29.046   899   899 D SurfaceFlinger:      DEVICE | 0xb400007dab056e80 | 0100 | RGBx_8888    |  330.0    0.0  870.0 1200.0 |    0    0  720 1600 | Wallpaper BBQ wrapper#89
05-12 20:46:29.046   899   899 D SurfaceFlinger:      DEVICE | 0xb400007dd5e9e300 | 0100 | RGBA_8888    |    0.0    0.0  720.0 1600.0 |    0    0  720 1600 | com.sec.android.app.launcher/com.sec[...]ivities.LauncherActivity$_2335#27254
05-12 20:46:29.046   899   899 D SurfaceFlinger:      DEVICE | 0xb400007dab054a80 | 0100 | RGBA_8888    |    0.0    0.0  720.0   45.0 |    0    0  720   45 | StatusBar$_1902#97
05-12 20:46:29.046   899   899 D SurfaceFlinger:      DEVICE | 0xb400007dab054c00 | 0100 | RGBA_8888    |    0.0    0.0  720.0   90.0 |    0 1510  720 1600 | NavigationBar0$_1902#91
05-12 20:46:29.046   899   899 D SurfaceFlinger:      DEVICE | 0xb400007dab056280 | 0108 | RGBA_8888    |    0.0    0.0  720.0 1600.0 |    0    0  720 1600 | $_1902#93
05-12 20:46:29.046   899   899 D SurfaceFlinger: 
05-12 20:46:29.046  1902  1969 I ViewRootImpl@a87d2ff[audioanalyser]: Relayout returned: old=(0,0,720,1600) new=(0,0,720,1600) req=(720,1600)0 dur=11 res=0x3 s={true 0xb400007b584fb000} ch=true seqId=0
05-12 20:46:29.047  1902  1969 I ViewRootImpl@a87d2ff[audioanalyser]: mThreadedRenderer.initialize() mSurface={isValid=true 0xb400007b584fb000} hwInitialized=true
05-12 20:46:29.047  1902  1972 D OpenGLRenderer: eglCreateWindowSurface
05-12 20:46:29.048  1216  1265 W libprocessgroup: Failed to open /dev/blkio//cgroup.procs: No such file or directory
05-12 20:46:29.048  1902  1969 I ViewRootImpl@a87d2ff[audioanalyser]: reportNextDraw android.view.ViewRootImpl.performTraversals:4438 android.view.ViewRootImpl.doTraversal:3116 android.view.ViewRootImpl$TraversalRunnable.run:10885 android.view.Choreographer$CallbackRecord.run:1301 android.view.Choreographer$CallbackRecord.run:1309 
05-12 20:46:29.048  1902  1969 I ViewRootImpl@a87d2ff[audioanalyser]: Setup new sync id=0
05-12 20:46:29.048  1902  1969 I ViewRootImpl@a87d2ff[audioanalyser]: Setting syncFrameCallback
05-12 20:46:29.048  1902  1969 I ViewRootImpl@a87d2ff[audioanalyser]: registerCallbacksForSync syncBuffer=false
05-12 20:46:29.049  1216  1265 W libprocessgroup: Failed to open /dev/blkio//cgroup.procs: No such file or directory
05-12 20:46:29.055  1902  2002 I ViewRootImpl@a87d2ff[audioanalyser]: Received frameDrawingCallback syncResult=0 frameNum=1.
05-12 20:46:29.055  1902  2002 I ViewRootImpl@a87d2ff[audioanalyser]: Setting up sync and frameCommitCallback
05-12 20:46:29.056   824   824 D Zygote  : Forked child process 9814
05-12 20:46:29.057  1216  1260 I ActivityManager: Start proc 9814:com.example.audioanalyser/u0a551 for next-top-activity {com.example.audioanalyser/com.example.audioanalyser.MainActivity}
05-12 20:46:29.057  1216  1260 D DynamicHiddenApp_BGProtectManager: [SecIpm] it's a ML_TYPE_EMPTYPROCESS protected process com.example.audioanalyser
05-12 20:46:29.058  1902  1972 I BLASTBufferQueue: [ViewRootImpl@a87d2ff[audioanalyser]#1219](f:0,a:0) onFrameAvailable the first frame is available
05-12 20:46:29.059  1902  1972 I ViewRootImpl@a87d2ff[audioanalyser]: Received frameCommittedCallback lastAttemptedDrawFrameNum=1 didProduceBuffer=true
05-12 20:46:29.059  1902  1972 D OpenGLRenderer: CFMS:: SetUp Pid : 1902    Tid : 1972
05-12 20:46:29.062  1902  1969 I ViewRootImpl@a87d2ff[audioanalyser]: onSyncComplete
05-12 20:46:29.063  1902  1969 I ViewRootImpl@a87d2ff[audioanalyser]: setupSync seqId=0 mSyncId=0 fn=1 caller=android.view.ViewRootImpl$$ExternalSyntheticLambda11.accept:6 android.window.SurfaceSyncer.lambda$setupSync$1$android-window-SurfaceSyncer:128 android.window.SurfaceSyncer$$ExternalSyntheticLambda1.accept:8 android.window.SurfaceSyncer$SyncSet.checkIfSyncIsComplete:382 android.window.SurfaceSyncer$SyncSet.markSyncReady:359 android.window.SurfaceSyncer.markSyncReady:151 android.view.ViewRootImpl.performTraversals:4503 
05-12 20:46:29.063  1902  1969 I ViewRootImpl@a87d2ff[audioanalyser]: reportDrawFinished seqId=0 mSyncId=-1 fn=1 mSurfaceChangedTransaction=0xb400007bffedae00
05-12 20:46:29.063   899   899 D SurfaceFlinger: Display 0 HWC layers:
05-12 20:46:29.063   899   899 D SurfaceFlinger:      DEVICE | 0xb400007dab056e80 | 0100 | RGBx_8888    |  330.0    0.0  870.0 1200.0 |    0    0  720 1600 | Wallpaper BBQ wrapper#89
05-12 20:46:29.063   899   899 D SurfaceFlinger:      DEVICE | 0xb400007dd5e9e300 | 0100 | RGBA_8888    |    0.0    0.0  720.0 1600.0 |    0    0  720 1600 | com.sec.android.app.launcher/com.sec[...]ivities.LauncherActivity$_2335#27254
05-12 20:46:29.063   899   899 D SurfaceFlinger:      DEVICE | 0xb400007dab054a80 | 0100 | RGBA_8888    |    0.0    0.0  720.0   45.0 |    0    0  720   45 | StatusBar$_1902#97
05-12 20:46:29.063   899   899 D SurfaceFlinger:      DEVICE | 0xb400007dab054c00 | 0100 | RGBA_8888    |    0.0    0.0  720.0   90.0 |    0 1510  720 1600 | NavigationBar0$_1902#91
05-12 20:46:29.063   899   899 D SurfaceFlinger:      DEVICE | 0xb400007dab056280 | 0108 | RGBA_8888    |    0.0    0.0  720.0 1600.0 |    0    0  720 1600 | $_1902#93
05-12 20:46:29.063   899   899 D SurfaceFlinger: 
05-12 20:46:29.063  1216  4029 D WindowManager: finishDrawingWindow: Window{c1d668a u0 Splash Screen com.example.audioanalyser} mDrawState=DRAW_PENDING seqId=0
05-12 20:46:29.064  1216  4029 V WindowManager: Finishing drawing window Window{c1d668a u0 Splash Screen com.example.audioanalyser}: mDrawState=DRAW_PENDING
05-12 20:46:29.064  1216  4029 V WindowManager: Draw state now committed in Window{c1d668a u0 Splash Screen com.example.audioanalyser}
05-12 20:46:29.065  1216  1251 W WindowManager: Execute app transition: mNextAppTransitionRequests=[TRANSIT_OPEN, TRANSIT_OPEN], mNextAppTransitionFlags=, displayId: 0 Callers=com.android.server.wm.ActivityRecord.onStartingWindowDrawn:7496 com.android.server.wm.WindowState.performShowLocked:5504 com.android.server.wm.WindowStateAnimator.commitFinishDrawingLocked:351 com.android.server.wm.DisplayContent.lambda$new$8:1189 com.android.server.wm.DisplayContent.$r8$lambda$OtLCIQFjCt9o-SYztyeDUcWUwGs:0 
05-12 20:46:29.065  1216  1251 D WindowManager: performShow logReadyForDisplay win=Window{c1d668a u0 Splash Screen com.example.audioanalyser} mToken.waitingToShow:true isTransitionSet:true
05-12 20:46:29.067  1216  1251 D WindowManager: Loading animation for app transition. transit=TRANSIT_OLD_WALLPAPER_CLOSE enter=false frame=Rect(0, 0 - 720, 1467) insets=Rect(0, 0 - 0, 0) surfaceInsets=Rect(0, 0 - 0, 0)
05-12 20:46:29.067  2335  2335 I BadgeRenderer: Invalid count : 0
05-12 20:46:29.068  1216  1251 I WindowManager: Reparenting to leash, surface=Surface(name=Task=1)/@0x8a3c190, leashParent=Surface(name=DefaultTaskDisplayArea)/@0x8137a89
05-12 20:46:29.069   899  1077 I SurfaceFlinger: id=27260 createSurf flag=24000, Surface(name=Task=1)/@0x8a3c190 - animation-leash of app_transition#27260
05-12 20:46:29.069  1216  1251 D WindowManager: makeSurface duration=1 leash=Surface(name=Surface(name=Task=1)/@0x8a3c190 - animation-leash of app_transition)/@0x45c3ce2
05-12 20:46:29.070  1216  1251 D WindowManager: Loading animation for app transition. transit=TRANSIT_OLD_WALLPAPER_CLOSE enter=true frame=Rect(0, 0 - 720, 1600) insets=Rect(0, 45 - 0, 90) surfaceInsets=Rect(0, 0 - 0, 0)
05-12 20:46:29.071  1216  1251 I WindowManager: Reparenting to leash, surface=Surface(name=Task=380)/@0xc05452e, leashParent=Surface(name=DefaultTaskDisplayArea)/@0x8137a89
05-12 20:46:29.071   899  1077 I SurfaceFlinger: id=27261 createSurf flag=24004, Surface(name=Task=380)/@0xc05452e - animation-leash of app_transition#27261
05-12 20:46:29.072  1216  1251 D WindowManager: makeSurface duration=2 leash=Surface(name=Surface(name=Task=380)/@0xc05452e - animation-leash of app_transition)/@0x8e6a8cf
05-12 20:46:29.073  1216  1251 V WindowManager: performShowLocked: mDrawState=HAS_DRAWN in Window{c1d668a u0 Splash Screen com.example.audioanalyser}
05-12 20:46:29.076   899  1077 I SurfaceFlinger: id=27262 createSurf flag=80000, 598a332 ActivityRecordInputSink com.example.audioanalyser/.MainActivity#27262
05-12 20:46:29.078  9814  9814 I e.audioanalyser: Late-enabling -Xcheck:jni
05-12 20:46:29.079   899   899 D SurfaceFlinger: Display 0 HWC layers:
05-12 20:46:29.079   899   899 D SurfaceFlinger:      DEVICE | 0xb400007dab056e80 | 0100 | RGBx_8888    |  330.0    0.0  870.0 1200.0 |    0    0  720 1600 | Wallpaper BBQ wrapper#89
05-12 20:46:29.079   899   899 D SurfaceFlinger:      DEVICE | 0xb400007dd5e9e300 | 0100 | RGBA_8888    |    0.0    0.0  720.0 1600.0 |    0    0  720 1600 | com.sec.android.app.launcher/com.sec[...]ivities.LauncherActivity$_2335#27254
05-12 20:46:29.079   899   899 D SurfaceFlinger:      DEVICE | 0xb400007dab054a80 | 0100 | RGBA_8888    |    0.0    0.0  720.0   45.0 |    0    0  720   45 | StatusBar$_1902#97
05-12 20:46:29.079   899   899 D SurfaceFlinger:      DEVICE | 0xb400007dab054c00 | 0100 | RGBA_8888    |    0.0    0.0  720.0   90.0 |    0 1510  720 1600 | NavigationBar0$_1902#91
05-12 20:46:29.079   899   899 D SurfaceFlinger:      DEVICE | 0xb400007dab056280 | 0108 | RGBA_8888    |    0.0    0.0  720.0 1600.0 |    0    0  720 1600 | $_1902#93
05-12 20:46:29.079   899   899 D SurfaceFlinger: 
05-12 20:46:29.079  1902  1939 D Bubbles : onLocusVisibilityChanged: LocusId[17_chars] visible=false
05-12 20:46:29.091   899   899 I Layer   : Layer [Splash Screen com.example.audioanalyser$_1902#27259] hidden!! flag(0)
05-12 20:46:29.099   899   899 D SurfaceFlinger: Display 0 HWC layers:
05-12 20:46:29.099   899   899 D SurfaceFlinger:      DEVICE | 0xb400007dab056e80 | 0100 | RGBx_8888    |  330.0    0.0  870.0 1200.0 |    0    0  720 1600 | Wallpaper BBQ wrapper#89
05-12 20:46:29.099   899   899 D SurfaceFlinger:      DEVICE | 0xb400007daafaa080 | 0100 | RGBA_8888    |    0.0    0.0  720.0 1600.0 |    0    0  720 1600 | com.sec.android.app.launcher/com.sec[...]ivities.LauncherActivity$_2335#27254
05-12 20:46:29.099   899   899 D SurfaceFlinger:      DEVICE | 0xb400007dab054a80 | 0100 | RGBA_8888    |    0.0    0.0  720.0   45.0 |    0    0  720   45 | StatusBar$_1902#97
05-12 20:46:29.099   899   899 D SurfaceFlinger:      DEVICE | 0xb400007dab054c00 | 0100 | RGBA_8888    |    0.0    0.0  720.0   90.0 |    0 1510  720 1600 | NavigationBar0$_1902#91
05-12 20:46:29.099   899   899 D SurfaceFlinger:      DEVICE | 0xb400007dab056280 | 0108 | RGBA_8888    |    0.0    0.0  720.0 1600.0 |    0    0  720 1600 | $_1902#93
05-12 20:46:29.099   899   899 D SurfaceFlinger: 
05-12 20:46:29.119   899   899 D SurfaceFlinger: Display 0 HWC layers:
05-12 20:46:29.119   899   899 D SurfaceFlinger:      DEVICE | 0xb400007dab056e80 | 0100 | RGBx_8888    |  330.0    0.0  870.0 1200.0 |    0    0  720 1600 | Wallpaper BBQ wrapper#89
05-12 20:46:29.119   899   899 D SurfaceFlinger:      DEVICE | 0xb400007daafaa080 | 0100 | RGBA_8888    |    0.0    0.0  720.0 1600.0 |    0    0  720 1600 | com.sec.android.app.launcher/com.sec[...]ivities.LauncherActivity$_2335#27254
05-12 20:46:29.119   899   899 D SurfaceFlinger:      CLIENT | 0xb400007dd5e9e780 | 0100 | RGBA_8888    |    0.0    0.0  720.0 1600.0 |   50  112  670 1488 | Splash Screen com.example.audioanalyser$_1902#27259
05-12 20:46:29.119   899   899 D SurfaceFlinger:      CLIENT | 0xb400007dab054a80 | 0100 | RGBA_8888    |    0.0    0.0  720.0   45.0 |    0    0  720   45 | StatusBar$_1902#97
05-12 20:46:29.119   899   899 D SurfaceFlinger:      CLIENT | 0xb400007dab054c00 | 0100 | RGBA_8888    |    0.0    0.0  720.0   90.0 |    0 1510  720 1600 | NavigationBar0$_1902#91
05-12 20:46:29.119   899   899 D SurfaceFlinger:      DEVICE | 0xb400007dab056280 | 0108 | RGBA_8888    |    0.0    0.0  720.0 1600.0 |    0    0  720 1600 | $_1902#93
05-12 20:46:29.119   899   899 D SurfaceFlinger: 
05-12 20:46:29.127  9814  9814 I e.audioanalyser: Using CollectorTypeCC GC.
05-12 20:46:29.129  2335 21282 I RecentModel: onTaskStackChangedBackground
05-12 20:46:29.136   899   899 D SurfaceFlinger: Display 0 HWC layers:
05-12 20:46:29.136   899   899 D SurfaceFlinger:      DEVICE | 0xb400007dab056e80 | 0100 | RGBx_8888    |  330.0    0.0  870.0 1200.0 |    0    0  720 1600 | Wallpaper BBQ wrapper#89
05-12 20:46:29.136   899   899 D SurfaceFlinger:      DEVICE | 0xb400007daafaa080 | 0100 | RGBA_8888    |    0.0    0.0  720.0 1600.0 |    0    0  720 1600 | com.sec.android.app.launcher/com.sec[...]ivities.LauncherActivity$_2335#27254
05-12 20:46:29.136   899   899 D SurfaceFlinger:      CLIENT | 0xb400007dd5e9e780 | 0100 | RGBA_8888    |    0.0    0.0  720.0 1600.0 |   45  100  675 1500 | Splash Screen com.example.audioanalyser$_1902#27259
05-12 20:46:29.136   899   899 D SurfaceFlinger:      CLIENT | 0xb400007dab054a80 | 0100 | RGBA_8888    |    0.0    0.0  720.0   45.0 |    0    0  720   45 | StatusBar$_1902#97
05-12 20:46:29.136   899   899 D SurfaceFlinger:      CLIENT | 0xb400007dab054c00 | 0100 | RGBA_8888    |    0.0    0.0  720.0   90.0 |    0 1510  720 1600 | NavigationBar0$_1902#91
05-12 20:46:29.136   899   899 D SurfaceFlinger:      DEVICE | 0xb400007dab056280 | 0108 | RGBA_8888    |    0.0    0.0  720.0 1600.0 |    0    0  720 1600 | $_1902#93
05-12 20:46:29.136   899   899 D SurfaceFlinger: 
05-12 20:46:29.136 13811 13840 I adbd    : jdwp connection from 9814
05-12 20:46:29.137  2335  2646 I RecentTasksList: loadTasksInBackground : groupTask = GroupTask{task1=[id=362 windowingMode=1 user=0 lastActiveTime=374378079] null, task2=null, task3=null, mStagedSplitBounds=null}
05-12 20:46:29.137  2335  2646 I RecentTasksList: loadTasksInBackground : groupTask = GroupTask{task1=[id=365 windowingMode=1 user=0 lastActiveTime=374469331] null, task2=null, task3=null, mStagedSplitBounds=null}
05-12 20:46:29.137  2335  2646 I RecentTasksList: loadTasksInBackground : groupTask = GroupTask{task1=[id=380 windowingMode=1 user=0 lastActiveTime=374686592] null, task2=null, task3=null, mStagedSplitBounds=null}
05-12 20:46:29.149  9814  9814 D nativeloader: Load libframework-connectivity-tiramisu-jni.so using APEX ns com_android_tethering for caller /apex/com.android.tethering/javalib/framework-connectivity-t.jar: ok
05-12 20:46:29.154   899   899 D SurfaceFlinger: Display 0 HWC layers:
05-12 20:46:29.154   899   899 D SurfaceFlinger:      DEVICE | 0xb400007dab056e80 | 0100 | RGBx_8888    |  330.0    0.0  870.0 1200.0 |    0    0  720 1600 | Wallpaper BBQ wrapper#89
05-12 20:46:29.154   899   899 D SurfaceFlinger:      DEVICE | 0xb400007daafaa080 | 0100 | RGBA_8888    |    0.0    0.0  720.0 1600.0 |    0    0  720 1600 | com.sec.android.app.launcher/com.sec[...]ivities.LauncherActivity$_2335#27254
05-12 20:46:29.154   899   899 D SurfaceFlinger:      CLIENT | 0xb400007dd5e9e780 | 0100 | RGBA_8888    |    0.0    0.0  720.0 1600.0 |   38   85  682 1515 | Splash Screen com.example.audioanalyser$_1902#27259
05-12 20:46:29.154   899   899 D SurfaceFlinger:      CLIENT | 0xb400007dab054a80 | 0100 | RGBA_8888    |    0.0    0.0  720.0   45.0 |    0    0  720   45 | StatusBar$_1902#97
05-12 20:46:29.154   899   899 D SurfaceFlinger:      CLIENT | 0xb400007dab054c00 | 0100 | RGBA_8888    |    0.0    0.0  720.0   90.0 |    0 1510  720 1600 | NavigationBar0$_1902#91
05-12 20:46:29.154   899   899 D SurfaceFlinger:      DEVICE | 0xb400007dab056280 | 0108 | RGBA_8888    |    0.0    0.0  720.0 1600.0 |    0    0  720 1600 | $_1902#93
05-12 20:46:29.154   899   899 D SurfaceFlinger: 
05-12 20:46:29.156  9814  9814 D ActivityThread: setConscryptValidator
05-12 20:46:29.156  9814  9814 D ActivityThread: setConscryptValidator - put
05-12 20:46:29.166  1216  3669 I ActivityManager: DSS OFF for com.example.audioanalyser
05-12 20:46:29.169   899   899 D SurfaceFlinger: Display 0 HWC layers:
05-12 20:46:29.169   899   899 D SurfaceFlinger:      DEVICE | 0xb400007dab056e80 | 0100 | RGBx_8888    |  330.0    0.0  870.0 1200.0 |    0    0  720 1600 | Wallpaper BBQ wrapper#89
05-12 20:46:29.169   899   899 D SurfaceFlinger:      DEVICE | 0xb400007daafaa080 | 0100 | RGBA_8888    |    0.0    0.0  720.0 1600.0 |    0    0  720 1600 | com.sec.android.app.launcher/com.sec[...]ivities.LauncherActivity$_2335#27254
05-12 20:46:29.169   899   899 D SurfaceFlinger:      CLIENT | 0xb400007dd5e9e780 | 0100 | RGBA_8888    |    0.0    0.0  720.0 1600.0 |   32   71  688 1529 | Splash Screen com.example.audioanalyser$_1902#27259
05-12 20:46:29.169   899   899 D SurfaceFlinger:      CLIENT | 0xb400007dab054a80 | 0100 | RGBA_8888    |    0.0    0.0  720.0   45.0 |    0    0  720   45 | StatusBar$_1902#97
05-12 20:46:29.169   899   899 D SurfaceFlinger:      CLIENT | 0xb400007dab054c00 | 0100 | RGBA_8888    |    0.0    0.0  720.0   90.0 |    0 1510  720 1600 | NavigationBar0$_1902#91
05-12 20:46:29.169   899   899 D SurfaceFlinger:      DEVICE | 0xb400007dab056280 | 0108 | RGBA_8888    |    0.0    0.0  720.0 1600.0 |    0    0  720 1600 | $_1902#93
05-12 20:46:29.169   899   899 D SurfaceFlinger: 
05-12 20:46:29.173  1216  3669 V WindowManager: rotationForOrientation(orient=SCREEN_ORIENTATION_UNSPECIFIED (-1), last=ROTATION_0 (0)); user=ROTATION_0 (0) 
05-12 20:46:29.173  1216  3669 D WindowManager: rotationForOrientation, orientationSource=ActivityRecord{e62e883 u0 com.example.audioanalyser/.MainActivity} t380}
05-12 20:46:29.173  1216  3669 V WindowManager: Computed rotation=ROTATION_0 (0) for display id=0 based on lastOrientation=SCREEN_ORIENTATION_UNSPECIFIED (-1) and oldRotation=ROTATION_0 (0), caller=com.android.server.wm.DisplayRotation.updateOrientation:414 com.android.server.wm.DisplayContent.updateOrientation:1990 com.android.server.wm.DisplayContent.updateOrientation:1891 com.android.server.wm.RootWindowContainer.ensureVisibilityAndConfig:2139 com.android.server.wm.ActivityTaskSupervisor.realStartActivityLocked:913 com.android.server.wm.RootWindowContainer$AttachApplicationHelper.test:4288 
05-12 20:46:29.174 23397 23397 I wpa_supplicant: Heartbeat 12885
05-12 20:46:29.175  1216  3669 D TspStateManager: updateCustomValue customSetting=
05-12 20:46:29.176  1216  3669 D TspStateManager: updateCustomValue customSetting=
05-12 20:46:29.177  1216  3669 D SGM:PkgDataHelper: notifyAppCreate(), pkgName: com.example.audioanalyser, userId: 0, sendRet: true
05-12 20:46:29.177  1216  1421 D SGM:FgCheckThread: onLooperPrepared(), msg: MSG_APP_CREATE, pkgName: com.example.audioanalyser, userId: 0
05-12 20:46:29.178  1216  3669 D MARsPolicyManager: onPackageResumedFG pkgName = com.example.audioanalyser, userId = 0
05-12 20:46:29.178  1216  3669 D ActivityTaskManager: scheduleTopResumedActivityChanged, onTop=true r=ActivityRecord{e62e883 u0 com.example.audioanalyser/.MainActivity} t380} caller=com.android.server.wm.ActivityTaskSupervisor.scheduleTopResumedActivityStateIfNeeded:2535 com.android.server.wm.ActivityTaskSupervisor.updateTopResumedActivityIfNeeded:2527 com.android.server.wm.TaskFragment.setResumedActivity:493 com.android.server.wm.TaskFragment.onActivityStateChanged:805 com.android.server.wm.ActivityRecord.setState:6406 com.android.server.wm.Task.minimalResumeActivityLocked:6155 
05-12 20:46:29.179  1216  3669 D InputDispatcher: Focused application(0): ActivityRecord{e62e883 u0 com.example.audioanalyser/.MainActivity} t380}
05-12 20:46:29.179  1216  3669 D SGM:FgCheckThread: TaskStackListener.onTaskFocusChanged(), taskId=7, focused=false
05-12 20:46:29.179  1216  3669 D SGM:FgCheckThread: TaskStackListener.onTaskFocusChanged(), taskId=380, focused=true
05-12 20:46:29.181  1216  3669 D SGM:FgCheckThread:   sendRunningComponentFocus(), pkgName: com.example.audioanalyser, userId: 0
05-12 20:46:29.181  1216  1421 D SGM:FgCheckThread: onLooperPrepared(), msg: MSG_TASK_FOCUSED, pkgName: com.example.audioanalyser, userId: 0
05-12 20:46:29.181  1216  1421 D SGM:FgCheckThread: handleTaskFocused().
05-12 20:46:29.181  1216  1421 D SGM:FgCheckThread:   handleTaskFocused(), pkgName: com.example.audioanalyser, userID:0
05-12 20:46:29.181  1216  1421 D SGM:FgCheckThread: handleResume().
05-12 20:46:29.181  1216  1421 D SGM:FgCheckThread: sendFocusOutConditionally() - mPrevNotiPkg: KILL_YOURSELF, userId: 0
05-12 20:46:29.182  1216  1421 D SGM:FgCheckThread:   handleResume(). pkgName: com.example.audioanalyser, userId: 0, isTunableApp: null
05-12 20:46:29.182  1216  1421 D SGM:FgCheckThread: notifyFocusInOut(). of pkg: com.example.audioanalyser, type: 4, isTunableApp: false, userId: 0
05-12 20:46:29.182  1216  1421 D SGM:FgCheckThread:   notifyFocusInOut(). do nothing. mKillNotiCount: 1
05-12 20:46:29.182  1216  1421 D SGM:SystemHelper: callReleaseBlock needReleaseBlock:false
05-12 20:46:29.185  1216  1747 D AS.MultiSoundManager: mForegroundUid = 10551
05-12 20:46:29.186  1216  1250 I GameSDK@LifeCycle: noteResumeComponent(): package name  : com.example.audioanalyser
05-12 20:46:29.187  1216  1706 V NetworkPolicy: getFirewallRuleWifi UID:10551 policy:0
05-12 20:46:29.188  1216  1250 D SGM:GameManager: identifyGamePackage. com.example.audioanalyser, mCurrentUserId: 0, callerUserId: 0, callingMethodInfo: com.android.server.ssrm.SortingMachine.isGame(SortingMachine.java:162)
05-12 20:46:29.188  1216  1250 D SGM:PkgDataHelper: getGamePkgData(). com.example.audioanalyser
05-12 20:46:29.188   899   899 D SurfaceFlinger: Display 0 HWC layers:
05-12 20:46:29.188   899   899 D SurfaceFlinger:      DEVICE | 0xb400007dab056e80 | 0100 | RGBx_8888    |  330.0    0.0  870.0 1200.0 |    0    0  720 1600 | Wallpaper BBQ wrapper#89
05-12 20:46:29.188   899   899 D SurfaceFlinger:      DEVICE | 0xb400007daafaa080 | 0100 | RGBA_8888    |    0.0    0.0  720.0 1600.0 |    0    0  720 1600 | com.sec.android.app.launcher/com.sec[...]ivities.LauncherActivity$_2335#27254
05-12 20:46:29.188   899   899 D SurfaceFlinger:      CLIENT | 0xb400007dd5e9e780 | 0100 | RGBA_8888    |    0.0    0.0  720.0 1600.0 |   27   59  693 1541 | Splash Screen com.example.audioanalyser$_1902#27259
05-12 20:46:29.188   899   899 D SurfaceFlinger:      CLIENT | 0xb400007dab054a80 | 0100 | RGBA_8888    |    0.0    0.0  720.0   45.0 |    0    0  720   45 | StatusBar$_1902#97
05-12 20:46:29.188   899   899 D SurfaceFlinger:      CLIENT | 0xb400007dab054c00 | 0100 | RGBA_8888    |    0.0    0.0  720.0   90.0 |    0 1510  720 1600 | NavigationBar0$_1902#91
05-12 20:46:29.188   899   899 D SurfaceFlinger:      DEVICE | 0xb400007dab056280 | 0108 | RGBA_8888    |    0.0    0.0  720.0 1600.0 |    0    0  720 1600 | $_1902#93
05-12 20:46:29.188   899   899 D SurfaceFlinger: 
05-12 20:46:29.188  1216  2730 I MediaSessionMonitor: Media session stopped : not playing state
05-12 20:46:29.190  1216  1250 D SGM:GameManager: identifyGamePackage. com.example.audioanalyser, mCurrentUserId: 0, callerUserId: 0, callingMethodInfo: com.samsung.android.game.SemGameManager.isGamePackage(SemGameManager.java:104)
05-12 20:46:29.190  1216  1250 D SGM:PkgDataHelper: getGamePkgData(). com.example.audioanalyser
05-12 20:46:29.190  1216  1250 D SGM:SemGameManager: isGamePackage(), pkgName=com.example.audioanalyser, ret=false
05-12 20:46:29.191  1216  1216 I CocktailBarManagerServiceContainer: handleMessage: entry what = 5
05-12 20:46:29.191  1216  1216 I CocktailBarManagerServiceImpl: noteResumeComponent : no active host
