05-12 20:46:31.669  9814  9814 E ComposeInternal: 	at androidx.compose.ui.node.MeasurePassDelegate$performMeasureBlock$1.invoke(MeasurePassDelegate.kt:172)
05-12 20:46:31.669  9814  9814 E ComposeInternal: 	at androidx.compose.runtime.snapshots.SnapshotStateObserver.observeReads(SnapshotStateObserver.kt:728)
05-12 20:46:31.669  9814  9814 E ComposeInternal: 	at androidx.compose.ui.node.MeasurePassDelegate.remeasure-BRTryo0(MeasurePassDelegate.kt:1064)
05-12 20:46:31.669  9814  9814 E ComposeInternal: 	at androidx.compose.ui.node.LayoutNode.remeasure-_Sx5XlM$ui(LayoutNode.kt:1281)
05-12 20:46:31.669  9814  9814 E ComposeInternal: 	at androidx.compose.ui.node.MeasureAndLayoutDelegate.doRemeasure-sdFAvZA(MeasureAndLayoutDelegate.kt:378)
05-12 20:46:31.669  9814  9814 E ComposeInternal: 	at androidx.compose.ui.node.MeasureAndLayoutDelegate.remeasureOnly(MeasureAndLayoutDelegate.kt:652)
05-12 20:46:31.669  9814  9814 E ComposeInternal: 	at androidx.compose.ui.node.MeasureAndLayoutDelegate.measureOnly(MeasureAndLayoutDelegate.kt:446)
05-12 20:46:31.669  9814  9814 E ComposeInternal: 	at androidx.compose.ui.platform.AndroidComposeView.onMeasure(AndroidComposeView.android.kt:1847)
05-12 20:46:31.669  9814  9814 E ComposeInternal: 	at android.view.View.measure(View.java:27731)
05-12 20:46:31.669  9814  9814 E ComposeInternal: 	at androidx.compose.ui.platform.AbstractComposeView.internalOnMeasure$ui(ComposeView.android.kt:314)
05-12 20:46:31.669  9814  9814 E ComposeInternal: 	at androidx.compose.ui.platform.AbstractComposeView.onMeasure(ComposeView.android.kt:301)
05-12 20:46:31.669  9814  9814 E ComposeInternal: 	at android.view.View.measure(View.java:27731)
05-12 20:46:31.669  9814  9814 E ComposeInternal: 	at android.view.ViewGroup.measureChildWithMargins(ViewGroup.java:7352)
05-12 20:46:31.669  9814  9814 E ComposeInternal: 	at android.widget.FrameLayout.onMeasure(FrameLayout.java:194)
05-12 20:46:31.669  9814  9814 E ComposeInternal: 	at android.view.View.measure(View.java:27731)
05-12 20:46:31.669  9814  9814 E ComposeInternal: 	at android.view.ViewGroup.measureChildWithMargins(ViewGroup.java:7352)
05-12 20:46:31.669  9814  9814 E ComposeInternal: 	at android.widget.LinearLayout.measureChildBeforeLayout(LinearLayout.java:1552)
05-12 20:46:31.669  9814  9814 E ComposeInternal: 	at android.widget.LinearLayout.measureVertical(LinearLayout.java:842)
05-12 20:46:31.669  9814  9814 E ComposeInternal: 	at android.widget.LinearLayout.onMeasure(LinearLayout.java:721)
05-12 20:46:31.669  9814  9814 E ComposeInternal: 	at android.view.View.measure(View.java:27731)
05-12 20:46:31.669  9814  9814 E ComposeInternal: 	at android.view.ViewGroup.measureChildWithMargins(ViewGroup.java:7352)
05-12 20:46:31.669  9814  9814 E ComposeInternal: 	at android.widget.FrameLayout.onMeasure(FrameLayout.java:194)
05-12 20:46:31.669  9814  9814 E ComposeInternal: 	at com.android.internal.policy.DecorView.onMeasure(DecorView.java:1379)
05-12 20:46:31.669  9814  9814 E ComposeInternal: 	at android.view.View.measure(View.java:27731)
05-12 20:46:31.669  9814  9814 E ComposeInternal: 	at android.view.ViewRootImpl.performMeasure(ViewRootImpl.java:4841)
05-12 20:46:31.669  9814  9814 E ComposeInternal: 	at android.view.ViewRootImpl.measureHierarchy(ViewRootImpl.java:3426)
05-12 20:46:31.669  9814  9814 E ComposeInternal: 	at android.view.ViewRootImpl.performTraversals(ViewRootImpl.java:3732)
05-12 20:46:31.671  9814  9814 E ComposeInternal: 	at android.view.ViewRootImpl.doTraversal(ViewRootImpl.java:3116)
05-12 20:46:31.671  9814  9814 E ComposeInternal: 	at android.view.ViewRootImpl$TraversalRunnable.run(ViewRootImpl.java:10885)
05-12 20:46:31.671  9814  9814 E ComposeInternal: 	at android.view.Choreographer$CallbackRecord.run(Choreographer.java:1301)
05-12 20:46:31.671  9814  9814 E ComposeInternal: 	at android.view.Choreographer$CallbackRecord.run(Choreographer.java:1309)
05-12 20:46:31.671  9814  9814 E ComposeInternal: 	at android.view.Choreographer.doCallbacks(Choreographer.java:923)
05-12 20:46:31.671  9814  9814 E ComposeInternal: 	at android.view.Choreographer.doFrame(Choreographer.java:852)
05-12 20:46:31.671  9814  9814 E ComposeInternal: 	at android.view.Choreographer$FrameDisplayEventReceiver.run(Choreographer.java:1283)
05-12 20:46:31.671  9814  9814 E ComposeInternal: 	at android.os.Handler.handleCallback(Handler.java:942)
05-12 20:46:31.671  9814  9814 E ComposeInternal: 	at android.os.Handler.dispatchMessage(Handler.java:99)
05-12 20:46:31.671  9814  9814 E ComposeInternal: 	at android.os.Looper.loopOnce(Looper.java:226)
05-12 20:46:31.671  9814  9814 E ComposeInternal: 	at android.os.Looper.loop(Looper.java:313)
05-12 20:46:31.671  9814  9814 E ComposeInternal: 	at android.app.ActivityThread.main(ActivityThread.java:8762)
05-12 20:46:31.671  9814  9814 E ComposeInternal: 	at java.lang.reflect.Method.invoke(Native Method)
05-12 20:46:31.671  9814  9814 E ComposeInternal: 	at com.android.internal.os.RuntimeInit$MethodAndArgsCaller.run(RuntimeInit.java:604)
05-12 20:46:31.671  9814  9814 E ComposeInternal: 	at com.android.internal.os.ZygoteInit.main(ZygoteInit.java:1067)
05-12 20:46:31.672  9814  9814 D AndroidRuntime: Shutting down VM
--------- beginning of crash
05-12 20:46:31.678  9814  9814 E AndroidRuntime: FATAL EXCEPTION: main
05-12 20:46:31.678  9814  9814 E AndroidRuntime: Process: com.example.audioanalyser, PID: 9814
05-12 20:46:31.678  9814  9814 E AndroidRuntime: java.lang.IllegalArgumentException: Only VectorDrawables and rasterized asset types are supported ex. PNG, JPG, WEBP
05-12 20:46:31.678  9814  9814 E AndroidRuntime: 	at androidx.compose.ui.res.PainterResources_androidKt.loadVectorResource(PainterResources.android.kt:95)
05-12 20:46:31.678  9814  9814 E AndroidRuntime: 	at androidx.compose.ui.res.PainterResources_androidKt.painterResource(PainterResources.android.kt:67)
05-12 20:46:31.678  9814  9814 E AndroidRuntime: 	at com.example.audioanalyser.ComposableSingletons$MainActivityKt.lambda__443045720$lambda$5(MainActivity.kt:603)
05-12 20:46:31.678  9814  9814 E AndroidRuntime: 	at com.example.audioanalyser.ComposableSingletons$MainActivityKt$$ExternalSyntheticLambda43.invoke(D8$$SyntheticClass:0)
05-12 20:46:31.678  9814  9814 E AndroidRuntime: 	at androidx.compose.runtime.internal.ComposableLambdaImpl.invoke(ComposableLambda.kt:122)
05-12 20:46:31.678  9814  9814 E AndroidRuntime: 	at androidx.compose.runtime.internal.ComposableLambdaImpl.invoke(ComposableLambda.kt:52)
05-12 20:46:31.678  9814  9814 E AndroidRuntime: 	at androidx.compose.runtime.CompositionLocalKt.CompositionLocalProvider(CompositionLocal.kt:378)
05-12 20:46:31.678  9814  9814 E AndroidRuntime: 	at androidx.compose.material3.internal.ProvideContentColorTextStyleKt.ProvideContentColorTextStyle-3J-VO9M(ProvideContentColorTextStyle.kt:41)
05-12 20:46:31.678  9814  9814 E AndroidRuntime: 	at androidx.compose.material3.AppBarKt.TopAppBarLayout-lyUyIHI(AppBar.kt:3038)
05-12 20:46:31.678  9814  9814 E AndroidRuntime: 	at androidx.compose.material3.AppBarKt.access$TopAppBarLayout-lyUyIHI(AppBar.kt:1)
05-12 20:46:31.678  9814  9814 E AndroidRuntime: 	at androidx.compose.material3.DefaultSingleRowTopAppBarOverride.SingleRowTopAppBar(AppBar.kt:2584)
05-12 20:46:31.678  9814  9814 E AndroidRuntime: 	at androidx.compose.material3.AppBarKt.SingleRowTopAppBar-wn8IZOc(AppBar.kt:2501)
05-12 20:46:31.678  9814  9814 E AndroidRuntime: 	at androidx.compose.material3.AppBarKt.CenterAlignedTopAppBar-GHTll3U(AppBar.kt:350)
05-12 20:46:31.678  9814  9814 E AndroidRuntime: 	at com.example.audioanalyser.MainActivityKt.AudioAnalyserContent$lambda$160(MainActivity.kt:599)
05-12 20:46:31.678  9814  9814 E AndroidRuntime: 	at com.example.audioanalyser.MainActivityKt$$ExternalSyntheticLambda24.invoke(D8$$SyntheticClass:0)
05-12 20:46:31.678  9814  9814 E AndroidRuntime: 	at androidx.compose.runtime.internal.ComposableLambdaImpl.invoke(ComposableLambda.kt:122)
05-12 20:46:31.678  9814  9814 E AndroidRuntime: 	at androidx.compose.runtime.internal.ComposableLambdaImpl.invoke(ComposableLambda.kt:52)
05-12 20:46:31.678  9814  9814 E AndroidRuntime: 	at androidx.compose.material3.ScaffoldKt$ScaffoldLayout$topBarContent$1$1.invoke(Scaffold.kt:159)
05-12 20:46:31.678  9814  9814 E AndroidRuntime: 	at androidx.compose.material3.ScaffoldKt$ScaffoldLayout$topBarContent$1$1.invoke(Scaffold.kt:159)
05-12 20:46:31.678  9814  9814 E AndroidRuntime: 	at androidx.compose.runtime.internal.ComposableLambdaImpl.invoke(ComposableLambda.kt:122)
05-12 20:46:31.678  9814  9814 E AndroidRuntime: 	at androidx.compose.runtime.internal.ComposableLambdaImpl.invoke(ComposableLambda.kt:52)
05-12 20:46:31.678  9814  9814 E AndroidRuntime: 	at androidx.compose.runtime.internal.Expect_jvmKt.invokeComposable(Expect.jvm.kt:24)
05-12 20:46:31.678  9814  9814 E AndroidRuntime: 	at androidx.compose.runtime.ComposerImpl.doCompose-aFTiNEg(ComposerImpl.kt:2647)
05-12 20:46:31.678  9814  9814 E AndroidRuntime: 	at androidx.compose.runtime.ComposerImpl.composeContent--ZbOJvo$runtime(ComposerImpl.kt:2551)
05-12 20:46:31.678  9814  9814 E AndroidRuntime: 	at androidx.compose.runtime.CompositionImpl.composeContent(Composition.kt:835)
05-12 20:46:31.678  9814  9814 E AndroidRuntime: 	at androidx.compose.runtime.Recomposer.composeInitial$runtime(Recomposer.kt:1266)
05-12 20:46:31.678  9814  9814 E AndroidRuntime: 	at androidx.compose.runtime.ComposerImpl$CompositionContextImpl.composeInitial$runtime(ComposerImpl.kt:2993)
05-12 20:46:31.678  9814  9814 E AndroidRuntime: 	at androidx.compose.runtime.CompositionImpl.composeInitial(Composition.kt:672)
05-12 20:46:31.678  9814  9814 E AndroidRuntime: 	at androidx.compose.runtime.CompositionImpl.setContent(Composition.kt:639)
05-12 20:46:31.678  9814  9814 E AndroidRuntime: 	at androidx.compose.ui.layout.LayoutNodeSubcompositionsState.subcompose(SubcomposeLayout.kt:721)
05-12 20:46:31.678  9814  9814 E AndroidRuntime: 	at androidx.compose.ui.layout.LayoutNodeSubcompositionsState.subcompose(SubcomposeLayout.kt:658)
05-12 20:46:31.678  9814  9814 E AndroidRuntime: 	at androidx.compose.ui.layout.LayoutNodeSubcompositionsState.subcompose(SubcomposeLayout.kt:624)
05-12 20:46:31.678  9814  9814 E AndroidRuntime: 	at androidx.compose.ui.layout.LayoutNodeSubcompositionsState$Scope.subcompose(SubcomposeLayout.kt:1352)
05-12 20:46:31.678  9814  9814 E AndroidRuntime: 	at androidx.compose.material3.ScaffoldKt.ScaffoldLayout_FMILGgc$lambda$15$lambda$14(Scaffold.kt:177)
05-12 20:46:31.678  9814  9814 E AndroidRuntime: 	at androidx.compose.material3.ScaffoldKt$$ExternalSyntheticLambda2.invoke(D8$$SyntheticClass:0)
05-12 20:46:31.678  9814  9814 E AndroidRuntime: 	at androidx.compose.ui.layout.LayoutNodeSubcompositionsState$createMeasurePolicy$1.measure-3p2s80s(SubcomposeLayout.kt:955)
05-12 20:46:31.678  9814  9814 E AndroidRuntime: 	at androidx.compose.ui.node.InnerNodeCoordinator.measure-BRTryo0(InnerNodeCoordinator.kt:128)
05-12 20:46:31.678  9814  9814 E AndroidRuntime: 	at androidx.compose.ui.node.MeasurePassDelegate$performMeasureBlock$1.invoke(MeasurePassDelegate.kt:173)
05-12 20:46:31.678  9814  9814 E AndroidRuntime: 	at androidx.compose.ui.node.MeasurePassDelegate$performMeasureBlock$1.invoke(MeasurePassDelegate.kt:172)
05-12 20:46:31.684  9814  9814 E AndroidRuntime: 	at androidx.compose.runtime.snapshots.SnapshotStateObserver.observeReads(SnapshotStateObserver.kt:699)
05-12 20:46:31.684  9814  9814 E AndroidRuntime: 	at androidx.compose.ui.node.MeasurePassDelegate.remeasure-BRTryo0(MeasurePassDelegate.kt:1064)
05-12 20:46:31.684  9814  9814 E AndroidRuntime: 	at androidx.compose.ui.node.MeasurePassDelegate.measure-BRTryo0(MeasurePassDelegate.kt:470)
05-12 20:46:31.684  9814  9814 E AndroidRuntime: 	at androidx.compose.foundation.layout.BoxMeasurePolicy.measure-3p2s80s(Box.kt:145)
05-12 20:46:31.684  9814  9814 E AndroidRuntime: 	at androidx.compose.ui.node.InnerNodeCoordinator.measure-BRTryo0(InnerNodeCoordinator.kt:128)
05-12 20:46:31.684  9814  9814 E AndroidRuntime: 	at androidx.compose.ui.graphics.SimpleGraphicsLayerModifier.measure-3p2s80s(GraphicsLayerModifier.kt:843)
05-12 20:46:31.684  9814  9814 E AndroidRuntime: 	at androidx.compose.ui.node.LayoutModifierNodeCoordinator.measure-BRTryo0(LayoutModifierNodeCoordinator.kt:190)
05-12 20:46:31.684  9814  9814 E AndroidRuntime: 	at androidx.compose.foundation.layout.FillNode.measure-3p2s80s(Size.kt:721)
05-12 20:46:31.684  9814  9814 E AndroidRuntime: 	at androidx.compose.ui.node.LayoutModifierNodeCoordinator.measure-BRTryo0(LayoutModifierNodeCoordinator.kt:190)
05-12 20:46:31.684  9814  9814 E AndroidRuntime: 	at androidx.compose.ui.node.MeasurePassDelegate$performMeasureBlock$1.invoke(MeasurePassDelegate.kt:173)
05-12 20:46:31.684  9814  9814 E AndroidRuntime: 	at androidx.compose.ui.node.MeasurePassDelegate$performMeasureBlock$1.invoke(MeasurePassDelegate.kt:172)
05-12 20:46:31.684  9814  9814 E AndroidRuntime: 	at androidx.compose.runtime.snapshots.SnapshotStateObserver.observeReads(SnapshotStateObserver.kt:699)
05-12 20:46:31.684  9814  9814 E AndroidRuntime: 	at androidx.compose.ui.node.MeasurePassDelegate.remeasure-BRTryo0(MeasurePassDelegate.kt:1064)
05-12 20:46:31.684  9814  9814 E AndroidRuntime: 	at androidx.compose.ui.node.MeasurePassDelegate.measure-BRTryo0(MeasurePassDelegate.kt:470)
05-12 20:46:31.684  9814  9814 E AndroidRuntime: 	at androidx.compose.ui.layout.RootMeasurePolicy.measure-3p2s80s(RootMeasurePolicy.kt:37)
05-12 20:46:31.684  9814  9814 E AndroidRuntime: 	at androidx.compose.ui.node.InnerNodeCoordinator.measure-BRTryo0(InnerNodeCoordinator.kt:128)
05-12 20:46:31.684  9814  9814 E AndroidRuntime: 	at androidx.compose.ui.platform.AndroidComposeView$RootModifierNode.measure-3p2s80s(AndroidComposeView.android.kt:3384)
05-12 20:46:31.684  9814  9814 E AndroidRuntime: 	at androidx.compose.ui.node.LayoutModifierNodeCoordinator.measure-BRTryo0(LayoutModifierNodeCoordinator.kt:190)
05-12 20:46:31.684  9814  9814 E AndroidRuntime: 	at androidx.compose.ui.node.MeasurePassDelegate$performMeasureBlock$1.invoke(MeasurePassDelegate.kt:173)
05-12 20:46:31.684  9814  9814 E AndroidRuntime: 	at androidx.compose.ui.node.MeasurePassDelegate$performMeasureBlock$1.invoke(MeasurePassDelegate.kt:172)
05-12 20:46:31.684  9814  9814 E AndroidRuntime: 	at androidx.compose.runtime.snapshots.SnapshotStateObserver.observeReads(SnapshotStateObserver.kt:728)
05-12 20:46:31.684  9814  9814 E AndroidRuntime: 	at androidx.compose.ui.node.MeasurePassDelegate.remeasure-BRTryo0(MeasurePassDelegate.kt:1064)
05-12 20:46:31.684  9814  9814 E AndroidRuntime: 	at androidx.compose.ui.node.LayoutNode.remeasure-_Sx5XlM$ui(LayoutNode.kt:1281)
05-12 20:46:31.684  9814  9814 E AndroidRuntime: 	at androidx.compose.ui.node.MeasureAndLayoutDelegate.doRemeasure-sdFAvZA(MeasureAndLayoutDelegate.kt:378)
05-12 20:46:31.684  9814  9814 E AndroidRuntime: 	at androidx.compose.ui.node.MeasureAndLayoutDelegate.remeasureOnly(MeasureAndLayoutDelegate.kt:652)
05-12 20:46:31.684  9814  9814 E AndroidRuntime: 	at androidx.compose.ui.node.MeasureAndLayoutDelegate.measureOnly(MeasureAndLayoutDelegate.kt:446)
05-12 20:46:31.684  9814  9814 E AndroidRuntime: 	at androidx.compose.ui.platform.AndroidComposeView.onMeasure(AndroidComposeView.android.kt:1847)
05-12 20:46:31.684  9814  9814 E AndroidRuntime: 	at android.view.View.measure(View.java:27731)
05-12 20:46:31.684  9814  9814 E AndroidRuntime: 	at androidx.compose.ui.platform.AbstractComposeView.internalOnMeasure$ui(ComposeView.android.kt:314)
05-12 20:46:31.684  9814  9814 E AndroidRuntime: 	at androidx.compose.ui.platform.AbstractComposeView.onMeasure(ComposeView.android.kt:301)
05-12 20:46:31.684  9814  9814 E AndroidRuntime: 	at android.view.View.measure(View.java:27731)
05-12 20:46:31.684  9814  9814 E AndroidRuntime: 	at android.view.ViewGroup.measureChildWithMargins(ViewGroup.java:7352)
05-12 20:46:31.684  9814  9814 E AndroidRuntime: 	at android.widget.FrameLayout.onMeasure(FrameLayout.java:194)
05-12 20:46:31.684  9814  9814 E AndroidRuntime: 	at android.view.View.measure(View.java:27731)
05-12 20:46:31.684  9814  9814 E AndroidRuntime: 	at android.view.ViewGroup.measureChildWithMargins(ViewGroup.java:7352)
05-12 20:46:31.684  9814  9814 E AndroidRuntime: 	at android.widget.LinearLayout.measureChildBeforeLayout(LinearLayout.java:1552)
05-12 20:46:31.684  9814  9814 E AndroidRuntime: 	at android.widget.LinearLayout.measureVertical(LinearLayout.java:842)
05-12 20:46:31.684  9814  9814 E AndroidRuntime: 	at android.widget.LinearLayout.onMeasure(LinearLayout.java:721)
05-12 20:46:31.684  9814  9814 E AndroidRuntime: 	at android.view.View.measure(View.java:27731)
05-12 20:46:31.684  9814  9814 E AndroidRuntime: 	at android.view.ViewGroup.measureChildWithMargins(ViewGroup.java:7352)
05-12 20:46:31.684  9814  9814 E AndroidRuntime: 	at android.widget.FrameLayout.onMeasure(FrameLayout.java:194)
05-12 20:46:31.684  9814  9814 E AndroidRuntime: 	at com.android.internal.policy.DecorView.onMeasure(DecorView.java:1379)
05-12 20:46:31.684  9814  9814 E AndroidRuntime: 	at android.view.View.measure(View.java:27731)
05-12 20:46:31.684  9814  9814 E AndroidRuntime: 	at android.view.ViewRootImpl.performMeasure(ViewRootImpl.java:4841)
05-12 20:46:31.684  9814  9814 E AndroidRuntime: 	at android.view.ViewRootImpl.measureHierarchy(ViewRootImpl.java:3426)
05-12 20:46:31.684  9814  9814 E AndroidRuntime: 	at android.view.ViewRootImpl.performTraversals(ViewRootImpl.java:3732)
05-12 20:46:31.685  9814  9814 E AndroidRuntime: 	at android.view.ViewRootImpl.doTraversal(ViewRootImpl.java:3116)
05-12 20:46:31.685  9814  9814 E AndroidRuntime: 	at android.view.ViewRootImpl$TraversalRunnable.run(ViewRootImpl.java:10885)
05-12 20:46:31.685  9814  9814 E AndroidRuntime: 	at android.view.Choreographer$CallbackRecord.run(Choreographer.java:1301)
05-12 20:46:31.685  9814  9814 E AndroidRuntime: 	at android.view.Choreographer$CallbackRecord.run(Choreographer.java:1309)
05-12 20:46:31.685  9814  9814 E AndroidRuntime: 	at android.view.Choreographer.doCallbacks(Choreographer.java:923)
05-12 20:46:31.685  9814  9814 E AndroidRuntime: 	at android.view.Choreographer.doFrame(Choreographer.java:852)
05-12 20:46:31.685  9814  9814 E AndroidRuntime: 	at android.view.Choreographer$FrameDisplayEventReceiver.run(Choreographer.java:1283)
05-12 20:46:31.685  9814  9814 E AndroidRuntime: 	at android.os.Handler.handleCallback(Handler.java:942)
05-12 20:46:31.685  9814  9814 E AndroidRuntime: 	at android.os.Handler.dispatchMessage(Handler.java:99)
05-12 20:46:31.685  9814  9814 E AndroidRuntime: 	at android.os.Looper.loopOnce(Looper.java:226)
05-12 20:46:31.685  9814  9814 E AndroidRuntime: 	at android.os.Looper.loop(Looper.java:313)
05-12 20:46:31.685  9814  9814 E AndroidRuntime: 	at android.app.ActivityThread.main(ActivityThread.java:8762)
05-12 20:46:31.685  9814  9814 E AndroidRuntime: 	at java.lang.reflect.Method.invoke(Native Method)
05-12 20:46:31.685  9814  9814 E AndroidRuntime: 	at com.android.internal.os.RuntimeInit$MethodAndArgsCaller.run(RuntimeInit.java:604)
05-12 20:46:31.685  9814  9814 E AndroidRuntime: 	at com.android.internal.os.ZygoteInit.main(ZygoteInit.java:1067)
05-12 20:46:31.693  1216  4029 D Debug   : low && ship && 3rdparty app crash, do not dump
05-12 20:46:31.693  1216  4029 W ContextImpl: Calling a method in the system process without a qualified user: android.app.ContextImpl.sendBroadcast:1252 com.android.server.am.AppErrors.crashApplicationInner:722 com.android.server.am.AppErrors.crashApplication:598 com.android.server.am.ActivityManagerService.handleApplicationCrashInner:10509 com.android.server.am.ActivityManagerService.handleApplicationCrash:10378 
05-12 20:46:31.693  1216  4029 W ActivityManager: crash : com.example.audioanalyser,10551
05-12 20:46:31.694  1216  4029 W ActivityTaskManager:   Force finishing activity com.example.audioanalyser/.MainActivity
05-12 20:46:31.695  1216  4029 W WindowManager: Prepare app transition: mNextAppTransitionRequests=[TRANSIT_CLOSE], mNextAppTransitionFlags=TRANSIT_FLAG_KEYGUARD_GOING_AWAY_TO_LAUNCHER_WITH_IN_WINDOW_ANIMATIONS | TRANSIT_FLAG_APP_CRASHED, displayId: 0 Callers=com.android.server.wm.DisplayContent.prepareAppTransition:6493 com.android.server.wm.DisplayContent.requestTransitionAndLegacyPrepare:6509 com.android.server.wm.Task.finishTopCrashedActivityLocked:6797 com.android.server.wm.RootWindowContainer.lambda$finishTopCrashedActivities$19:2688 com.android.server.wm.RootWindowContainer.$r8$lambda$4nB35TzseTo6qyVD9NxDieoJN1Y:0 
05-12 20:46:31.696  1216  4029 D ActivityTaskManager: scheduleTopResumedActivityChanged, onTop=false r=ActivityRecord{e62e883 u0 com.example.audioanalyser/.MainActivity} t380 f}} caller=com.android.server.wm.ActivityTaskSupervisor.updateTopResumedActivityIfNeeded:2510 com.android.server.wm.TaskDisplayArea.positionChildTaskAt:602 com.android.server.wm.TaskDisplayArea.positionChildAt:537 com.android.server.wm.WindowContainer.positionChildAt:970 com.android.server.wm.Task.positionChildAt:3354 com.android.server.wm.Task.moveToFrontInner:6053 
05-12 20:46:31.697  1216  4029 D InputDispatcher: Focused application(0): ActivityRecord{632da01 u0 com.sec.android.app.launcher/.activities.LauncherActivity} t7}
05-12 20:46:31.697  1216  4029 D SGM:FgCheckThread: TaskStackListener.onTaskFocusChanged(), taskId=380, focused=false
05-12 20:46:31.697  1216  4029 D SGM:FgCheckThread: TaskStackListener.onTaskFocusChanged(), taskId=7, focused=true
05-12 20:46:31.697  1216  4029 D SGM:FgCheckThread:   sendRunningComponentFocus(), pkgName: com.sec.android.app.launcher, userId: 0
05-12 20:46:31.698  1216  1421 D SGM:FgCheckThread: onLooperPrepared(), msg: MSG_TASK_FOCUSED, pkgName: com.sec.android.app.launcher, userId: 0
05-12 20:46:31.698  1216  1747 D AS.MultiSoundManager: mForegroundUid = 10066
05-12 20:46:31.698  1216  1421 D SGM:FgCheckThread: handleTaskFocused().
05-12 20:46:31.698  1216  1421 D SGM:FgCheckThread: sendFocusOutConditionally() - mPrevNotiPkg: KILL_YOURSELF, userId: 0
05-12 20:46:31.698  1216  1421 D SGM:FgCheckThread:   handleTaskFocused(), pkgName: com.sec.android.app.launcher, userID:0 mResumedPkgMap does not containsKey.
05-12 20:46:31.698  1216  4029 W WindowManager: Prepare app transition: mNextAppTransitionRequests=[TRANSIT_CLOSE, TRANSIT_CLOSE], mNextAppTransitionFlags=TRANSIT_FLAG_KEYGUARD_GOING_AWAY_TO_LAUNCHER_WITH_IN_WINDOW_ANIMATIONS | TRANSIT_FLAG_APP_CRASHED, displayId: 0 Callers=com.android.server.wm.DisplayContent.prepareAppTransition:6493 com.android.server.wm.DisplayContent.prepareAppTransition:6484 com.android.server.wm.ActivityRecord.finishIfPossible:4151 com.android.server.wm.ActivityRecord.finishIfPossible:3966 com.android.server.wm.Task.finishTopCrashedActivityLocked:6798 
05-12 20:46:31.699  1216  4029 D RestrictionPolicy: isScreenCaptureEnabled : ret=true userId=0
05-12 20:46:31.699  1216  4029 D RestrictionPolicy: isScreenCaptureEnabled : ret=true userId=0
05-12 20:46:31.701   899   899 I Layer   : id=27264 Destroyed Screenshot Parent#27264
05-12 20:46:31.711  9814  9814 I Process : Sending signal. PID: 9814 SIG: 9
05-12 20:46:31.713  2335  2335 I TopTaskTracker: onTaskMovedToFront : taskId = 7
05-12 20:46:31.725   899   899 D SurfaceFlinger: Display 0 HWC layers:
05-12 20:46:31.725   899   899 D SurfaceFlinger:      DEVICE | 0xb400007dd5e9e780 | 0100 | RGBA_8888    |    0.0    0.0  720.0 1600.0 |    0    0  720 1600 | Splash Screen com.example.audioanalyser$_1902#27259
05-12 20:46:31.725   899   899 D SurfaceFlinger:      DEVICE | 0xb400007dab054a80 | 0100 | RGBA_8888    |    0.0    0.0  720.0   45.0 |    0    0  720   45 | StatusBar$_1902#97
05-12 20:46:31.725   899   899 D SurfaceFlinger:      DEVICE | 0xb400007dab055b00 | 0100 | RGBA_8888    |    0.0    0.0  720.0   90.0 |    0 1510  720 1600 | NavigationBar0$_1902#91
05-12 20:46:31.725   899   899 D SurfaceFlinger:      DEVICE | 0xb400007dab056280 | 0108 | RGBA_8888    |    0.0    0.0  720.0 1600.0 |    0    0  720 1600 | $_1902#93
05-12 20:46:31.725   899   899 D SurfaceFlinger: 
05-12 20:46:31.738  3549  3549 I SDHMS:BarTender:Gatherer:AppError: update AppError : uid=10551, pkg=com.example.audioanalyser, errorType=crash
05-12 20:46:31.739   899   899 I SurfaceFlinger: SFWD update time=233523863336236
05-12 20:46:31.743   899   899 D SurfaceFlinger: Display 0 HWC layers:
05-12 20:46:31.743   899   899 D SurfaceFlinger:      DEVICE | 0xb400007dd5e9e780 | 0100 | RGBA_8888    |    0.0    0.0  720.0 1600.0 |    0    0  720 1600 | Splash Screen com.example.audioanalyser$_1902#27259
05-12 20:46:31.743   899   899 D SurfaceFlinger:      DEVICE | 0xb400007dab054a80 | 0100 | RGBA_8888    |    0.0    0.0  720.0   45.0 |    0    0  720   45 | StatusBar$_1902#97
05-12 20:46:31.743   899   899 D SurfaceFlinger:      DEVICE | 0xb400007dab055b00 | 0100 | RGBA_8888    |    0.0    0.0  720.0   90.0 |    0 1510  720 1600 | NavigationBar0$_1902#91
05-12 20:46:31.743   899   899 D SurfaceFlinger:      DEVICE | 0xb400007dab056280 | 0108 | RGBA_8888    |    0.0    0.0  720.0 1600.0 |    0    0  720 1600 | $_1902#93
05-12 20:46:31.743   899   899 D SurfaceFlinger: 
05-12 20:46:31.752  3549  3549 I SDHMS:BarTender:Analyzer:AppError: analyze app error : uid=10551, pkg=com.example.audioanalyser, appErrorCount=2
05-12 20:46:31.752  1216  3669 D InputMethodManagerService: removeClient
05-12 20:46:31.752   875  1050 I AudioFlinger: removeDlbCodecCallback pid:9814 type:-1
05-12 20:46:31.752  1216  3676 I WindowManager: WIN DEATH: Window{3b2febc u0 com.example.audioanalyser/com.example.audioanalyser.MainActivity}
05-12 20:46:31.752 13811 13811 I adbd    : Remote process closed the socket (on MSG_PEEK)
05-12 20:46:31.752  1216  3676 D InputTransport: Input channel destroyed: '3b2febc', fd=932
05-12 20:46:31.753  1216  3676 W InputManager-JNI: Input channel object '3b2febc com.example.audioanalyser/com.example.audioanalyser.MainActivity (client)' was disposed without first being removed with the input manager!
05-12 20:46:31.753  1216  3676 D InputTransport: Input channel destroyed: '3b2febc', fd=937
05-12 20:46:31.753  1216  3100 I ActivityManager: Process com.example.audioanalyser (pid 9814) has died: fg  TOP (163,736)
05-12 20:46:31.753  1216  3676 V WindowManager: Remove Window{3b2febc u0 com.example.audioanalyser/com.example.audioanalyser.MainActivity}: mSurfaceController=null mAnimatingExit=false mRemoveOnExit=false mHasSurface=false surfaceShowing=false animating=true app-animation=true mWillReplaceWindow=false mDisplayFrozen=false callers=com.android.server.wm.WindowState.-$$Nest$mremoveIfPossible:0 com.android.server.wm.WindowState$DeathRecipient.binderDied:3808 android.os.IBinder$DeathRecipient.binderDied:323 android.os.BinderProxy.sendDeathNotice:781 <bottom of call stack> <bottom of call stack> 
05-12 20:46:31.753  1216  1261 I libprocessgroup: Successfully killed process cgroup uid 10551 pid 9814 in 0ms
05-12 20:46:31.754  1216  3676 D RestrictionPolicy: isScreenCaptureEnabled : ret=true userId=0
05-12 20:46:31.754  1216  3676 V WindowManager: Last window, removing starting window Window{3b2febc u0 com.example.audioanalyser/com.example.audioanalyser.MainActivity}
05-12 20:46:31.754  1216  3676 V WindowManager: Schedule remove starting ActivityRecord{e62e883 u0 com.example.audioanalyser/.MainActivity} t380 f}} startingWindow=null startingView=null Callers=com.android.server.wm.ActivityRecord.removeStartingWindow:3233 com.android.server.wm.ActivityRecord.postWindowRemoveStartingWindowCleanup:8208 com.android.server.wm.WindowManagerService.postWindowRemoveCleanupLocked:2336 com.android.server.wm.WindowState.removeImmediately:3035 com.android.server.wm.WindowState.removeIfPossible:3228 
05-12 20:46:31.754  1216  1251 V WindowManager: Removing startingView=com.android.server.wm.StartingSurfaceController$StartingSurface@803d62c
05-12 20:46:31.754   824   824 I Zygote  : Process 9814 exited due to signal 9 (Killed)
05-12 20:46:31.760  1216  3100 V MARsPolicyManager: Current Home Package com.sec.android.app.launcher Resumed
05-12 20:46:31.760  1216  3100 D MARsPolicyManager: onPackageResumedFG pkgName = com.sec.android.app.launcher, userId = 0
05-12 20:46:31.760  1216  3100 I SemDvfsHyPerManager: acquire hyper - AMS_APP_HOME/1216@32, type = -999
05-12 20:46:31.760   848   910 I HYPER-HAL: [RequestManager.cpp]acquire(): Acquired ID : 779408  [1216 / 32]    HINT : AMS_APP_HOME    list : 
05-12 20:46:31.761  1216  3100 D ActivityManagerPerformance: AMP_acquire() HOME
05-12 20:46:31.761  1216  3100 W WindowManager: Prepare app transition: mNextAppTransitionRequests=[TRANSIT_CLOSE, TRANSIT_CLOSE, TRANSIT_OPEN], mNextAppTransitionFlags=TRANSIT_FLAG_KEYGUARD_GOING_AWAY_TO_LAUNCHER_WITH_IN_WINDOW_ANIMATIONS | TRANSIT_FLAG_APP_CRASHED, displayId: 0 Callers=com.android.server.wm.DisplayContent.prepareAppTransition:6493 com.android.server.wm.DisplayContent.prepareAppTransition:6484 com.android.server.wm.TaskFragment.resumeTopActivity:1583 com.android.server.wm.TaskFragment.resumeTopActivity:1307 com.android.server.wm.Task.resumeTopActivityInnerLocked:6451 
05-12 20:46:31.762  1216  3100 V WindowManager: Setting visibility of Window{174032b u0 com.sec.android.app.launcher/com.sec.android.app.launcher.activities.LauncherActivity}: true, caller=com.android.server.wm.WindowContainer.sendAppVisibilityToClients:1246 com.android.server.wm.WindowToken.setClientVisible:431 com.android.server.wm.ActivityRecord.setClientVisible:7691 com.android.server.wm.ActivityRecord.setVisibility:6091 com.android.server.wm.ActivityRecord.setVisibility:5984 
05-12 20:46:31.762  2335  2335 I ViewRootImpl@6dc6262[LauncherActivity]: handleAppVisibility mAppVisible = false visible = true
05-12 20:46:31.762  3549  3549 I SemDvfsHyPerManager: acquire hyper - APP_START_HOME/3549@13, type = -999
05-12 20:46:31.763   848   910 I HYPER-HAL: [RequestManager.cpp]acquire(): Acquired ID : 6345716  [3549 / 13]    HINT : APP_START    list : [KERNEL_APP_START_NOTIFY / 0] [TIMEOUT / 1500] 
05-12 20:46:31.763  1216  3100 D WindowManagerServiceExt: notifyOccludeChangeNotice: reset caller=com.android.server.wm.WindowManagerServiceExt.updateOccludeTargetIfNeeded:1402 com.android.server.wm.DisplayContent.ensureActivitiesVisible:7532 com.android.server.wm.RootWindowContainer.ensureActivitiesVisible:2248 com.android.server.wm.RootWindowContainer.ensureVisibilityAndConfig:2126 com.android.server.wm.TaskFragment.resumeTopActivity:1652 
05-12 20:46:31.763  1216  3100 V WindowManager: rotationForOrientation(orient=SCREEN_ORIENTATION_NOSENSOR (5), last=ROTATION_0 (0)); user=ROTATION_0 (0) 
05-12 20:46:31.763  1216  3100 D WindowManager: rotationForOrientation, orientationSource=ActivityRecord{632da01 u0 com.sec.android.app.launcher/.activities.LauncherActivity} t7}
05-12 20:46:31.764  1216  3100 V WindowManager: Computed rotation=ROTATION_0 (0) for display id=0 based on lastOrientation=SCREEN_ORIENTATION_NOSENSOR (5) and oldRotation=ROTATION_0 (0), caller=com.android.server.wm.DisplayRotation.updateOrientation:414 com.android.server.wm.DisplayContent.updateOrientation:1990 com.android.server.wm.DisplayContent.updateOrientation:1891 com.android.server.wm.RootWindowContainer.ensureVisibilityAndConfig:2139 com.android.server.wm.TaskFragment.resumeTopActivity:1652 com.android.server.wm.TaskFragment.resumeTopActivity:1307 
05-12 20:46:31.765  1216  3100 D TspStateManager: updateCustomValue customSetting=
05-12 20:46:31.766  1216  3100 D TspStateManager: updateCustomValue customSetting=
05-12 20:46:31.767  1216  3100 E WindowManager: win=Window{174032b u0 com.sec.android.app.launcher/com.sec.android.app.launcher.activities.LauncherActivity} destroySurfaces: appStopped=false cleanupOnResume=true win.mWindowRemovalAllowed=false win.mRemoveOnExit=false win.mViewVisibility=8 caller=com.android.server.wm.ActivityRecord.destroySurfaces:6539 com.android.server.wm.ActivityRecord.notifyAppResumed:6559 com.android.server.wm.TaskFragment.resumeTopActivity:1698 com.android.server.wm.TaskFragment.resumeTopActivity:1307 com.android.server.wm.Task.resumeTopActivityInnerLocked:6451 com.android.server.wm.Task.resumeTopActivityUncheckedLocked:6352 com.android.server.wm.Task.resumeTopActivityUncheckedLocked:6374 
05-12 20:46:31.767  1216  3100 I WindowManager: Destroying surface Surface(name=com.sec.android.app.launcher/com.sec.android.app.launcher.activities.LauncherActivity$_2335)/@0x737b197 called by com.android.server.wm.WindowStateAnimator.destroySurface:942 com.android.server.wm.WindowStateAnimator.destroySurfaceLocked:536 com.android.server.wm.WindowState.destroySurfaceUnchecked:4309 com.android.server.wm.WindowState.destroySurface:4283 com.android.server.wm.ActivityRecord.destroySurfaces:6539 com.android.server.wm.ActivityRecord.notifyAppResumed:6559 com.android.server.wm.TaskFragment.resumeTopActivity:1698 com.android.server.wm.TaskFragment.resumeTopActivity:1307 
05-12 20:46:31.770  1216  3100 W WindowManager: Execute app transition: mNextAppTransitionRequests=[TRANSIT_CLOSE, TRANSIT_CLOSE, TRANSIT_OPEN], mNextAppTransitionFlags=TRANSIT_FLAG_KEYGUARD_GOING_AWAY_TO_LAUNCHER_WITH_IN_WINDOW_ANIMATIONS | TRANSIT_FLAG_APP_CRASHED, displayId: 0 Callers=com.android.server.wm.RootWindowContainer.executeAppTransitionForAllDisplay:2580 com.android.server.wm.ActivityTaskSupervisor.reportResumedActivityLocked:2287 com.android.server.wm.ActivityRecord.completeResumeLocked:6987 com.android.server.wm.TaskFragment.resumeTopActivity:1743 com.android.server.wm.TaskFragment.resumeTopActivity:1307 
05-12 20:46:31.772   899   899 I Layer   : id=27263 removeFromCurrentState 3b2febc com.example.audioanalyser/com.example.audioanalyser.MainActivity#27263 (126)
05-12 20:46:31.772   899   899 I Layer   : id=27254 removeFromCurrentState com.sec.android.app.launcher/com.sec.android.app.launcher.activities.LauncherActivity$_2335#27254 (126)
05-12 20:46:31.773   899   899 I SurfaceFlinger: id=27254 Removed com.sec.android.app.launcher/com.sec.android.app.launcher.activities.LauncherActivity$_2335#27254 (126)
05-12 20:46:31.773   899   899 I SurfaceFlinger: id=27263 Removed 3b2febc com.example.audioanalyser/com.example.audioanalyser.MainActivity#27263 (126)
05-12 20:46:31.773   899   899 I Layer   : id=27254 Destroyed com.sec.android.app.launcher/com.sec.android.app.launcher.activities.LauncherActivity$_2335#27254
05-12 20:46:31.773   899   899 I Layer   : id=27263 Destroyed 3b2febc com.example.audioanalyser/com.example.audioanalyser.MainActivity#27263
05-12 20:46:31.773  1216  3100 I ActivityManager: updateOomAdj start time is before than pendingPid added, don't delete it
05-12 20:46:31.774  2335  2335 I ViewRootImpl@6dc6262[LauncherActivity]: performTraversals mFirst=false windowShouldResize=false viewVisibilityChanged=true mForceNextWindowRelayout=false params=null
05-12 20:46:31.775  1216  1250 W ActivityManager: setHasOverlayUi called on unknown pid: 9814
05-12 20:46:31.775  1216  1265 W libprocessgroup: Failed to open /dev/blkio//cgroup.procs: No such file or directory
05-12 20:46:31.776  1216  1265 W libprocessgroup: Failed to open /dev/blkio//cgroup.procs: No such file or directory
05-12 20:46:31.777  1216  3100 V WindowManager: Relayout Window{174032b u0 com.sec.android.app.launcher/com.sec.android.app.launcher.activities.LauncherActivity}: viewVisibility=0 req=720x1600 d0
05-12 20:46:31.777  1216  3100 D RestrictionPolicy: isScreenCaptureEnabled : ret=true userId=0
05-12 20:46:31.778   899  1078 I SurfaceFlinger: id=27265 createSurf flag=40004, com.sec.android.app.launcher/com.sec.android.app.launcher.activities.LauncherActivity$_2335#27265
05-12 20:46:31.778   899   899 D SurfaceFlinger: Display 0 HWC layers:
05-12 20:46:31.778   899   899 D SurfaceFlinger:      DEVICE | 0xb400007dd5e9e780 | 0100 | RGBA_8888    |    0.0    0.0  720.0 1600.0 |    0    0  720 1600 | Splash Screen com.example.audioanalyser$_1902#27259
05-12 20:46:31.778   899   899 D SurfaceFlinger:      DEVICE | 0xb400007dab054a80 | 0100 | RGBA_8888    |    0.0    0.0  720.0   45.0 |    0    0  720   45 | StatusBar$_1902#97
05-12 20:46:31.778   899   899 D SurfaceFlinger:      DEVICE | 0xb400007dab055b00 | 0100 | RGBA_8888    |    0.0    0.0  720.0   90.0 |    0 1510  720 1600 | NavigationBar0$_1902#91
05-12 20:46:31.778   899   899 D SurfaceFlinger:      DEVICE | 0xb400007dab056280 | 0108 | RGBA_8888    |    0.0    0.0  720.0 1600.0 |    0    0  720 1600 | $_1902#93
05-12 20:46:31.778   899   899 D SurfaceFlinger: 
05-12 20:46:31.779  1216  3100 D WindowManager: makeSurface duration=1 name=com.sec.android.app.launcher/com.sec.android.app.launcher.activities.LauncherActivity$_2335
05-12 20:46:31.782  2335 21282 I ViewRootImpl@6dc6262[LauncherActivity]: Resizing android.view.ViewRootImpl@17b984f: frame = [0,0][720,1600] reportDraw = true forceLayout = false syncSeqId = 0
05-12 20:46:31.783  1216  3100 V WindowManager: Changing focus from null to Window{174032b u0 com.sec.android.app.launcher/com.sec.android.app.launcher.activities.LauncherActivity} displayId=0 Callers=com.android.server.wm.RootWindowContainer.updateFocusedWindowLocked:595 com.android.server.wm.WindowManagerService.updateFocusedWindowLocked:6810 com.android.server.wm.WindowManagerService.relayoutWindow:2820 com.android.server.wm.Session.relayout:274 
05-12 20:46:31.784  1216  3100 D StatusBarManagerService: notifyRequestedSystemKey recent=false home=false
05-12 20:46:31.785  1216  1250 I GameSDK@LifeCycle: noteResumeComponent(): package name  : com.sec.android.app.launcher
05-12 20:46:31.785  1216  2730 I MediaSessionMonitor: Media session stopped : not playing state
05-12 20:46:31.786  1216  3100 V WindowManager: Relayout hash=174032b, pid=2335, syncId=-1: mAttrs={(0,0)(fillxfill) sim={adjust=nothing forwardNavigation} layoutInDisplayCutoutMode=shortEdges ty=BASE_APPLICATION fmt=TRANSPARENT wanim=0x10302f4
05-12 20:46:31.786  1216  3100 V WindowManager:   fl=81910100
05-12 20:46:31.786  1216  3100 V WindowManager:   pfl=1e020040
05-12 20:46:31.786  1216  3100 V WindowManager:   vsysui=1700
05-12 20:46:31.786  1216  3100 V WindowManager:   bhv=SHOW_TRANSIENT_BARS_BY_SWIPE
05-12 20:46:31.786  1216  3100 V WindowManager:   fitSides= screenDimDuration=200000 naviIconColor=0}
05-12 20:46:31.787  1216  1250 D SGM:GameManager: identifyGamePackage. com.sec.android.app.launcher, mCurrentUserId: 0, callerUserId: 0, callingMethodInfo: com.samsung.android.game.SemGameManager.isGamePackage(SemGameManager.java:104)
05-12 20:46:31.787  1216  1250 D SGM:PkgDataHelper: getGamePkgData(). com.sec.android.app.launcher
05-12 20:46:31.787  1216  1250 D SGM:SemGameManager: isGamePackage(), pkgName=com.sec.android.app.launcher, ret=false
05-12 20:46:31.787  2335  2335 I ViewRootImpl@6dc6262[LauncherActivity]: updateBlastSurfaceIfNeeded mBlastBufferQueue=null isSameSurfaceControl=false
05-12 20:46:31.787  1216  1216 I CocktailBarManagerServiceContainer: handleMessage: entry what = 5
05-12 20:46:31.788  1216  1216 I CocktailBarManagerServiceImpl: noteResumeComponent : no active host
05-12 20:46:31.788  2335  2335 I BLASTBufferQueue: new BLASTBufferQueue, mName= ViewRootImpl@6dc6262[LauncherActivity] mNativeObject= 0xb400007c21a2af00 sc.mNativeObject= 0xb400007c21bb6dc0 caller= android.view.ViewRootImpl.updateBlastSurfaceIfNeeded:2909 android.view.ViewRootImpl.relayoutWindow:9847 android.view.ViewRootImpl.performTraversals:3884 android.view.ViewRootImpl.doTraversal:3116 android.view.ViewRootImpl$TraversalRunnable.run:10885 android.view.Choreographer$CallbackRecord.run:1301 android.view.Choreographer$CallbackRecord.run:1309 android.view.Choreographer.doCallbacks:923 android.view.Choreographer.doFrame:852 android.view.Choreographer$FrameDisplayEventReceiver.run:1283 
05-12 20:46:31.788  2335  2335 I BLASTBufferQueue: update, w= 720 h= 1600 mName = ViewRootImpl@6dc6262[LauncherActivity] mNativeObject= 0xb400007c21a2af00 sc.mNativeObject= 0xb400007c21bb6dc0 format= -2 caller= android.graphics.BLASTBufferQueue.<init>:84 android.view.ViewRootImpl.updateBlastSurfaceIfNeeded:2909 android.view.ViewRootImpl.relayoutWindow:9847 android.view.ViewRootImpl.performTraversals:3884 android.view.ViewRootImpl.doTraversal:3116 android.view.ViewRootImpl$TraversalRunnable.run:10885 
05-12 20:46:31.788  2335  2335 I ViewRootImpl@6dc6262[LauncherActivity]: Relayout returned: old=(0,0,720,1600) new=(0,0,720,1600) req=(720,1600)0 dur=13 res=0x3 s={true 0xb400007c18d6e800} ch=true seqId=0
05-12 20:46:31.789  2335  2335 I ViewRootImpl@6dc6262[LauncherActivity]: mThreadedRenderer.initialize() mSurface={isValid=true 0xb400007c18d6e800} hwInitialized=true
05-12 20:46:31.789  2335  2335 I ViewRootImpl@6dc6262[LauncherActivity]: reportNextDraw android.view.ViewRootImpl.performTraversals:4438 android.view.ViewRootImpl.doTraversal:3116 android.view.ViewRootImpl$TraversalRunnable.run:10885 android.view.Choreographer$CallbackRecord.run:1301 android.view.Choreographer$CallbackRecord.run:1309 
05-12 20:46:31.789  2335  2335 I ViewRootImpl@6dc6262[LauncherActivity]: Setup new sync id=473
05-12 20:46:31.789  2335  2335 I ViewRootImpl@6dc6262[LauncherActivity]: Setting syncFrameCallback
05-12 20:46:31.789  2335  2335 I ViewRootImpl@6dc6262[LauncherActivity]: registerCallbacksForSync syncBuffer=false
05-12 20:46:31.790  1216  1250 D SGM:FgCheckThread: noteResumeComponent(), received pkgName: com.sec.android.app.launcher, userId: 0
05-12 20:46:31.790  1216  1421 D SGM:FgCheckThread: onLooperPrepared(), msg: MSG_APP_RESUME, pkgName: com.sec.android.app.launcher, userid: 0
05-12 20:46:31.790  1216  1421 D SGM:FgCheckThread: handleResume().
05-12 20:46:31.791  1216  1421 D SGM:FgCheckThread: sendFocusOutConditionally() - mPrevNotiPkg: KILL_YOURSELF, userId: 0
05-12 20:46:31.791  1216  1421 D SGM:FgCheckThread:   handleResume(). pkgName: com.sec.android.app.launcher, userId: 0, isTunableApp: null
05-12 20:46:31.791  1216  1421 D SGM:FgCheckThread: notifyFocusInOut(). of pkg: com.sec.android.app.launcher, type: 4, isTunableApp: false, userId: 0
05-12 20:46:31.791  1216  1421 D SGM:FgCheckThread:   notifyFocusInOut(). do nothing. mKillNotiCount: 1
05-12 20:46:31.791  1216  1421 D SGM:SystemHelper: callReleaseBlock needReleaseBlock:false
05-12 20:46:31.793  1216  1250 D PowerManagerService: [api] setScreenDimDurationOverrideFromWindowManagerInternal: timeoutMillis: 200000
05-12 20:46:31.798   899   899 D SurfaceFlinger: Display 0 HWC layers:
05-12 20:46:31.798   899   899 D SurfaceFlinger:      DEVICE | 0xb400007daafaa200 | 0100 | RGBA_8888    |    0.0    0.0  720.0 1600.0 |    0    0  720 1600 | Splash Screen com.example.audioanalyser$_1902#27259
05-12 20:46:31.798   899   899 D SurfaceFlinger:      DEVICE | 0xb400007dab054a80 | 0100 | RGBA_8888    |    0.0    0.0  720.0   45.0 |    0    0  720   45 | StatusBar$_1902#97
05-12 20:46:31.798   899   899 D SurfaceFlinger:      DEVICE | 0xb400007dab055b00 | 0100 | RGBA_8888    |    0.0    0.0  720.0   90.0 |    0 1510  720 1600 | NavigationBar0$_1902#91
05-12 20:46:31.798   899   899 D SurfaceFlinger:      DEVICE | 0xb400007dab056280 | 0108 | RGBA_8888    |    0.0    0.0  720.0 1600.0 |    0    0  720 1600 | $_1902#93
05-12 20:46:31.798   899   899 D SurfaceFlinger: 
05-12 20:46:31.800  2335  2335 I BadgeRenderer: Invalid count : 0
05-12 20:46:31.804  2335  4218 I ViewRootImpl@6dc6262[LauncherActivity]: Received frameDrawingCallback syncResult=0 frameNum=1.
05-12 20:46:31.804  2335  4218 I ViewRootImpl@6dc6262[LauncherActivity]: Setting up sync and frameCommitCallback
05-12 20:46:31.805   899   899 D SurfaceFlinger: [input] inputWindowCommands.focusRequests size is 1
05-12 20:46:31.807   899  1055 D SurfaceFlinger: [input] setFocusedWindow: 174032b com.sec.android.app.launcher/com.sec.android.app.launcher.activities.LauncherActivity
05-12 20:46:31.807  1216  1465 D InputDispatcher: Focus request (0): 174032b com.sec.android.app.launcher/com.sec.android.app.launcher.activities.LauncherActivity but waiting because NO_WINDOW
05-12 20:46:31.810  2335  3940 I BLASTBufferQueue: [ViewRootImpl@6dc6262[LauncherActivity]#439](f:0,a:0) onFrameAvailable the first frame is available
05-12 20:46:31.810  2335  3940 I ViewRootImpl@6dc6262[LauncherActivity]: Received frameCommittedCallback lastAttemptedDrawFrameNum=1 didProduceBuffer=true
05-12 20:46:31.812  2335  2335 I ViewRootImpl@6dc6262[LauncherActivity]: onSyncComplete
05-12 20:46:31.812  2335  2335 I ViewRootImpl@6dc6262[LauncherActivity]: setupSync seqId=0 mSyncId=473 fn=1 caller=android.view.ViewRootImpl$$ExternalSyntheticLambda11.accept:6 android.window.SurfaceSyncer.lambda$setupSync$1$android-window-SurfaceSyncer:128 android.window.SurfaceSyncer$$ExternalSyntheticLambda1.accept:8 android.window.SurfaceSyncer$SyncSet.checkIfSyncIsComplete:382 android.window.SurfaceSyncer$SyncSet.markSyncReady:359 android.window.SurfaceSyncer.markSyncReady:151 android.view.ViewRootImpl.performTraversals:4503 
05-12 20:46:31.812  2335  2335 I ViewRootImpl@6dc6262[LauncherActivity]: reportDrawFinished seqId=0 mSyncId=-1 fn=1 mSurfaceChangedTransaction=0xb400007caa245200
05-12 20:46:31.813  2335  2335 I ViewRootImpl@6dc6262[LauncherActivity]: stopped(false) old = false
05-12 20:46:31.813  2335  2335 I Launcher: !@Boot_DEBUG: Launcher.onResume()
05-12 20:46:31.813  2335  2335 I Launcher: !@Boot_EBS_D: Launcher.onResume()
05-12 20:46:31.813  2335  2335 I BaseActivity: addActivityFlags, flags : 18
05-12 20:46:31.813  2335  2335 I BaseActivity: removeActivityFlags, flags : 32
05-12 20:46:31.813  1216  3100 D WindowManager: finishDrawingWindow: Window{174032b u0 com.sec.android.app.launcher/com.sec.android.app.launcher.activities.LauncherActivity} mDrawState=DRAW_PENDING seqId=0
05-12 20:46:31.813  2335  2646 I IMM_LC  : hsifw() - flag : 0
05-12 20:46:31.813  2335  2646 I IMM_LC  : hsifw() - mService.hideSoftInput
05-12 20:46:31.813  2335  2335 I AppsSearchBar: restoreCurrentCellLayoutAlpha: [com.android.homescreen.apptray.AppsViewCellLayout{d4e6f99 V.ED..... .......D 721,45-1391,1441}[a=1.0,v=0,sId=1]]
05-12 20:46:31.813  1216  3100 D InputMethodManagerService: hideSoftInput
05-12 20:46:31.813  1216  1251 V WindowManager: Setting visibility of Window{782b1f7 u0 com.android.systemui.ImageWallpaper}: true, caller=com.android.server.wm.WindowContainer.sendAppVisibilityToClients:1246 com.android.server.wm.WindowToken.setClientVisible:431 com.android.server.wm.WallpaperWindowToken.setVisible:160 com.android.server.wm.WallpaperWindowToken.commitVisibility:202 com.android.server.wm.WallpaperWindowToken.setVisibility:187 
05-12 20:46:31.814  1216  3100 V InputMethodManagerService: Client requesting input be hidden
05-12 20:46:31.814  1216  3100 V InputMethodManagerService: hideCurrentInputLocked : canceled, shouldHideSoftInput=false, mInputShown=false, mImeWindowVis=0
05-12 20:46:31.814   899   899 D SurfaceFlinger: Display 0 HWC layers:
05-12 20:46:31.814   899   899 D SurfaceFlinger:      DEVICE | 0xb400007daafaa380 | 0100 | RGBA_8888    |    0.0    0.0  720.0 1600.0 |    0    0  720 1600 | Splash Screen com.example.audioanalyser$_1902#27259
05-12 20:46:31.814   899   899 D SurfaceFlinger:      DEVICE | 0xb400007dab054a80 | 0100 | RGBA_8888    |    0.0    0.0  720.0   45.0 |    0    0  720   45 | StatusBar$_1902#97
05-12 20:46:31.814   899   899 D SurfaceFlinger:      DEVICE | 0xb400007dab055b00 | 0100 | RGBA_8888    |    0.0    0.0  720.0   90.0 |    0 1510  720 1600 | NavigationBar0$_1902#91
05-12 20:46:31.814   899   899 D SurfaceFlinger:      DEVICE | 0xb400007dab056280 | 0108 | RGBA_8888    |    0.0    0.0  720.0 1600.0 |    0    0  720 1600 | $_1902#93
05-12 20:46:31.814   899   899 D SurfaceFlinger: 
05-12 20:46:31.814  2335  2335 I Launcher.AppsViewCellLayout: com.android.homescreen.apptray.AppsViewCellLayout{d4e6f99 V.ED..... .......D 721,45-1391,1441}[a=1.0,v=0,sId=1] setAlpha : 1.0
05-12 20:46:31.814  1216  3100 I InputMethodBindingController: setCurrentMethodNotVisible: mVisibleBound=false, mHasConnection=true, caller = com.android.server.inputmethod.InputMethodManagerService.hideCurrentInputLocked:4356 com.android.server.inputmethod.InputMethodManagerService.hideSoftInput:4294 com.android.internal.view.IInputMethodManager$Stub.onTransact:488 com.android.server.inputmethod.InputMethodManagerService.onTransact:2302 android.os.Binder.execTransactInternal:1316 android.os.Binder.execTransact:1280 <bottom of call stack> <bottom of call stack> <bottom of call stack> <bottom of call stack> 
05-12 20:46:31.814  2335  2335 I Launcher.AppsViewCellLayout: com.android.homescreen.apptray.AppsViewCellLayout{d4e6f99 V.ED..... .......D 721,45-1391,1441}[a=1.0,v=0,sId=1] setAlpha : 1.0
05-12 20:46:31.814  1902  1922 D WallpaperService: dispatchAppVisibility onVisibilityChanged(): true
05-12 20:46:31.814  1902  1902 D WallpaperService: updateSurface forceRelayout=true forceReport=false redrawNeeded=false myWidth=1200 myHeight=1200 fixedSize=true x = 0 y = 0 mWidth=1200 mHeight=1200 mIsSleepMode=false
05-12 20:46:31.815  1902  1902 D WallpaperService: mDeviceHeight : 1600, mDeviceWidth : 720,mDeviceRotation  : 0
05-12 20:46:31.815  7896  7896 I bxmb    : onResume
05-12 20:46:31.815  2335  2335 I DecorView: notifyKeepScreenOnChanged: keepScreenOn=false
05-12 20:46:31.815  2335  2652 I SPayUpdater: updateSpayHandler, show = false, defaultPage = false
05-12 20:46:31.816  2335  2335 I Launcher: setWallpaperOffsets
05-12 20:46:31.816  2335  5383 I Launcher: DisplayMetrics from Resources : DisplayMetrics{density=1.875, width=720, height=1467, scaledDensity=1.875, xdpi=268.941, ydpi=269.139}
05-12 20:46:31.816  2335  5383 I Launcher: realMetrics from Wm : DisplayMetrics{density=1.875, width=720, height=1600, scaledDensity=1.875, xdpi=268.941, ydpi=269.139}
05-12 20:46:31.816  2335  5383 I Launcher: Launcher DeviceProfile onResume availSize: 720x1510 windowSize: 720x1600 isLandscape: false
05-12 20:46:31.816  2335  2335 I DecorView: notifyKeepScreenOnChanged: keepScreenOn=false
