05-12 20:46:29.195  1216  1250 D SGM:FgCheckThread: noteResumeComponent(), received pkgName: com.example.audioanalyser, userId: 0
05-12 20:46:29.195  1216  1421 D SGM:FgCheckThread: onLooperPrepared(), msg: MSG_APP_RESUME, pkgName: com.example.audioanalyser, userid: 0
05-12 20:46:29.195  1216  1421 D SGM:FgCheckThread: handleResume().
05-12 20:46:29.195  1216  1421 D SGM:FgCheckThread:   handleResume(). same package with Prev KILL_YOURSELF. ignore
05-12 20:46:29.195  1216  1250 I ActivityManager: Changes in 10551 19 to 2, 0 to 15
05-12 20:46:29.195  1216  1250 I AppOps  : updateUidProcState uid: 10551 procState: 2 capability:15
05-12 20:46:29.196  1216  1250 I AppOps  : commitUidPendingStateLocked() :: UID - 10551, 700 > 200, 0 > 15
05-12 20:46:29.196  1216  1250 I ActivityManager: updateOomAdj start time is before than pendingPid added, don't delete it
05-12 20:46:29.196  9814  9814 D CompatibilityChangeReporter: Compat change id reported: 171979766; UID 10551; state: ENABLED
05-12 20:46:29.196  4179  7746 I ejla    : (REDACTED) HDM. appOpsListener %s %s
05-12 20:46:29.196  4179  7746 I ejla    : (REDACTED) HDM. Ignoring irrelevant audio permission changes for package %s
05-12 20:46:29.206   899   899 D SurfaceFlinger: Display 0 HWC layers:
05-12 20:46:29.206   899   899 D SurfaceFlinger:      DEVICE | 0xb400007dab056e80 | 0100 | RGBx_8888    |  330.0    0.0  870.0 1200.0 |    0    0  720 1600 | Wallpaper BBQ wrapper#89
05-12 20:46:29.206   899   899 D SurfaceFlinger:      DEVICE | 0xb400007daafaa080 | 0100 | RGBA_8888    |    0.0    0.0  720.0 1600.0 |    0    0  720 1600 | com.sec.android.app.launcher/com.sec[...]ivities.LauncherActivity$_2335#27254
05-12 20:46:29.206   899   899 D SurfaceFlinger:      CLIENT | 0xb400007dd5e9e780 | 0100 | RGBA_8888    |    0.0    0.0  720.0 1600.0 |   22   49  698 1551 | Splash Screen com.example.audioanalyser$_1902#27259
05-12 20:46:29.206   899   899 D SurfaceFlinger:      CLIENT | 0xb400007dab054a80 | 0100 | RGBA_8888    |    0.0    0.0  720.0   45.0 |    0    0  720   45 | StatusBar$_1902#97
05-12 20:46:29.206   899   899 D SurfaceFlinger:      CLIENT | 0xb400007dab054c00 | 0100 | RGBA_8888    |    0.0    0.0  720.0   90.0 |    0 1510  720 1600 | NavigationBar0$_1902#91
05-12 20:46:29.206   899   899 D SurfaceFlinger:      DEVICE | 0xb400007dab056280 | 0108 | RGBA_8888    |    0.0    0.0  720.0 1600.0 |    0    0  720 1600 | $_1902#93
05-12 20:46:29.206   899   899 D SurfaceFlinger: 
05-12 20:46:29.220   899   899 D SurfaceFlinger: Display 0 HWC layers:
05-12 20:46:29.220   899   899 D SurfaceFlinger:      DEVICE | 0xb400007dab056e80 | 0100 | RGBx_8888    |  330.0    0.0  870.0 1200.0 |    0    0  720 1600 | Wallpaper BBQ wrapper#89
05-12 20:46:29.220   899   899 D SurfaceFlinger:      DEVICE | 0xb400007daafaa080 | 0100 | RGBA_8888    |    0.0    0.0  720.0 1600.0 |    0    0  720 1600 | com.sec.android.app.launcher/com.sec[...]ivities.LauncherActivity$_2335#27254
05-12 20:46:29.220   899   899 D SurfaceFlinger:      CLIENT | 0xb400007dd5e9e780 | 0100 | RGBA_8888    |    0.0    0.0  720.0 1600.0 |   18   40  702 1560 | Splash Screen com.example.audioanalyser$_1902#27259
05-12 20:46:29.220   899   899 D SurfaceFlinger:      CLIENT | 0xb400007dab054a80 | 0100 | RGBA_8888    |    0.0    0.0  720.0   45.0 |    0    0  720   45 | StatusBar$_1902#97
05-12 20:46:29.220   899   899 D SurfaceFlinger:      CLIENT | 0xb400007dab054c00 | 0100 | RGBA_8888    |    0.0    0.0  720.0   90.0 |    0 1510  720 1600 | NavigationBar0$_1902#91
05-12 20:46:29.220   899   899 D SurfaceFlinger:      DEVICE | 0xb400007dab056280 | 0108 | RGBA_8888    |    0.0    0.0  720.0 1600.0 |    0    0  720 1600 | $_1902#93
05-12 20:46:29.220   899   899 D SurfaceFlinger: 
05-12 20:46:29.237   899   899 D SurfaceFlinger: Display 0 HWC layers:
05-12 20:46:29.237   899   899 D SurfaceFlinger:      DEVICE | 0xb400007dab056e80 | 0100 | RGBx_8888    |  330.0    0.0  870.0 1200.0 |    0    0  720 1600 | Wallpaper BBQ wrapper#89
05-12 20:46:29.237   899   899 D SurfaceFlinger:      DEVICE | 0xb400007daafaa080 | 0100 | RGBA_8888    |    0.0    0.0  720.0 1600.0 |    0    0  720 1600 | com.sec.android.app.launcher/com.sec[...]ivities.LauncherActivity$_2335#27254
05-12 20:46:29.237   899   899 D SurfaceFlinger:      CLIENT | 0xb400007dd5e9e780 | 0100 | RGBA_8888    |    0.0    0.0  720.0 1600.0 |   15   33  705 1567 | Splash Screen com.example.audioanalyser$_1902#27259
05-12 20:46:29.237   899   899 D SurfaceFlinger:      CLIENT | 0xb400007dab054a80 | 0100 | RGBA_8888    |    0.0    0.0  720.0   45.0 |    0    0  720   45 | StatusBar$_1902#97
05-12 20:46:29.237   899   899 D SurfaceFlinger:      CLIENT | 0xb400007dab054c00 | 0100 | RGBA_8888    |    0.0    0.0  720.0   90.0 |    0 1510  720 1600 | NavigationBar0$_1902#91
05-12 20:46:29.237   899   899 D SurfaceFlinger:      DEVICE | 0xb400007dab056280 | 0108 | RGBA_8888    |    0.0    0.0  720.0 1600.0 |    0    0  720 1600 | $_1902#93
05-12 20:46:29.237   899   899 D SurfaceFlinger: 
05-12 20:46:29.253   899   899 D SurfaceFlinger: Display 0 HWC layers:
05-12 20:46:29.253   899   899 D SurfaceFlinger:      DEVICE | 0xb400007dab056e80 | 0100 | RGBx_8888    |  330.0    0.0  870.0 1200.0 |    0    0  720 1600 | Wallpaper BBQ wrapper#89
05-12 20:46:29.253   899   899 D SurfaceFlinger:      DEVICE | 0xb400007daafaa080 | 0100 | RGBA_8888    |    0.0    0.0  720.0 1600.0 |    0    0  720 1600 | com.sec.android.app.launcher/com.sec[...]ivities.LauncherActivity$_2335#27254
05-12 20:46:29.253   899   899 D SurfaceFlinger:      CLIENT | 0xb400007dd5e9e780 | 0100 | RGBA_8888    |    0.0    0.0  720.0 1600.0 |   12   26  708 1574 | Splash Screen com.example.audioanalyser$_1902#27259
05-12 20:46:29.253   899   899 D SurfaceFlinger:      CLIENT | 0xb400007dab054a80 | 0100 | RGBA_8888    |    0.0    0.0  720.0   45.0 |    0    0  720   45 | StatusBar$_1902#97
05-12 20:46:29.253   899   899 D SurfaceFlinger:      CLIENT | 0xb400007dab054c00 | 0100 | RGBA_8888    |    0.0    0.0  720.0   90.0 |    0 1510  720 1600 | NavigationBar0$_1902#91
05-12 20:46:29.253   899   899 D SurfaceFlinger:      DEVICE | 0xb400007dab056280 | 0108 | RGBA_8888    |    0.0    0.0  720.0 1600.0 |    0    0  720 1600 | $_1902#93
05-12 20:46:29.253   899   899 D SurfaceFlinger: 
05-12 20:46:29.268   899   899 D SurfaceFlinger: Display 0 HWC layers:
05-12 20:46:29.268   899   899 D SurfaceFlinger:      DEVICE | 0xb400007dab056e80 | 0100 | RGBx_8888    |  330.0    0.0  870.0 1200.0 |    0    0  720 1600 | Wallpaper BBQ wrapper#89
05-12 20:46:29.268   899   899 D SurfaceFlinger:      DEVICE | 0xb400007daafaa080 | 0100 | RGBA_8888    |    0.0    0.0  720.0 1600.0 |    0    0  720 1600 | com.sec.android.app.launcher/com.sec[...]ivities.LauncherActivity$_2335#27254
05-12 20:46:29.268   899   899 D SurfaceFlinger:      CLIENT | 0xb400007dd5e9e780 | 0100 | RGBA_8888    |    0.0    0.0  720.0 1600.0 |   10   21  710 1579 | Splash Screen com.example.audioanalyser$_1902#27259
05-12 20:46:29.268   899   899 D SurfaceFlinger:      CLIENT | 0xb400007dab054a80 | 0100 | RGBA_8888    |    0.0    0.0  720.0   45.0 |    0    0  720   45 | StatusBar$_1902#97
05-12 20:46:29.268   899   899 D SurfaceFlinger:      CLIENT | 0xb400007dab054c00 | 0100 | RGBA_8888    |    0.0    0.0  720.0   90.0 |    0 1510  720 1600 | NavigationBar0$_1902#91
05-12 20:46:29.268   899   899 D SurfaceFlinger:      DEVICE | 0xb400007dab056280 | 0108 | RGBA_8888    |    0.0    0.0  720.0 1600.0 |    0    0  720 1600 | $_1902#93
05-12 20:46:29.268   899   899 D SurfaceFlinger: 
05-12 20:46:29.285   899   899 D SurfaceFlinger: Display 0 HWC layers:
05-12 20:46:29.285   899   899 D SurfaceFlinger:      DEVICE | 0xb400007dab056e80 | 0100 | RGBx_8888    |  330.0    0.0  870.0 1200.0 |    0    0  720 1600 | Wallpaper BBQ wrapper#89
05-12 20:46:29.285   899   899 D SurfaceFlinger:      DEVICE | 0xb400007daafaa080 | 0100 | RGBA_8888    |    0.0    0.0  720.0 1600.0 |    0    0  720 1600 | com.sec.android.app.launcher/com.sec[...]ivities.LauncherActivity$_2335#27254
05-12 20:46:29.285   899   899 D SurfaceFlinger:      CLIENT | 0xb400007dd5e9e780 | 0100 | RGBA_8888    |    0.0    0.0  720.0 1600.0 |    8   17  712 1583 | Splash Screen com.example.audioanalyser$_1902#27259
05-12 20:46:29.285   899   899 D SurfaceFlinger:      CLIENT | 0xb400007dab054a80 | 0100 | RGBA_8888    |    0.0    0.0  720.0   45.0 |    0    0  720   45 | StatusBar$_1902#97
05-12 20:46:29.285   899   899 D SurfaceFlinger:      CLIENT | 0xb400007dab054c00 | 0100 | RGBA_8888    |    0.0    0.0  720.0   90.0 |    0 1510  720 1600 | NavigationBar0$_1902#91
05-12 20:46:29.285   899   899 D SurfaceFlinger:      DEVICE | 0xb400007dab056280 | 0108 | RGBA_8888    |    0.0    0.0  720.0 1600.0 |    0    0  720 1600 | $_1902#93
05-12 20:46:29.285   899   899 D SurfaceFlinger: 
05-12 20:46:29.301   899   899 D SurfaceFlinger: Display 0 HWC layers:
05-12 20:46:29.301   899   899 D SurfaceFlinger:      DEVICE | 0xb400007dab056e80 | 0100 | RGBx_8888    |  330.0    0.0  870.0 1200.0 |    0    0  720 1600 | Wallpaper BBQ wrapper#89
05-12 20:46:29.301   899   899 D SurfaceFlinger:      DEVICE | 0xb400007daafaa080 | 0100 | RGBA_8888    |    0.0    0.0  720.0 1600.0 |    0    0  720 1600 | com.sec.android.app.launcher/com.sec[...]ivities.LauncherActivity$_2335#27254
05-12 20:46:29.301   899   899 D SurfaceFlinger:      CLIENT | 0xb400007dd5e9e780 | 0100 | RGBA_8888    |    0.0    0.0  720.0 1600.0 |    6   13  714 1587 | Splash Screen com.example.audioanalyser$_1902#27259
05-12 20:46:29.301   899   899 D SurfaceFlinger:      CLIENT | 0xb400007dab054a80 | 0100 | RGBA_8888    |    0.0    0.0  720.0   45.0 |    0    0  720   45 | StatusBar$_1902#97
05-12 20:46:29.301   899   899 D SurfaceFlinger:      CLIENT | 0xb400007dab054c00 | 0100 | RGBA_8888    |    0.0    0.0  720.0   90.0 |    0 1510  720 1600 | NavigationBar0$_1902#91
05-12 20:46:29.301   899   899 D SurfaceFlinger:      DEVICE | 0xb400007dab056280 | 0108 | RGBA_8888    |    0.0    0.0  720.0 1600.0 |    0    0  720 1600 | $_1902#93
05-12 20:46:29.301   899   899 D SurfaceFlinger: 
05-12 20:46:29.317   899   899 D SurfaceFlinger: Display 0 HWC layers:
05-12 20:46:29.317   899   899 D SurfaceFlinger:      DEVICE | 0xb400007dab056e80 | 0100 | RGBx_8888    |  330.0    0.0  870.0 1200.0 |    0    0  720 1600 | Wallpaper BBQ wrapper#89
05-12 20:46:29.317   899   899 D SurfaceFlinger:      DEVICE | 0xb400007daafaa080 | 0100 | RGBA_8888    |    0.0    0.0  720.0 1600.0 |    0    0  720 1600 | com.sec.android.app.launcher/com.sec[...]ivities.LauncherActivity$_2335#27254
05-12 20:46:29.317   899   899 D SurfaceFlinger:      CLIENT | 0xb400007dd5e9e780 | 0100 | RGBA_8888    |    0.0    0.0  720.0 1600.0 |    5   10  715 1590 | Splash Screen com.example.audioanalyser$_1902#27259
05-12 20:46:29.317   899   899 D SurfaceFlinger:      CLIENT | 0xb400007dab054a80 | 0100 | RGBA_8888    |    0.0    0.0  720.0   45.0 |    0    0  720   45 | StatusBar$_1902#97
05-12 20:46:29.317   899   899 D SurfaceFlinger:      CLIENT | 0xb400007dab054c00 | 0100 | RGBA_8888    |    0.0    0.0  720.0   90.0 |    0 1510  720 1600 | NavigationBar0$_1902#91
05-12 20:46:29.317   899   899 D SurfaceFlinger:      DEVICE | 0xb400007dab056280 | 0108 | RGBA_8888    |    0.0    0.0  720.0 1600.0 |    0    0  720 1600 | $_1902#93
05-12 20:46:29.317   899   899 D SurfaceFlinger: 
05-12 20:46:29.334   899   899 D SurfaceFlinger: Display 0 HWC layers:
05-12 20:46:29.334   899   899 D SurfaceFlinger:      DEVICE | 0xb400007dab056e80 | 0100 | RGBx_8888    |  330.0    0.0  870.0 1200.0 |    0    0  720 1600 | Wallpaper BBQ wrapper#89
05-12 20:46:29.334   899   899 D SurfaceFlinger:      DEVICE | 0xb400007daafaa080 | 0100 | RGBA_8888    |    0.0    0.0  720.0 1600.0 |    0    0  720 1600 | com.sec.android.app.launcher/com.sec[...]ivities.LauncherActivity$_2335#27254
05-12 20:46:29.334   899   899 D SurfaceFlinger:      CLIENT | 0xb400007dd5e9e780 | 0100 | RGBA_8888    |    0.0    0.0  720.0 1600.0 |    3    8  717 1592 | Splash Screen com.example.audioanalyser$_1902#27259
05-12 20:46:29.334   899   899 D SurfaceFlinger:      CLIENT | 0xb400007dab054a80 | 0100 | RGBA_8888    |    0.0    0.0  720.0   45.0 |    0    0  720   45 | StatusBar$_1902#97
05-12 20:46:29.334   899   899 D SurfaceFlinger:      CLIENT | 0xb400007dab054c00 | 0100 | RGBA_8888    |    0.0    0.0  720.0   90.0 |    0 1510  720 1600 | NavigationBar0$_1902#91
05-12 20:46:29.334   899   899 D SurfaceFlinger:      DEVICE | 0xb400007dab056280 | 0108 | RGBA_8888    |    0.0    0.0  720.0 1600.0 |    0    0  720 1600 | $_1902#93
05-12 20:46:29.334   899   899 D SurfaceFlinger: 
05-12 20:46:29.336  1216  2201 D MdnieScenarioControlService:  packageName : com.example.audioanalyser    className : com.example.audioanalyser.MainActivity
05-12 20:46:29.336  1216  2201 V MdnieScenarioControlService: setUIMode from UI function(3)
05-12 20:46:29.350   899   899 D SurfaceFlinger: Display 0 HWC layers:
05-12 20:46:29.350   899   899 D SurfaceFlinger:      DEVICE | 0xb400007dab056e80 | 0100 | RGBx_8888    |  330.0    0.0  870.0 1200.0 |    0    0  720 1600 | Wallpaper BBQ wrapper#89
05-12 20:46:29.350   899   899 D SurfaceFlinger:      DEVICE | 0xb400007daafaa080 | 0100 | RGBA_8888    |    0.0    0.0  720.0 1600.0 |    0    0  720 1600 | com.sec.android.app.launcher/com.sec[...]ivities.LauncherActivity$_2335#27254
05-12 20:46:29.350   899   899 D SurfaceFlinger:      CLIENT | 0xb400007dd5e9e780 | 0100 | RGBA_8888    |    0.0    0.0  720.0 1600.0 |    3    6  717 1594 | Splash Screen com.example.audioanalyser$_1902#27259
05-12 20:46:29.350   899   899 D SurfaceFlinger:      CLIENT | 0xb400007dab054a80 | 0100 | RGBA_8888    |    0.0    0.0  720.0   45.0 |    0    0  720   45 | StatusBar$_1902#97
05-12 20:46:29.350   899   899 D SurfaceFlinger:      CLIENT | 0xb400007dab054c00 | 0100 | RGBA_8888    |    0.0    0.0  720.0   90.0 |    0 1510  720 1600 | NavigationBar0$_1902#91
05-12 20:46:29.350   899   899 D SurfaceFlinger:      DEVICE | 0xb400007dab056280 | 0108 | RGBA_8888    |    0.0    0.0  720.0 1600.0 |    0    0  720 1600 | $_1902#93
05-12 20:46:29.350   899   899 D SurfaceFlinger: 
05-12 20:46:29.367   899   899 D SurfaceFlinger: Display 0 HWC layers:
05-12 20:46:29.367   899   899 D SurfaceFlinger:      DEVICE | 0xb400007dab056e80 | 0100 | RGBx_8888    |  330.0    0.0  870.0 1200.0 |    0    0  720 1600 | Wallpaper BBQ wrapper#89
05-12 20:46:29.367   899   899 D SurfaceFlinger:      DEVICE | 0xb400007daafaa080 | 0100 | RGBA_8888    |    0.0    0.0  720.0 1600.0 |    0    0  720 1600 | com.sec.android.app.launcher/com.sec[...]ivities.LauncherActivity$_2335#27254
05-12 20:46:29.367   899   899 D SurfaceFlinger:      CLIENT | 0xb400007dd5e9e780 | 0100 | RGBA_8888    |    0.0    0.0  720.0 1600.0 |    2    4  718 1596 | Splash Screen com.example.audioanalyser$_1902#27259
05-12 20:46:29.367   899   899 D SurfaceFlinger:      CLIENT | 0xb400007dab054a80 | 0100 | RGBA_8888    |    0.0    0.0  720.0   45.0 |    0    0  720   45 | StatusBar$_1902#97
05-12 20:46:29.367   899   899 D SurfaceFlinger:      CLIENT | 0xb400007dab054c00 | 0100 | RGBA_8888    |    0.0    0.0  720.0   90.0 |    0 1510  720 1600 | NavigationBar0$_1902#91
05-12 20:46:29.367   899   899 D SurfaceFlinger:      DEVICE | 0xb400007dab056280 | 0108 | RGBA_8888    |    0.0    0.0  720.0 1600.0 |    0    0  720 1600 | $_1902#93
05-12 20:46:29.367   899   899 D SurfaceFlinger: 
05-12 20:46:29.384   899   899 D SurfaceFlinger: Display 0 HWC layers:
05-12 20:46:29.384   899   899 D SurfaceFlinger:      DEVICE | 0xb400007dab056e80 | 0100 | RGBx_8888    |  330.0    0.0  870.0 1200.0 |    0    0  720 1600 | Wallpaper BBQ wrapper#89
05-12 20:46:29.384   899   899 D SurfaceFlinger:      DEVICE | 0xb400007daafaa080 | 0100 | RGBA_8888    |    0.0    0.0  720.0 1600.0 |    0    0  720 1600 | com.sec.android.app.launcher/com.sec[...]ivities.LauncherActivity$_2335#27254
05-12 20:46:29.384   899   899 D SurfaceFlinger:      CLIENT | 0xb400007dd5e9e780 | 0100 | RGBA_8888    |    0.0    0.0  720.0 1600.0 |    1    2  719 1598 | Splash Screen com.example.audioanalyser$_1902#27259
05-12 20:46:29.384   899   899 D SurfaceFlinger:      CLIENT | 0xb400007dab054a80 | 0100 | RGBA_8888    |    0.0    0.0  720.0   45.0 |    0    0  720   45 | StatusBar$_1902#97
05-12 20:46:29.384   899   899 D SurfaceFlinger:      CLIENT | 0xb400007dab054c00 | 0100 | RGBA_8888    |    0.0    0.0  720.0   90.0 |    0 1510  720 1600 | NavigationBar0$_1902#91
05-12 20:46:29.384   899   899 D SurfaceFlinger:      DEVICE | 0xb400007dab056280 | 0108 | RGBA_8888    |    0.0    0.0  720.0 1600.0 |    0    0  720 1600 | $_1902#93
05-12 20:46:29.384   899   899 D SurfaceFlinger: 
05-12 20:46:29.400   899   899 D SurfaceFlinger: Display 0 HWC layers:
05-12 20:46:29.400   899   899 D SurfaceFlinger:      DEVICE | 0xb400007dab056e80 | 0100 | RGBx_8888    |  330.0    0.0  870.0 1200.0 |    0    0  720 1600 | Wallpaper BBQ wrapper#89
05-12 20:46:29.400   899   899 D SurfaceFlinger:      DEVICE | 0xb400007daafaa080 | 0100 | RGBA_8888    |    0.0    0.0  720.0 1600.0 |    0    0  720 1600 | com.sec.android.app.launcher/com.sec[...]ivities.LauncherActivity$_2335#27254
05-12 20:46:29.400   899   899 D SurfaceFlinger:      CLIENT | 0xb400007dd5e9e780 | 0100 | RGBA_8888    |    0.0    0.0  720.0 1600.0 |    1    1  719 1599 | Splash Screen com.example.audioanalyser$_1902#27259
05-12 20:46:29.400   899   899 D SurfaceFlinger:      CLIENT | 0xb400007dab054a80 | 0100 | RGBA_8888    |    0.0    0.0  720.0   45.0 |    0    0  720   45 | StatusBar$_1902#97
05-12 20:46:29.400   899   899 D SurfaceFlinger:      CLIENT | 0xb400007dab054c00 | 0100 | RGBA_8888    |    0.0    0.0  720.0   90.0 |    0 1510  720 1600 | NavigationBar0$_1902#91
05-12 20:46:29.400   899   899 D SurfaceFlinger:      DEVICE | 0xb400007dab056280 | 0108 | RGBA_8888    |    0.0    0.0  720.0 1600.0 |    0    0  720 1600 | $_1902#93
05-12 20:46:29.400   899   899 D SurfaceFlinger: 
05-12 20:46:29.417   899   899 D SurfaceFlinger: Display 0 HWC layers:
05-12 20:46:29.417   899   899 D SurfaceFlinger:      DEVICE | 0xb400007dab056e80 | 0100 | RGBx_8888    |  330.0    0.0  870.0 1200.0 |    0    0  720 1600 | Wallpaper BBQ wrapper#89
05-12 20:46:29.417   899   899 D SurfaceFlinger:      DEVICE | 0xb400007daafaa080 | 0100 | RGBA_8888    |    0.0    0.0  720.0 1600.0 |    0    0  720 1600 | com.sec.android.app.launcher/com.sec[...]ivities.LauncherActivity$_2335#27254
05-12 20:46:29.417   899   899 D SurfaceFlinger:      CLIENT | 0xb400007dd5e9e780 | 0100 | RGBA_8888    |    0.0    0.0  720.0 1600.0 |    0    1  720 1599 | Splash Screen com.example.audioanalyser$_1902#27259
05-12 20:46:29.417   899   899 D SurfaceFlinger:      CLIENT | 0xb400007dab054a80 | 0100 | RGBA_8888    |    0.0    0.0  720.0   45.0 |    0    0  720   45 | StatusBar$_1902#97
05-12 20:46:29.417   899   899 D SurfaceFlinger:      CLIENT | 0xb400007dab054c00 | 0100 | RGBA_8888    |    0.0    0.0  720.0   90.0 |    0 1510  720 1600 | NavigationBar0$_1902#91
05-12 20:46:29.417   899   899 D SurfaceFlinger:      DEVICE | 0xb400007dab056280 | 0108 | RGBA_8888    |    0.0    0.0  720.0 1600.0 |    0    0  720 1600 | $_1902#93
05-12 20:46:29.417   899   899 D SurfaceFlinger: 
05-12 20:46:29.433   899   899 D SurfaceFlinger: Display 0 HWC layers:
05-12 20:46:29.433   899   899 D SurfaceFlinger:      DEVICE | 0xb400007dab056e80 | 0100 | RGBx_8888    |  330.0    0.0  870.0 1200.0 |    0    0  720 1600 | Wallpaper BBQ wrapper#89
05-12 20:46:29.433   899   899 D SurfaceFlinger:      DEVICE | 0xb400007daafaa080 | 0100 | RGBA_8888    |    0.0    0.0  720.0 1600.0 |    0    0  720 1600 | com.sec.android.app.launcher/com.sec[...]ivities.LauncherActivity$_2335#27254
05-12 20:46:29.433   899   899 D SurfaceFlinger:      CLIENT | 0xb400007dd5e9e780 | 0100 | RGBA_8888    |    0.0    0.0  720.0 1600.0 |    0    0  720 1600 | Splash Screen com.example.audioanalyser$_1902#27259
05-12 20:46:29.433   899   899 D SurfaceFlinger:      CLIENT | 0xb400007dab054a80 | 0100 | RGBA_8888    |    0.0    0.0  720.0   45.0 |    0    0  720   45 | StatusBar$_1902#97
05-12 20:46:29.433   899   899 D SurfaceFlinger:      CLIENT | 0xb400007dab054c00 | 0100 | RGBA_8888    |    0.0    0.0  720.0   90.0 |    0 1510  720 1600 | NavigationBar0$_1902#91
05-12 20:46:29.433   899   899 D SurfaceFlinger:      DEVICE | 0xb400007dab056280 | 0108 | RGBA_8888    |    0.0    0.0  720.0 1600.0 |    0    0  720 1600 | $_1902#93
05-12 20:46:29.433   899   899 D SurfaceFlinger: 
05-12 20:46:29.437  1216  2201 V MdnieScenarioControlService: mAclOffEnabled : false mAclPreviewState : false mAclCompensationState : false
05-12 20:46:29.438  1216  1251 I WindowManager: Reparenting to original parent: Surface(name=DefaultTaskDisplayArea)/@0x8137a89, destroy=true, surface=Surface(name=Task=1)/@0x8a3c190
05-12 20:46:29.438  1216  1251 V WindowManager: Setting visibility of Window{174032b u0 com.sec.android.app.launcher/com.sec.android.app.launcher.activities.LauncherActivity}: false, caller=com.android.server.wm.WindowContainer.sendAppVisibilityToClients:1246 com.android.server.wm.WindowToken.setClientVisible:431 com.android.server.wm.ActivityRecord.setClientVisible:7691 com.android.server.wm.ActivityRecord.onAnimationFinished:8590 com.android.server.wm.WindowContainer.doAnimationFinished:3483 
05-12 20:46:29.439  2335  2335 I ViewRootImpl@6dc6262[LauncherActivity]: handleAppVisibility mAppVisible = true visible = false
05-12 20:46:29.439  1216  1251 I WindowManager: Reparenting to original parent: Surface(name=DefaultTaskDisplayArea)/@0x8137a89, destroy=true, surface=Surface(name=Task=380)/@0xc05452e
05-12 20:46:29.440  1216  1251 V WindowManager: Setting visibility of Window{782b1f7 u0 com.android.systemui.ImageWallpaper}: false, caller=com.android.server.wm.WindowContainer.sendAppVisibilityToClients:1246 com.android.server.wm.WindowToken.setClientVisible:431 com.android.server.wm.WallpaperWindowToken.setVisible:160 com.android.server.wm.WallpaperWindowToken.updateWallpaperWindows:154 com.android.server.wm.WallpaperController.updateWallpaperTokens:676 
05-12 20:46:29.440  1902  1922 D WallpaperService: dispatchAppVisibility onVisibilityChanged(): false
05-12 20:46:29.441  1902  1902 D WallpaperService: reportVisibility onVisibilityChanged visible: false
05-12 20:46:29.441  1902  2045 I ImageWallpaper[GLEngine]:  onVisibilityChanged false , 0
05-12 20:46:29.446  1216  1250 D PowerManagerService: [api] setScreenDimDurationOverrideFromWindowManagerInternal: timeoutMillis: -1
05-12 20:46:29.447   899   899 D SurfaceFlinger: Display 0 HWC layers:
05-12 20:46:29.447   899   899 D SurfaceFlinger:      DEVICE | 0xb400007dab056e80 | 0100 | RGBx_8888    |  330.0    0.0  870.0 1200.0 |    0    0  720 1600 | Wallpaper BBQ wrapper#89
05-12 20:46:29.447   899   899 D SurfaceFlinger:      DEVICE | 0xb400007daafaa080 | 0100 | RGBA_8888    |    0.0    0.0  720.0 1600.0 |    0    0  720 1600 | com.sec.android.app.launcher/com.sec[...]ivities.LauncherActivity$_2335#27254
05-12 20:46:29.447   899   899 D SurfaceFlinger:      DEVICE | 0xb400007dd5e9e780 | 0100 | RGBA_8888    |    0.0    0.0  720.0 1600.0 |    0    0  720 1600 | Splash Screen com.example.audioanalyser$_1902#27259
05-12 20:46:29.447   899   899 D SurfaceFlinger:      DEVICE | 0xb400007dab054a80 | 0100 | RGBA_8888    |    0.0    0.0  720.0   45.0 |    0    0  720   45 | StatusBar$_1902#97
05-12 20:46:29.447   899   899 D SurfaceFlinger:      DEVICE | 0xb400007dab054c00 | 0100 | RGBA_8888    |    0.0    0.0  720.0   90.0 |    0 1510  720 1600 | NavigationBar0$_1902#91
05-12 20:46:29.447   899   899 D SurfaceFlinger:      DEVICE | 0xb400007dab056280 | 0108 | RGBA_8888    |    0.0    0.0  720.0 1600.0 |    0    0  720 1600 | $_1902#93
05-12 20:46:29.447   899   899 D SurfaceFlinger: 
05-12 20:46:29.454   899   899 I Layer   : id=27260 removeFromCurrentState Surface(name=Task=1)/@0x8a3c190 - animation-leash of app_transition#27260 (127)
05-12 20:46:29.454   899   899 I Layer   : id=27261 removeFromCurrentState Surface(name=Task=380)/@0xc05452e - animation-leash of app_transition#27261 (127)
05-12 20:46:29.454   899   899 I Layer   : Layer [com.sec.android.app.launcher/com.sec.android.app.launcher.activities.LauncherActivity$_2335#27254] hidden!! flag(1)
05-12 20:46:29.455   899   899 I SurfaceFlinger: id=27261 Removed Surface(name=Task=380)/@0xc05452e - animation-leash of app_transition#27261 (127)
05-12 20:46:29.455   899   899 I SurfaceFlinger: id=27260 Removed Surface(name=Task=1)/@0x8a3c190 - animation-leash of app_transition#27260 (127)
05-12 20:46:29.455   899   899 I Layer   : id=27260 Destroyed Surface(name=Task=1)/@0x8a3c190 - animation-leash of app_transition#27260
05-12 20:46:29.455   899   899 I Layer   : id=27261 Destroyed Surface(name=Task=380)/@0xc05452e - animation-leash of app_transition#27261
05-12 20:46:29.460  2335  2335 I ViewRootImpl@6dc6262[LauncherActivity]: performTraversals mFirst=false windowShouldResize=false viewVisibilityChanged=true mForceNextWindowRelayout=false params=null
05-12 20:46:29.461  1216  3669 V WindowManager: Relayout Window{174032b u0 com.sec.android.app.launcher/com.sec.android.app.launcher.activities.LauncherActivity}: viewVisibility=8 req=720x1600 d0
05-12 20:46:29.466   899   899 D SurfaceFlinger: Display 0 HWC layers:
05-12 20:46:29.466   899   899 D SurfaceFlinger:      DEVICE | 0xb400007dd5e9e780 | 0100 | RGBA_8888    |    0.0    0.0  720.0 1600.0 |    0    0  720 1600 | Splash Screen com.example.audioanalyser$_1902#27259
05-12 20:46:29.466   899   899 D SurfaceFlinger:      DEVICE | 0xb400007dab054a80 | 0100 | RGBA_8888    |    0.0    0.0  720.0   45.0 |    0    0  720   45 | StatusBar$_1902#97
05-12 20:46:29.466   899   899 D SurfaceFlinger:      DEVICE | 0xb400007dab054c00 | 0100 | RGBA_8888    |    0.0    0.0  720.0   90.0 |    0 1510  720 1600 | NavigationBar0$_1902#91
05-12 20:46:29.466   899   899 D SurfaceFlinger:      DEVICE | 0xb400007dab056280 | 0108 | RGBA_8888    |    0.0    0.0  720.0 1600.0 |    0    0  720 1600 | $_1902#93
05-12 20:46:29.466   899   899 D SurfaceFlinger: 
05-12 20:46:29.468  1216  3669 V WindowManager: Relayout hash=174032b, pid=2335, syncId=-1: mAttrs={(0,0)(fillxfill) sim={adjust=nothing forwardNavigation} layoutInDisplayCutoutMode=shortEdges ty=BASE_APPLICATION fmt=TRANSPARENT wanim=0x10302f4
05-12 20:46:29.468  1216  3669 V WindowManager:   fl=81910100
05-12 20:46:29.468  1216  3669 V WindowManager:   pfl=1e020040
05-12 20:46:29.468  1216  3669 V WindowManager:   vsysui=1700
05-12 20:46:29.468  1216  3669 V WindowManager:   bhv=SHOW_TRANSIENT_BARS_BY_SWIPE
05-12 20:46:29.468  1216  3669 V WindowManager:   fitSides= screenDimDuration=200000 naviIconColor=0}
05-12 20:46:29.472  2335  2335 I ViewRootImpl@6dc6262[LauncherActivity]: Relayout returned: old=(0,0,720,1600) new=(0,0,720,1600) req=(720,1600)8 dur=10 res=0x2 s={false 0x0} ch=true seqId=0
05-12 20:46:29.478   899   899 D SurfaceFlinger: Display 0 HWC layers:
05-12 20:46:29.478   899   899 D SurfaceFlinger:      DEVICE | 0xb400007dd5e9e780 | 0100 | RGBA_8888    |    0.0    0.0  720.0 1600.0 |    0    0  720 1600 | Splash Screen com.example.audioanalyser$_1902#27259
05-12 20:46:29.478   899   899 D SurfaceFlinger:      DEVICE | 0xb400007dab054a80 | 0100 | RGBA_8888    |    0.0    0.0  720.0   45.0 |    0    0  720   45 | StatusBar$_1902#97
05-12 20:46:29.478   899   899 D SurfaceFlinger:      DEVICE | 0xb400007dab055980 | 0100 | RGBA_8888    |    0.0    0.0  720.0   90.0 |    0 1510  720 1600 | NavigationBar0$_1902#91
05-12 20:46:29.478   899   899 D SurfaceFlinger:      DEVICE | 0xb400007dab056280 | 0108 | RGBA_8888    |    0.0    0.0  720.0 1600.0 |    0    0  720 1600 | $_1902#93
05-12 20:46:29.478   899   899 D SurfaceFlinger: 
05-12 20:46:29.493   899   899 D SurfaceFlinger: Display 0 HWC layers:
05-12 20:46:29.493   899   899 D SurfaceFlinger:      DEVICE | 0xb400007dd5e9e780 | 0100 | RGBA_8888    |    0.0    0.0  720.0 1600.0 |    0    0  720 1600 | Splash Screen com.example.audioanalyser$_1902#27259
05-12 20:46:29.493   899   899 D SurfaceFlinger:      DEVICE | 0xb400007dab054a80 | 0100 | RGBA_8888    |    0.0    0.0  720.0   45.0 |    0    0  720   45 | StatusBar$_1902#97
05-12 20:46:29.493   899   899 D SurfaceFlinger:      DEVICE | 0xb400007dab055b00 | 0100 | RGBA_8888    |    0.0    0.0  720.0   90.0 |    0 1510  720 1600 | NavigationBar0$_1902#91
05-12 20:46:29.493   899   899 D SurfaceFlinger:      DEVICE | 0xb400007dab056280 | 0108 | RGBA_8888    |    0.0    0.0  720.0 1600.0 |    0    0  720 1600 | $_1902#93
05-12 20:46:29.493   899   899 D SurfaceFlinger: 
05-12 20:46:29.525  7896  7896 I bxmb    : onPause
05-12 20:46:29.950  1216  1801 D SemWifiSwitchForIndividualAppsService: isPackageException - result:3, com.example.audioanalyser
05-12 20:46:30.007   899   899 D SurfaceFlinger: Display 0 HWC layers:
05-12 20:46:30.007   899   899 D SurfaceFlinger:      CLIENT | 0xb400007dd5e9e780 | 0100 | RGBA_8888    |    0.0    0.0  720.0 1600.0 |    0    0  720 1600 | Splash Screen com.example.audioanalyser$_1902#27259
05-12 20:46:30.007   899   899 D SurfaceFlinger:      CLIENT | 0xb400007dab054a80 | 0100 | RGBA_8888    |    0.0    0.0  720.0   45.0 |    0    0  720   45 | StatusBar$_1902#97
05-12 20:46:30.007   899   899 D SurfaceFlinger:      CLIENT | 0xb400007dab055b00 | 0100 | RGBA_8888    |    0.0    0.0  720.0   90.0 |    0 1510  720 1600 | NavigationBar0$_1902#91
05-12 20:46:30.007   899   899 D SurfaceFlinger:      CLIENT | 0xb400007dab056280 | 0108 | RGBA_8888    |    0.0    0.0  720.0 1600.0 |    0    0  720 1600 | $_1902#93
05-12 20:46:30.007   899   899 D SurfaceFlinger: 
05-12 20:46:30.169  9814  9814 D nativeloader: Configuring clns-4 for other apk /data/app/~~Uk6TxUht3szvdiWlcoxRSA==/com.example.audioanalyser-BjXuY83QhSXVs5pT5berdg==/base.apk. target_sdk_version=36, uses_libraries=, library_path=/data/app/~~Uk6TxUht3szvdiWlcoxRSA==/com.example.audioanalyser-BjXuY83QhSXVs5pT5berdg==/lib/arm64:/data/app/~~Uk6TxUht3szvdiWlcoxRSA==/com.example.audioanalyser-BjXuY83QhSXVs5pT5berdg==/base.apk!/lib/arm64-v8a, permitted_path=/data:/mnt/expand:/data/user/0/com.example.audioanalyser
05-12 20:46:30.184  9814  9814 D nativeloader: Load libframework-connectivity-jni.so using APEX ns com_android_tethering for caller /apex/com.android.tethering/javalib/framework-connectivity.jar: ok
05-12 20:46:30.192  9814  9814 V GraphicsEnvironment: ANGLE Developer option for 'com.example.audioanalyser' set to: 'default'
05-12 20:46:30.193  9814  9814 V GraphicsEnvironment: ANGLE GameManagerService for com.example.audioanalyser: false
05-12 20:46:30.193  9814  9814 V GraphicsEnvironment: Neither updatable production driver nor prerelease driver is supported.
05-12 20:46:30.200  9814  9814 D NetworkSecurityConfig: No Network Security Config specified, using platform default
05-12 20:46:30.280  9814  9814 D NetworkSecurityConfig: No Network Security Config specified, using platform default
05-12 20:46:30.354  9814  9830 D OpenGLRenderer: RenderThread::requireGlContext()
05-12 20:46:30.360   361   361 I hwservicemanager: getTransport: Cannot find entry android.hardware.configstore@1.0::ISurfaceFlingerConfigs/default in either framework or device VINTF manifest.
05-12 20:46:30.361  9814  9830 E OpenGLRenderer: Device claims wide gamut support, cannot find matching config, error = EGL_SUCCESS
05-12 20:46:30.373  9814  9830 D OpenGLRenderer: RenderThread::setGrContext()
05-12 20:46:30.456  1216  3669 I GenerationRegistry: mBackingStore.isClosed() : false
05-12 20:46:30.494   848  9807 I HYPER-HAL: [RequestManager.cpp]releaseLocked(): Released ID : 6342153
05-12 20:46:30.496  9814  9814 I DecorView: [INFO] isPopOver=false config=true
05-12 20:46:30.497  9814  9814 I DecorView: updateCaptionType: isFloating=false isApplication=true hasWindowDecorCaption=false this=DecorView@73a6c0b[]
05-12 20:46:30.497  9814  9814 D DecorView: setCaptionType = 0, this = DecorView@73a6c0b[]
05-12 20:46:30.505  9814  9814 I DecorView: getCurrentDensityDpi: from real metrics. densityDpi=300 msg=resources_loaded
05-12 20:46:30.506  9814  9814 I DecorView: setWindowBackground: isPopOver=false color=fff6f6f6 d=android.graphics.drawable.LayerDrawable@4c70501
05-12 20:46:30.575   398   398 D io_stats: !@ 179,0 r 107525316 1452399671 w 11261557 92293924 d 413457 20538248 f 0 0 iot 25971336 0 th 0 0 0 pt 0 inp 0 0 233522.699
05-12 20:46:30.598  9814  9814 I MSHandlerLifeCycle: check: return. pkg=com.example.audioanalyser parent=null callers=com.android.internal.policy.DecorView.setVisibility:4412 android.app.ActivityThread.handleResumeActivity:5476 android.app.servertransaction.ResumeActivityItem.execute:54 android.app.servertransaction.ActivityTransactionItem.execute:45 android.app.servertransaction.TransactionExecutor.executeLifecycleState:176 
05-12 20:46:30.599  9814  9814 I MSHandlerLifeCycle: removeMultiSplitHandler: no exist. decor=DecorView@73a6c0b[]
05-12 20:46:30.603  1902  1902 D SecPowerUI.Notification: showChargingNotice oldChargingType : 11 / currentChargingType : 11, oldChargingTime : 1766000 / mChargingTime : 1766000
05-12 20:46:30.603  1902  1902 D SecPowerUI.Notification: There is no change about charging status, so return!
05-12 20:46:30.610  9814  9830 D NativeCustomFrequencyManager: [NativeCFMS] BpCustomFrequencyManager::BpCustomFrequencyManager()
05-12 20:46:30.617  9814  9814 I DecorView: notifyKeepScreenOnChanged: keepScreenOn=false
05-12 20:46:30.619  1216  4029 D InputTransport: Input channel constructed: '3b2febc', fd=932
05-12 20:46:30.619  1216  4029 D InputTransport: Input channel constructed: '3b2febc', fd=937
05-12 20:46:30.619  1216  4029 D InputTransport: Input channel constructed: '3b2febc', fd=940
05-12 20:46:30.620   899   924 I SurfaceFlinger: id=27263 createSurf flag=80004, 3b2febc com.example.audioanalyser/com.example.audioanalyser.MainActivity#27263
05-12 20:46:30.621  1216  4029 D RestrictionPolicy: isScreenCaptureEnabled : ret=true userId=0
05-12 20:46:30.622  1216  4029 D InputTransport: Input channel destroyed: '3b2febc', fd=940
05-12 20:46:30.624   899   899 D SurfaceFlinger: Display 0 HWC layers:
05-12 20:46:30.624   899   899 D SurfaceFlinger:      DEVICE | 0xb400007dd5e9e780 | 0100 | RGBA_8888    |    0.0    0.0  720.0 1600.0 |    0    0  720 1600 | Splash Screen com.example.audioanalyser$_1902#27259
05-12 20:46:30.624   899   899 D SurfaceFlinger:      DEVICE | 0xb400007dab054a80 | 0100 | RGBA_8888    |    0.0    0.0  720.0   45.0 |    0    0  720   45 | StatusBar$_1902#97
05-12 20:46:30.624   899   899 D SurfaceFlinger:      DEVICE | 0xb400007dab055b00 | 0100 | RGBA_8888    |    0.0    0.0  720.0   90.0 |    0 1510  720 1600 | NavigationBar0$_1902#91
05-12 20:46:30.624   899   899 D SurfaceFlinger:      DEVICE | 0xb400007dab056280 | 0108 | RGBA_8888    |    0.0    0.0  720.0 1600.0 |    0    0  720 1600 | $_1902#93
05-12 20:46:30.624   899   899 D SurfaceFlinger: 
05-12 20:46:30.625   899  1455 D NativeSemDvfsManager: acquire:: timeout = 2000 mIsAcquired = 1  mTagName : SurfaceFlinger 
05-12 20:46:30.625  9814  9814 D InsetsController: onStateChanged: InsetsState: {mDisplayFrame=Rect(0, 0 - 720, 1600), mDisplayCutout=DisplayCutout{insets=Rect(0, 43 - 0, 0) waterfall=Insets{left=0, top=0, right=0, bottom=0} boundingRect={Bounds=[Rect(0, 0 - 0, 0), Rect(296, 0 - 424, 43), Rect(0, 0 - 0, 0), Rect(0, 0 - 0, 0)]} cutoutPathParserInfo={CutoutPathParserInfo{displayWidth=720 displayHeight=1600 physicalDisplayWidth=720 physicalDisplayHeight=1600 density={1.875} cutoutSpec={M 0,0 H -34.13333333333333 V 22.93333333333333 H 34.13333333333333 V 0 H 0 Z @dp} rotation={0} scale={1.0} physicalPixelDisplaySizeRatio={1.0}}}}, mRoundedCorners=RoundedCorners{[RoundedCorner{position=TopLeft, radius=60, center=Point(60, 60)}, RoundedCorner{position=TopRight, radius=60, center=Point(660, 60)}, RoundedCorner{position=BottomRight, radius=60, center=Point(660, 1540)}, RoundedCorner{position=BottomLeft, radius=60, center=Point(60, 1540)}]}  mRoundedCornerFrame=Rect(0, 0 - 720, 1600), mPrivacyIndicatorBounds=PrivacyIndicatorBounds {static bounds=Rect(637, 0 - 720, 45) rotation=0}, mSources= { InsetsSource: {mType=ITYPE_STATUS_BAR, mFrame=[0,0][720,45], mVisible=true, mInsetsRoundedCornerFrame=false}, InsetsSource: {mType=ITYPE_NAVIGATION_BAR, mFrame=[0,1510][720,1600], mVisible=true, mInsetsRoundedCornerFrame=false}, InsetsSource: {mType=ITYPE_LEFT_GESTURES, mFrame=[0,0][0,1600], mVisible=true, mInsetsRoundedCornerFrame=false}, InsetsSource: {mType=ITYPE_RIGHT_GESTURES, mFrame=[720,0][720,1600], mVisible=true, mInsetsRoundedCornerFrame=false}, InsetsSource: {mType=ITYPE_TOP_MANDATORY_GESTURES, mFrame=[0,0][720,66], mVisible=true, mInsetsRoundedCornerFrame=false}, InsetsSource: {mType=ITYPE_BOTTOM_MANDATORY_GESTURES, mFrame=[0,1510][720,1600], mVisible=true, mInsetsRoundedCornerFrame=false}, InsetsSource: {mType=ITYPE_LEFT_DISPLAY_CUTOUT, mFrame=[0,0][-100000,1600], mVisible=true, mInsetsRoundedCornerFrame=false}, InsetsSource: {mType=ITYPE_TOP_DISPLAY_CUTOUT, mFrame=[0,0][720,43], mVisible=true, mInsetsRoundedCornerFrame=false}, InsetsSource: {mType=ITYPE_RIGHT_DISPLAY_CUTOUT, mFrame=[100000,0][720,1600], mVisible=true, mInsetsRoundedCornerFrame=false}, InsetsSource: {mType=ITYPE_BOTTOM_DISPLAY_CUTOUT, mFrame=[0,100000][720,1600], mVisible=true, mInsetsRoundedCornerFrame=false}, InsetsSource: {mType=ITYPE_TOP_TAPPABLE_ELEMENT, mFrame=[0,0][720,45], mVisible=true, mInsetsRoundedCornerFrame=false}, InsetsSource: {mType=ITYPE_BOTTOM_TAPPABLE_ELEMENT, mFrame=[0,1510][720,1600], mVisible=true, mInsetsRoundedCornerFrame=false} } host=com.example.audioanalyser/com.example.audioanalyser.MainActivity from=android.view.ViewRootImpl.setView:1732
05-12 20:46:30.625   899  1455 E NativeCustomFrequencyManager: [NativeCFMS] BpCustomFrequencyManager::acquire()
05-12 20:46:30.625   848   910 I HYPER-HAL: [RequestManager.cpp]acquire(): Acquired ID : 1805050  [899 / 1000]    HINT : SF_GPU_MINLOCK    list : [TIMEOUT / 2000] 
05-12 20:46:30.629  1216  4029 D CoreBackPreview: Window{3b2febc u0 com.example.audioanalyser/com.example.audioanalyser.MainActivity}: Setting back callback OnBackInvokedCallbackInfo{mCallback=android.window.IOnBackInvokedCallback$Stub$Proxy@7ba99a, mPriority=0}
05-12 20:46:30.630  9814  9814 I ViewRootImpl@2fc511d[MainActivity]: setView = com.android.internal.policy.DecorView@73a6c0b TM=true
05-12 20:46:30.634  9814  9814 I MSHandlerLifeCycle: removeMultiSplitHandler: no exist. decor=DecorView@73a6c0b[MainActivity]
05-12 20:46:30.646   899   899 D SurfaceFlinger: Display 0 HWC layers:
05-12 20:46:30.646   899   899 D SurfaceFlinger:      DEVICE | 0xb400007dd5e9e780 | 0100 | RGBA_8888    |    0.0    0.0  720.0 1600.0 |    0    0  720 1600 | Splash Screen com.example.audioanalyser$_1902#27259
05-12 20:46:30.646   899   899 D SurfaceFlinger:      DEVICE | 0xb400007dab054a80 | 0100 | RGBA_8888    |    0.0    0.0  720.0   45.0 |    0    0  720   45 | StatusBar$_1902#97
05-12 20:46:30.646   899   899 D SurfaceFlinger:      DEVICE | 0xb400007dab055b00 | 0100 | RGBA_8888    |    0.0    0.0  720.0   90.0 |    0 1510  720 1600 | NavigationBar0$_1902#91
05-12 20:46:30.646   899   899 D SurfaceFlinger:      DEVICE | 0xb400007dab056280 | 0108 | RGBA_8888    |    0.0    0.0  720.0 1600.0 |    0    0  720 1600 | $_1902#93
05-12 20:46:30.646   899   899 D SurfaceFlinger: 
05-12 20:46:30.979   848  9806 I HYPER-HAL: [RequestManager.cpp]releaseLocked(): Released ID : 1238308
05-12 20:46:31.045  1216  4029 I GenerationRegistry: mBackingStore.isClosed() : false
05-12 20:46:31.074  3549  4074 I SDHMS:D : SIOP:: AP:397 BAT:368 USB:0 CHG:410 PA:430 BLK:0 SUBBAT:0 SKIN:355 SKINF:342 SKINB:355 LRP:355 LRF:342 LRB:355 
05-12 20:46:31.161   899   899 D SurfaceFlinger: Display 0 HWC layers:
05-12 20:46:31.161   899   899 D SurfaceFlinger:      CLIENT | 0xb400007dd5e9e780 | 0100 | RGBA_8888    |    0.0    0.0  720.0 1600.0 |    0    0  720 1600 | Splash Screen com.example.audioanalyser$_1902#27259
05-12 20:46:31.161   899   899 D SurfaceFlinger:      CLIENT | 0xb400007dab054a80 | 0100 | RGBA_8888    |    0.0    0.0  720.0   45.0 |    0    0  720   45 | StatusBar$_1902#97
05-12 20:46:31.161   899   899 D SurfaceFlinger:      CLIENT | 0xb400007dab055b00 | 0100 | RGBA_8888    |    0.0    0.0  720.0   90.0 |    0 1510  720 1600 | NavigationBar0$_1902#91
05-12 20:46:31.161   899   899 D SurfaceFlinger:      CLIENT | 0xb400007dab056280 | 0108 | RGBA_8888    |    0.0    0.0  720.0 1600.0 |    0    0  720 1600 | $_1902#93
05-12 20:46:31.161   899   899 D SurfaceFlinger: 
05-12 20:46:31.195  9814  9814 I e.audioanalyser: hiddenapi: Accessing hidden method Landroid/os/SystemProperties;->addChangeCallback(Ljava/lang/Runnable;)V (runtime_flags=0, domain=platform, api=unsupported) from Landroidx/compose/ui/platform/AndroidComposeView$Companion; (domain=app, TargetSdkVersion=36) using reflection: allowed
05-12 20:46:31.663  9814  9814 E ComposeInternal: Error was captured in composition.
05-12 20:46:31.663  9814  9814 E ComposeInternal: java.lang.IllegalArgumentException: Only VectorDrawables and rasterized asset types are supported ex. PNG, JPG, WEBP
05-12 20:46:31.663  9814  9814 E ComposeInternal: 	at androidx.compose.ui.res.PainterResources_androidKt.loadVectorResource(PainterResources.android.kt:95)
05-12 20:46:31.663  9814  9814 E ComposeInternal: 	at androidx.compose.ui.res.PainterResources_androidKt.painterResource(PainterResources.android.kt:67)
05-12 20:46:31.663  9814  9814 E ComposeInternal: 	at com.example.audioanalyser.ComposableSingletons$MainActivityKt.lambda__443045720$lambda$5(MainActivity.kt:603)
05-12 20:46:31.663  9814  9814 E ComposeInternal: 	at com.example.audioanalyser.ComposableSingletons$MainActivityKt$$ExternalSyntheticLambda43.invoke(D8$$SyntheticClass:0)
05-12 20:46:31.663  9814  9814 E ComposeInternal: 	at androidx.compose.runtime.internal.ComposableLambdaImpl.invoke(ComposableLambda.kt:122)
05-12 20:46:31.663  9814  9814 E ComposeInternal: 	at androidx.compose.runtime.internal.ComposableLambdaImpl.invoke(ComposableLambda.kt:52)
05-12 20:46:31.663  9814  9814 E ComposeInternal: 	at androidx.compose.runtime.CompositionLocalKt.CompositionLocalProvider(CompositionLocal.kt:378)
05-12 20:46:31.663  9814  9814 E ComposeInternal: 	at androidx.compose.material3.internal.ProvideContentColorTextStyleKt.ProvideContentColorTextStyle-3J-VO9M(ProvideContentColorTextStyle.kt:41)
05-12 20:46:31.663  9814  9814 E ComposeInternal: 	at androidx.compose.material3.AppBarKt.TopAppBarLayout-lyUyIHI(AppBar.kt:3038)
05-12 20:46:31.663  9814  9814 E ComposeInternal: 	at androidx.compose.material3.AppBarKt.access$TopAppBarLayout-lyUyIHI(AppBar.kt:1)
05-12 20:46:31.663  9814  9814 E ComposeInternal: 	at androidx.compose.material3.DefaultSingleRowTopAppBarOverride.SingleRowTopAppBar(AppBar.kt:2584)
05-12 20:46:31.663  9814  9814 E ComposeInternal: 	at androidx.compose.material3.AppBarKt.SingleRowTopAppBar-wn8IZOc(AppBar.kt:2501)
05-12 20:46:31.663  9814  9814 E ComposeInternal: 	at androidx.compose.material3.AppBarKt.CenterAlignedTopAppBar-GHTll3U(AppBar.kt:350)
05-12 20:46:31.663  9814  9814 E ComposeInternal: 	at com.example.audioanalyser.MainActivityKt.AudioAnalyserContent$lambda$160(MainActivity.kt:599)
05-12 20:46:31.663  9814  9814 E ComposeInternal: 	at com.example.audioanalyser.MainActivityKt$$ExternalSyntheticLambda24.invoke(D8$$SyntheticClass:0)
05-12 20:46:31.663  9814  9814 E ComposeInternal: 	at androidx.compose.runtime.internal.ComposableLambdaImpl.invoke(ComposableLambda.kt:122)
05-12 20:46:31.663  9814  9814 E ComposeInternal: 	at androidx.compose.runtime.internal.ComposableLambdaImpl.invoke(ComposableLambda.kt:52)
05-12 20:46:31.663  9814  9814 E ComposeInternal: 	at androidx.compose.material3.ScaffoldKt$ScaffoldLayout$topBarContent$1$1.invoke(Scaffold.kt:159)
05-12 20:46:31.663  9814  9814 E ComposeInternal: 	at androidx.compose.material3.ScaffoldKt$ScaffoldLayout$topBarContent$1$1.invoke(Scaffold.kt:159)
05-12 20:46:31.663  9814  9814 E ComposeInternal: 	at androidx.compose.runtime.internal.ComposableLambdaImpl.invoke(ComposableLambda.kt:122)
05-12 20:46:31.663  9814  9814 E ComposeInternal: 	at androidx.compose.runtime.internal.ComposableLambdaImpl.invoke(ComposableLambda.kt:52)
05-12 20:46:31.663  9814  9814 E ComposeInternal: 	at androidx.compose.runtime.internal.Expect_jvmKt.invokeComposable(Expect.jvm.kt:24)
05-12 20:46:31.663  9814  9814 E ComposeInternal: 	at androidx.compose.runtime.ComposerImpl.doCompose-aFTiNEg(ComposerImpl.kt:2647)
05-12 20:46:31.663  9814  9814 E ComposeInternal: 	at androidx.compose.runtime.ComposerImpl.composeContent--ZbOJvo$runtime(ComposerImpl.kt:2551)
05-12 20:46:31.663  9814  9814 E ComposeInternal: 	at androidx.compose.runtime.CompositionImpl.composeContent(Composition.kt:835)
05-12 20:46:31.663  9814  9814 E ComposeInternal: 	at androidx.compose.runtime.Recomposer.composeInitial$runtime(Recomposer.kt:1266)
05-12 20:46:31.663  9814  9814 E ComposeInternal: 	at androidx.compose.runtime.ComposerImpl$CompositionContextImpl.composeInitial$runtime(ComposerImpl.kt:2993)
05-12 20:46:31.663  9814  9814 E ComposeInternal: 	at androidx.compose.runtime.CompositionImpl.composeInitial(Composition.kt:672)
05-12 20:46:31.663  9814  9814 E ComposeInternal: 	at androidx.compose.runtime.CompositionImpl.setContent(Composition.kt:639)
05-12 20:46:31.663  9814  9814 E ComposeInternal: 	at androidx.compose.ui.layout.LayoutNodeSubcompositionsState.subcompose(SubcomposeLayout.kt:721)
05-12 20:46:31.663  9814  9814 E ComposeInternal: 	at androidx.compose.ui.layout.LayoutNodeSubcompositionsState.subcompose(SubcomposeLayout.kt:658)
05-12 20:46:31.663  9814  9814 E ComposeInternal: 	at androidx.compose.ui.layout.LayoutNodeSubcompositionsState.subcompose(SubcomposeLayout.kt:624)
05-12 20:46:31.663  9814  9814 E ComposeInternal: 	at androidx.compose.ui.layout.LayoutNodeSubcompositionsState$Scope.subcompose(SubcomposeLayout.kt:1352)
05-12 20:46:31.663  9814  9814 E ComposeInternal: 	at androidx.compose.material3.ScaffoldKt.ScaffoldLayout_FMILGgc$lambda$15$lambda$14(Scaffold.kt:177)
05-12 20:46:31.663  9814  9814 E ComposeInternal: 	at androidx.compose.material3.ScaffoldKt$$ExternalSyntheticLambda2.invoke(D8$$SyntheticClass:0)
05-12 20:46:31.663  9814  9814 E ComposeInternal: 	at androidx.compose.ui.layout.LayoutNodeSubcompositionsState$createMeasurePolicy$1.measure-3p2s80s(SubcomposeLayout.kt:955)
05-12 20:46:31.663  9814  9814 E ComposeInternal: 	at androidx.compose.ui.node.InnerNodeCoordinator.measure-BRTryo0(InnerNodeCoordinator.kt:128)
05-12 20:46:31.663  9814  9814 E ComposeInternal: 	at androidx.compose.ui.node.MeasurePassDelegate$performMeasureBlock$1.invoke(MeasurePassDelegate.kt:173)
05-12 20:46:31.663  9814  9814 E ComposeInternal: 	at androidx.compose.ui.node.MeasurePassDelegate$performMeasureBlock$1.invoke(MeasurePassDelegate.kt:172)
05-12 20:46:31.669  9814  9814 E ComposeInternal: 	at androidx.compose.runtime.snapshots.SnapshotStateObserver.observeReads(SnapshotStateObserver.kt:699)
05-12 20:46:31.669  9814  9814 E ComposeInternal: 	at androidx.compose.ui.node.MeasurePassDelegate.remeasure-BRTryo0(MeasurePassDelegate.kt:1064)
05-12 20:46:31.669  9814  9814 E ComposeInternal: 	at androidx.compose.ui.node.MeasurePassDelegate.measure-BRTryo0(MeasurePassDelegate.kt:470)
05-12 20:46:31.669  9814  9814 E ComposeInternal: 	at androidx.compose.foundation.layout.BoxMeasurePolicy.measure-3p2s80s(Box.kt:145)
05-12 20:46:31.669  9814  9814 E ComposeInternal: 	at androidx.compose.ui.node.InnerNodeCoordinator.measure-BRTryo0(InnerNodeCoordinator.kt:128)
05-12 20:46:31.669  9814  9814 E ComposeInternal: 	at androidx.compose.ui.graphics.SimpleGraphicsLayerModifier.measure-3p2s80s(GraphicsLayerModifier.kt:843)
05-12 20:46:31.669  9814  9814 E ComposeInternal: 	at androidx.compose.ui.node.LayoutModifierNodeCoordinator.measure-BRTryo0(LayoutModifierNodeCoordinator.kt:190)
05-12 20:46:31.669  9814  9814 E ComposeInternal: 	at androidx.compose.foundation.layout.FillNode.measure-3p2s80s(Size.kt:721)
05-12 20:46:31.669  9814  9814 E ComposeInternal: 	at androidx.compose.ui.node.LayoutModifierNodeCoordinator.measure-BRTryo0(LayoutModifierNodeCoordinator.kt:190)
05-12 20:46:31.669  9814  9814 E ComposeInternal: 	at androidx.compose.ui.node.MeasurePassDelegate$performMeasureBlock$1.invoke(MeasurePassDelegate.kt:173)
05-12 20:46:31.669  9814  9814 E ComposeInternal: 	at androidx.compose.ui.node.MeasurePassDelegate$performMeasureBlock$1.invoke(MeasurePassDelegate.kt:172)
05-12 20:46:31.669  9814  9814 E ComposeInternal: 	at androidx.compose.runtime.snapshots.SnapshotStateObserver.observeReads(SnapshotStateObserver.kt:699)
05-12 20:46:31.669  9814  9814 E ComposeInternal: 	at androidx.compose.ui.node.MeasurePassDelegate.remeasure-BRTryo0(MeasurePassDelegate.kt:1064)
05-12 20:46:31.669  9814  9814 E ComposeInternal: 	at androidx.compose.ui.node.MeasurePassDelegate.measure-BRTryo0(MeasurePassDelegate.kt:470)
05-12 20:46:31.669  9814  9814 E ComposeInternal: 	at androidx.compose.ui.layout.RootMeasurePolicy.measure-3p2s80s(RootMeasurePolicy.kt:37)
05-12 20:46:31.669  9814  9814 E ComposeInternal: 	at androidx.compose.ui.node.InnerNodeCoordinator.measure-BRTryo0(InnerNodeCoordinator.kt:128)
05-12 20:46:31.669  9814  9814 E ComposeInternal: 	at androidx.compose.ui.platform.AndroidComposeView$RootModifierNode.measure-3p2s80s(AndroidComposeView.android.kt:3384)
05-12 20:46:31.669  9814  9814 E ComposeInternal: 	at androidx.compose.ui.node.LayoutModifierNodeCoordinator.measure-BRTryo0(LayoutModifierNodeCoordinator.kt:190)
05-12 20:46:31.669  9814  9814 E ComposeInternal: 	at androidx.compose.ui.node.MeasurePassDelegate$performMeasureBlock$1.invoke(MeasurePassDelegate.kt:173)
