05-12 20:46:31.817  1216  1216 I Pageboost: package null
05-12 20:46:31.817  2576  2576 E pageboostd: Received HALT command code 2
05-12 20:46:31.817  1216  1251 D WindowManager: Loading animation for app transition. transit=TRANSIT_OLD_CRASHING_ACTIVITY_CLOSE enter=false frame=Rect(0, 0 - 720, 1467) insets=Rect(0, 0 - 0, 0) surfaceInsets=Rect(0, 0 - 0, 0)
05-12 20:46:31.817  1216  1251 D WindowManager: Loading animation for app transition. transit=TRANSIT_OLD_CRASHING_ACTIVITY_CLOSE enter=true frame=Rect(0, 0 - 720, 1600) insets=Rect(0, 45 - 0, 90) surfaceInsets=Rect(0, 0 - 0, 0)
05-12 20:46:31.818  1216  1251 E WindowManager: win=Window{c1d668a u0 Splash Screen com.example.audioanalyser EXITING} destroySurfaces: appStopped=false cleanupOnResume=false win.mWindowRemovalAllowed=true win.mRemoveOnExit=true win.mViewVisibility=0 caller=com.android.server.wm.WindowState.onExitAnimationDone:6000 com.android.server.wm.ActivityRecord$$ExternalSyntheticLambda10.accept:2 java.util.ArrayList.forEach:1613 com.android.server.wm.ActivityRecord.onAnimationFinished:8607 com.android.server.wm.ActivityRecord.postApplyAnimation:6252 com.android.server.wm.ActivityRecord.commitVisibility:6224 com.android.server.wm.ActivityRecord.commitVisibility:6228 
05-12 20:46:31.818  1216  1251 I WindowManager: Destroying surface Surface(name=Splash Screen com.example.audioanalyser$_1902)/@0xa16c36d called by com.android.server.wm.WindowStateAnimator.destroySurface:942 com.android.server.wm.WindowStateAnimator.destroySurfaceLocked:536 com.android.server.wm.WindowState.destroySurfaceUnchecked:4309 com.android.server.wm.WindowState.destroySurface:4283 com.android.server.wm.WindowState.onExitAnimationDone:6000 com.android.server.wm.ActivityRecord$$ExternalSyntheticLambda10.accept:2 java.util.ArrayList.forEach:1613 com.android.server.wm.ActivityRecord.onAnimationFinished:8607 
05-12 20:46:31.818  1216  1251 D InputTransport: Input channel destroyed: 'c1d668a', fd=927
05-12 20:46:31.819  1216  1251 W InputManager-JNI: Input channel object 'c1d668a Splash Screen com.example.audioanalyser (client)' was disposed without first being removed with the input manager!
05-12 20:46:31.819  1216  1251 D InputTransport: Input channel destroyed: 'c1d668a', fd=928
05-12 20:46:31.819  1216  1251 V WindowManager: Nulling last startingData
05-12 20:46:31.819  1216  1251 D ActivityTaskManager: mStartingWindow and mStartingData is null for token=ActivityRecord{632da01 u0 com.sec.android.app.launcher/.activities.LauncherActivity} t7}
05-12 20:46:31.819  1216  1251 V WindowManager: performShowLocked: mDrawState=HAS_DRAWN in Window{174032b u0 com.sec.android.app.launcher/com.sec.android.app.launcher.activities.LauncherActivity}
05-12 20:46:31.822   899   899 I Layer   : id=27259 removeFromCurrentState Splash Screen com.example.audioanalyser$_1902#27259 (125)
05-12 20:46:31.822   899   899 I Layer   : Layer [Splash Screen com.example.audioanalyser$_1902#27259] hidden!! flag(1)
05-12 20:46:31.822   899   899 I Layer   : id=27258 removeFromCurrentState c1d668a Splash Screen com.example.audioanalyser#27258 (125)
05-12 20:46:31.823   899   899 I SurfaceFlinger: id=27258 Removed c1d668a Splash Screen com.example.audioanalyser#27258 (125)
05-12 20:46:31.823   899   899 I Layer   : id=27258 Destroyed c1d668a Splash Screen com.example.audioanalyser#27258
05-12 20:46:31.823  1216  1465 V WindowManager: Relayout Window{782b1f7 u0 com.android.systemui.ImageWallpaper}: viewVisibility=0 req=1200x1200 d0
05-12 20:46:31.823  1902  1939 D Bubbles : onLocusVisibilityChanged: LocusId[17_chars] visible=true
05-12 20:46:31.824  1902  1972 D OpenGLRenderer: setSurface called with nullptr
05-12 20:46:31.824  1902  1972 D OpenGLRenderer: setSurface() destroyed EGLSurface
05-12 20:46:31.824  1902  1972 D OpenGLRenderer: destroyEglSurface
05-12 20:46:31.825  1216  4029 D InputDispatcher: Focus entered window (0): 174032b com.sec.android.app.launcher/com.sec.android.app.launcher.activities.LauncherActivity
05-12 20:46:31.826  1902  1969 I ViewRootImpl@a87d2ff[audioanalyser]: performTraversals params={(0,0)(fillxfill) sim={adjust=pan} ty=APPLICATION_STARTING fmt=TRANSLUCENT wanim=0x1030309 alpha=0.0
05-12 20:46:31.826  1902  1969 I ViewRootImpl@a87d2ff[audioanalyser]:   fl=81030118
05-12 20:46:31.826  1902  1969 I ViewRootImpl@a87d2ff[audioanalyser]:   pfl=16000010
05-12 20:46:31.826  1902  1969 I ViewRootImpl@a87d2ff[audioanalyser]:   bhv=DEFAULT
05-12 20:46:31.826  1902  1969 I ViewRootImpl@a87d2ff[audioanalyser]:   fitSides= naviIconColor=0}
05-12 20:46:31.827  1216  1465 V WindowManager: Relayout hash=782b1f7, pid=1902, syncId=-1: mAttrs={(0,0)(1600x1600) gr=TOP START CENTER layoutInDisplayCutoutMode=always ty=WALLPAPER fmt=RGBX_8888 wanim=0x103031a
05-12 20:46:31.827  1216  1465 V WindowManager:   fl=14318
05-12 20:46:31.827  1216  1465 V WindowManager:   pfl=2000014
05-12 20:46:31.827  1216  1465 V WindowManager:   bhv=DEFAULT naviIconColor=0
05-12 20:46:31.827  1216  1465 V WindowManager:   sfl=8}
05-12 20:46:31.827  1902  1969 I ViewRootImpl@a87d2ff[audioanalyser]: performTraversals mFirst=false windowShouldResize=false viewVisibilityChanged=true mForceNextWindowRelayout=false params={(0,0)(fillxfill) sim={adjust=pan} ty=APPLICATION_STARTING fmt=TRANSLUCENT wanim=0x1030309 alpha=0.0
05-12 20:46:31.827  1902  1969 I ViewRootImpl@a87d2ff[audioanalyser]:   fl=81030118
05-12 20:46:31.827  1902  1969 I ViewRootImpl@a87d2ff[audioanalyser]:   pfl=16000010
05-12 20:46:31.827  1902  1969 I ViewRootImpl@a87d2ff[audioanalyser]:   bhv=DEFAULT
05-12 20:46:31.827  1902  1969 I ViewRootImpl@a87d2ff[audioanalyser]:   fitSides= naviIconColor=0}
05-12 20:46:31.828  1902  1902 I BLASTBufferQueue: update, w= 1200 h= 1200 mName = Wallpaper mNativeObject= 0xb400007c3b2b9000 sc.mNativeObject= 0xb400007c3b47c3c0 format= 2 caller= android.service.wallpaper.WallpaperService$Engine.getOrCreateBLASTSurface:2575 android.service.wallpaper.WallpaperService$Engine.updateSurface:1527 android.service.wallpaper.WallpaperService$Engine.reportVisibility:1902 android.service.wallpaper.WallpaperService$Engine.doVisibilityChanged:1872 android.service.wallpaper.WallpaperService$IWallpaperEngineWrapper.executeMessage:2842 com.android.internal.os.HandlerCaller$MyHandler.handleMessage:44 
05-12 20:46:31.828  1902  1902 D WallpaperService: reportVisibility onVisibilityChanged visible: true
05-12 20:46:31.828  1902  2045 I ImageWallpaper[GLEngine]:  onVisibilityChanged true , 0
05-12 20:46:31.829  1216  1465 D WALLPAPER_SVC:WallpaperManagerService: getWallpaperSafeLocked, userId = 0, which = 1, caller = com.android.server.wallpaper.WallpaperManagerService.semGetWallpaperType:6817 
05-12 20:46:31.829  1216  1465 D WallpaperManagerService: which : 1, return type : 0 (called by userId= 0)
05-12 20:46:31.830  1902  2045 I ImageWallpaperRenderer: updateWallpaperOffset 0 lastCropOffset 0 , wp Type 0 , rotation 0 , allowed true Do not change Display offset 0
05-12 20:46:31.830  1216  4029 I AppOps  : updateUidProcState uid: 10067 procState: 0 capability:15
05-12 20:46:31.830   967  2532 I CameraService: onUidStateChanged: uid=10067, procState is changed. (1 -> 0)
05-12 20:46:31.831  2335  2335 I MSHandlerLifeCycle: removeMultiSplitHandler: no exist. decor=DecorView@4e943a2[LauncherActivity]
05-12 20:46:31.831   899  1078 I SurfaceFlinger: id=27262 Removed 598a332 ActivityRecordInputSink com.example.audioanalyser/.MainActivity#27262 (124)
05-12 20:46:31.832  1216  1265 W libprocessgroup: Failed to open /dev/blkio//cgroup.procs: No such file or directory
05-12 20:46:31.832   899  1078 I SurfaceFlinger: id=27266 createSurf flag=24004, Task=380#27266
05-12 20:46:31.832  2335  2335 I ViewRootImpl@6dc6262[LauncherActivity]: handleResized, msg = 5 frames=ClientWindowFrames{frame=[0,0][720,1600] display=[0,0][720,1600] parentFrame=[0,0][0,0] parentClippedByDisplayCutout=false} forceNextWindowRelayout=false displayId=0 resizeMode=-1 frameChanged=false displayFrameChanged=false configChanged=false displayChanged=false
05-12 20:46:31.832  2335  2335 I ViewRootImpl@6dc6262[LauncherActivity]: handleResized mSyncSeqId = 0
05-12 20:46:31.833  2335  2335 I ViewRootImpl@6dc6262[LauncherActivity]: reportNextDraw android.view.ViewRootImpl.handleResized:2450 android.view.ViewRootImpl.-$$Nest$mhandleResized:0 android.view.ViewRootImpl$ViewRootHandler.handleMessageImpl:6728 android.view.ViewRootImpl$ViewRootHandler.handleMessage:6697 android.os.Handler.dispatchMessage:106 
05-12 20:46:31.833  2335  2335 I BaseActivity: addActivityFlags, flags : 4
05-12 20:46:31.833  2335  2335 I Launcher: onDeferredResumed
05-12 20:46:31.833  2335  2335 I InstallShortcutReceiver: flushInstallQueue 0
05-12 20:46:31.833  2335  2335 I Launcher.NotificationListener: onNotificationFullRefresh
05-12 20:46:31.833  2335  2335 I BadgeCountUpdaterImpl: onNotificationsChangedConnected
05-12 20:46:31.833  2335  2335 W LauncherAppWidgetHost: setShouldListenFlag, mFlags:7 flag:resume on:true isFront:false
05-12 20:46:31.834  2335  2335 I Launcher.AppsViewCellLayout: com.android.homescreen.apptray.AppsViewCellLayout{d4e6f99 V.ED..... .......D 721,45-1391,1441}[a=1.0,v=0,sId=1] setAlpha : 1.0
05-12 20:46:31.834  2335  2651 I InstallShortcutReceiver: flushQueueInBackground 0
05-12 20:46:31.834  2335  2335 I LauncherRootView: handleSystemWindowInsets Rect(0, 45 - 0, 90)
05-12 20:46:31.834  1216  1251 D ActivityTaskManager: mStartingWindow and mStartingData is null for token=ActivityRecord{632da01 u0 com.sec.android.app.launcher/.activities.LauncherActivity} t7}
05-12 20:46:31.837  2335  2651 I Launcher.NotificationListener: Full refresh isConnected : true active size : 0
05-12 20:46:31.837  2335  2335 I ViewRootImpl@6dc6262[LauncherActivity]: performTraversals params={(0,0)(fillxfill) sim={adjust=nothing forwardNavigation} layoutInDisplayCutoutMode=shortEdges ty=BASE_APPLICATION fmt=TRANSPARENT wanim=0x10302f4
05-12 20:46:31.837  2335  2335 I ViewRootImpl@6dc6262[LauncherActivity]:   fl=81910100
05-12 20:46:31.837  2335  2335 I ViewRootImpl@6dc6262[LauncherActivity]:   pfl=1e020040
05-12 20:46:31.837  2335  2335 I ViewRootImpl@6dc6262[LauncherActivity]:   vsysui=1700
05-12 20:46:31.837  2335  2335 I ViewRootImpl@6dc6262[LauncherActivity]:   bhv=SHOW_TRANSIENT_BARS_BY_SWIPE
05-12 20:46:31.837  2335  2335 I ViewRootImpl@6dc6262[LauncherActivity]:   fitSides= screenDimDuration=200000 naviIconColor=0}
05-12 20:46:31.838  2335  2335 I ViewRootImpl@6dc6262[LauncherActivity]: performTraversals mFirst=false windowShouldResize=false viewVisibilityChanged=false mForceNextWindowRelayout=false params={(0,0)(fillxfill) sim={adjust=nothing forwardNavigation} layoutInDisplayCutoutMode=shortEdges ty=BASE_APPLICATION fmt=TRANSPARENT wanim=0x10302f4
05-12 20:46:31.838  2335  2335 I ViewRootImpl@6dc6262[LauncherActivity]:   fl=81910100
05-12 20:46:31.838  2335  2335 I ViewRootImpl@6dc6262[LauncherActivity]:   pfl=1e020040
05-12 20:46:31.838  2335  2335 I ViewRootImpl@6dc6262[LauncherActivity]:   vsysui=1700
05-12 20:46:31.838  2335  2335 I ViewRootImpl@6dc6262[LauncherActivity]:   bhv=SHOW_TRANSIENT_BARS_BY_SWIPE
05-12 20:46:31.838  2335  2335 I ViewRootImpl@6dc6262[LauncherActivity]:   fitSides= screenDimDuration=200000 naviIconColor=0}
05-12 20:46:31.840  1216  3100 W WindowManager: Failed looking up window session=Session{958ed4d 1902:u0a10067} callers=com.android.server.wm.WindowManagerService.windowForClientLocked:6618 com.android.server.wm.WindowManagerService.relayoutWindow:2515 com.android.server.wm.Session.relayout:274 
05-12 20:46:31.841  1216  4029 V WindowManager: Relayout Window{174032b u0 com.sec.android.app.launcher/com.sec.android.app.launcher.activities.LauncherActivity}: viewVisibility=0 req=720x1600 d0
05-12 20:46:31.841   899   899 D SurfaceFlinger: Display 0 HWC layers:
05-12 20:46:31.841   899   899 D SurfaceFlinger:      DEVICE | 0xb400007dab056e80 | 0100 | RGBx_8888    |  330.0    0.0  870.0 1200.0 |    0    0  720 1600 | Wallpaper BBQ wrapper#89
05-12 20:46:31.841   899   899 D SurfaceFlinger:      DEVICE | 0xb400007dab054f00 | 0100 | RGBA_8888    |    0.0    0.0  720.0 1600.0 |    0    0  720 1600 | com.sec.android.app.launcher/com.sec[...]ivities.LauncherActivity$_2335#27265
05-12 20:46:31.841   899   899 D SurfaceFlinger:      CLIENT | 0xb400007dab054a80 | 0100 | RGBA_8888    |    0.0    0.0  720.0   45.0 |    0    0  720   45 | StatusBar$_1902#97
05-12 20:46:31.841   899   899 D SurfaceFlinger:      CLIENT | 0xb400007dab055b00 | 0100 | RGBA_8888    |    0.0    0.0  720.0   90.0 |    0 1510  720 1600 | NavigationBar0$_1902#91
05-12 20:46:31.841   899   899 D SurfaceFlinger:      DEVICE | 0xb400007dab056280 | 0108 | RGBA_8888    |    0.0    0.0  720.0 1600.0 |    0    0  720 1600 | $_1902#93
05-12 20:46:31.841   899   899 D SurfaceFlinger: 
05-12 20:46:31.841  1902  1969 D InsetsController: onStateChanged: InsetsState: {mDisplayFrame=Rect(0, 0 - 0, 0), mDisplayCutout=DisplayCutout{insets=Rect(0, 0 - 0, 0) waterfall=Insets{left=0, top=0, right=0, bottom=0} boundingRect={Bounds=[Rect(0, 0 - 0, 0), Rect(0, 0 - 0, 0), Rect(0, 0 - 0, 0), Rect(0, 0 - 0, 0)]} cutoutPathParserInfo={CutoutPathParserInfo{displayWidth=0 displayHeight=0 physicalDisplayWidth=0 physicalDisplayHeight=0 density={0.0} cutoutSpec={} rotation={0} scale={0.0} physicalPixelDisplaySizeRatio={0.0}}}}, mRoundedCorners=RoundedCorners{[RoundedCorner{position=TopLeft, radius=0, center=Point(0, 0)}, RoundedCorner{position=TopRight, radius=0, center=Point(0, 0)}, RoundedCorner{position=BottomRight, radius=0, center=Point(0, 0)}, RoundedCorner{position=BottomLeft, radius=0, center=Point(0, 0)}]}  mRoundedCornerFrame=Rect(0, 0 - 0, 0), mPrivacyIndicatorBounds=PrivacyIndicatorBounds {static bounds=null rotation=0}, mSources= {  } host=Splash Screen com.example.audioanalyser from=android.view.ViewRootImpl.relayoutWindow:9802
05-12 20:46:31.842   899   899 I Layer   : id=27257 removeFromCurrentState ActivityRecord{e62e883 u0 com.example.audioanalyser/.MainActivity} t380}#27257 (125)
05-12 20:46:31.842   899   899 I Layer   : id=27262 removeFromCurrentState 598a332 ActivityRecordInputSink com.example.audioanalyser/.MainActivity#27262 (125)
05-12 20:46:31.842   899   899 I Layer   : id=27256 removeFromCurrentState Task=380#27256 (125)
05-12 20:46:31.842  1902  1969 I ViewRootImpl@a87d2ff[audioanalyser]: 1) Force to draw a frame when frame become empty from non-empty
05-12 20:46:31.842   899   899 I Layer   : id=27266 removeFromCurrentState Task=380#27266 (125)
05-12 20:46:31.842   899   899 I SurfaceFlinger: id=27257 Removed ActivityRecord{e62e883 u0 com.example.audioanalyser/.MainActivity} t380}#27257 (125)
05-12 20:46:31.842  1902  1969 I ViewRootImpl@a87d2ff[audioanalyser]: Relayout returned: old=(0,0,720,1600) new=(0,0,0,0) req=(720,1600)8 dur=15 res=0x0 s={false 0x0} ch=true seqId=0
05-12 20:46:31.842   899   899 I SurfaceFlinger: id=27266 Removed Task=380#27266 (125)
05-12 20:46:31.842   899   899 I Layer   : id=27266 Destroyed Task=380#27266
05-12 20:46:31.843   899   899 I Layer   : id=27257 Destroyed ActivityRecord{e62e883 u0 com.example.audioanalyser/.MainActivity} t380}#27257
05-12 20:46:31.843   899   899 I Layer   : id=27262 Destroyed 598a332 ActivityRecordInputSink com.example.audioanalyser/.MainActivity#27262
05-12 20:46:31.844  1902  1969 I ViewRootImpl@a87d2ff[audioanalyser]: dispatchDetachedFromWindow
05-12 20:46:31.845  1216  4029 V WindowManager: Relayout hash=174032b, pid=2335, syncId=-1: mAttrs={(0,0)(fillxfill) sim={adjust=nothing forwardNavigation} layoutInDisplayCutoutMode=shortEdges ty=BASE_APPLICATION fmt=TRANSPARENT wanim=0x10302f4
05-12 20:46:31.845  1216  4029 V WindowManager:   fl=81910100
05-12 20:46:31.845  1216  4029 V WindowManager:   pfl=1e020040
05-12 20:46:31.845  1216  4029 V WindowManager:   vsysui=1700
05-12 20:46:31.845  1216  4029 V WindowManager:   bhv=SHOW_TRANSIENT_BARS_BY_SWIPE
05-12 20:46:31.845  1216  4029 V WindowManager:   fitSides= screenDimDuration=200000 naviIconColor=0}
05-12 20:46:31.845  1216  3100 W WindowManager: Failed looking up window session=Session{958ed4d 1902:u0a10067} callers=com.android.server.wm.WindowManagerService.windowForClientLocked:6618 com.android.server.wm.Session.setOnBackInvokedCallbackInfo:1090 android.view.IWindowSession$Stub.onTransact:1319 
05-12 20:46:31.845  1216  3100 E WindowManager: setOnBackInvokedCallback(): No window state for package:com.android.systemui
05-12 20:46:31.845  1216  3676 W WindowManager: Failed looking up window session=Session{958ed4d 1902:u0a10067} callers=com.android.server.wm.WindowManagerService.windowForClientLocked:6618 com.android.server.wm.WindowManagerService.removeWindow:2287 com.android.server.wm.Session.remove:236 
05-12 20:46:31.846  1902  1969 D InputTransport: Input channel destroyed: 'c1d668a', fd=364
05-12 20:46:31.848  2335  2335 I ViewRootImpl@6dc6262[LauncherActivity]: updateBlastSurfaceIfNeeded mBlastBufferQueue=0xb400007c21a2af00 isSameSurfaceControl=true
05-12 20:46:31.849  2335  2335 I BLASTBufferQueue: update, w= 720 h= 1600 mName = ViewRootImpl@6dc6262[LauncherActivity] mNativeObject= 0xb400007c21a2af00 sc.mNativeObject= 0xb400007c21bb7720 format= -2 caller= android.view.ViewRootImpl.updateBlastSurfaceIfNeeded:2898 android.view.ViewRootImpl.relayoutWindow:9847 android.view.ViewRootImpl.performTraversals:3884 android.view.ViewRootImpl.doTraversal:3116 android.view.ViewRootImpl$TraversalRunnable.run:10885 android.view.Choreographer$CallbackRecord.run:1301 
05-12 20:46:31.849  2335  2335 I ViewRootImpl@6dc6262[LauncherActivity]: Relayout returned: old=(0,0,720,1600) new=(0,0,720,1600) req=(720,1600)0 dur=10 res=0x0 s={true 0xb400007c18d6e800} ch=false seqId=0
05-12 20:46:31.849  2335  2335 I LauncherRootView: handleSystemWindowInsets Rect(0, 45 - 0, 90)
05-12 20:46:31.850  2335  2335 I ViewRootImpl@6dc6262[LauncherActivity]: Setup new sync id=474
05-12 20:46:31.850  2335  2335 I ViewRootImpl@6dc6262[LauncherActivity]: Setting syncFrameCallback
05-12 20:46:31.850  2335  2335 I ViewRootImpl@6dc6262[LauncherActivity]: registerCallbacksForSync syncBuffer=false
05-12 20:46:31.851  2335  4220 I ViewRootImpl@6dc6262[LauncherActivity]: Received frameDrawingCallback syncResult=0 frameNum=2.
05-12 20:46:31.851  2335  4220 I ViewRootImpl@6dc6262[LauncherActivity]: Setting up sync and frameCommitCallback
05-12 20:46:31.856  2335  3940 I ViewRootImpl@6dc6262[LauncherActivity]: Received frameCommittedCallback lastAttemptedDrawFrameNum=2 didProduceBuffer=true
05-12 20:46:31.857   899   899 D SurfaceFlinger: Display 0 HWC layers:
05-12 20:46:31.857   899   899 D SurfaceFlinger:      DEVICE | 0xb400007dab056e80 | 0100 | RGBx_8888    |  330.0    0.0  870.0 1200.0 |    0    0  720 1600 | Wallpaper BBQ wrapper#89
05-12 20:46:31.857   899   899 D SurfaceFlinger:      DEVICE | 0xb400007dab054f00 | 0100 | RGBA_8888    |    0.0    0.0  720.0 1600.0 |    0    0  720 1600 | com.sec.android.app.launcher/com.sec[...]ivities.LauncherActivity$_2335#27265
05-12 20:46:31.857   899   899 D SurfaceFlinger:      CLIENT | 0xb400007dab054a80 | 0100 | RGBA_8888    |    0.0    0.0  720.0   45.0 |    0    0  720   45 | StatusBar$_1902#97
05-12 20:46:31.857   899   899 D SurfaceFlinger:      CLIENT | 0xb400007dab055b00 | 0100 | RGBA_8888    |    0.0    0.0  720.0   90.0 |    0 1510  720 1600 | NavigationBar0$_1902#91
05-12 20:46:31.857   899   899 D SurfaceFlinger:      DEVICE | 0xb400007dab056280 | 0108 | RGBA_8888    |    0.0    0.0  720.0 1600.0 |    0    0  720 1600 | $_1902#93
05-12 20:46:31.857   899   899 D SurfaceFlinger: 
05-12 20:46:31.857  2335  2335 I ViewRootImpl@6dc6262[LauncherActivity]: onSyncComplete
05-12 20:46:31.857  2335  2335 I ViewRootImpl@6dc6262[LauncherActivity]: setupSync seqId=0 mSyncId=474 fn=2 caller=android.view.ViewRootImpl$$ExternalSyntheticLambda11.accept:6 android.window.SurfaceSyncer.lambda$setupSync$1$android-window-SurfaceSyncer:128 android.window.SurfaceSyncer$$ExternalSyntheticLambda1.accept:8 android.window.SurfaceSyncer$SyncSet.checkIfSyncIsComplete:382 android.window.SurfaceSyncer$SyncSet.markSyncReady:359 android.window.SurfaceSyncer.markSyncReady:151 android.view.ViewRootImpl.performTraversals:4503 
05-12 20:46:31.858  2335  2335 I ViewRootImpl@6dc6262[LauncherActivity]: reportDrawFinished seqId=0 mSyncId=-1 fn=2 mSurfaceChangedTransaction=0xb400007caa245200
05-12 20:46:31.858   899   899 I SurfaceFlinger: id=27259 Removed Splash Screen com.example.audioanalyser$_1902#27259 (122)
05-12 20:46:31.858  2335  2335 W Launcher: onEnterAnimationComplete
05-12 20:46:31.858  2335  2335 W Launcher: onEnterAnimationComplete
05-12 20:46:31.858  2335  2335 I ViewRootImpl@6dc6262[LauncherActivity]: MSG_WINDOW_FOCUS_CHANGED 1 0
05-12 20:46:31.858  1216  3100 D WindowManager: finishDrawingWindow: Window{174032b u0 com.sec.android.app.launcher/com.sec.android.app.launcher.activities.LauncherActivity} mDrawState=HAS_DRAWN seqId=0
05-12 20:46:31.858  2335  2335 I ViewRootImpl@6dc6262[LauncherActivity]: mThreadedRenderer.initializeIfNeeded()#2 mSurface={isValid=true 0xb400007c18d6e800}
05-12 20:46:31.859   899   899 I Layer   : id=27259 Destroyed Splash Screen com.example.audioanalyser$_1902#27259
05-12 20:46:31.859  2335  2335 I BaseActivity: addActivityFlags, flags : 8
05-12 20:46:31.862  2335  2335 I InputMethodManager: startInputInner - mService.startInputOrWindowGainedFocus
05-12 20:46:31.863  1216  3100 V InputMethodManagerService: hideCurrentInputLocked : canceled, shouldHideSoftInput=false, mInputShown=false, mImeWindowVis=0
05-12 20:46:31.863  1216  3100 I InputMethodBindingController: setCurrentMethodNotVisible: mVisibleBound=false, mHasConnection=true, caller = com.android.server.inputmethod.InputMethodManagerService.hideCurrentInputLocked:4356 com.android.server.inputmethod.InputMethodManagerService.startInputOrWindowGainedFocusInternalLocked:4783 com.android.server.inputmethod.InputMethodManagerService.startInputOrWindowGainedFocusInternal:4440 com.android.server.inputmethod.InputMethodManagerService.startInputOrWindowGainedFocus:4379 com.android.internal.view.IInputMethodManager$Stub.onTransact:518 com.android.server.inputmethod.InputMethodManagerService.onTransact:2302 android.os.Binder.execTransactInternal:1316 android.os.Binder.execTransact:1280 <bottom of call stack> <bottom of call stack> 
05-12 20:46:31.863  1216  3100 D InputMethodManagerService: mDesktopModeManager null!
05-12 20:46:31.863  1216  3100 V InputMethodManagerService: getDisplayIdOfInputMethodWindowToBeAdded: displayId=0
05-12 20:46:31.863  1216  3100 D InputMethodManagerService: isImeSwitcherDisabledPackage : false
05-12 20:46:31.864  1216  3100 D InputMethodManagerService: shouldShowImeSwitcherLocked : checking vis : 3
05-12 20:46:31.865  1216  3100 D InputMethodManagerService: checkDisplayOfStartInputAndUpdateKeyboard: displayId=0, mFocusedDisplayId=0
05-12 20:46:31.865  1216  3100 D InputTransport: Input channel constructed: 'ClientS', fd=906
05-12 20:46:31.866  1216  3100 D InputTransport: Input channel destroyed: 'ClientS', fd=906
05-12 20:46:31.866  2335  2335 I PopupDataProvider: onNotificationFullRefresh prev dotInfoSize : 0
05-12 20:46:31.866  2335  2335 I Launcher.AppsViewCellLayout: com.android.homescreen.apptray.AppsViewCellLayout{d4e6f99 V.ED..... .......D 721,45-1391,1441}[a=1.0,v=0,sId=1] setAlpha : 1.0
05-12 20:46:31.866  4139  4139 I HBD     : HoneyBoardService onFinishInput 
05-12 20:46:31.867  4139  4139 I HBD     : a IC have been unbinding,  RemoteInputConnection{idHash=#5bbdfb7}
05-12 20:46:31.867  4139  4139 I HBD     : HoneyBoardService [PF_CL][onFinishInput]  1 ms 
05-12 20:46:31.867  1216  2808 D SemWifiUsabilityStatsMonitor: onWifiUsabilityStats - seqNum 22447, isSameBssidAndFreq true
05-12 20:46:31.867  4139  4139 I HBD     : HoneyBoardService [IMI] onStartInput - caller pid : 2335 , caller uid : 10066 
05-12 20:46:31.867  4139  4139 I HBD     : j updateConfigs 
05-12 20:46:31.867  4139  4139 I HBD     : j isEnabledNightMode : true 
05-12 20:46:31.867  4139  4139 I HBD     : a IC have been binding, RemoteInputConnection{idHash=#5bbdfb7} 
05-12 20:46:31.868  4139  4139 I HBD     : h [EditorInputType]setPrivateImeOptionsToTable privateImeOptions ( null )
05-12 20:46:31.868  4139  4139 I HBD     : b incognitoMode : false 
05-12 20:46:31.868  4139  4139 I HBD     : b needOff = true , isForceOff = false, isNullInputClass : true 
05-12 20:46:31.868  4139  4139 I HBD     : h getDefaultInputRange : UNKNOWN 
05-12 20:46:31.868  4139  4139 I HBD     : h getDefaultInputRange : UNKNOWN 
05-12 20:46:31.868  4139  4139 I HBD     : h getDefaultInputRange : UNKNOWN 
05-12 20:46:31.868  1216  1787 I SemWifiLinkQualityMonitor: Link Qos Query: 0.148 ms / 54.000 Mbps (72 / 0.000 / 1.333)
05-12 20:46:31.869  1902  1902 D NetworkController.WifiSignalController: notifyListener: visible=true, connected=true, inetCondition=1, isDefault=true, wifiTestReported=true, receivedInetCondition=-1, hideDuringMobileSwitching=false
05-12 20:46:31.869  4139  4139 I HBD     : b needOff = true , isForceOff = false, isNullInputClass : true 
05-12 20:46:31.869  4139  4139 I HBD     : b update cached prediction status : false 
05-12 20:46:31.869  4139  4139 I HBD     : h getDefaultInputRange : UNKNOWN 
05-12 20:46:31.869  4139  4139 I HBD     : a currentState : 0 
05-12 20:46:31.870  4139  4139 I HBD     : a [UpdatePolicy] [post] a: 0 cl: 65537 kit: [0/0] vt: 0 ir: 1 
05-12 20:46:31.870  4139  4139 I HBD     : a [NRIC] resetNoResponseState 
05-12 20:46:31.870  4139  4139 I HBD     : b needOff = true , isForceOff = false, isNullInputClass : true 
05-12 20:46:31.870  4139  4139 I HBD     : b update cached prediction status : false 
05-12 20:46:31.871  4139  4139 I HBD     : HoneyBoardService [PF_OP][onStartInput]  4 ms 
05-12 20:46:31.874  2335  2335 I BadgeRenderer: Invalid count : 0
05-12 20:46:31.875   899   899 D SurfaceFlinger: Display 0 HWC layers:
05-12 20:46:31.875   899   899 D SurfaceFlinger:      DEVICE | 0xb400007dab056e80 | 0100 | RGBx_8888    |  330.0    0.0  870.0 1200.0 |    0    0  720 1600 | Wallpaper BBQ wrapper#89
05-12 20:46:31.875   899   899 D SurfaceFlinger:      DEVICE | 0xb400007dab055c80 | 0100 | RGBA_8888    |    0.0    0.0  720.0 1600.0 |    0    0  720 1600 | com.sec.android.app.launcher/com.sec[...]ivities.LauncherActivity$_2335#27265
05-12 20:46:31.875   899   899 D SurfaceFlinger:      CLIENT | 0xb400007dab054a80 | 0100 | RGBA_8888    |    0.0    0.0  720.0   45.0 |    0    0  720   45 | StatusBar$_1902#97
05-12 20:46:31.875   899   899 D SurfaceFlinger:      CLIENT | 0xb400007dab054c00 | 0100 | RGBA_8888    |    0.0    0.0  720.0   90.0 |    0 1510  720 1600 | NavigationBar0$_1902#91
05-12 20:46:31.875   899   899 D SurfaceFlinger:      DEVICE | 0xb400007dab056280 | 0108 | RGBA_8888    |    0.0    0.0  720.0 1600.0 |    0    0  720 1600 | $_1902#93
05-12 20:46:31.875   899   899 D SurfaceFlinger: 
05-12 20:46:31.885   899   899 D SurfaceFlinger: Display 0 HWC layers:
05-12 20:46:31.885   899   899 D SurfaceFlinger:      DEVICE | 0xb400007dab056e80 | 0100 | RGBx_8888    |  330.0    0.0  870.0 1200.0 |    0    0  720 1600 | Wallpaper BBQ wrapper#89
05-12 20:46:31.885   899   899 D SurfaceFlinger:      DEVICE | 0xb400007dab055c80 | 0100 | RGBA_8888    |    0.0    0.0  720.0 1600.0 |    0    0  720 1600 | com.sec.android.app.launcher/com.sec[...]ivities.LauncherActivity$_2335#27265
05-12 20:46:31.885   899   899 D SurfaceFlinger:      CLIENT | 0xb400007dab054a80 | 0100 | RGBA_8888    |    0.0    0.0  720.0   45.0 |    0    0  720   45 | StatusBar$_1902#97
05-12 20:46:31.885   899   899 D SurfaceFlinger:      CLIENT | 0xb400007dab055980 | 0100 | RGBA_8888    |    0.0    0.0  720.0   90.0 |    0 1510  720 1600 | NavigationBar0$_1902#91
05-12 20:46:31.885   899   899 D SurfaceFlinger:      DEVICE | 0xb400007dab056280 | 0108 | RGBA_8888    |    0.0    0.0  720.0 1600.0 |    0    0  720 1600 | $_1902#93
05-12 20:46:31.885   899   899 D SurfaceFlinger: 
05-12 20:46:31.886  2335  2335 I RecentsView: onTaskRemoved() taskId : 380
05-12 20:46:31.886  2335  2335 I TopTaskTracker: onTaskRemoved : taskId = 380
05-12 20:46:31.886  2335  2335 I RecentsView: onTaskRemoved() taskId : 380
05-12 20:46:31.886  2335  2335 I TopTaskTracker: onTaskRemoved : taskId = 380
05-12 20:46:31.887  2335  2335 I Launcher.AppsViewCellLayout: com.android.homescreen.apptray.AppsViewCellLayout{d4e6f99 V.ED..... ........ 721,45-1391,1441}[a=1.0,v=0,sId=1] setAlpha : 1.0
05-12 20:46:31.889  2335  2335 I Launcher.AppsViewCellLayout: com.android.homescreen.apptray.AppsViewCellLayout{d4e6f99 V.ED..... ........ 721,45-1391,1441}[a=1.0,v=0,sId=1] setAlpha : 1.0
05-12 20:46:31.897   899   899 D SurfaceFlinger: Display 0 HWC layers:
05-12 20:46:31.897   899   899 D SurfaceFlinger:      DEVICE | 0xb400007dab056e80 | 0100 | RGBx_8888    |  330.0    0.0  870.0 1200.0 |    0    0  720 1600 | Wallpaper BBQ wrapper#89
05-12 20:46:31.897   899   899 D SurfaceFlinger:      DEVICE | 0xb400007dab055c80 | 0100 | RGBA_8888    |    0.0    0.0  720.0 1600.0 |    0    0  720 1600 | com.sec.android.app.launcher/com.sec[...]ivities.LauncherActivity$_2335#27265
05-12 20:46:31.897   899   899 D SurfaceFlinger:      CLIENT | 0xb400007dab056700 | 0100 | RGBA_8888    |    0.0    0.0  720.0   45.0 |    0    0  720   45 | StatusBar$_1902#97
05-12 20:46:31.897   899   899 D SurfaceFlinger:      CLIENT | 0xb400007dab055980 | 0100 | RGBA_8888    |    0.0    0.0  720.0   90.0 |    0 1510  720 1600 | NavigationBar0$_1902#91
05-12 20:46:31.897   899   899 D SurfaceFlinger:      DEVICE | 0xb400007dab056280 | 0108 | RGBA_8888    |    0.0    0.0  720.0 1600.0 |    0    0  720 1600 | $_1902#93
05-12 20:46:31.897   899   899 D SurfaceFlinger: 
05-12 20:46:31.905  2335  2335 I Launcher.AppsViewCellLayout: com.android.homescreen.apptray.AppsViewCellLayout{d4e6f99 V.ED..... ........ 721,45-1391,1441}[a=1.0,v=0,sId=1] setAlpha : 1.0
05-12 20:46:31.914   899   899 D SurfaceFlinger: Display 0 HWC layers:
05-12 20:46:31.914   899   899 D SurfaceFlinger:      DEVICE | 0xb400007dab056e80 | 0100 | RGBx_8888    |  330.0    0.0  870.0 1200.0 |    0    0  720 1600 | Wallpaper BBQ wrapper#89
05-12 20:46:31.914   899   899 D SurfaceFlinger:      DEVICE | 0xb400007daafaac80 | 0100 | RGBA_8888    |    0.0    0.0  720.0 1600.0 |    0    0  720 1600 | com.sec.android.app.launcher/com.sec[...]ivities.LauncherActivity$_2335#27265
05-12 20:46:31.914   899   899 D SurfaceFlinger:      CLIENT | 0xb400007dab056700 | 0100 | RGBA_8888    |    0.0    0.0  720.0   45.0 |    0    0  720   45 | StatusBar$_1902#97
05-12 20:46:31.914   899   899 D SurfaceFlinger:      CLIENT | 0xb400007dab055980 | 0100 | RGBA_8888    |    0.0    0.0  720.0   90.0 |    0 1510  720 1600 | NavigationBar0$_1902#91
05-12 20:46:31.914   899   899 D SurfaceFlinger:      DEVICE | 0xb400007dab056280 | 0108 | RGBA_8888    |    0.0    0.0  720.0 1600.0 |    0    0  720 1600 | $_1902#93
05-12 20:46:31.914   899   899 D SurfaceFlinger: 
05-12 20:46:31.922  2335  2335 I Launcher.AppsViewCellLayout: com.android.homescreen.apptray.AppsViewCellLayout{d4e6f99 V.ED..... ........ 721,45-1391,1441}[a=1.0,v=0,sId=1] setAlpha : 1.0
05-12 20:46:31.939  2335  2335 I Launcher.AppsViewCellLayout: com.android.homescreen.apptray.AppsViewCellLayout{d4e6f99 V.ED..... ........ 721,45-1391,1441}[a=1.0,v=0,sId=1] setAlpha : 1.0
05-12 20:46:31.955  2335  2335 I Launcher.AppsViewCellLayout: com.android.homescreen.apptray.AppsViewCellLayout{d4e6f99 V.ED..... ........ 721,45-1391,1441}[a=1.0,v=0,sId=1] setAlpha : 1.0
05-12 20:46:31.959  1216  1801 D SemWifiSwitchForIndividualAppsService: isSkipNetworkCondition - result:2
05-12 20:46:31.972  2335  2335 I Launcher.AppsViewCellLayout: com.android.homescreen.apptray.AppsViewCellLayout{d4e6f99 V.ED..... ........ 721,45-1391,1441}[a=1.0,v=0,sId=1] setAlpha : 1.0
05-12 20:46:31.989  2335  2335 I Launcher.AppsViewCellLayout: com.android.homescreen.apptray.AppsViewCellLayout{d4e6f99 V.ED..... ........ 721,45-1391,1441}[a=1.0,v=0,sId=1] setAlpha : 1.0
05-12 20:46:31.989  2335  2335 I AppsSearchBar: mCurrentCellLayouts onAnimationEnd
05-12 20:46:31.989  2335  2335 I Launcher.AppsViewCellLayout: com.android.homescreen.apptray.AppsViewCellLayout{d4e6f99 V.ED..... ........ 721,45-1391,1441}[a=1.0,v=0,sId=1] setAlpha : 1.0
05-12 20:46:32.009   848  9811 I HYPER-HAL: [RequestManager.cpp]releaseLocked(): Released ID : 758311
05-12 20:46:32.038  1216  1785 I SemWifiServiceDetector: Traff. tracking started
05-12 20:46:32.196  1216  1250 W ActivityTaskManager: Activity top resumed state loss timeout for ActivityRecord{e62e883 u0 com.example.audioanalyser/.MainActivity} t-1 f}}
05-12 20:46:32.197  1216  1250 D ActivityTaskManager: scheduleTopResumedActivityChanged, onTop=true r=ActivityRecord{632da01 u0 com.sec.android.app.launcher/.activities.LauncherActivity} t7} caller=com.android.server.wm.ActivityTaskSupervisor.scheduleTopResumedActivityStateIfNeeded:2535 com.android.server.wm.ActivityTaskSupervisor.handleTopResumedStateReleased:2564 com.android.server.wm.ActivityTaskSupervisor$ActivityTaskSupervisorHandler.handleMessageInner:2990 com.android.server.wm.ActivityTaskSupervisor$ActivityTaskSupervisorHandler.handleMessage:2888 android.os.Handler.dispatchMessage:106 android.os.Looper.loopOnce:226 
05-12 20:46:32.261   848  9842 I HYPER-HAL: [RequestManager.cpp]releaseLocked(): Released ID : 779408
05-12 20:46:32.318  8652  8720 I ContactsProvider_EventLog: cp_s: [CONTACT con(132) dat(1148) acc({google(2)=132, com.google.android.apps.tachyon(47)=27, com.whatsapp(9)=50}) calls([logtype:100 cnt:377, logtype:200 cnt:182, logtype:300 cnt:318, logtype:500 cnt:1, logtype:1000 cnt:1622]) Iso(US) uId(0) ]
05-12 20:46:32.318  8652  8720 I ContactsProvider_EventLog: cp_s: [ agr({[2 ,9 ,47]=17, [2 ,47]=10, [2]=72, [2 ,9]=33}) ]
05-12 20:46:32.318  8652  8720 I ContactsProvider_EventLog: cp_s: [ cnt({acore(8652)=1}) ]
05-12 20:46:32.318  8652  8720 I ContactsProvider_EventLog: cp_s: [PROFILE ] [SAPROFILE con(1) acc({phone(1)=1}) ]
05-12 20:46:32.318  8652  8720 I ContactsProvider_EventLog: cp_s: [STATE R(F) ]
05-12 20:46:32.539  1216  1785 D SemNscXgbMsL1: Probability - Cloud gaming: [0.017771149]
05-12 20:46:32.539  1216  1785 D SemNscXgbMsL1: Probability - Real time: [0.019616947]
05-12 20:46:32.539  1216  1785 D SemNscXgbMsL1: Probability - Non real time: [0.9200984]
05-12 20:46:32.539  1216  1785 D SemNscXgbMsL1: 1 sample inference time: 0.500616 msecs
05-12 20:46:32.540  1216  1785 D SemNscXgbL2Rt: L2 RT 1 sample inference time: 0.889961 msecs
05-12 20:46:32.541  1216  1785 D SemNscXgbL2Nrt: L2 NRT 1 sample inference time: 0.645346 msecs
05-12 20:46:32.576   398   398 D io_stats: !@ 179,0 r 107525339 1452399795 w 11261638 92294228 d 413457 20538248 f 0 0 iot 25971356 0 th 0 0 0 pt 0 inp 0 0 233524.699
05-12 20:46:32.626   848  9809 I HYPER-HAL: [RequestManager.cpp]releaseLocked(): Released ID : 1805050
05-12 20:46:32.791  1216  6468 D SGM:GameManager: identifyGamePackage. com.sec.android.app.launcher, mCurrentUserId: 0, callerUserId: 0, callingMethodInfo: com.android.server.ssrm.SortingMachine.isGame(SortingMachine.java:162)
05-12 20:46:32.791  1216  6468 D SGM:PkgDataHelper: getGamePkgData(). com.sec.android.app.launcher
05-12 20:46:32.967  1216  1801 D SemWifiSwitchForIndividualAppsService: isSkipNetworkCondition - result:2
05-12 20:46:33.042  1216  1785 D SemNscXgbMsL1: Probability - Cloud gaming: [0.020999884]
05-12 20:46:33.042  1216  1785 D SemNscXgbMsL1: Probability - Real time: [0.034071278]
05-12 20:46:33.042  1216  1785 D SemNscXgbMsL1: Probability - Non real time: [0.85317296]
05-12 20:46:33.042  1216  1785 D SemNscXgbMsL1: 1 sample inference time: 0.493231 msecs
05-12 20:46:33.043  1216  1785 D SemNscXgbL2Rt: L2 RT 1 sample inference time: 0.856654 msecs
05-12 20:46:33.044  1216  1785 D SemNscXgbL2Nrt: L2 NRT 1 sample inference time: 0.648308 msecs
05-12 20:46:33.264   848  9843 I HYPER-HAL: [RequestManager.cpp]releaseLocked(): Released ID : 6345716
05-12 20:46:33.381  1216  1823 D NetdEventListenerService: DNS Requested by : 142, 10250
05-12 20:46:33.386   807   807 E audit   : type=1400 audit(1778633193.381:135324): avc:  denied  { search } for  pid=15858 comm="Thread-25454" name="fslog" dev="proc" ino=4026532636 scontext=u:r:untrusted_app:s0:c250,c256,c512,c768 tcontext=u:object_r:proc_fslog:s0 tclass=dir permissive=0 SEPF_SM-A127M_13_0001 audit_filtered
05-12 20:46:33.386   807   807 E audit   : type=1300 audit(1778633193.381:135324): arch=c00000b7 syscall=79 success=no exit=-13 a0=ffffff9c a1=b400007caa2226b0 a2=7c93ffa810 a3=0 items=1 ppid=824 pid=15858 auid=4294967295 uid=10250 gid=10250 euid=10250 suid=10250 fsuid=10250 egid=10250 sgid=10250 fsgid=10250 tty=(none) ses=4294967295 comm="Thread-25454" exe="/system/bin/app_process64" subj=u:r:untrusted_app:s0:c250,c256,c512,c768 key=(null)
05-12 20:46:33.386   807   807 E audit   : type=1302 audit(1778633193.381:135324): item=0 name="/proc/stlog" nametype=UNKNOWN cap_fp=0000000000000000 cap_fi=0000000000000000 cap_fe=0 cap_fver=0
05-12 20:46:33.386   807   807 E audit   : type=1327 audit(1778633193.381:135324): proctitle="com.usaa.mobile.android.safedriving"
05-12 20:46:33.545  1216  1785 D SemNscXgbMsL1: Probability - Cloud gaming: [0.033862866]
05-12 20:46:33.545  1216  1785 D SemNscXgbMsL1: Probability - Real time: [0.029413342]
05-12 20:46:33.545  1216  1785 D SemNscXgbMsL1: Probability - Non real time: [0.9179973]
05-12 20:46:33.545  1216  1785 D SemNscXgbMsL1: 1 sample inference time: 0.480231 msecs
05-12 20:46:33.546  1216  1785 D SemNscXgbL2Rt: L2 RT 1 sample inference time: 0.859654 msecs
05-12 20:46:33.547  1216  1785 D SemNscXgbL2Nrt: L2 NRT 1 sample inference time: 0.636308 msecs
05-12 20:46:33.974  1216  1801 D SemWifiSwitchForIndividualAppsService: isSkipNetworkCondition - result:2
05-12 20:46:34.026  9226  9249 I MediaCodec: setCodecState state(0), called in 6
05-12 20:46:34.027  1216  3100 V ResourceManagerHelper-JNI: JNIMediaResourceHelper::notify eventType : 3, ext1 : 0, ext2 : 0
05-12 20:46:34.027  1216  3100 V ResourceManagerHelper-JNI: notify eventType : 3, ext1 : 0, ext2 : 0
05-12 20:46:34.027 29854 29863 V ResourceManagerHelper-JNI: JNIMediaResourceHelper::notify eventType : 3, ext1 : 0, ext2 : 0
05-12 20:46:34.027  3549  3549 I SemMediaResourceHelper: onState
05-12 20:46:34.027 29854 29863 V ResourceManagerHelper-JNI: notify eventType : 3, ext1 : 0, ext2 : 0
05-12 20:46:34.027  1216  1394 I SemMediaResourceHelper: onState
05-12 20:46:34.027 29854 29930 I SemMediaResourceHelper: onState
05-12 20:46:34.027 29854 29930 I DrmMediaResourceHelper: onStateChanged size = 1
05-12 20:46:34.027 29854 29930 I DrmMediaResourceHelper: resource type: 2,,,isSecured :  falseIsEncoder : truegetCodecState : 0getpid : 9226
05-12 20:46:34.047  1216  1785 D SemNscXgbMsL1: Probability - Cloud gaming: [0.016433587]
05-12 20:46:34.048  1216  1785 D SemNscXgbMsL1: Probability - Real time: [0.012691313]
05-12 20:46:34.048  1216  1785 D SemNscXgbMsL1: Probability - Non real time: [0.93809617]
05-12 20:46:34.048  1216  1785 D SemNscXgbMsL1: 1 sample inference time: 0.471308 msecs
05-12 20:46:34.049  1216  1785 D SemNscXgbL2Rt: L2 RT 1 sample inference time: 0.887615 msecs
05-12 20:46:34.049  1216  1785 D SemNscXgbL2Nrt: L2 NRT 1 sample inference time: 0.648538 msecs
05-12 20:46:34.550  1216  1785 D SemNscXgbMsL1: Probability - Cloud gaming: [0.04336829]
05-12 20:46:34.551  1216  1785 D SemNscXgbMsL1: Probability - Real time: [0.03404081]
05-12 20:46:34.551  1216  1785 D SemNscXgbMsL1: Probability - Non real time: [0.94043374]
05-12 20:46:34.551  1216  1785 D SemNscXgbMsL1: 1 sample inference time: 0.502039 msecs
05-12 20:46:34.552  1216  1785 D SemNscXgbL2Rt: L2 RT 1 sample inference time: 0.869538 msecs
05-12 20:46:34.552  1216  1785 D SemNscXgbL2Nrt: L2 NRT 1 sample inference time: 0.673769 msecs
05-12 20:46:34.576   398   398 D io_stats: !@ 179,0 r 107525339 1452399795 w 11261641 92294236 d 413457 20538248 f 0 0 iot 25971384 0 th 0 0 0 pt 0 inp 0 0 233526.699
